Rebuild target 'mbed NXP LPC1768'
compiling nrk_cpu.cpp...
compiling nrk_status.cpp...
compiling nrk_timer.cpp...
mrk_uvision_lpc1768\mrk\NanoRk\src\kernel\hal\LPC1768\nrk_timer.cpp(177): warning:  #191-D: type qualifier is meaningless on cast type
mrk_uvision_lpc1768\mrk\NanoRk\src\kernel\hal\LPC1768\nrk_timer.cpp(298): warning:  #191-D: type qualifier is meaningless on cast type
compiling nrk_watchdog.cpp...
compiling nrk.cpp...
compiling nrk_error.cpp...
mrk_uvision_lpc1768\mrk\NanoRk\src\kernel\source\nrk_error.cpp(165): warning:  #177-D: variable "i" was declared but never referenced
compiling nrk_events.cpp...
mrk_uvision_lpc1768\mrk\NanoRk\src\kernel\source\nrk_events.cpp(279): warning:  #177-D: variable "task_ID" was declared but never referenced
compiling nrk_idle_task.cpp...
mrk_uvision_lpc1768\mrk\NanoRk\src\kernel\source\nrk_idle_task.cpp(39): warning:  #177-D: variable "stkc" was declared but never referenced
compiling nrk_reserve.cpp...
compiling nrk_scheduler.cpp...
compiling nrk_stack_check.cpp...
compiling nrk_stats.cpp...
compiling nrk_task.cpp...
mrk_uvision_lpc1768\mrk\NanoRk\src\kernel\source\nrk_task.cpp(230): warning:  #550-D: variable "rtype" was set but never used
mrk_uvision_lpc1768\mrk\NanoRk\src\kernel\source\nrk_task.cpp(524): warning:  #191-D: type qualifier is meaningless on cast type
compiling nrk_time.cpp...
compiling hal_wait.cpp...
compiling ulib.cpp...
mrk_uvision_lpc1768\mrk\NanoRk\src\platform\mbed\source\ulib.cpp(338): warning:  #9-D: nested comment is not allowed
mrk_uvision_lpc1768\mrk\NanoRk\src\platform\mbed\source\ulib.cpp(606): warning:  #111-D: statement is unreachable
mrk_uvision_lpc1768\mrk\NanoRk\src\platform\mbed\source\ulib.cpp(657): warning:  #940-D: missing return statement at end of non-void function "nrk_get_button"
mrk_uvision_lpc1768\mrk\NanoRk\src\platform\mbed\source\ulib.cpp(826): warning: C4017W: uClk may be used before being set
assembling my_asm.s...
mrk_uvision_lpc1768\mrk\my_asm.s(93): warning: A1581W: Added 2 bytes of padding at address 0x6a
compiling adc_driver.cpp...
mrk_uvision_lpc1768\mrk\NanoRk\src\drivers\platform\mbed\adc_driver.cpp(69): warning:  #68-D: integer conversion resulted in a change of sign
mrk_uvision_lpc1768\mrk\NanoRk\src\drivers\platform\mbed\adc_driver.cpp(73): warning:  #68-D: integer conversion resulted in a change of sign
mrk_uvision_lpc1768\mrk\NanoRk\src\drivers\platform\mbed\adc_driver.cpp(76): warning:  #68-D: integer conversion resulted in a change of sign
mrk_uvision_lpc1768\mrk\NanoRk\src\drivers\platform\mbed\adc_driver.cpp(96): warning:  #68-D: integer conversion resulted in a change of sign
mrk_uvision_lpc1768\mrk\NanoRk\src\drivers\platform\mbed\adc_driver.cpp(105): warning:  #68-D: integer conversion resulted in a change of sign
compiling ff_basic_sensor.cpp...
mrk_uvision_lpc1768\mrk\NanoRk\src\drivers\platform\mbed\ff_basic_sensor.cpp(68): warning:  #68-D: integer conversion resulted in a change of sign
mrk_uvision_lpc1768\mrk\NanoRk\src\drivers\platform\mbed\ff_basic_sensor.cpp(82): warning:  #68-D: integer conversion resulted in a change of sign
mrk_uvision_lpc1768\mrk\NanoRk\src\drivers\platform\mbed\ff_basic_sensor.cpp(86): warning:  #68-D: integer conversion resulted in a change of sign
mrk_uvision_lpc1768\mrk\NanoRk\src\drivers\platform\mbed\ff_basic_sensor.cpp(89): warning:  #68-D: integer conversion resulted in a change of sign
mrk_uvision_lpc1768\mrk\NanoRk\src\drivers\platform\mbed\ff_basic_sensor.cpp(170): warning:  #68-D: integer conversion resulted in a change of sign
mrk_uvision_lpc1768\mrk\NanoRk\src\drivers\platform\mbed\ff_basic_sensor.cpp(193): warning:  #68-D: integer conversion resulted in a change of sign
mrk_uvision_lpc1768\mrk\NanoRk\src\drivers\platform\mbed\ff_basic_sensor.cpp(209): warning:  #68-D: integer conversion resulted in a change of sign
mrk_uvision_lpc1768\mrk\NanoRk\src\drivers\platform\mbed\ff_basic_sensor.cpp(265): warning:  #1-D: last line of file ends without a newline
compiling nrk_driver.cpp...
mrk_uvision_lpc1768\mrk\NanoRk\src\kernel\source\nrk_driver.cpp(141): warning:  #186-D: pointless comparison of unsigned integer with zero
compiling bmac.cpp...
mrk_uvision_lpc1768\mrk\NanoRk\src\net\bmac\bmac.cpp(461): warning:  #550-D: variable "result" was set but never used
mrk_uvision_lpc1768\mrk\NanoRk\src\net\bmac\bmac.cpp(502): warning:  #177-D: variable "result" was declared but never referenced
mrk_uvision_lpc1768\mrk\NanoRk\src\net\bmac\bmac.cpp(554): warning:  #550-D: variable "e" was set but never used
mrk_uvision_lpc1768\mrk\NanoRk\src\net\bmac\bmac.cpp(555): warning:  #177-D: variable "backoff" was declared but never referenced
mrk_uvision_lpc1768\mrk\NanoRk\src\net\bmac\bmac.cpp(803): warning:  #1-D: last line of file ends without a newline
mrk_uvision_lpc1768\mrk\NanoRk\src\net\bmac\bmac.cpp(66): warning:  #550-D: variable "g_chan" was set but never used
mrk_uvision_lpc1768\mrk\NanoRk\src\net\bmac\bmac.cpp(72): warning:  #550-D: variable "tx_reserve" was set but never used
compiling basic_rf.cpp...
mrk_uvision_lpc1768\mrk\NanoRk\src\radio\mrf24j40\source\basic_rf.cpp(336): warning:  #61-D: integer operation result is out of range
mrk_uvision_lpc1768\mrk\NanoRk\src\radio\mrf24j40\source\basic_rf.cpp(336): warning:  #68-D: integer conversion resulted in a change of sign
compiling MRF24J40.cpp...
compiling main.cpp...
S:\lab3_skeleton code\slave\main.cpp(130): warning:  #177-D: variable "mole_index" was declared but never referenced
S:\lab3_skeleton code\slave\main.cpp(130): warning:  #177-D: variable "state" was declared but never referenced
S:\lab3_skeleton code\slave\main.cpp(178): warning:  #111-D: statement is unreachable
S:\lab3_skeleton code\slave\main.cpp(74): warning:  #177-D: variable "j" was declared but never referenced
S:\lab3_skeleton code\slave\main.cpp(75): warning:  #177-D: variable "slot" was declared but never referenced
S:\lab3_skeleton code\slave\main.cpp(75): warning:  #177-D: variable "mole_id" was declared but never referenced
S:\lab3_skeleton code\slave\main.cpp(77): warning:  #177-D: variable "fd" was declared but never referenced
S:\lab3_skeleton code\slave\main.cpp(77): warning:  #550-D: variable "val" was set but never used
S:\lab3_skeleton code\slave\main.cpp(85): warning:  #177-D: variable "check_period" was declared but never referenced
S:\lab3_skeleton code\slave\main.cpp(212): warning:  #514-D: pointless comparison of unsigned integer with a negative constant
S:\lab3_skeleton code\slave\main.cpp(286): warning:  #111-D: statement is unreachable
S:\lab3_skeleton code\slave\main.cpp(197): warning:  #177-D: variable "j" was declared but never referenced
S:\lab3_skeleton code\slave\main.cpp(197): warning:  #177-D: variable "i" was declared but never referenced
S:\lab3_skeleton code\slave\main.cpp(198): warning:  #177-D: variable "rssi" was declared but never referenced
S:\lab3_skeleton code\slave\main.cpp(198): warning:  #177-D: variable "slot" was declared but never referenced
S:\lab3_skeleton code\slave\main.cpp(198): warning:  #177-D: variable "length" was declared but never referenced
S:\lab3_skeleton code\slave\main.cpp(198): warning:  #177-D: variable "mole_id" was declared but never referenced
S:\lab3_skeleton code\slave\main.cpp(199): warning:  #177-D: variable "local_rx_buf" was declared but never referenced
S:\lab3_skeleton code\slave\main.cpp(202): warning:  #177-D: variable "Close" was declared but never referenced
S:\lab3_skeleton code\slave\main.cpp(205): warning:  #177-D: variable "v" was declared but never referenced
S:\lab3_skeleton code\slave\main.cpp(207): warning:  #177-D: variable "ret" was declared but never referenced
S:\lab3_skeleton code\slave\main.cpp(208): warning:  #177-D: variable "r_period" was declared but never referenced
S:\lab3_skeleton code\slave\main.cpp(75): warning: C4017W: length may be used before being set
linking...
Program Size: Code=30598 RO-data=1546 RW-data=376 ZI-data=2752  
After Build - User command #1: fromelf --bin -o F:\SLAVE.bin .\build\SLAVE.axf
".\build\SLAVE.axf" - 0 Errors, 58 Warning(s).
Rebuild target 'mbed NXP LPC1768'
compiling nrk_cpu.cpp...
compiling nrk_status.cpp...
compiling nrk_timer.cpp...
mrk_uvision_lpc1768\mrk\NanoRk\src\kernel\hal\LPC1768\nrk_timer.cpp(177): warning:  #191-D: type qualifier is meaningless on cast type
mrk_uvision_lpc1768\mrk\NanoRk\src\kernel\hal\LPC1768\nrk_timer.cpp(298): warning:  #191-D: type qualifier is meaningless on cast type
compiling nrk_watchdog.cpp...
compiling nrk.cpp...
compiling nrk_error.cpp...
mrk_uvision_lpc1768\mrk\NanoRk\src\kernel\source\nrk_error.cpp(165): warning:  #177-D: variable "i" was declared but never referenced
compiling nrk_events.cpp...
mrk_uvision_lpc1768\mrk\NanoRk\src\kernel\source\nrk_events.cpp(279): warning:  #177-D: variable "task_ID" was declared but never referenced
compiling nrk_idle_task.cpp...
mrk_uvision_lpc1768\mrk\NanoRk\src\kernel\source\nrk_idle_task.cpp(39): warning:  #177-D: variable "stkc" was declared but never referenced
compiling nrk_reserve.cpp...
compiling nrk_scheduler.cpp...
compiling nrk_stack_check.cpp...
compiling nrk_stats.cpp...
compiling nrk_task.cpp...
mrk_uvision_lpc1768\mrk\NanoRk\src\kernel\source\nrk_task.cpp(230): warning:  #550-D: variable "rtype" was set but never used
mrk_uvision_lpc1768\mrk\NanoRk\src\kernel\source\nrk_task.cpp(524): warning:  #191-D: type qualifier is meaningless on cast type
compiling nrk_time.cpp...
compiling hal_wait.cpp...
compiling ulib.cpp...
mrk_uvision_lpc1768\mrk\NanoRk\src\platform\mbed\source\ulib.cpp(338): warning:  #9-D: nested comment is not allowed
mrk_uvision_lpc1768\mrk\NanoRk\src\platform\mbed\source\ulib.cpp(606): warning:  #111-D: statement is unreachable
mrk_uvision_lpc1768\mrk\NanoRk\src\platform\mbed\source\ulib.cpp(657): warning:  #940-D: missing return statement at end of non-void function "nrk_get_button"
mrk_uvision_lpc1768\mrk\NanoRk\src\platform\mbed\source\ulib.cpp(826): warning: C4017W: uClk may be used before being set
assembling my_asm.s...
mrk_uvision_lpc1768\mrk\my_asm.s(93): warning: A1581W: Added 2 bytes of padding at address 0x6a
compiling adc_driver.cpp...
mrk_uvision_lpc1768\mrk\NanoRk\src\drivers\platform\mbed\adc_driver.cpp(69): warning:  #68-D: integer conversion resulted in a change of sign
mrk_uvision_lpc1768\mrk\NanoRk\src\drivers\platform\mbed\adc_driver.cpp(73): warning:  #68-D: integer conversion resulted in a change of sign
mrk_uvision_lpc1768\mrk\NanoRk\src\drivers\platform\mbed\adc_driver.cpp(76): warning:  #68-D: integer conversion resulted in a change of sign
mrk_uvision_lpc1768\mrk\NanoRk\src\drivers\platform\mbed\adc_driver.cpp(96): warning:  #68-D: integer conversion resulted in a change of sign
mrk_uvision_lpc1768\mrk\NanoRk\src\drivers\platform\mbed\adc_driver.cpp(105): warning:  #68-D: integer conversion resulted in a change of sign
compiling ff_basic_sensor.cpp...
mrk_uvision_lpc1768\mrk\NanoRk\src\drivers\platform\mbed\ff_basic_sensor.cpp(68): warning:  #68-D: integer conversion resulted in a change of sign
mrk_uvision_lpc1768\mrk\NanoRk\src\drivers\platform\mbed\ff_basic_sensor.cpp(82): warning:  #68-D: integer conversion resulted in a change of sign
mrk_uvision_lpc1768\mrk\NanoRk\src\drivers\platform\mbed\ff_basic_sensor.cpp(86): warning:  #68-D: integer conversion resulted in a change of sign
mrk_uvision_lpc1768\mrk\NanoRk\src\drivers\platform\mbed\ff_basic_sensor.cpp(89): warning:  #68-D: integer conversion resulted in a change of sign
mrk_uvision_lpc1768\mrk\NanoRk\src\drivers\platform\mbed\ff_basic_sensor.cpp(170): warning:  #68-D: integer conversion resulted in a change of sign
mrk_uvision_lpc1768\mrk\NanoRk\src\drivers\platform\mbed\ff_basic_sensor.cpp(193): warning:  #68-D: integer conversion resulted in a change of sign
mrk_uvision_lpc1768\mrk\NanoRk\src\drivers\platform\mbed\ff_basic_sensor.cpp(209): warning:  #68-D: integer conversion resulted in a change of sign
mrk_uvision_lpc1768\mrk\NanoRk\src\drivers\platform\mbed\ff_basic_sensor.cpp(265): warning:  #1-D: last line of file ends without a newline
compiling nrk_driver.cpp...
mrk_uvision_lpc1768\mrk\NanoRk\src\kernel\source\nrk_driver.cpp(141): warning:  #186-D: pointless comparison of unsigned integer with zero
compiling bmac.cpp...
mrk_uvision_lpc1768\mrk\NanoRk\src\net\bmac\bmac.cpp(461): warning:  #550-D: variable "result" was set but never used
mrk_uvision_lpc1768\mrk\NanoRk\src\net\bmac\bmac.cpp(502): warning:  #177-D: variable "result" was declared but never referenced
mrk_uvision_lpc1768\mrk\NanoRk\src\net\bmac\bmac.cpp(554): warning:  #550-D: variable "e" was set but never used
mrk_uvision_lpc1768\mrk\NanoRk\src\net\bmac\bmac.cpp(555): warning:  #177-D: variable "backoff" was declared but never referenced
mrk_uvision_lpc1768\mrk\NanoRk\src\net\bmac\bmac.cpp(803): warning:  #1-D: last line of file ends without a newline
mrk_uvision_lpc1768\mrk\NanoRk\src\net\bmac\bmac.cpp(66): warning:  #550-D: variable "g_chan" was set but never used
mrk_uvision_lpc1768\mrk\NanoRk\src\net\bmac\bmac.cpp(72): warning:  #550-D: variable "tx_reserve" was set but never used
compiling basic_rf.cpp...
mrk_uvision_lpc1768\mrk\NanoRk\src\radio\mrf24j40\source\basic_rf.cpp(336): warning:  #61-D: integer operation result is out of range
mrk_uvision_lpc1768\mrk\NanoRk\src\radio\mrf24j40\source\basic_rf.cpp(336): warning:  #68-D: integer conversion resulted in a change of sign
compiling MRF24J40.cpp...
compiling main.cpp...
S:\lab3_skeleton code\slave\main.cpp(130): warning:  #177-D: variable "mole_index" was declared but never referenced
S:\lab3_skeleton code\slave\main.cpp(130): warning:  #177-D: variable "state" was declared but never referenced
S:\lab3_skeleton code\slave\main.cpp(178): warning:  #111-D: statement is unreachable
S:\lab3_skeleton code\slave\main.cpp(74): warning:  #177-D: variable "j" was declared but never referenced
S:\lab3_skeleton code\slave\main.cpp(75): warning:  #177-D: variable "slot" was declared but never referenced
S:\lab3_skeleton code\slave\main.cpp(75): warning:  #177-D: variable "mole_id" was declared but never referenced
S:\lab3_skeleton code\slave\main.cpp(77): warning:  #177-D: variable "fd" was declared but never referenced
S:\lab3_skeleton code\slave\main.cpp(77): warning:  #550-D: variable "val" was set but never used
S:\lab3_skeleton code\slave\main.cpp(85): warning:  #177-D: variable "check_period" was declared but never referenced
S:\lab3_skeleton code\slave\main.cpp(212): warning:  #514-D: pointless comparison of unsigned integer with a negative constant
S:\lab3_skeleton code\slave\main.cpp(286): warning:  #111-D: statement is unreachable
S:\lab3_skeleton code\slave\main.cpp(197): warning:  #177-D: variable "j" was declared but never referenced
S:\lab3_skeleton code\slave\main.cpp(197): warning:  #177-D: variable "i" was declared but never referenced
S:\lab3_skeleton code\slave\main.cpp(198): warning:  #177-D: variable "rssi" was declared but never referenced
S:\lab3_skeleton code\slave\main.cpp(198): warning:  #177-D: variable "slot" was declared but never referenced
S:\lab3_skeleton code\slave\main.cpp(198): warning:  #177-D: variable "length" was declared but never referenced
S:\lab3_skeleton code\slave\main.cpp(198): warning:  #177-D: variable "mole_id" was declared but never referenced
S:\lab3_skeleton code\slave\main.cpp(199): warning:  #177-D: variable "local_rx_buf" was declared but never referenced
S:\lab3_skeleton code\slave\main.cpp(202): warning:  #177-D: variable "Close" was declared but never referenced
S:\lab3_skeleton code\slave\main.cpp(205): warning:  #177-D: variable "v" was declared but never referenced
S:\lab3_skeleton code\slave\main.cpp(207): warning:  #177-D: variable "ret" was declared but never referenced
S:\lab3_skeleton code\slave\main.cpp(208): warning:  #177-D: variable "r_period" was declared but never referenced
S:\lab3_skeleton code\slave\main.cpp(75): warning: C4017W: length may be used before being set
linking...
Program Size: Code=30598 RO-data=1546 RW-data=376 ZI-data=2752  
After Build - User command #1: fromelf --bin -o F:\SLAVE.bin .\build\SLAVE.axf
".\build\SLAVE.axf" - 0 Errors, 58 Warning(s).
Rebuild target 'mbed NXP LPC1768'
compiling nrk_cpu.cpp...
compiling nrk_status.cpp...
compiling nrk_timer.cpp...
mrk_uvision_lpc1768\mrk\NanoRk\src\kernel\hal\LPC1768\nrk_timer.cpp(177): warning:  #191-D: type qualifier is meaningless on cast type
mrk_uvision_lpc1768\mrk\NanoRk\src\kernel\hal\LPC1768\nrk_timer.cpp(298): warning:  #191-D: type qualifier is meaningless on cast type
compiling nrk_watchdog.cpp...
compiling nrk.cpp...
compiling nrk_error.cpp...
mrk_uvision_lpc1768\mrk\NanoRk\src\kernel\source\nrk_error.cpp(165): warning:  #177-D: variable "i" was declared but never referenced
compiling nrk_events.cpp...
mrk_uvision_lpc1768\mrk\NanoRk\src\kernel\source\nrk_events.cpp(279): warning:  #177-D: variable "task_ID" was declared but never referenced
compiling nrk_idle_task.cpp...
mrk_uvision_lpc1768\mrk\NanoRk\src\kernel\source\nrk_idle_task.cpp(39): warning:  #177-D: variable "stkc" was declared but never referenced
compiling nrk_reserve.cpp...
compiling nrk_scheduler.cpp...
compiling nrk_stack_check.cpp...
compiling nrk_stats.cpp...
compiling nrk_task.cpp...
mrk_uvision_lpc1768\mrk\NanoRk\src\kernel\source\nrk_task.cpp(230): warning:  #550-D: variable "rtype" was set but never used
mrk_uvision_lpc1768\mrk\NanoRk\src\kernel\source\nrk_task.cpp(524): warning:  #191-D: type qualifier is meaningless on cast type
compiling nrk_time.cpp...
compiling hal_wait.cpp...
compiling ulib.cpp...
mrk_uvision_lpc1768\mrk\NanoRk\src\platform\mbed\source\ulib.cpp(338): warning:  #9-D: nested comment is not allowed
mrk_uvision_lpc1768\mrk\NanoRk\src\platform\mbed\source\ulib.cpp(606): warning:  #111-D: statement is unreachable
mrk_uvision_lpc1768\mrk\NanoRk\src\platform\mbed\source\ulib.cpp(657): warning:  #940-D: missing return statement at end of non-void function "nrk_get_button"
mrk_uvision_lpc1768\mrk\NanoRk\src\platform\mbed\source\ulib.cpp(826): warning: C4017W: uClk may be used before being set
assembling my_asm.s...
mrk_uvision_lpc1768\mrk\my_asm.s(93): warning: A1581W: Added 2 bytes of padding at address 0x6a
compiling adc_driver.cpp...
mrk_uvision_lpc1768\mrk\NanoRk\src\drivers\platform\mbed\adc_driver.cpp(69): warning:  #68-D: integer conversion resulted in a change of sign
mrk_uvision_lpc1768\mrk\NanoRk\src\drivers\platform\mbed\adc_driver.cpp(73): warning:  #68-D: integer conversion resulted in a change of sign
mrk_uvision_lpc1768\mrk\NanoRk\src\drivers\platform\mbed\adc_driver.cpp(76): warning:  #68-D: integer conversion resulted in a change of sign
mrk_uvision_lpc1768\mrk\NanoRk\src\drivers\platform\mbed\adc_driver.cpp(96): warning:  #68-D: integer conversion resulted in a change of sign
mrk_uvision_lpc1768\mrk\NanoRk\src\drivers\platform\mbed\adc_driver.cpp(105): warning:  #68-D: integer conversion resulted in a change of sign
compiling ff_basic_sensor.cpp...
mrk_uvision_lpc1768\mrk\NanoRk\src\drivers\platform\mbed\ff_basic_sensor.cpp(68): warning:  #68-D: integer conversion resulted in a change of sign
mrk_uvision_lpc1768\mrk\NanoRk\src\drivers\platform\mbed\ff_basic_sensor.cpp(82): warning:  #68-D: integer conversion resulted in a change of sign
mrk_uvision_lpc1768\mrk\NanoRk\src\drivers\platform\mbed\ff_basic_sensor.cpp(86): warning:  #68-D: integer conversion resulted in a change of sign
mrk_uvision_lpc1768\mrk\NanoRk\src\drivers\platform\mbed\ff_basic_sensor.cpp(89): warning:  #68-D: integer conversion resulted in a change of sign
mrk_uvision_lpc1768\mrk\NanoRk\src\drivers\platform\mbed\ff_basic_sensor.cpp(170): warning:  #68-D: integer conversion resulted in a change of sign
mrk_uvision_lpc1768\mrk\NanoRk\src\drivers\platform\mbed\ff_basic_sensor.cpp(193): warning:  #68-D: integer conversion resulted in a change of sign
mrk_uvision_lpc1768\mrk\NanoRk\src\drivers\platform\mbed\ff_basic_sensor.cpp(209): warning:  #68-D: integer conversion resulted in a change of sign
mrk_uvision_lpc1768\mrk\NanoRk\src\drivers\platform\mbed\ff_basic_sensor.cpp(265): warning:  #1-D: last line of file ends without a newline
compiling nrk_driver.cpp...
mrk_uvision_lpc1768\mrk\NanoRk\src\kernel\source\nrk_driver.cpp(141): warning:  #186-D: pointless comparison of unsigned integer with zero
compiling bmac.cpp...
mrk_uvision_lpc1768\mrk\NanoRk\src\net\bmac\bmac.cpp(461): warning:  #550-D: variable "result" was set but never used
mrk_uvision_lpc1768\mrk\NanoRk\src\net\bmac\bmac.cpp(502): warning:  #177-D: variable "result" was declared but never referenced
mrk_uvision_lpc1768\mrk\NanoRk\src\net\bmac\bmac.cpp(554): warning:  #550-D: variable "e" was set but never used
mrk_uvision_lpc1768\mrk\NanoRk\src\net\bmac\bmac.cpp(555): warning:  #177-D: variable "backoff" was declared but never referenced
mrk_uvision_lpc1768\mrk\NanoRk\src\net\bmac\bmac.cpp(803): warning:  #1-D: last line of file ends without a newline
mrk_uvision_lpc1768\mrk\NanoRk\src\net\bmac\bmac.cpp(66): warning:  #550-D: variable "g_chan" was set but never used
mrk_uvision_lpc1768\mrk\NanoRk\src\net\bmac\bmac.cpp(72): warning:  #550-D: variable "tx_reserve" was set but never used
compiling basic_rf.cpp...
mrk_uvision_lpc1768\mrk\NanoRk\src\radio\mrf24j40\source\basic_rf.cpp(336): warning:  #61-D: integer operation result is out of range
mrk_uvision_lpc1768\mrk\NanoRk\src\radio\mrf24j40\source\basic_rf.cpp(336): warning:  #68-D: integer conversion resulted in a change of sign
compiling MRF24J40.cpp...
compiling main.cpp...
S:\lab3_skeleton code\slave\main.cpp(130): warning:  #177-D: variable "mole_index" was declared but never referenced
S:\lab3_skeleton code\slave\main.cpp(130): warning:  #177-D: variable "state" was declared but never referenced
S:\lab3_skeleton code\slave\main.cpp(178): warning:  #111-D: statement is unreachable
S:\lab3_skeleton code\slave\main.cpp(74): warning:  #177-D: variable "j" was declared but never referenced
S:\lab3_skeleton code\slave\main.cpp(75): warning:  #177-D: variable "slot" was declared but never referenced
S:\lab3_skeleton code\slave\main.cpp(75): warning:  #177-D: variable "mole_id" was declared but never referenced
S:\lab3_skeleton code\slave\main.cpp(77): warning:  #177-D: variable "fd" was declared but never referenced
S:\lab3_skeleton code\slave\main.cpp(77): warning:  #550-D: variable "val" was set but never used
S:\lab3_skeleton code\slave\main.cpp(85): warning:  #177-D: variable "check_period" was declared but never referenced
S:\lab3_skeleton code\slave\main.cpp(212): warning:  #514-D: pointless comparison of unsigned integer with a negative constant
S:\lab3_skeleton code\slave\main.cpp(323): warning:  #111-D: statement is unreachable
S:\lab3_skeleton code\slave\main.cpp(197): warning:  #177-D: variable "j" was declared but never referenced
S:\lab3_skeleton code\slave\main.cpp(197): warning:  #177-D: variable "i" was declared but never referenced
S:\lab3_skeleton code\slave\main.cpp(198): warning:  #177-D: variable "rssi" was declared but never referenced
S:\lab3_skeleton code\slave\main.cpp(198): warning:  #177-D: variable "slot" was declared but never referenced
S:\lab3_skeleton code\slave\main.cpp(198): warning:  #177-D: variable "length" was declared but never referenced
S:\lab3_skeleton code\slave\main.cpp(198): warning:  #177-D: variable "mole_id" was declared but never referenced
S:\lab3_skeleton code\slave\main.cpp(199): warning:  #177-D: variable "local_rx_buf" was declared but never referenced
S:\lab3_skeleton code\slave\main.cpp(202): warning:  #177-D: variable "Close" was declared but never referenced
S:\lab3_skeleton code\slave\main.cpp(205): warning:  #177-D: variable "v" was declared but never referenced
S:\lab3_skeleton code\slave\main.cpp(207): warning:  #177-D: variable "ret" was declared but never referenced
S:\lab3_skeleton code\slave\main.cpp(208): warning:  #177-D: variable "r_period" was declared but never referenced
S:\lab3_skeleton code\slave\main.cpp(75): warning: C4017W: length may be used before being set
linking...
Program Size: Code=30602 RO-data=1546 RW-data=376 ZI-data=2752  
After Build - User command #1: fromelf --bin -o F:\SLAVE.bin .\build\SLAVE.axf
".\build\SLAVE.axf" - 0 Errors, 58 Warning(s).
Rebuild target 'mbed NXP LPC1768'
compiling nrk_cpu.cpp...
compiling nrk_status.cpp...
compiling nrk_timer.cpp...
mrk_uvision_lpc1768\mrk\NanoRk\src\kernel\hal\LPC1768\nrk_timer.cpp(177): warning:  #191-D: type qualifier is meaningless on cast type
mrk_uvision_lpc1768\mrk\NanoRk\src\kernel\hal\LPC1768\nrk_timer.cpp(298): warning:  #191-D: type qualifier is meaningless on cast type
compiling nrk_watchdog.cpp...
compiling nrk.cpp...
compiling nrk_error.cpp...
mrk_uvision_lpc1768\mrk\NanoRk\src\kernel\source\nrk_error.cpp(165): warning:  #177-D: variable "i" was declared but never referenced
compiling nrk_events.cpp...
mrk_uvision_lpc1768\mrk\NanoRk\src\kernel\source\nrk_events.cpp(279): warning:  #177-D: variable "task_ID" was declared but never referenced
compiling nrk_idle_task.cpp...
mrk_uvision_lpc1768\mrk\NanoRk\src\kernel\source\nrk_idle_task.cpp(39): warning:  #177-D: variable "stkc" was declared but never referenced
compiling nrk_reserve.cpp...
compiling nrk_scheduler.cpp...
compiling nrk_stack_check.cpp...
compiling nrk_stats.cpp...
compiling nrk_task.cpp...
mrk_uvision_lpc1768\mrk\NanoRk\src\kernel\source\nrk_task.cpp(230): warning:  #550-D: variable "rtype" was set but never used
mrk_uvision_lpc1768\mrk\NanoRk\src\kernel\source\nrk_task.cpp(524): warning:  #191-D: type qualifier is meaningless on cast type
compiling nrk_time.cpp...
compiling hal_wait.cpp...
compiling ulib.cpp...
mrk_uvision_lpc1768\mrk\NanoRk\src\platform\mbed\source\ulib.cpp(338): warning:  #9-D: nested comment is not allowed
mrk_uvision_lpc1768\mrk\NanoRk\src\platform\mbed\source\ulib.cpp(606): warning:  #111-D: statement is unreachable
mrk_uvision_lpc1768\mrk\NanoRk\src\platform\mbed\source\ulib.cpp(657): warning:  #940-D: missing return statement at end of non-void function "nrk_get_button"
mrk_uvision_lpc1768\mrk\NanoRk\src\platform\mbed\source\ulib.cpp(826): warning: C4017W: uClk may be used before being set
assembling my_asm.s...
mrk_uvision_lpc1768\mrk\my_asm.s(93): warning: A1581W: Added 2 bytes of padding at address 0x6a
compiling adc_driver.cpp...
mrk_uvision_lpc1768\mrk\NanoRk\src\drivers\platform\mbed\adc_driver.cpp(69): warning:  #68-D: integer conversion resulted in a change of sign
mrk_uvision_lpc1768\mrk\NanoRk\src\drivers\platform\mbed\adc_driver.cpp(73): warning:  #68-D: integer conversion resulted in a change of sign
mrk_uvision_lpc1768\mrk\NanoRk\src\drivers\platform\mbed\adc_driver.cpp(76): warning:  #68-D: integer conversion resulted in a change of sign
mrk_uvision_lpc1768\mrk\NanoRk\src\drivers\platform\mbed\adc_driver.cpp(96): warning:  #68-D: integer conversion resulted in a change of sign
mrk_uvision_lpc1768\mrk\NanoRk\src\drivers\platform\mbed\adc_driver.cpp(105): warning:  #68-D: integer conversion resulted in a change of sign
compiling ff_basic_sensor.cpp...
mrk_uvision_lpc1768\mrk\NanoRk\src\drivers\platform\mbed\ff_basic_sensor.cpp(68): warning:  #68-D: integer conversion resulted in a change of sign
mrk_uvision_lpc1768\mrk\NanoRk\src\drivers\platform\mbed\ff_basic_sensor.cpp(82): warning:  #68-D: integer conversion resulted in a change of sign
mrk_uvision_lpc1768\mrk\NanoRk\src\drivers\platform\mbed\ff_basic_sensor.cpp(86): warning:  #68-D: integer conversion resulted in a change of sign
mrk_uvision_lpc1768\mrk\NanoRk\src\drivers\platform\mbed\ff_basic_sensor.cpp(89): warning:  #68-D: integer conversion resulted in a change of sign
mrk_uvision_lpc1768\mrk\NanoRk\src\drivers\platform\mbed\ff_basic_sensor.cpp(170): warning:  #68-D: integer conversion resulted in a change of sign
mrk_uvision_lpc1768\mrk\NanoRk\src\drivers\platform\mbed\ff_basic_sensor.cpp(193): warning:  #68-D: integer conversion resulted in a change of sign
mrk_uvision_lpc1768\mrk\NanoRk\src\drivers\platform\mbed\ff_basic_sensor.cpp(209): warning:  #68-D: integer conversion resulted in a change of sign
mrk_uvision_lpc1768\mrk\NanoRk\src\drivers\platform\mbed\ff_basic_sensor.cpp(265): warning:  #1-D: last line of file ends without a newline
compiling nrk_driver.cpp...
mrk_uvision_lpc1768\mrk\NanoRk\src\kernel\source\nrk_driver.cpp(141): warning:  #186-D: pointless comparison of unsigned integer with zero
compiling bmac.cpp...
mrk_uvision_lpc1768\mrk\NanoRk\src\net\bmac\bmac.cpp(461): warning:  #550-D: variable "result" was set but never used
mrk_uvision_lpc1768\mrk\NanoRk\src\net\bmac\bmac.cpp(502): warning:  #177-D: variable "result" was declared but never referenced
mrk_uvision_lpc1768\mrk\NanoRk\src\net\bmac\bmac.cpp(554): warning:  #550-D: variable "e" was set but never used
mrk_uvision_lpc1768\mrk\NanoRk\src\net\bmac\bmac.cpp(555): warning:  #177-D: variable "backoff" was declared but never referenced
mrk_uvision_lpc1768\mrk\NanoRk\src\net\bmac\bmac.cpp(803): warning:  #1-D: last line of file ends without a newline
mrk_uvision_lpc1768\mrk\NanoRk\src\net\bmac\bmac.cpp(66): warning:  #550-D: variable "g_chan" was set but never used
mrk_uvision_lpc1768\mrk\NanoRk\src\net\bmac\bmac.cpp(72): warning:  #550-D: variable "tx_reserve" was set but never used
compiling basic_rf.cpp...
mrk_uvision_lpc1768\mrk\NanoRk\src\radio\mrf24j40\source\basic_rf.cpp(336): warning:  #61-D: integer operation result is out of range
mrk_uvision_lpc1768\mrk\NanoRk\src\radio\mrf24j40\source\basic_rf.cpp(336): warning:  #68-D: integer conversion resulted in a change of sign
compiling MRF24J40.cpp...
compiling main.cpp...
S:\lab3_skeleton code\slave\main.cpp(130): warning:  #177-D: variable "mole_index" was declared but never referenced
S:\lab3_skeleton code\slave\main.cpp(130): warning:  #177-D: variable "state" was declared but never referenced
S:\lab3_skeleton code\slave\main.cpp(178): warning:  #111-D: statement is unreachable
S:\lab3_skeleton code\slave\main.cpp(74): warning:  #177-D: variable "j" was declared but never referenced
S:\lab3_skeleton code\slave\main.cpp(75): warning:  #177-D: variable "slot" was declared but never referenced
S:\lab3_skeleton code\slave\main.cpp(75): warning:  #177-D: variable "mole_id" was declared but never referenced
S:\lab3_skeleton code\slave\main.cpp(77): warning:  #177-D: variable "fd" was declared but never referenced
S:\lab3_skeleton code\slave\main.cpp(77): warning:  #550-D: variable "val" was set but never used
S:\lab3_skeleton code\slave\main.cpp(85): warning:  #177-D: variable "check_period" was declared but never referenced
S:\lab3_skeleton code\slave\main.cpp(212): warning:  #514-D: pointless comparison of unsigned integer with a negative constant
S:\lab3_skeleton code\slave\main.cpp(197): warning:  #177-D: variable "j" was declared but never referenced
S:\lab3_skeleton code\slave\main.cpp(197): warning:  #177-D: variable "i" was declared but never referenced
S:\lab3_skeleton code\slave\main.cpp(198): warning:  #177-D: variable "rssi" was declared but never referenced
S:\lab3_skeleton code\slave\main.cpp(198): warning:  #177-D: variable "slot" was declared but never referenced
S:\lab3_skeleton code\slave\main.cpp(198): warning:  #177-D: variable "length" was declared but never referenced
S:\lab3_skeleton code\slave\main.cpp(198): warning:  #177-D: variable "mole_id" was declared but never referenced
S:\lab3_skeleton code\slave\main.cpp(199): warning:  #177-D: variable "local_rx_buf" was declared but never referenced
S:\lab3_skeleton code\slave\main.cpp(202): warning:  #177-D: variable "Close" was declared but never referenced
S:\lab3_skeleton code\slave\main.cpp(205): warning:  #177-D: variable "v" was declared but never referenced
S:\lab3_skeleton code\slave\main.cpp(207): warning:  #177-D: variable "ret" was declared but never referenced
S:\lab3_skeleton code\slave\main.cpp(208): warning:  #177-D: variable "r_period" was declared but never referenced
S:\lab3_skeleton code\slave\main.cpp(75): warning: C4017W: length may be used before being set
linking...
Program Size: Code=30794 RO-data=1546 RW-data=376 ZI-data=2752  
After Build - User command #1: fromelf --bin -o F:\SLAVE.bin .\build\SLAVE.axf
".\build\SLAVE.axf" - 0 Errors, 57 Warning(s).
Rebuild target 'mbed NXP LPC1768'
compiling nrk_cpu.cpp...
compiling nrk_status.cpp...
compiling nrk_timer.cpp...
mrk_uvision_lpc1768\mrk\NanoRk\src\kernel\hal\LPC1768\nrk_timer.cpp(177): warning:  #191-D: type qualifier is meaningless on cast type
mrk_uvision_lpc1768\mrk\NanoRk\src\kernel\hal\LPC1768\nrk_timer.cpp(298): warning:  #191-D: type qualifier is meaningless on cast type
compiling nrk_watchdog.cpp...
compiling nrk.cpp...
compiling nrk_error.cpp...
mrk_uvision_lpc1768\mrk\NanoRk\src\kernel\source\nrk_error.cpp(165): warning:  #177-D: variable "i" was declared but never referenced
compiling nrk_events.cpp...
mrk_uvision_lpc1768\mrk\NanoRk\src\kernel\source\nrk_events.cpp(279): warning:  #177-D: variable "task_ID" was declared but never referenced
compiling nrk_idle_task.cpp...
mrk_uvision_lpc1768\mrk\NanoRk\src\kernel\source\nrk_idle_task.cpp(39): warning:  #177-D: variable "stkc" was declared but never referenced
compiling nrk_reserve.cpp...
compiling nrk_scheduler.cpp...
compiling nrk_stack_check.cpp...
compiling nrk_stats.cpp...
compiling nrk_task.cpp...
mrk_uvision_lpc1768\mrk\NanoRk\src\kernel\source\nrk_task.cpp(230): warning:  #550-D: variable "rtype" was set but never used
mrk_uvision_lpc1768\mrk\NanoRk\src\kernel\source\nrk_task.cpp(524): warning:  #191-D: type qualifier is meaningless on cast type
compiling nrk_time.cpp...
compiling hal_wait.cpp...
compiling ulib.cpp...
mrk_uvision_lpc1768\mrk\NanoRk\src\platform\mbed\source\ulib.cpp(338): warning:  #9-D: nested comment is not allowed
mrk_uvision_lpc1768\mrk\NanoRk\src\platform\mbed\source\ulib.cpp(606): warning:  #111-D: statement is unreachable
mrk_uvision_lpc1768\mrk\NanoRk\src\platform\mbed\source\ulib.cpp(657): warning:  #940-D: missing return statement at end of non-void function "nrk_get_button"
mrk_uvision_lpc1768\mrk\NanoRk\src\platform\mbed\source\ulib.cpp(826): warning: C4017W: uClk may be used before being set
assembling my_asm.s...
mrk_uvision_lpc1768\mrk\my_asm.s(93): warning: A1581W: Added 2 bytes of padding at address 0x6a
compiling adc_driver.cpp...
mrk_uvision_lpc1768\mrk\NanoRk\src\drivers\platform\mbed\adc_driver.cpp(69): warning:  #68-D: integer conversion resulted in a change of sign
mrk_uvision_lpc1768\mrk\NanoRk\src\drivers\platform\mbed\adc_driver.cpp(73): warning:  #68-D: integer conversion resulted in a change of sign
mrk_uvision_lpc1768\mrk\NanoRk\src\drivers\platform\mbed\adc_driver.cpp(76): warning:  #68-D: integer conversion resulted in a change of sign
mrk_uvision_lpc1768\mrk\NanoRk\src\drivers\platform\mbed\adc_driver.cpp(96): warning:  #68-D: integer conversion resulted in a change of sign
mrk_uvision_lpc1768\mrk\NanoRk\src\drivers\platform\mbed\adc_driver.cpp(105): warning:  #68-D: integer conversion resulted in a change of sign
compiling ff_basic_sensor.cpp...
mrk_uvision_lpc1768\mrk\NanoRk\src\drivers\platform\mbed\ff_basic_sensor.cpp(68): warning:  #68-D: integer conversion resulted in a change of sign
mrk_uvision_lpc1768\mrk\NanoRk\src\drivers\platform\mbed\ff_basic_sensor.cpp(82): warning:  #68-D: integer conversion resulted in a change of sign
mrk_uvision_lpc1768\mrk\NanoRk\src\drivers\platform\mbed\ff_basic_sensor.cpp(86): warning:  #68-D: integer conversion resulted in a change of sign
mrk_uvision_lpc1768\mrk\NanoRk\src\drivers\platform\mbed\ff_basic_sensor.cpp(89): warning:  #68-D: integer conversion resulted in a change of sign
mrk_uvision_lpc1768\mrk\NanoRk\src\drivers\platform\mbed\ff_basic_sensor.cpp(170): warning:  #68-D: integer conversion resulted in a change of sign
mrk_uvision_lpc1768\mrk\NanoRk\src\drivers\platform\mbed\ff_basic_sensor.cpp(193): warning:  #68-D: integer conversion resulted in a change of sign
mrk_uvision_lpc1768\mrk\NanoRk\src\drivers\platform\mbed\ff_basic_sensor.cpp(209): warning:  #68-D: integer conversion resulted in a change of sign
mrk_uvision_lpc1768\mrk\NanoRk\src\drivers\platform\mbed\ff_basic_sensor.cpp(265): warning:  #1-D: last line of file ends without a newline
compiling nrk_driver.cpp...
mrk_uvision_lpc1768\mrk\NanoRk\src\kernel\source\nrk_driver.cpp(141): warning:  #186-D: pointless comparison of unsigned integer with zero
compiling bmac.cpp...
mrk_uvision_lpc1768\mrk\NanoRk\src\net\bmac\bmac.cpp(461): warning:  #550-D: variable "result" was set but never used
mrk_uvision_lpc1768\mrk\NanoRk\src\net\bmac\bmac.cpp(502): warning:  #177-D: variable "result" was declared but never referenced
mrk_uvision_lpc1768\mrk\NanoRk\src\net\bmac\bmac.cpp(554): warning:  #550-D: variable "e" was set but never used
mrk_uvision_lpc1768\mrk\NanoRk\src\net\bmac\bmac.cpp(555): warning:  #177-D: variable "backoff" was declared but never referenced
mrk_uvision_lpc1768\mrk\NanoRk\src\net\bmac\bmac.cpp(803): warning:  #1-D: last line of file ends without a newline
mrk_uvision_lpc1768\mrk\NanoRk\src\net\bmac\bmac.cpp(66): warning:  #550-D: variable "g_chan" was set but never used
mrk_uvision_lpc1768\mrk\NanoRk\src\net\bmac\bmac.cpp(72): warning:  #550-D: variable "tx_reserve" was set but never used
compiling basic_rf.cpp...
mrk_uvision_lpc1768\mrk\NanoRk\src\radio\mrf24j40\source\basic_rf.cpp(336): warning:  #61-D: integer operation result is out of range
mrk_uvision_lpc1768\mrk\NanoRk\src\radio\mrf24j40\source\basic_rf.cpp(336): warning:  #68-D: integer conversion resulted in a change of sign
compiling MRF24J40.cpp...
compiling main.cpp...
S:\lab3_skeleton code\slave\main.cpp(130): warning:  #177-D: variable "mole_index" was declared but never referenced
S:\lab3_skeleton code\slave\main.cpp(130): warning:  #177-D: variable "state" was declared but never referenced
S:\lab3_skeleton code\slave\main.cpp(178): warning:  #111-D: statement is unreachable
S:\lab3_skeleton code\slave\main.cpp(74): warning:  #177-D: variable "j" was declared but never referenced
S:\lab3_skeleton code\slave\main.cpp(75): warning:  #177-D: variable "slot" was declared but never referenced
S:\lab3_skeleton code\slave\main.cpp(75): warning:  #177-D: variable "mole_id" was declared but never referenced
S:\lab3_skeleton code\slave\main.cpp(77): warning:  #177-D: variable "fd" was declared but never referenced
S:\lab3_skeleton code\slave\main.cpp(77): warning:  #550-D: variable "val" was set but never used
S:\lab3_skeleton code\slave\main.cpp(85): warning:  #177-D: variable "check_period" was declared but never referenced
S:\lab3_skeleton code\slave\main.cpp(212): warning:  #514-D: pointless comparison of unsigned integer with a negative constant
S:\lab3_skeleton code\slave\main.cpp(197): warning:  #177-D: variable "j" was declared but never referenced
S:\lab3_skeleton code\slave\main.cpp(197): warning:  #177-D: variable "i" was declared but never referenced
S:\lab3_skeleton code\slave\main.cpp(198): warning:  #177-D: variable "rssi" was declared but never referenced
S:\lab3_skeleton code\slave\main.cpp(198): warning:  #177-D: variable "slot" was declared but never referenced
S:\lab3_skeleton code\slave\main.cpp(198): warning:  #177-D: variable "length" was declared but never referenced
S:\lab3_skeleton code\slave\main.cpp(198): warning:  #177-D: variable "mole_id" was declared but never referenced
S:\lab3_skeleton code\slave\main.cpp(199): warning:  #177-D: variable "local_rx_buf" was declared but never referenced
S:\lab3_skeleton code\slave\main.cpp(202): warning:  #177-D: variable "Close" was declared but never referenced
S:\lab3_skeleton code\slave\main.cpp(205): warning:  #177-D: variable "v" was declared but never referenced
S:\lab3_skeleton code\slave\main.cpp(207): warning:  #177-D: variable "ret" was declared but never referenced
S:\lab3_skeleton code\slave\main.cpp(208): warning:  #177-D: variable "r_period" was declared but never referenced
S:\lab3_skeleton code\slave\main.cpp(75): warning: C4017W: length may be used before being set
linking...
Program Size: Code=30926 RO-data=1546 RW-data=376 ZI-data=2752  
After Build - User command #1: fromelf --bin -o F:\SLAVE.bin .\build\SLAVE.axf
".\build\SLAVE.axf" - 0 Errors, 57 Warning(s).
Rebuild target 'mbed NXP LPC1768'
compiling nrk_cpu.cpp...
compiling nrk_status.cpp...
compiling nrk_timer.cpp...
mrk_uvision_lpc1768\mrk\NanoRk\src\kernel\hal\LPC1768\nrk_timer.cpp(177): warning:  #191-D: type qualifier is meaningless on cast type
mrk_uvision_lpc1768\mrk\NanoRk\src\kernel\hal\LPC1768\nrk_timer.cpp(298): warning:  #191-D: type qualifier is meaningless on cast type
compiling nrk_watchdog.cpp...
compiling nrk.cpp...
compiling nrk_error.cpp...
mrk_uvision_lpc1768\mrk\NanoRk\src\kernel\source\nrk_error.cpp(165): warning:  #177-D: variable "i" was declared but never referenced
compiling nrk_events.cpp...
mrk_uvision_lpc1768\mrk\NanoRk\src\kernel\source\nrk_events.cpp(279): warning:  #177-D: variable "task_ID" was declared but never referenced
compiling nrk_idle_task.cpp...
mrk_uvision_lpc1768\mrk\NanoRk\src\kernel\source\nrk_idle_task.cpp(39): warning:  #177-D: variable "stkc" was declared but never referenced
compiling nrk_reserve.cpp...
compiling nrk_scheduler.cpp...
compiling nrk_stack_check.cpp...
compiling nrk_stats.cpp...
compiling nrk_task.cpp...
mrk_uvision_lpc1768\mrk\NanoRk\src\kernel\source\nrk_task.cpp(230): warning:  #550-D: variable "rtype" was set but never used
mrk_uvision_lpc1768\mrk\NanoRk\src\kernel\source\nrk_task.cpp(524): warning:  #191-D: type qualifier is meaningless on cast type
compiling nrk_time.cpp...
compiling hal_wait.cpp...
compiling ulib.cpp...
mrk_uvision_lpc1768\mrk\NanoRk\src\platform\mbed\source\ulib.cpp(338): warning:  #9-D: nested comment is not allowed
mrk_uvision_lpc1768\mrk\NanoRk\src\platform\mbed\source\ulib.cpp(606): warning:  #111-D: statement is unreachable
mrk_uvision_lpc1768\mrk\NanoRk\src\platform\mbed\source\ulib.cpp(657): warning:  #940-D: missing return statement at end of non-void function "nrk_get_button"
mrk_uvision_lpc1768\mrk\NanoRk\src\platform\mbed\source\ulib.cpp(826): warning: C4017W: uClk may be used before being set
assembling my_asm.s...
mrk_uvision_lpc1768\mrk\my_asm.s(93): warning: A1581W: Added 2 bytes of padding at address 0x6a
compiling adc_driver.cpp...
mrk_uvision_lpc1768\mrk\NanoRk\src\drivers\platform\mbed\adc_driver.cpp(69): warning:  #68-D: integer conversion resulted in a change of sign
mrk_uvision_lpc1768\mrk\NanoRk\src\drivers\platform\mbed\adc_driver.cpp(73): warning:  #68-D: integer conversion resulted in a change of sign
mrk_uvision_lpc1768\mrk\NanoRk\src\drivers\platform\mbed\adc_driver.cpp(76): warning:  #68-D: integer conversion resulted in a change of sign
mrk_uvision_lpc1768\mrk\NanoRk\src\drivers\platform\mbed\adc_driver.cpp(96): warning:  #68-D: integer conversion resulted in a change of sign
mrk_uvision_lpc1768\mrk\NanoRk\src\drivers\platform\mbed\adc_driver.cpp(105): warning:  #68-D: integer conversion resulted in a change of sign
compiling ff_basic_sensor.cpp...
mrk_uvision_lpc1768\mrk\NanoRk\src\drivers\platform\mbed\ff_basic_sensor.cpp(68): warning:  #68-D: integer conversion resulted in a change of sign
mrk_uvision_lpc1768\mrk\NanoRk\src\drivers\platform\mbed\ff_basic_sensor.cpp(82): warning:  #68-D: integer conversion resulted in a change of sign
mrk_uvision_lpc1768\mrk\NanoRk\src\drivers\platform\mbed\ff_basic_sensor.cpp(86): warning:  #68-D: integer conversion resulted in a change of sign
mrk_uvision_lpc1768\mrk\NanoRk\src\drivers\platform\mbed\ff_basic_sensor.cpp(89): warning:  #68-D: integer conversion resulted in a change of sign
mrk_uvision_lpc1768\mrk\NanoRk\src\drivers\platform\mbed\ff_basic_sensor.cpp(170): warning:  #68-D: integer conversion resulted in a change of sign
mrk_uvision_lpc1768\mrk\NanoRk\src\drivers\platform\mbed\ff_basic_sensor.cpp(193): warning:  #68-D: integer conversion resulted in a change of sign
mrk_uvision_lpc1768\mrk\NanoRk\src\drivers\platform\mbed\ff_basic_sensor.cpp(209): warning:  #68-D: integer conversion resulted in a change of sign
mrk_uvision_lpc1768\mrk\NanoRk\src\drivers\platform\mbed\ff_basic_sensor.cpp(265): warning:  #1-D: last line of file ends without a newline
compiling nrk_driver.cpp...
mrk_uvision_lpc1768\mrk\NanoRk\src\kernel\source\nrk_driver.cpp(141): warning:  #186-D: pointless comparison of unsigned integer with zero
compiling bmac.cpp...
mrk_uvision_lpc1768\mrk\NanoRk\src\net\bmac\bmac.cpp(461): warning:  #550-D: variable "result" was set but never used
mrk_uvision_lpc1768\mrk\NanoRk\src\net\bmac\bmac.cpp(502): warning:  #177-D: variable "result" was declared but never referenced
mrk_uvision_lpc1768\mrk\NanoRk\src\net\bmac\bmac.cpp(554): warning:  #550-D: variable "e" was set but never used
mrk_uvision_lpc1768\mrk\NanoRk\src\net\bmac\bmac.cpp(555): warning:  #177-D: variable "backoff" was declared but never referenced
mrk_uvision_lpc1768\mrk\NanoRk\src\net\bmac\bmac.cpp(803): warning:  #1-D: last line of file ends without a newline
mrk_uvision_lpc1768\mrk\NanoRk\src\net\bmac\bmac.cpp(66): warning:  #550-D: variable "g_chan" was set but never used
mrk_uvision_lpc1768\mrk\NanoRk\src\net\bmac\bmac.cpp(72): warning:  #550-D: variable "tx_reserve" was set but never used
compiling basic_rf.cpp...
mrk_uvision_lpc1768\mrk\NanoRk\src\radio\mrf24j40\source\basic_rf.cpp(336): warning:  #61-D: integer operation result is out of range
mrk_uvision_lpc1768\mrk\NanoRk\src\radio\mrf24j40\source\basic_rf.cpp(336): warning:  #68-D: integer conversion resulted in a change of sign
compiling MRF24J40.cpp...
compiling main.cpp...
S:\lab3_skeleton code\slave\main.cpp(130): warning:  #177-D: variable "mole_index" was declared but never referenced
S:\lab3_skeleton code\slave\main.cpp(130): warning:  #177-D: variable "state" was declared but never referenced
S:\lab3_skeleton code\slave\main.cpp(178): warning:  #111-D: statement is unreachable
S:\lab3_skeleton code\slave\main.cpp(74): warning:  #177-D: variable "j" was declared but never referenced
S:\lab3_skeleton code\slave\main.cpp(75): warning:  #177-D: variable "slot" was declared but never referenced
S:\lab3_skeleton code\slave\main.cpp(75): warning:  #177-D: variable "mole_id" was declared but never referenced
S:\lab3_skeleton code\slave\main.cpp(77): warning:  #177-D: variable "fd" was declared but never referenced
S:\lab3_skeleton code\slave\main.cpp(77): warning:  #550-D: variable "val" was set but never used
S:\lab3_skeleton code\slave\main.cpp(85): warning:  #177-D: variable "check_period" was declared but never referenced
S:\lab3_skeleton code\slave\main.cpp(212): warning:  #514-D: pointless comparison of unsigned integer with a negative constant
S:\lab3_skeleton code\slave\main.cpp(197): warning:  #177-D: variable "j" was declared but never referenced
S:\lab3_skeleton code\slave\main.cpp(197): warning:  #177-D: variable "i" was declared but never referenced
S:\lab3_skeleton code\slave\main.cpp(198): warning:  #177-D: variable "rssi" was declared but never referenced
S:\lab3_skeleton code\slave\main.cpp(198): warning:  #177-D: variable "slot" was declared but never referenced
S:\lab3_skeleton code\slave\main.cpp(198): warning:  #177-D: variable "length" was declared but never referenced
S:\lab3_skeleton code\slave\main.cpp(198): warning:  #177-D: variable "mole_id" was declared but never referenced
S:\lab3_skeleton code\slave\main.cpp(199): warning:  #177-D: variable "local_rx_buf" was declared but never referenced
S:\lab3_skeleton code\slave\main.cpp(202): warning:  #177-D: variable "Close" was declared but never referenced
S:\lab3_skeleton code\slave\main.cpp(205): warning:  #177-D: variable "v" was declared but never referenced
S:\lab3_skeleton code\slave\main.cpp(207): warning:  #177-D: variable "ret" was declared but never referenced
S:\lab3_skeleton code\slave\main.cpp(208): warning:  #177-D: variable "r_period" was declared but never referenced
S:\lab3_skeleton code\slave\main.cpp(75): warning: C4017W: length may be used before being set
linking...
Program Size: Code=30954 RO-data=1546 RW-data=376 ZI-data=2752  
After Build - User command #1: fromelf --bin -o F:\SLAVE.bin .\build\SLAVE.axf
".\build\SLAVE.axf" - 0 Errors, 57 Warning(s).
Rebuild target 'mbed NXP LPC1768'
compiling nrk_cpu.cpp...
compiling nrk_status.cpp...
compiling nrk_timer.cpp...
mrk_uvision_lpc1768\mrk\NanoRk\src\kernel\hal\LPC1768\nrk_timer.cpp(177): warning:  #191-D: type qualifier is meaningless on cast type
mrk_uvision_lpc1768\mrk\NanoRk\src\kernel\hal\LPC1768\nrk_timer.cpp(298): warning:  #191-D: type qualifier is meaningless on cast type
compiling nrk_watchdog.cpp...
compiling nrk.cpp...
compiling nrk_error.cpp...
mrk_uvision_lpc1768\mrk\NanoRk\src\kernel\source\nrk_error.cpp(165): warning:  #177-D: variable "i" was declared but never referenced
compiling nrk_events.cpp...
mrk_uvision_lpc1768\mrk\NanoRk\src\kernel\source\nrk_events.cpp(279): warning:  #177-D: variable "task_ID" was declared but never referenced
compiling nrk_idle_task.cpp...
mrk_uvision_lpc1768\mrk\NanoRk\src\kernel\source\nrk_idle_task.cpp(39): warning:  #177-D: variable "stkc" was declared but never referenced
compiling nrk_reserve.cpp...
compiling nrk_scheduler.cpp...
compiling nrk_stack_check.cpp...
compiling nrk_stats.cpp...
compiling nrk_task.cpp...
mrk_uvision_lpc1768\mrk\NanoRk\src\kernel\source\nrk_task.cpp(230): warning:  #550-D: variable "rtype" was set but never used
mrk_uvision_lpc1768\mrk\NanoRk\src\kernel\source\nrk_task.cpp(524): warning:  #191-D: type qualifier is meaningless on cast type
compiling nrk_time.cpp...
compiling hal_wait.cpp...
compiling ulib.cpp...
mrk_uvision_lpc1768\mrk\NanoRk\src\platform\mbed\source\ulib.cpp(338): warning:  #9-D: nested comment is not allowed
mrk_uvision_lpc1768\mrk\NanoRk\src\platform\mbed\source\ulib.cpp(606): warning:  #111-D: statement is unreachable
mrk_uvision_lpc1768\mrk\NanoRk\src\platform\mbed\source\ulib.cpp(657): warning:  #940-D: missing return statement at end of non-void function "nrk_get_button"
mrk_uvision_lpc1768\mrk\NanoRk\src\platform\mbed\source\ulib.cpp(826): warning: C4017W: uClk may be used before being set
assembling my_asm.s...
mrk_uvision_lpc1768\mrk\my_asm.s(93): warning: A1581W: Added 2 bytes of padding at address 0x6a
compiling adc_driver.cpp...
mrk_uvision_lpc1768\mrk\NanoRk\src\drivers\platform\mbed\adc_driver.cpp(69): warning:  #68-D: integer conversion resulted in a change of sign
mrk_uvision_lpc1768\mrk\NanoRk\src\drivers\platform\mbed\adc_driver.cpp(73): warning:  #68-D: integer conversion resulted in a change of sign
mrk_uvision_lpc1768\mrk\NanoRk\src\drivers\platform\mbed\adc_driver.cpp(76): warning:  #68-D: integer conversion resulted in a change of sign
mrk_uvision_lpc1768\mrk\NanoRk\src\drivers\platform\mbed\adc_driver.cpp(96): warning:  #68-D: integer conversion resulted in a change of sign
mrk_uvision_lpc1768\mrk\NanoRk\src\drivers\platform\mbed\adc_driver.cpp(105): warning:  #68-D: integer conversion resulted in a change of sign
compiling ff_basic_sensor.cpp...
mrk_uvision_lpc1768\mrk\NanoRk\src\drivers\platform\mbed\ff_basic_sensor.cpp(68): warning:  #68-D: integer conversion resulted in a change of sign
mrk_uvision_lpc1768\mrk\NanoRk\src\drivers\platform\mbed\ff_basic_sensor.cpp(82): warning:  #68-D: integer conversion resulted in a change of sign
mrk_uvision_lpc1768\mrk\NanoRk\src\drivers\platform\mbed\ff_basic_sensor.cpp(86): warning:  #68-D: integer conversion resulted in a change of sign
mrk_uvision_lpc1768\mrk\NanoRk\src\drivers\platform\mbed\ff_basic_sensor.cpp(89): warning:  #68-D: integer conversion resulted in a change of sign
mrk_uvision_lpc1768\mrk\NanoRk\src\drivers\platform\mbed\ff_basic_sensor.cpp(170): warning:  #68-D: integer conversion resulted in a change of sign
mrk_uvision_lpc1768\mrk\NanoRk\src\drivers\platform\mbed\ff_basic_sensor.cpp(193): warning:  #68-D: integer conversion resulted in a change of sign
mrk_uvision_lpc1768\mrk\NanoRk\src\drivers\platform\mbed\ff_basic_sensor.cpp(209): warning:  #68-D: integer conversion resulted in a change of sign
mrk_uvision_lpc1768\mrk\NanoRk\src\drivers\platform\mbed\ff_basic_sensor.cpp(265): warning:  #1-D: last line of file ends without a newline
compiling nrk_driver.cpp...
mrk_uvision_lpc1768\mrk\NanoRk\src\kernel\source\nrk_driver.cpp(141): warning:  #186-D: pointless comparison of unsigned integer with zero
compiling bmac.cpp...
mrk_uvision_lpc1768\mrk\NanoRk\src\net\bmac\bmac.cpp(461): warning:  #550-D: variable "result" was set but never used
mrk_uvision_lpc1768\mrk\NanoRk\src\net\bmac\bmac.cpp(502): warning:  #177-D: variable "result" was declared but never referenced
mrk_uvision_lpc1768\mrk\NanoRk\src\net\bmac\bmac.cpp(554): warning:  #550-D: variable "e" was set but never used
mrk_uvision_lpc1768\mrk\NanoRk\src\net\bmac\bmac.cpp(555): warning:  #177-D: variable "backoff" was declared but never referenced
mrk_uvision_lpc1768\mrk\NanoRk\src\net\bmac\bmac.cpp(803): warning:  #1-D: last line of file ends without a newline
mrk_uvision_lpc1768\mrk\NanoRk\src\net\bmac\bmac.cpp(66): warning:  #550-D: variable "g_chan" was set but never used
mrk_uvision_lpc1768\mrk\NanoRk\src\net\bmac\bmac.cpp(72): warning:  #550-D: variable "tx_reserve" was set but never used
compiling basic_rf.cpp...
mrk_uvision_lpc1768\mrk\NanoRk\src\radio\mrf24j40\source\basic_rf.cpp(336): warning:  #61-D: integer operation result is out of range
mrk_uvision_lpc1768\mrk\NanoRk\src\radio\mrf24j40\source\basic_rf.cpp(336): warning:  #68-D: integer conversion resulted in a change of sign
compiling MRF24J40.cpp...
compiling main.cpp...
S:\lab3_skeleton code\slave\main.cpp(130): warning:  #177-D: variable "mole_index" was declared but never referenced
S:\lab3_skeleton code\slave\main.cpp(130): warning:  #177-D: variable "state" was declared but never referenced
S:\lab3_skeleton code\slave\main.cpp(178): warning:  #111-D: statement is unreachable
S:\lab3_skeleton code\slave\main.cpp(74): warning:  #177-D: variable "j" was declared but never referenced
S:\lab3_skeleton code\slave\main.cpp(75): warning:  #177-D: variable "slot" was declared but never referenced
S:\lab3_skeleton code\slave\main.cpp(75): warning:  #177-D: variable "mole_id" was declared but never referenced
S:\lab3_skeleton code\slave\main.cpp(77): warning:  #177-D: variable "fd" was declared but never referenced
S:\lab3_skeleton code\slave\main.cpp(77): warning:  #550-D: variable "val" was set but never used
S:\lab3_skeleton code\slave\main.cpp(85): warning:  #177-D: variable "check_period" was declared but never referenced
S:\lab3_skeleton code\slave\main.cpp(215): warning:  #514-D: pointless comparison of unsigned integer with a negative constant
S:\lab3_skeleton code\slave\main.cpp(197): warning:  #177-D: variable "j" was declared but never referenced
S:\lab3_skeleton code\slave\main.cpp(197): warning:  #177-D: variable "i" was declared but never referenced
S:\lab3_skeleton code\slave\main.cpp(198): warning:  #177-D: variable "rssi" was declared but never referenced
S:\lab3_skeleton code\slave\main.cpp(198): warning:  #177-D: variable "slot" was declared but never referenced
S:\lab3_skeleton code\slave\main.cpp(198): warning:  #177-D: variable "length" was declared but never referenced
S:\lab3_skeleton code\slave\main.cpp(198): warning:  #177-D: variable "mole_id" was declared but never referenced
S:\lab3_skeleton code\slave\main.cpp(199): warning:  #177-D: variable "local_rx_buf" was declared but never referenced
S:\lab3_skeleton code\slave\main.cpp(202): warning:  #177-D: variable "Close" was declared but never referenced
S:\lab3_skeleton code\slave\main.cpp(205): warning:  #177-D: variable "v" was declared but never referenced
S:\lab3_skeleton code\slave\main.cpp(207): warning:  #177-D: variable "ret" was declared but never referenced
S:\lab3_skeleton code\slave\main.cpp(208): warning:  #177-D: variable "r_period" was declared but never referenced
S:\lab3_skeleton code\slave\main.cpp(75): warning: C4017W: length may be used before being set
linking...
Program Size: Code=31074 RO-data=1546 RW-data=376 ZI-data=2752  
After Build - User command #1: fromelf --bin -o F:\SLAVE.bin .\build\SLAVE.axf
".\build\SLAVE.axf" - 0 Errors, 57 Warning(s).
Rebuild target 'mbed NXP LPC1768'
compiling nrk_cpu.cpp...
compiling nrk_status.cpp...
compiling nrk_timer.cpp...
mrk_uvision_lpc1768\mrk\NanoRk\src\kernel\hal\LPC1768\nrk_timer.cpp(177): warning:  #191-D: type qualifier is meaningless on cast type
mrk_uvision_lpc1768\mrk\NanoRk\src\kernel\hal\LPC1768\nrk_timer.cpp(298): warning:  #191-D: type qualifier is meaningless on cast type
compiling nrk_watchdog.cpp...
compiling nrk.cpp...
compiling nrk_error.cpp...
mrk_uvision_lpc1768\mrk\NanoRk\src\kernel\source\nrk_error.cpp(165): warning:  #177-D: variable "i" was declared but never referenced
compiling nrk_events.cpp...
mrk_uvision_lpc1768\mrk\NanoRk\src\kernel\source\nrk_events.cpp(279): warning:  #177-D: variable "task_ID" was declared but never referenced
compiling nrk_idle_task.cpp...
mrk_uvision_lpc1768\mrk\NanoRk\src\kernel\source\nrk_idle_task.cpp(39): warning:  #177-D: variable "stkc" was declared but never referenced
compiling nrk_reserve.cpp...
compiling nrk_scheduler.cpp...
compiling nrk_stack_check.cpp...
compiling nrk_stats.cpp...
compiling nrk_task.cpp...
mrk_uvision_lpc1768\mrk\NanoRk\src\kernel\source\nrk_task.cpp(230): warning:  #550-D: variable "rtype" was set but never used
mrk_uvision_lpc1768\mrk\NanoRk\src\kernel\source\nrk_task.cpp(524): warning:  #191-D: type qualifier is meaningless on cast type
compiling nrk_time.cpp...
compiling hal_wait.cpp...
compiling ulib.cpp...
mrk_uvision_lpc1768\mrk\NanoRk\src\platform\mbed\source\ulib.cpp(338): warning:  #9-D: nested comment is not allowed
mrk_uvision_lpc1768\mrk\NanoRk\src\platform\mbed\source\ulib.cpp(606): warning:  #111-D: statement is unreachable
mrk_uvision_lpc1768\mrk\NanoRk\src\platform\mbed\source\ulib.cpp(657): warning:  #940-D: missing return statement at end of non-void function "nrk_get_button"
mrk_uvision_lpc1768\mrk\NanoRk\src\platform\mbed\source\ulib.cpp(826): warning: C4017W: uClk may be used before being set
assembling my_asm.s...
mrk_uvision_lpc1768\mrk\my_asm.s(93): warning: A1581W: Added 2 bytes of padding at address 0x6a
compiling adc_driver.cpp...
mrk_uvision_lpc1768\mrk\NanoRk\src\drivers\platform\mbed\adc_driver.cpp(69): warning:  #68-D: integer conversion resulted in a change of sign
mrk_uvision_lpc1768\mrk\NanoRk\src\drivers\platform\mbed\adc_driver.cpp(73): warning:  #68-D: integer conversion resulted in a change of sign
mrk_uvision_lpc1768\mrk\NanoRk\src\drivers\platform\mbed\adc_driver.cpp(76): warning:  #68-D: integer conversion resulted in a change of sign
mrk_uvision_lpc1768\mrk\NanoRk\src\drivers\platform\mbed\adc_driver.cpp(96): warning:  #68-D: integer conversion resulted in a change of sign
mrk_uvision_lpc1768\mrk\NanoRk\src\drivers\platform\mbed\adc_driver.cpp(105): warning:  #68-D: integer conversion resulted in a change of sign
compiling ff_basic_sensor.cpp...
mrk_uvision_lpc1768\mrk\NanoRk\src\drivers\platform\mbed\ff_basic_sensor.cpp(68): warning:  #68-D: integer conversion resulted in a change of sign
mrk_uvision_lpc1768\mrk\NanoRk\src\drivers\platform\mbed\ff_basic_sensor.cpp(82): warning:  #68-D: integer conversion resulted in a change of sign
mrk_uvision_lpc1768\mrk\NanoRk\src\drivers\platform\mbed\ff_basic_sensor.cpp(86): warning:  #68-D: integer conversion resulted in a change of sign
mrk_uvision_lpc1768\mrk\NanoRk\src\drivers\platform\mbed\ff_basic_sensor.cpp(89): warning:  #68-D: integer conversion resulted in a change of sign
mrk_uvision_lpc1768\mrk\NanoRk\src\drivers\platform\mbed\ff_basic_sensor.cpp(170): warning:  #68-D: integer conversion resulted in a change of sign
mrk_uvision_lpc1768\mrk\NanoRk\src\drivers\platform\mbed\ff_basic_sensor.cpp(193): warning:  #68-D: integer conversion resulted in a change of sign
mrk_uvision_lpc1768\mrk\NanoRk\src\drivers\platform\mbed\ff_basic_sensor.cpp(209): warning:  #68-D: integer conversion resulted in a change of sign
mrk_uvision_lpc1768\mrk\NanoRk\src\drivers\platform\mbed\ff_basic_sensor.cpp(265): warning:  #1-D: last line of file ends without a newline
compiling nrk_driver.cpp...
mrk_uvision_lpc1768\mrk\NanoRk\src\kernel\source\nrk_driver.cpp(141): warning:  #186-D: pointless comparison of unsigned integer with zero
compiling bmac.cpp...
mrk_uvision_lpc1768\mrk\NanoRk\src\net\bmac\bmac.cpp(461): warning:  #550-D: variable "result" was set but never used
mrk_uvision_lpc1768\mrk\NanoRk\src\net\bmac\bmac.cpp(502): warning:  #177-D: variable "result" was declared but never referenced
mrk_uvision_lpc1768\mrk\NanoRk\src\net\bmac\bmac.cpp(554): warning:  #550-D: variable "e" was set but never used
mrk_uvision_lpc1768\mrk\NanoRk\src\net\bmac\bmac.cpp(555): warning:  #177-D: variable "backoff" was declared but never referenced
mrk_uvision_lpc1768\mrk\NanoRk\src\net\bmac\bmac.cpp(803): warning:  #1-D: last line of file ends without a newline
mrk_uvision_lpc1768\mrk\NanoRk\src\net\bmac\bmac.cpp(66): warning:  #550-D: variable "g_chan" was set but never used
mrk_uvision_lpc1768\mrk\NanoRk\src\net\bmac\bmac.cpp(72): warning:  #550-D: variable "tx_reserve" was set but never used
compiling basic_rf.cpp...
mrk_uvision_lpc1768\mrk\NanoRk\src\radio\mrf24j40\source\basic_rf.cpp(336): warning:  #61-D: integer operation result is out of range
mrk_uvision_lpc1768\mrk\NanoRk\src\radio\mrf24j40\source\basic_rf.cpp(336): warning:  #68-D: integer conversion resulted in a change of sign
compiling MRF24J40.cpp...
compiling main.cpp...
S:\lab3_skeleton code\slave\main.cpp(130): warning:  #177-D: variable "mole_index" was declared but never referenced
S:\lab3_skeleton code\slave\main.cpp(130): warning:  #177-D: variable "state" was declared but never referenced
S:\lab3_skeleton code\slave\main.cpp(178): warning:  #111-D: statement is unreachable
S:\lab3_skeleton code\slave\main.cpp(74): warning:  #177-D: variable "j" was declared but never referenced
S:\lab3_skeleton code\slave\main.cpp(75): warning:  #177-D: variable "slot" was declared but never referenced
S:\lab3_skeleton code\slave\main.cpp(75): warning:  #177-D: variable "mole_id" was declared but never referenced
S:\lab3_skeleton code\slave\main.cpp(77): warning:  #177-D: variable "fd" was declared but never referenced
S:\lab3_skeleton code\slave\main.cpp(77): warning:  #550-D: variable "val" was set but never used
S:\lab3_skeleton code\slave\main.cpp(85): warning:  #177-D: variable "check_period" was declared but never referenced
S:\lab3_skeleton code\slave\main.cpp(215): warning:  #514-D: pointless comparison of unsigned integer with a negative constant
S:\lab3_skeleton code\slave\main.cpp(197): warning:  #177-D: variable "j" was declared but never referenced
S:\lab3_skeleton code\slave\main.cpp(197): warning:  #177-D: variable "i" was declared but never referenced
S:\lab3_skeleton code\slave\main.cpp(198): warning:  #177-D: variable "rssi" was declared but never referenced
S:\lab3_skeleton code\slave\main.cpp(198): warning:  #177-D: variable "slot" was declared but never referenced
S:\lab3_skeleton code\slave\main.cpp(198): warning:  #177-D: variable "length" was declared but never referenced
S:\lab3_skeleton code\slave\main.cpp(198): warning:  #177-D: variable "mole_id" was declared but never referenced
S:\lab3_skeleton code\slave\main.cpp(199): warning:  #177-D: variable "local_rx_buf" was declared but never referenced
S:\lab3_skeleton code\slave\main.cpp(202): warning:  #177-D: variable "Close" was declared but never referenced
S:\lab3_skeleton code\slave\main.cpp(205): warning:  #177-D: variable "v" was declared but never referenced
S:\lab3_skeleton code\slave\main.cpp(207): warning:  #177-D: variable "ret" was declared but never referenced
S:\lab3_skeleton code\slave\main.cpp(208): warning:  #177-D: variable "r_period" was declared but never referenced
S:\lab3_skeleton code\slave\main.cpp(75): warning: C4017W: length may be used before being set
linking...
Program Size: Code=31154 RO-data=1546 RW-data=376 ZI-data=2752  
After Build - User command #1: fromelf --bin -o F:\SLAVE.bin .\build\SLAVE.axf
".\build\SLAVE.axf" - 0 Errors, 57 Warning(s).
Rebuild target 'mbed NXP LPC1768'
compiling nrk_cpu.cpp...
compiling nrk_status.cpp...
compiling nrk_timer.cpp...
mrk_uvision_lpc1768\mrk\NanoRk\src\kernel\hal\LPC1768\nrk_timer.cpp(177): warning:  #191-D: type qualifier is meaningless on cast type
mrk_uvision_lpc1768\mrk\NanoRk\src\kernel\hal\LPC1768\nrk_timer.cpp(298): warning:  #191-D: type qualifier is meaningless on cast type
compiling nrk_watchdog.cpp...
compiling nrk.cpp...
compiling nrk_error.cpp...
mrk_uvision_lpc1768\mrk\NanoRk\src\kernel\source\nrk_error.cpp(165): warning:  #177-D: variable "i" was declared but never referenced
compiling nrk_events.cpp...
mrk_uvision_lpc1768\mrk\NanoRk\src\kernel\source\nrk_events.cpp(279): warning:  #177-D: variable "task_ID" was declared but never referenced
compiling nrk_idle_task.cpp...
mrk_uvision_lpc1768\mrk\NanoRk\src\kernel\source\nrk_idle_task.cpp(39): warning:  #177-D: variable "stkc" was declared but never referenced
compiling nrk_reserve.cpp...
compiling nrk_scheduler.cpp...
compiling nrk_stack_check.cpp...
compiling nrk_stats.cpp...
compiling nrk_task.cpp...
mrk_uvision_lpc1768\mrk\NanoRk\src\kernel\source\nrk_task.cpp(230): warning:  #550-D: variable "rtype" was set but never used
mrk_uvision_lpc1768\mrk\NanoRk\src\kernel\source\nrk_task.cpp(524): warning:  #191-D: type qualifier is meaningless on cast type
compiling nrk_time.cpp...
compiling hal_wait.cpp...
compiling ulib.cpp...
mrk_uvision_lpc1768\mrk\NanoRk\src\platform\mbed\source\ulib.cpp(338): warning:  #9-D: nested comment is not allowed
mrk_uvision_lpc1768\mrk\NanoRk\src\platform\mbed\source\ulib.cpp(606): warning:  #111-D: statement is unreachable
mrk_uvision_lpc1768\mrk\NanoRk\src\platform\mbed\source\ulib.cpp(657): warning:  #940-D: missing return statement at end of non-void function "nrk_get_button"
mrk_uvision_lpc1768\mrk\NanoRk\src\platform\mbed\source\ulib.cpp(826): warning: C4017W: uClk may be used before being set
assembling my_asm.s...
mrk_uvision_lpc1768\mrk\my_asm.s(93): warning: A1581W: Added 2 bytes of padding at address 0x6a
compiling adc_driver.cpp...
mrk_uvision_lpc1768\mrk\NanoRk\src\drivers\platform\mbed\adc_driver.cpp(69): warning:  #68-D: integer conversion resulted in a change of sign
mrk_uvision_lpc1768\mrk\NanoRk\src\drivers\platform\mbed\adc_driver.cpp(73): warning:  #68-D: integer conversion resulted in a change of sign
mrk_uvision_lpc1768\mrk\NanoRk\src\drivers\platform\mbed\adc_driver.cpp(76): warning:  #68-D: integer conversion resulted in a change of sign
mrk_uvision_lpc1768\mrk\NanoRk\src\drivers\platform\mbed\adc_driver.cpp(96): warning:  #68-D: integer conversion resulted in a change of sign
mrk_uvision_lpc1768\mrk\NanoRk\src\drivers\platform\mbed\adc_driver.cpp(105): warning:  #68-D: integer conversion resulted in a change of sign
compiling ff_basic_sensor.cpp...
mrk_uvision_lpc1768\mrk\NanoRk\src\drivers\platform\mbed\ff_basic_sensor.cpp(68): warning:  #68-D: integer conversion resulted in a change of sign
mrk_uvision_lpc1768\mrk\NanoRk\src\drivers\platform\mbed\ff_basic_sensor.cpp(82): warning:  #68-D: integer conversion resulted in a change of sign
mrk_uvision_lpc1768\mrk\NanoRk\src\drivers\platform\mbed\ff_basic_sensor.cpp(86): warning:  #68-D: integer conversion resulted in a change of sign
mrk_uvision_lpc1768\mrk\NanoRk\src\drivers\platform\mbed\ff_basic_sensor.cpp(89): warning:  #68-D: integer conversion resulted in a change of sign
mrk_uvision_lpc1768\mrk\NanoRk\src\drivers\platform\mbed\ff_basic_sensor.cpp(170): warning:  #68-D: integer conversion resulted in a change of sign
mrk_uvision_lpc1768\mrk\NanoRk\src\drivers\platform\mbed\ff_basic_sensor.cpp(193): warning:  #68-D: integer conversion resulted in a change of sign
mrk_uvision_lpc1768\mrk\NanoRk\src\drivers\platform\mbed\ff_basic_sensor.cpp(209): warning:  #68-D: integer conversion resulted in a change of sign
mrk_uvision_lpc1768\mrk\NanoRk\src\drivers\platform\mbed\ff_basic_sensor.cpp(265): warning:  #1-D: last line of file ends without a newline
compiling nrk_driver.cpp...
mrk_uvision_lpc1768\mrk\NanoRk\src\kernel\source\nrk_driver.cpp(141): warning:  #186-D: pointless comparison of unsigned integer with zero
compiling bmac.cpp...
mrk_uvision_lpc1768\mrk\NanoRk\src\net\bmac\bmac.cpp(461): warning:  #550-D: variable "result" was set but never used
mrk_uvision_lpc1768\mrk\NanoRk\src\net\bmac\bmac.cpp(502): warning:  #177-D: variable "result" was declared but never referenced
mrk_uvision_lpc1768\mrk\NanoRk\src\net\bmac\bmac.cpp(554): warning:  #550-D: variable "e" was set but never used
mrk_uvision_lpc1768\mrk\NanoRk\src\net\bmac\bmac.cpp(555): warning:  #177-D: variable "backoff" was declared but never referenced
mrk_uvision_lpc1768\mrk\NanoRk\src\net\bmac\bmac.cpp(803): warning:  #1-D: last line of file ends without a newline
mrk_uvision_lpc1768\mrk\NanoRk\src\net\bmac\bmac.cpp(66): warning:  #550-D: variable "g_chan" was set but never used
mrk_uvision_lpc1768\mrk\NanoRk\src\net\bmac\bmac.cpp(72): warning:  #550-D: variable "tx_reserve" was set but never used
compiling basic_rf.cpp...
mrk_uvision_lpc1768\mrk\NanoRk\src\radio\mrf24j40\source\basic_rf.cpp(336): warning:  #61-D: integer operation result is out of range
mrk_uvision_lpc1768\mrk\NanoRk\src\radio\mrf24j40\source\basic_rf.cpp(336): warning:  #68-D: integer conversion resulted in a change of sign
compiling MRF24J40.cpp...
compiling main.cpp...
S:\lab3_skeleton code\slave\main.cpp(130): warning:  #177-D: variable "mole_index" was declared but never referenced
S:\lab3_skeleton code\slave\main.cpp(130): warning:  #177-D: variable "state" was declared but never referenced
S:\lab3_skeleton code\slave\main.cpp(178): warning:  #111-D: statement is unreachable
S:\lab3_skeleton code\slave\main.cpp(74): warning:  #177-D: variable "j" was declared but never referenced
S:\lab3_skeleton code\slave\main.cpp(75): warning:  #177-D: variable "slot" was declared but never referenced
S:\lab3_skeleton code\slave\main.cpp(75): warning:  #177-D: variable "mole_id" was declared but never referenced
S:\lab3_skeleton code\slave\main.cpp(77): warning:  #177-D: variable "fd" was declared but never referenced
S:\lab3_skeleton code\slave\main.cpp(77): warning:  #550-D: variable "val" was set but never used
S:\lab3_skeleton code\slave\main.cpp(85): warning:  #177-D: variable "check_period" was declared but never referenced
S:\lab3_skeleton code\slave\main.cpp(215): warning:  #514-D: pointless comparison of unsigned integer with a negative constant
S:\lab3_skeleton code\slave\main.cpp(311): warning:  #181-D: argument is incompatible with corresponding format string conversion
S:\lab3_skeleton code\slave\main.cpp(197): warning:  #177-D: variable "j" was declared but never referenced
S:\lab3_skeleton code\slave\main.cpp(197): warning:  #177-D: variable "i" was declared but never referenced
S:\lab3_skeleton code\slave\main.cpp(198): warning:  #177-D: variable "rssi" was declared but never referenced
S:\lab3_skeleton code\slave\main.cpp(198): warning:  #177-D: variable "slot" was declared but never referenced
S:\lab3_skeleton code\slave\main.cpp(198): warning:  #177-D: variable "length" was declared but never referenced
S:\lab3_skeleton code\slave\main.cpp(198): warning:  #177-D: variable "mole_id" was declared but never referenced
S:\lab3_skeleton code\slave\main.cpp(199): warning:  #177-D: variable "local_rx_buf" was declared but never referenced
S:\lab3_skeleton code\slave\main.cpp(202): warning:  #177-D: variable "Close" was declared but never referenced
S:\lab3_skeleton code\slave\main.cpp(205): warning:  #177-D: variable "v" was declared but never referenced
S:\lab3_skeleton code\slave\main.cpp(207): warning:  #177-D: variable "ret" was declared but never referenced
S:\lab3_skeleton code\slave\main.cpp(208): warning:  #177-D: variable "r_period" was declared but never referenced
S:\lab3_skeleton code\slave\main.cpp(75): warning: C4017W: length may be used before being set
linking...
Program Size: Code=31154 RO-data=1546 RW-data=376 ZI-data=2752  
After Build - User command #1: fromelf --bin -o F:\SLAVE.bin .\build\SLAVE.axf
".\build\SLAVE.axf" - 0 Errors, 58 Warning(s).
Rebuild target 'mbed NXP LPC1768'
compiling nrk_cpu.cpp...
compiling nrk_status.cpp...
compiling nrk_timer.cpp...
mrk_uvision_lpc1768\mrk\NanoRk\src\kernel\hal\LPC1768\nrk_timer.cpp(177): warning:  #191-D: type qualifier is meaningless on cast type
mrk_uvision_lpc1768\mrk\NanoRk\src\kernel\hal\LPC1768\nrk_timer.cpp(298): warning:  #191-D: type qualifier is meaningless on cast type
compiling nrk_watchdog.cpp...
compiling nrk.cpp...
compiling nrk_error.cpp...
mrk_uvision_lpc1768\mrk\NanoRk\src\kernel\source\nrk_error.cpp(165): warning:  #177-D: variable "i" was declared but never referenced
compiling nrk_events.cpp...
mrk_uvision_lpc1768\mrk\NanoRk\src\kernel\source\nrk_events.cpp(279): warning:  #177-D: variable "task_ID" was declared but never referenced
compiling nrk_idle_task.cpp...
mrk_uvision_lpc1768\mrk\NanoRk\src\kernel\source\nrk_idle_task.cpp(39): warning:  #177-D: variable "stkc" was declared but never referenced
compiling nrk_reserve.cpp...
compiling nrk_scheduler.cpp...
compiling nrk_stack_check.cpp...
compiling nrk_stats.cpp...
compiling nrk_task.cpp...
mrk_uvision_lpc1768\mrk\NanoRk\src\kernel\source\nrk_task.cpp(230): warning:  #550-D: variable "rtype" was set but never used
mrk_uvision_lpc1768\mrk\NanoRk\src\kernel\source\nrk_task.cpp(524): warning:  #191-D: type qualifier is meaningless on cast type
compiling nrk_time.cpp...
compiling hal_wait.cpp...
compiling ulib.cpp...
mrk_uvision_lpc1768\mrk\NanoRk\src\platform\mbed\source\ulib.cpp(338): warning:  #9-D: nested comment is not allowed
mrk_uvision_lpc1768\mrk\NanoRk\src\platform\mbed\source\ulib.cpp(606): warning:  #111-D: statement is unreachable
mrk_uvision_lpc1768\mrk\NanoRk\src\platform\mbed\source\ulib.cpp(657): warning:  #940-D: missing return statement at end of non-void function "nrk_get_button"
mrk_uvision_lpc1768\mrk\NanoRk\src\platform\mbed\source\ulib.cpp(826): warning: C4017W: uClk may be used before being set
assembling my_asm.s...
mrk_uvision_lpc1768\mrk\my_asm.s(93): warning: A1581W: Added 2 bytes of padding at address 0x6a
compiling adc_driver.cpp...
mrk_uvision_lpc1768\mrk\NanoRk\src\drivers\platform\mbed\adc_driver.cpp(69): warning:  #68-D: integer conversion resulted in a change of sign
mrk_uvision_lpc1768\mrk\NanoRk\src\drivers\platform\mbed\adc_driver.cpp(73): warning:  #68-D: integer conversion resulted in a change of sign
mrk_uvision_lpc1768\mrk\NanoRk\src\drivers\platform\mbed\adc_driver.cpp(76): warning:  #68-D: integer conversion resulted in a change of sign
mrk_uvision_lpc1768\mrk\NanoRk\src\drivers\platform\mbed\adc_driver.cpp(96): warning:  #68-D: integer conversion resulted in a change of sign
mrk_uvision_lpc1768\mrk\NanoRk\src\drivers\platform\mbed\adc_driver.cpp(105): warning:  #68-D: integer conversion resulted in a change of sign
compiling ff_basic_sensor.cpp...
mrk_uvision_lpc1768\mrk\NanoRk\src\drivers\platform\mbed\ff_basic_sensor.cpp(68): warning:  #68-D: integer conversion resulted in a change of sign
mrk_uvision_lpc1768\mrk\NanoRk\src\drivers\platform\mbed\ff_basic_sensor.cpp(82): warning:  #68-D: integer conversion resulted in a change of sign
mrk_uvision_lpc1768\mrk\NanoRk\src\drivers\platform\mbed\ff_basic_sensor.cpp(86): warning:  #68-D: integer conversion resulted in a change of sign
mrk_uvision_lpc1768\mrk\NanoRk\src\drivers\platform\mbed\ff_basic_sensor.cpp(89): warning:  #68-D: integer conversion resulted in a change of sign
mrk_uvision_lpc1768\mrk\NanoRk\src\drivers\platform\mbed\ff_basic_sensor.cpp(170): warning:  #68-D: integer conversion resulted in a change of sign
mrk_uvision_lpc1768\mrk\NanoRk\src\drivers\platform\mbed\ff_basic_sensor.cpp(193): warning:  #68-D: integer conversion resulted in a change of sign
mrk_uvision_lpc1768\mrk\NanoRk\src\drivers\platform\mbed\ff_basic_sensor.cpp(209): warning:  #68-D: integer conversion resulted in a change of sign
mrk_uvision_lpc1768\mrk\NanoRk\src\drivers\platform\mbed\ff_basic_sensor.cpp(265): warning:  #1-D: last line of file ends without a newline
compiling nrk_driver.cpp...
mrk_uvision_lpc1768\mrk\NanoRk\src\kernel\source\nrk_driver.cpp(141): warning:  #186-D: pointless comparison of unsigned integer with zero
compiling bmac.cpp...
mrk_uvision_lpc1768\mrk\NanoRk\src\net\bmac\bmac.cpp(461): warning:  #550-D: variable "result" was set but never used
mrk_uvision_lpc1768\mrk\NanoRk\src\net\bmac\bmac.cpp(502): warning:  #177-D: variable "result" was declared but never referenced
mrk_uvision_lpc1768\mrk\NanoRk\src\net\bmac\bmac.cpp(554): warning:  #550-D: variable "e" was set but never used
mrk_uvision_lpc1768\mrk\NanoRk\src\net\bmac\bmac.cpp(555): warning:  #177-D: variable "backoff" was declared but never referenced
mrk_uvision_lpc1768\mrk\NanoRk\src\net\bmac\bmac.cpp(803): warning:  #1-D: last line of file ends without a newline
mrk_uvision_lpc1768\mrk\NanoRk\src\net\bmac\bmac.cpp(66): warning:  #550-D: variable "g_chan" was set but never used
mrk_uvision_lpc1768\mrk\NanoRk\src\net\bmac\bmac.cpp(72): warning:  #550-D: variable "tx_reserve" was set but never used
compiling basic_rf.cpp...
mrk_uvision_lpc1768\mrk\NanoRk\src\radio\mrf24j40\source\basic_rf.cpp(336): warning:  #61-D: integer operation result is out of range
mrk_uvision_lpc1768\mrk\NanoRk\src\radio\mrf24j40\source\basic_rf.cpp(336): warning:  #68-D: integer conversion resulted in a change of sign
compiling MRF24J40.cpp...
compiling main.cpp...
S:\lab3_skeleton code\slave\main.cpp(130): warning:  #177-D: variable "mole_index" was declared but never referenced
S:\lab3_skeleton code\slave\main.cpp(130): warning:  #177-D: variable "state" was declared but never referenced
S:\lab3_skeleton code\slave\main.cpp(178): warning:  #111-D: statement is unreachable
S:\lab3_skeleton code\slave\main.cpp(74): warning:  #177-D: variable "j" was declared but never referenced
S:\lab3_skeleton code\slave\main.cpp(75): warning:  #177-D: variable "slot" was declared but never referenced
S:\lab3_skeleton code\slave\main.cpp(75): warning:  #177-D: variable "mole_id" was declared but never referenced
S:\lab3_skeleton code\slave\main.cpp(77): warning:  #177-D: variable "fd" was declared but never referenced
S:\lab3_skeleton code\slave\main.cpp(77): warning:  #550-D: variable "val" was set but never used
S:\lab3_skeleton code\slave\main.cpp(85): warning:  #177-D: variable "check_period" was declared but never referenced
S:\lab3_skeleton code\slave\main.cpp(215): warning:  #514-D: pointless comparison of unsigned integer with a negative constant
S:\lab3_skeleton code\slave\main.cpp(197): warning:  #177-D: variable "j" was declared but never referenced
S:\lab3_skeleton code\slave\main.cpp(197): warning:  #177-D: variable "i" was declared but never referenced
S:\lab3_skeleton code\slave\main.cpp(198): warning:  #177-D: variable "rssi" was declared but never referenced
S:\lab3_skeleton code\slave\main.cpp(198): warning:  #177-D: variable "slot" was declared but never referenced
S:\lab3_skeleton code\slave\main.cpp(198): warning:  #177-D: variable "length" was declared but never referenced
S:\lab3_skeleton code\slave\main.cpp(198): warning:  #177-D: variable "mole_id" was declared but never referenced
S:\lab3_skeleton code\slave\main.cpp(199): warning:  #177-D: variable "local_rx_buf" was declared but never referenced
S:\lab3_skeleton code\slave\main.cpp(202): warning:  #177-D: variable "Close" was declared but never referenced
S:\lab3_skeleton code\slave\main.cpp(205): warning:  #177-D: variable "v" was declared but never referenced
S:\lab3_skeleton code\slave\main.cpp(207): warning:  #177-D: variable "ret" was declared but never referenced
S:\lab3_skeleton code\slave\main.cpp(208): warning:  #177-D: variable "r_period" was declared but never referenced
[...]
mrk_uvision_lpc1768\mrk\NanoRk\src\net\bmac\bmac.cpp(502): warning:  #177-D: variable "result" was declared but never referenced
mrk_uvision_lpc1768\mrk\NanoRk\src\net\bmac\bmac.cpp(554): warning:  #550-D: variable "e" was set but never used
mrk_uvision_lpc1768\mrk\NanoRk\src\net\bmac\bmac.cpp(555): warning:  #177-D: variable "backoff" was declared but never referenced
mrk_uvision_lpc1768\mrk\NanoRk\src\net\bmac\bmac.cpp(803): warning:  #1-D: last line of file ends without a newline
mrk_uvision_lpc1768\mrk\NanoRk\src\net\bmac\bmac.cpp(66): warning:  #550-D: variable "g_chan" was set but never used
mrk_uvision_lpc1768\mrk\NanoRk\src\net\bmac\bmac.cpp(72): warning:  #550-D: variable "tx_reserve" was set but never used
compiling basic_rf.cpp...
mrk_uvision_lpc1768\mrk\NanoRk\src\radio\mrf24j40\source\basic_rf.cpp(336): warning:  #61-D: integer operation result is out of range
mrk_uvision_lpc1768\mrk\NanoRk\src\radio\mrf24j40\source\basic_rf.cpp(336): warning:  #68-D: integer conversion resulted in a change of sign
compiling MRF24J40.cpp...
compiling main.cpp...
S:\lab3_skeleton code\slave\main.cpp(143): warning:  #177-D: variable "mole_index" was declared but never referenced
S:\lab3_skeleton code\slave\main.cpp(143): warning:  #177-D: variable "state" was declared but never referenced
S:\lab3_skeleton code\slave\main.cpp(199): warning:  #111-D: statement is unreachable
S:\lab3_skeleton code\slave\main.cpp(87): warning:  #177-D: variable "j" was declared but never referenced
S:\lab3_skeleton code\slave\main.cpp(87): warning:  #177-D: variable "i" was declared but never referenced
S:\lab3_skeleton code\slave\main.cpp(88): warning:  #177-D: variable "slot" was declared but never referenced
S:\lab3_skeleton code\slave\main.cpp(88): warning:  #177-D: variable "length" was declared but never referenced
S:\lab3_skeleton code\slave\main.cpp(88): warning:  #177-D: variable "mole_id" was declared but never referenced
S:\lab3_skeleton code\slave\main.cpp(90): warning:  #177-D: variable "fd" was declared but never referenced
S:\lab3_skeleton code\slave\main.cpp(90): warning:  #550-D: variable "val" was set but never used
S:\lab3_skeleton code\slave\main.cpp(98): warning:  #177-D: variable "check_period" was declared but never referenced
S:\lab3_skeleton code\slave\main.cpp(218): warning:  #177-D: variable "j" was declared but never referenced
S:\lab3_skeleton code\slave\main.cpp(218): warning:  #177-D: variable "i" was declared but never referenced
S:\lab3_skeleton code\slave\main.cpp(219): warning:  #177-D: variable "rssi" was declared but never referenced
S:\lab3_skeleton code\slave\main.cpp(219): warning:  #177-D: variable "slot" was declared but never referenced
S:\lab3_skeleton code\slave\main.cpp(219): warning:  #177-D: variable "length" was declared but never referenced
S:\lab3_skeleton code\slave\main.cpp(219): warning:  #177-D: variable "mole_id" was declared but never referenced
S:\lab3_skeleton code\slave\main.cpp(220): warning:  #177-D: variable "local_rx_buf" was declared but never referenced
S:\lab3_skeleton code\slave\main.cpp(221): warning:  #550-D: variable "val" was set but never used
S:\lab3_skeleton code\slave\main.cpp(223): warning:  #177-D: variable "Close" was declared but never referenced
S:\lab3_skeleton code\slave\main.cpp(227): warning:  #177-D: variable "v" was declared but never referenced
S:\lab3_skeleton code\slave\main.cpp(229): warning:  #177-D: variable "ret" was declared but never referenced
S:\lab3_skeleton code\slave\main.cpp(230): warning:  #177-D: variable "r_period" was declared but never referenced
linking...
Program Size: Code=32092 RO-data=1576 RW-data=392 ZI-data=2752  
After Build - User command #1: fromelf --bin -o F:\SLAVE.bin .\build\SLAVE.axf
".\build\SLAVE.axf" - 0 Errors, 58 Warning(s).
Rebuild target 'mbed NXP LPC1768'
compiling nrk_cpu.cpp...
compiling nrk_status.cpp...
compiling nrk_timer.cpp...
mrk_uvision_lpc1768\mrk\NanoRk\src\kernel\hal\LPC1768\nrk_timer.cpp(177): warning:  #191-D: type qualifier is meaningless on cast type
mrk_uvision_lpc1768\mrk\NanoRk\src\kernel\hal\LPC1768\nrk_timer.cpp(298): warning:  #191-D: type qualifier is meaningless on cast type
compiling nrk_watchdog.cpp...
compiling nrk.cpp...
compiling nrk_error.cpp...
mrk_uvision_lpc1768\mrk\NanoRk\src\kernel\source\nrk_error.cpp(165): warning:  #177-D: variable "i" was declared but never referenced
compiling nrk_events.cpp...
mrk_uvision_lpc1768\mrk\NanoRk\src\kernel\source\nrk_events.cpp(279): warning:  #177-D: variable "task_ID" was declared but never referenced
compiling nrk_idle_task.cpp...
mrk_uvision_lpc1768\mrk\NanoRk\src\kernel\source\nrk_idle_task.cpp(39): warning:  #177-D: variable "stkc" was declared but never referenced
compiling nrk_reserve.cpp...
compiling nrk_scheduler.cpp...
compiling nrk_stack_check.cpp...
compiling nrk_stats.cpp...
compiling nrk_task.cpp...
mrk_uvision_lpc1768\mrk\NanoRk\src\kernel\source\nrk_task.cpp(230): warning:  #550-D: variable "rtype" was set but never used
mrk_uvision_lpc1768\mrk\NanoRk\src\kernel\source\nrk_task.cpp(524): warning:  #191-D: type qualifier is meaningless on cast type
compiling nrk_time.cpp...
compiling hal_wait.cpp...
compiling ulib.cpp...
mrk_uvision_lpc1768\mrk\NanoRk\src\platform\mbed\source\ulib.cpp(338): warning:  #9-D: nested comment is not allowed
mrk_uvision_lpc1768\mrk\NanoRk\src\platform\mbed\source\ulib.cpp(606): warning:  #111-D: statement is unreachable
mrk_uvision_lpc1768\mrk\NanoRk\src\platform\mbed\source\ulib.cpp(657): warning:  #940-D: missing return statement at end of non-void function "nrk_get_button"
mrk_uvision_lpc1768\mrk\NanoRk\src\platform\mbed\source\ulib.cpp(826): warning: C4017W: uClk may be used before being set
assembling my_asm.s...
mrk_uvision_lpc1768\mrk\my_asm.s(93): warning: A1581W: Added 2 bytes of padding at address 0x6a
compiling adc_driver.cpp...
mrk_uvision_lpc1768\mrk\NanoRk\src\drivers\platform\mbed\adc_driver.cpp(69): warning:  #68-D: integer conversion resulted in a change of sign
mrk_uvision_lpc1768\mrk\NanoRk\src\drivers\platform\mbed\adc_driver.cpp(73): warning:  #68-D: integer conversion resulted in a change of sign
mrk_uvision_lpc1768\mrk\NanoRk\src\drivers\platform\mbed\adc_driver.cpp(76): warning:  #68-D: integer conversion resulted in a change of sign
mrk_uvision_lpc1768\mrk\NanoRk\src\drivers\platform\mbed\adc_driver.cpp(96): warning:  #68-D: integer conversion resulted in a change of sign
mrk_uvision_lpc1768\mrk\NanoRk\src\drivers\platform\mbed\adc_driver.cpp(105): warning:  #68-D: integer conversion resulted in a change of sign
compiling ff_basic_sensor.cpp...
mrk_uvision_lpc1768\mrk\NanoRk\src\drivers\platform\mbed\ff_basic_sensor.cpp(68): warning:  #68-D: integer conversion resulted in a change of sign
mrk_uvision_lpc1768\mrk\NanoRk\src\drivers\platform\mbed\ff_basic_sensor.cpp(82): warning:  #68-D: integer conversion resulted in a change of sign
mrk_uvision_lpc1768\mrk\NanoRk\src\drivers\platform\mbed\ff_basic_sensor.cpp(86): warning:  #68-D: integer conversion resulted in a change of sign
mrk_uvision_lpc1768\mrk\NanoRk\src\drivers\platform\mbed\ff_basic_sensor.cpp(89): warning:  #68-D: integer conversion resulted in a change of sign
mrk_uvision_lpc1768\mrk\NanoRk\src\drivers\platform\mbed\ff_basic_sensor.cpp(170): warning:  #68-D: integer conversion resulted in a change of sign
mrk_uvision_lpc1768\mrk\NanoRk\src\drivers\platform\mbed\ff_basic_sensor.cpp(193): warning:  #68-D: integer conversion resulted in a change of sign
mrk_uvision_lpc1768\mrk\NanoRk\src\drivers\platform\mbed\ff_basic_sensor.cpp(209): warning:  #68-D: integer conversion resulted in a change of sign
mrk_uvision_lpc1768\mrk\NanoRk\src\drivers\platform\mbed\ff_basic_sensor.cpp(265): warning:  #1-D: last line of file ends without a newline
compiling nrk_driver.cpp...
mrk_uvision_lpc1768\mrk\NanoRk\src\kernel\source\nrk_driver.cpp(141): warning:  #186-D: pointless comparison of unsigned integer with zero
compiling bmac.cpp...
mrk_uvision_lpc1768\mrk\NanoRk\src\net\bmac\bmac.cpp(461): warning:  #550-D: variable "result" was set but never used
mrk_uvision_lpc1768\mrk\NanoRk\src\net\bmac\bmac.cpp(502): warning:  #177-D: variable "result" was declared but never referenced
mrk_uvision_lpc1768\mrk\NanoRk\src\net\bmac\bmac.cpp(554): warning:  #550-D: variable "e" was set but never used
mrk_uvision_lpc1768\mrk\NanoRk\src\net\bmac\bmac.cpp(555): warning:  #177-D: variable "backoff" was declared but never referenced
mrk_uvision_lpc1768\mrk\NanoRk\src\net\bmac\bmac.cpp(803): warning:  #1-D: last line of file ends without a newline
mrk_uvision_lpc1768\mrk\NanoRk\src\net\bmac\bmac.cpp(66): warning:  #550-D: variable "g_chan" was set but never used
mrk_uvision_lpc1768\mrk\NanoRk\src\net\bmac\bmac.cpp(72): warning:  #550-D: variable "tx_reserve" was set but never used
compiling basic_rf.cpp...
mrk_uvision_lpc1768\mrk\NanoRk\src\radio\mrf24j40\source\basic_rf.cpp(336): warning:  #61-D: integer operation result is out of range
mrk_uvision_lpc1768\mrk\NanoRk\src\radio\mrf24j40\source\basic_rf.cpp(336): warning:  #68-D: integer conversion resulted in a change of sign
compiling MRF24J40.cpp...
compiling main.cpp...
S:\lab3_skeleton code\slave\main.cpp(143): warning:  #177-D: variable "mole_index" was declared but never referenced
S:\lab3_skeleton code\slave\main.cpp(143): warning:  #177-D: variable "state" was declared but never referenced
S:\lab3_skeleton code\slave\main.cpp(199): warning:  #111-D: statement is unreachable
S:\lab3_skeleton code\slave\main.cpp(87): warning:  #177-D: variable "j" was declared but never referenced
S:\lab3_skeleton code\slave\main.cpp(87): warning:  #177-D: variable "i" was declared but never referenced
S:\lab3_skeleton code\slave\main.cpp(88): warning:  #177-D: variable "slot" was declared but never referenced
S:\lab3_skeleton code\slave\main.cpp(88): warning:  #177-D: variable "length" was declared but never referenced
S:\lab3_skeleton code\slave\main.cpp(88): warning:  #177-D: variable "mole_id" was declared but never referenced
S:\lab3_skeleton code\slave\main.cpp(90): warning:  #177-D: variable "fd" was declared but never referenced
S:\lab3_skeleton code\slave\main.cpp(90): warning:  #550-D: variable "val" was set but never used
S:\lab3_skeleton code\slave\main.cpp(98): warning:  #177-D: variable "check_period" was declared but never referenced
S:\lab3_skeleton code\slave\main.cpp(218): warning:  #177-D: variable "j" was declared but never referenced
S:\lab3_skeleton code\slave\main.cpp(218): warning:  #177-D: variable "i" was declared but never referenced
S:\lab3_skeleton code\slave\main.cpp(219): warning:  #177-D: variable "rssi" was declared but never referenced
S:\lab3_skeleton code\slave\main.cpp(219): warning:  #177-D: variable "slot" was declared but never referenced
S:\lab3_skeleton code\slave\main.cpp(219): warning:  #177-D: variable "length" was declared but never referenced
S:\lab3_skeleton code\slave\main.cpp(219): warning:  #177-D: variable "mole_id" was declared but never referenced
S:\lab3_skeleton code\slave\main.cpp(220): warning:  #177-D: variable "local_rx_buf" was declared but never referenced
S:\lab3_skeleton code\slave\main.cpp(221): warning:  #550-D: variable "val" was set but never used
S:\lab3_skeleton code\slave\main.cpp(223): warning:  #177-D: variable "Close" was declared but never referenced
S:\lab3_skeleton code\slave\main.cpp(227): warning:  #177-D: variable "v" was declared but never referenced
S:\lab3_skeleton code\slave\main.cpp(229): warning:  #177-D: variable "ret" was declared but never referenced
S:\lab3_skeleton code\slave\main.cpp(230): warning:  #177-D: variable "r_period" was declared but never referenced
linking...
Program Size: Code=32120 RO-data=1576 RW-data=392 ZI-data=2752  
After Build - User command #1: fromelf --bin -o F:\SLAVE.bin .\build\SLAVE.axf
".\build\SLAVE.axf" - 0 Errors, 58 Warning(s).
Rebuild target 'mbed NXP LPC1768'
compiling nrk_cpu.cpp...
compiling nrk_status.cpp...
compiling nrk_timer.cpp...
mrk_uvision_lpc1768\mrk\NanoRk\src\kernel\hal\LPC1768\nrk_timer.cpp(177): warning:  #191-D: type qualifier is meaningless on cast type
mrk_uvision_lpc1768\mrk\NanoRk\src\kernel\hal\LPC1768\nrk_timer.cpp(298): warning:  #191-D: type qualifier is meaningless on cast type
compiling nrk_watchdog.cpp...
compiling nrk.cpp...
compiling nrk_error.cpp...
mrk_uvision_lpc1768\mrk\NanoRk\src\kernel\source\nrk_error.cpp(165): warning:  #177-D: variable "i" was declared but never referenced
compiling nrk_events.cpp...
mrk_uvision_lpc1768\mrk\NanoRk\src\kernel\source\nrk_events.cpp(279): warning:  #177-D: variable "task_ID" was declared but never referenced
compiling nrk_idle_task.cpp...
mrk_uvision_lpc1768\mrk\NanoRk\src\kernel\source\nrk_idle_task.cpp(39): warning:  #177-D: variable "stkc" was declared but never referenced
compiling nrk_reserve.cpp...
compiling nrk_scheduler.cpp...
compiling nrk_stack_check.cpp...
compiling nrk_stats.cpp...
compiling nrk_task.cpp...
mrk_uvision_lpc1768\mrk\NanoRk\src\kernel\source\nrk_task.cpp(230): warning:  #550-D: variable "rtype" was set but never used
mrk_uvision_lpc1768\mrk\NanoRk\src\kernel\source\nrk_task.cpp(524): warning:  #191-D: type qualifier is meaningless on cast type
compiling nrk_time.cpp...
compiling hal_wait.cpp...
compiling ulib.cpp...
mrk_uvision_lpc1768\mrk\NanoRk\src\platform\mbed\source\ulib.cpp(338): warning:  #9-D: nested comment is not allowed
mrk_uvision_lpc1768\mrk\NanoRk\src\platform\mbed\source\ulib.cpp(606): warning:  #111-D: statement is unreachable
mrk_uvision_lpc1768\mrk\NanoRk\src\platform\mbed\source\ulib.cpp(657): warning:  #940-D: missing return statement at end of non-void function "nrk_get_button"
mrk_uvision_lpc1768\mrk\NanoRk\src\platform\mbed\source\ulib.cpp(826): warning: C4017W: uClk may be used before being set
assembling my_asm.s...
mrk_uvision_lpc1768\mrk\my_asm.s(93): warning: A1581W: Added 2 bytes of padding at address 0x6a
compiling adc_driver.cpp...
mrk_uvision_lpc1768\mrk\NanoRk\src\drivers\platform\mbed\adc_driver.cpp(69): warning:  #68-D: integer conversion resulted in a change of sign
mrk_uvision_lpc1768\mrk\NanoRk\src\drivers\platform\mbed\adc_driver.cpp(73): warning:  #68-D: integer conversion resulted in a change of sign
mrk_uvision_lpc1768\mrk\NanoRk\src\drivers\platform\mbed\adc_driver.cpp(76): warning:  #68-D: integer conversion resulted in a change of sign
mrk_uvision_lpc1768\mrk\NanoRk\src\drivers\platform\mbed\adc_driver.cpp(96): warning:  #68-D: integer conversion resulted in a change of sign
mrk_uvision_lpc1768\mrk\NanoRk\src\drivers\platform\mbed\adc_driver.cpp(105): warning:  #68-D: integer conversion resulted in a change of sign
compiling ff_basic_sensor.cpp...
mrk_uvision_lpc1768\mrk\NanoRk\src\drivers\platform\mbed\ff_basic_sensor.cpp(68): warning:  #68-D: integer conversion resulted in a change of sign
mrk_uvision_lpc1768\mrk\NanoRk\src\drivers\platform\mbed\ff_basic_sensor.cpp(82): warning:  #68-D: integer conversion resulted in a change of sign
mrk_uvision_lpc1768\mrk\NanoRk\src\drivers\platform\mbed\ff_basic_sensor.cpp(86): warning:  #68-D: integer conversion resulted in a change of sign
mrk_uvision_lpc1768\mrk\NanoRk\src\drivers\platform\mbed\ff_basic_sensor.cpp(89): warning:  #68-D: integer conversion resulted in a change of sign
mrk_uvision_lpc1768\mrk\NanoRk\src\drivers\platform\mbed\ff_basic_sensor.cpp(170): warning:  #68-D: integer conversion resulted in a change of sign
mrk_uvision_lpc1768\mrk\NanoRk\src\drivers\platform\mbed\ff_basic_sensor.cpp(193): warning:  #68-D: integer conversion resulted in a change of sign
mrk_uvision_lpc1768\mrk\NanoRk\src\drivers\platform\mbed\ff_basic_sensor.cpp(209): warning:  #68-D: integer conversion resulted in a change of sign
mrk_uvision_lpc1768\mrk\NanoRk\src\drivers\platform\mbed\ff_basic_sensor.cpp(265): warning:  #1-D: last line of file ends without a newline
compiling nrk_driver.cpp...
mrk_uvision_lpc1768\mrk\NanoRk\src\kernel\source\nrk_driver.cpp(141): warning:  #186-D: pointless comparison of unsigned integer with zero
compiling bmac.cpp...
mrk_uvision_lpc1768\mrk\NanoRk\src\net\bmac\bmac.cpp(461): warning:  #550-D: variable "result" was set but never used
mrk_uvision_lpc1768\mrk\NanoRk\src\net\bmac\bmac.cpp(502): warning:  #177-D: variable "result" was declared but never referenced
mrk_uvision_lpc1768\mrk\NanoRk\src\net\bmac\bmac.cpp(554): warning:  #550-D: variable "e" was set but never used
mrk_uvision_lpc1768\mrk\NanoRk\src\net\bmac\bmac.cpp(555): warning:  #177-D: variable "backoff" was declared but never referenced
mrk_uvision_lpc1768\mrk\NanoRk\src\net\bmac\bmac.cpp(803): warning:  #1-D: last line of file ends without a newline
mrk_uvision_lpc1768\mrk\NanoRk\src\net\bmac\bmac.cpp(66): warning:  #550-D: variable "g_chan" was set but never used
mrk_uvision_lpc1768\mrk\NanoRk\src\net\bmac\bmac.cpp(72): warning:  #550-D: variable "tx_reserve" was set but never used
compiling basic_rf.cpp...
mrk_uvision_lpc1768\mrk\NanoRk\src\radio\mrf24j40\source\basic_rf.cpp(336): warning:  #61-D: integer operation result is out of range
mrk_uvision_lpc1768\mrk\NanoRk\src\radio\mrf24j40\source\basic_rf.cpp(336): warning:  #68-D: integer conversion resulted in a change of sign
compiling MRF24J40.cpp...
compiling main.cpp...
S:\lab3_skeleton code\slave\main.cpp(143): warning:  #177-D: variable "mole_index" was declared but never referenced
S:\lab3_skeleton code\slave\main.cpp(143): warning:  #177-D: variable "state" was declared but never referenced
S:\lab3_skeleton code\slave\main.cpp(199): warning:  #111-D: statement is unreachable
S:\lab3_skeleton code\slave\main.cpp(87): warning:  #177-D: variable "j" was declared but never referenced
S:\lab3_skeleton code\slave\main.cpp(87): warning:  #177-D: variable "i" was declared but never referenced
S:\lab3_skeleton code\slave\main.cpp(88): warning:  #177-D: variable "slot" was declared but never referenced
S:\lab3_skeleton code\slave\main.cpp(88): warning:  #177-D: variable "length" was declared but never referenced
S:\lab3_skeleton code\slave\main.cpp(88): warning:  #177-D: variable "mole_id" was declared but never referenced
S:\lab3_skeleton code\slave\main.cpp(90): warning:  #177-D: variable "fd" was declared but never referenced
S:\lab3_skeleton code\slave\main.cpp(90): warning:  #550-D: variable "val" was set but never used
S:\lab3_skeleton code\slave\main.cpp(98): warning:  #177-D: variable "check_period" was declared but never referenced
S:\lab3_skeleton code\slave\main.cpp(218): warning:  #177-D: variable "j" was declared but never referenced
S:\lab3_skeleton code\slave\main.cpp(218): warning:  #177-D: variable "i" was declared but never referenced
S:\lab3_skeleton code\slave\main.cpp(219): warning:  #177-D: variable "rssi" was declared but never referenced
S:\lab3_skeleton code\slave\main.cpp(219): warning:  #177-D: variable "slot" was declared but never referenced
S:\lab3_skeleton code\slave\main.cpp(219): warning:  #177-D: variable "length" was declared but never referenced
S:\lab3_skeleton code\slave\main.cpp(219): warning:  #177-D: variable "mole_id" was declared but never referenced
S:\lab3_skeleton code\slave\main.cpp(220): warning:  #177-D: variable "local_rx_buf" was declared but never referenced
S:\lab3_skeleton code\slave\main.cpp(221): warning:  #550-D: variable "val" was set but never used
S:\lab3_skeleton code\slave\main.cpp(223): warning:  #177-D: variable "Close" was declared but never referenced
S:\lab3_skeleton code\slave\main.cpp(227): warning:  #177-D: variable "v" was declared but never referenced
S:\lab3_skeleton code\slave\main.cpp(229): warning:  #177-D: variable "ret" was declared but never referenced
S:\lab3_skeleton code\slave\main.cpp(230): warning:  #177-D: variable "r_period" was declared but never referenced
linking...
Program Size: Code=32120 RO-data=1576 RW-data=392 ZI-data=2752  
After Build - User command #1: fromelf --bin -o F:\SLAVE.bin .\build\SLAVE.axf
".\build\SLAVE.axf" - 0 Errors, 58 Warning(s).
