ARM Linker, 5.03 [Build 76] [MDK-ARM Professional]

==============================================================================

Section Cross References

    nrk_cpu.o(i._Z16nrk_target_startv) refers to nrk_timer.o(i._Z16_nrk_setup_timerv) for _nrk_setup_timer()
    nrk_cpu.o(i._Z16nrk_task_set_stkP9task_typePjt) refers to nrk_error.o(i._Z13nrk_error_addh) for nrk_error_add(unsigned char)
    nrk_cpu.o(i._Z22nrk_stack_pointer_initv) refers to nrk.o(.bss) for nrk_kernel_stk
    nrk_cpu.o(i._Z22nrk_stack_pointer_initv) refers to nrk.o(.data) for nrk_kernel_stk_ptr
    nrk_cpu.o(i._Z22nrk_stack_pointer_initv) refers to nrk.o(i._nrk_timer_tick) for _nrk_timer_tick
    nrk_cpu.o(i._Z25nrk_stack_pointer_restorev) refers to nrk.o(.bss) for nrk_kernel_stk
    nrk_cpu.o(i._Z25nrk_stack_pointer_restorev) refers to nrk.o(i._nrk_timer_tick) for _nrk_timer_tick
    nrk_cpu.o(i._Z25nrk_stack_pointer_restorev) refers to nrk.o(.data) for nrk_kernel_stk_ptr
    nrk_cpu.o(.ARM.exidx) refers to nrk_cpu.o(i._Z16nrk_battery_savev) for i._Z16nrk_battery_savev
    nrk_cpu.o(.ARM.exidx) refers to nrk_cpu.o(i._Z9nrk_sleepv) for i._Z9nrk_sleepv
    nrk_cpu.o(.ARM.exidx) refers to nrk_cpu.o(i._Z8nrk_idlev) for i._Z8nrk_idlev
    nrk_cpu.o(.ARM.exidx) refers to nrk_cpu.o(i._Z27nrk_task_set_entry_functionP9task_typePFvvE) for i._Z27nrk_task_set_entry_functionP9task_typePFvvE
    nrk_cpu.o(.ARM.exidx) refers to nrk_cpu.o(i._Z16nrk_task_set_stkP9task_typePjt) for i._Z16nrk_task_set_stkP9task_typePjt
    nrk_cpu.o(.ARM.exidx) refers to nrk_cpu.o(i._Z17nrk_task_stk_initPFvvEPjS1_) for i._Z17nrk_task_stk_initPFvvEPjS1_
    nrk_cpu.o(.ARM.exidx) refers to nrk_cpu.o(i._Z22nrk_stack_pointer_initv) for i._Z22nrk_stack_pointer_initv
    nrk_cpu.o(.ARM.exidx) refers to nrk_cpu.o(i._Z25nrk_stack_pointer_restorev) for i._Z25nrk_stack_pointer_restorev
    nrk_cpu.o(.ARM.exidx) refers to nrk_cpu.o(i._Z16nrk_target_startv) for i._Z16nrk_target_startv
    nrk_status.o(.ARM.exidx) refers to nrk_status.o(i._Z18_nrk_startup_errorv) for i._Z18_nrk_startup_errorv
    nrk_timer.o(i.TIMER0_IRQHandler) refers to my_asm.o(.text) for _swap
    nrk_timer.o(i._Z16_nrk_setup_timerv) refers to nrk_timer.o(i._Z14NVIC_EnableIRQ4IRQn) for NVIC_EnableIRQ(IRQn)
    nrk_timer.o(i._Z16_nrk_setup_timerv) refers to nrk_timer.o(i._Z19_nrk_os_timer_resetv) for _nrk_os_timer_reset()
    nrk_timer.o(i._Z16_nrk_setup_timerv) refers to nrk_timer.o(i._Z19_nrk_os_timer_startv) for _nrk_os_timer_start()
    nrk_timer.o(i._Z16_nrk_setup_timerv) refers to nrk_timer.o(.data) for .data
    nrk_timer.o(i._Z16nrk_spin_wait_usj) refers to wait_api.c.lpc1768.arm.o(i.wait_us) for wait_us
    nrk_timer.o(i._Z19_nrk_os_timer_resetv) refers to nrk_timer.o(.data) for .data
    nrk_timer.o(i._Z25nrk_high_speed_timer_waittt) refers to nrk_timer.o(i._Z25_nrk_high_speed_timer_getv) for _nrk_high_speed_timer_get()
    nrk_timer.o(.ARM.exidx) refers to nrk_timer.o(i._Z16nrk_spin_wait_usj) for i._Z16nrk_spin_wait_usj
    nrk_timer.o(.ARM.exidx) refers to nrk_timer.o(i._Z19_nrk_os_timer_startv) for i._Z19_nrk_os_timer_startv
    nrk_timer.o(.ARM.exidx) refers to nrk_timer.o(i._Z19_nrk_os_timer_resetv) for i._Z19_nrk_os_timer_resetv
    nrk_timer.o(.ARM.exidx) refers to nrk_timer.o(i._Z16_nrk_setup_timerv) for i._Z16_nrk_setup_timerv
    nrk_timer.o(.ARM.exidx) refers to nrk_timer.o(i._Z26_nrk_high_speed_timer_stopv) for i._Z26_nrk_high_speed_timer_stopv
    nrk_timer.o(.ARM.exidx) refers to nrk_timer.o(i._Z27_nrk_high_speed_timer_startv) for i._Z27_nrk_high_speed_timer_startv
    nrk_timer.o(.ARM.exidx) refers to nrk_timer.o(i._Z27_nrk_high_speed_timer_resetv) for i._Z27_nrk_high_speed_timer_resetv
    nrk_timer.o(.ARM.exidx) refers to nrk_timer.o(i._Z25_nrk_high_speed_timer_getv) for i._Z25_nrk_high_speed_timer_getv
    nrk_timer.o(.ARM.exidx) refers to nrk_timer.o(i._Z25nrk_high_speed_timer_waittt) for i._Z25nrk_high_speed_timer_waittt
    nrk_timer.o(.ARM.exidx) refers to nrk_timer.o(i._Z18_nrk_os_timer_stopv) for i._Z18_nrk_os_timer_stopv
    nrk_timer.o(.ARM.exidx) refers to nrk_timer.o(i._Z17_nrk_os_timer_seth) for i._Z17_nrk_os_timer_seth
    nrk_timer.o(.ARM.exidx) refers to nrk_timer.o(i._Z20_nrk_get_next_wakeupv) for i._Z20_nrk_get_next_wakeupv
    nrk_timer.o(.ARM.exidx) refers to nrk_timer.o(i._Z20_nrk_set_next_wakeuph) for i._Z20_nrk_set_next_wakeuph
    nrk_timer.o(.ARM.exidx) refers to nrk_timer.o(i._Z18nrk_timer_int_stoph) for i._Z18nrk_timer_int_stoph
    nrk_timer.o(.ARM.exidx) refers to nrk_timer.o(i._Z19nrk_timer_int_reseth) for i._Z19nrk_timer_int_reseth
    nrk_timer.o(.ARM.exidx) refers to nrk_timer.o(i._Z18nrk_timer_int_readh) for i._Z18nrk_timer_int_readh
    nrk_timer.o(.ARM.exidx) refers to nrk_timer.o(i._Z19nrk_timer_int_starth) for i._Z19nrk_timer_int_starth
    nrk_timer.o(.ARM.exidx) refers to nrk_timer.o(i._Z23nrk_timer_int_configurehttPv) for i._Z23nrk_timer_int_configurehttPv
[...]
    nrk_event_wait(unsigned)                 0x00004ab9   Thumb Code    50  nrk_events.o(i._Z14nrk_event_waitj)
    nrk_int_enable()                         0x00004af5   Thumb Code     4  nrk.o(i._Z14nrk_int_enablev)
    nrk_led_toggle(int)                      0x00004af9   Thumb Code    44  ulib.o(i._Z14nrk_led_togglei)
    rf_carrier_off()                         0x00004b25   Thumb Code    34  basic_rf.o(i._Z14rf_carrier_offv)
    rf_rx_callback(RF_RX_INFO*)              0x00004b47   Thumb Code     2  bmac.o(i._Z14rf_rx_callbackP10RF_RX_INFO)
    rf_set_channel(unsigned char)            0x00004b49   Thumb Code    32  basic_rf.o(i._Z14rf_set_channelh)
    setup_uartPins()                         0x00004b69   Thumb Code    70  ulib.o(i._Z14setup_uartPinsv)
    GPIO_ClearValue(unsigned char, unsigned) 0x00004baf   Thumb Code    20  ulib.o(i._Z15GPIO_ClearValuehj)
    bmac_rx_pkt_get(unsigned char*, unsigned char*) 0x00004bf9   Thumb Code    30  bmac.o(i._Z15bmac_rx_pkt_getPhS_)
    mrf_write_short(unsigned char, unsigned char) 0x00004c21   Thumb Code    64  mrf24j40.o(i._Z15mrf_write_shorthh)
    nrk_gpio_toggle(unsigned)                0x00004c61   Thumb Code    66  ulib.o(i._Z15nrk_gpio_togglej)
    nrk_int_disable()                        0x00004ca3   Thumb Code     4  nrk.o(i._Z15nrk_int_disablev)
    nrk_setup_ports()                        0x00004ca7   Thumb Code     4  ulib.o(i._Z15nrk_setup_portsv)
    nrk_stack_check()                        0x00004cab   Thumb Code     2  nrk_stack_check.o(i._Z15nrk_stack_checkv)
    rf_rx_check_cca()                        0x00004cad   Thumb Code    22  basic_rf.o(i._Z15rf_rx_check_ccav)
    PINSEL_ConfigPin(PINSEL_CFG_Type*)       0x00004cc9   Thumb Code    38  ulib.o(i._Z16PINSEL_ConfigPinP15PINSEL_CFG_Type)
    _nrk_setup_timer()                       0x00004cf1   Thumb Code   134  nrk_timer.o(i._Z16_nrk_setup_timerv)
    bmac_task_config()                       0x00004d89   Thumb Code    62  bmac.o(i._Z16bmac_task_configv)
    mrf_gpioint_init()                       0x00004dd5   Thumb Code    40  mrf24j40.o(i._Z16mrf_gpioint_initv)
    nrk_event_signal(signed char)            0x00004e09   Thumb Code   126  nrk_events.o(i._Z16nrk_event_signala)
    nrk_spin_wait_us(unsigned)               0x00004e91   Thumb Code     4  nrk_timer.o(i._Z16nrk_spin_wait_usj)
    nrk_target_start()                       0x00004e95   Thumb Code    10  nrk_cpu.o(i._Z16nrk_target_startv)
    nrk_task_set_stk(task_type*, unsigned*, unsigned short) 0x00004e9f   Thumb Code    30  nrk_cpu.o(i._Z16nrk_task_set_stkP9task_typePjt)
    rf_polling_rx_on()                       0x00004ebd   Thumb Code    32  basic_rf.o(i._Z16rf_polling_rx_onv)
    set_ResistorMode(unsigned char, unsigned char, unsigned char) 0x00004ee5   Thumb Code    36  ulib.o(i._Z16set_ResistorModehhh)
    _nrk_os_timer_get()                      0x00004f0d   Thumb Code    10  nrk_timer.o(i._Z17_nrk_os_timer_getv)
    nrk_activate_task(task_type*)            0x00004f19   Thumb Code   112  nrk_task.o(i._Z17nrk_activate_taskP9task_type)
    nrk_add_to_readyQ(signed char)           0x00004f8d   Thumb Code   170  nrk_task.o(i._Z17nrk_add_to_readyQa)
    nrk_signal_create()                      0x00005045   Thumb Code    44  nrk_events.o(i._Z17nrk_signal_createv)
    nrk_task_stk_init(void(*)(), unsigned*, unsigned*) 0x00005075   Thumb Code   128  nrk_cpu.o(i._Z17nrk_task_stk_initPFvvEPjS1_)
    nrk_wait_until_nw()                      0x000050f5   Thumb Code    58  nrk_task.o(i._Z17nrk_wait_until_nwv)
    rf_set_cca_thresh(signed char)           0x00005139   Thumb Code    38  basic_rf.o(i._Z17rf_set_cca_thresha)
    set_OpenDrainMode(unsigned char, unsigned char, unsigned char) 0x00005165   Thumb Code    30  ulib.o(i._Z17set_OpenDrainModehhh)
    _nrk_time_to_ticks(nrk_time_t*)          0x000051a1   Thumb Code    56  nrk_time.o(i._Z18_nrk_time_to_ticksP10nrk_time_t)
    nrk_create_taskset()                     0x000051e1   Thumb Code   114  main.o(i._Z18nrk_create_tasksetv)
    rf_auto_ack_enable()                     0x00005275   Thumb Code    26  basic_rf.o(i._Z18rf_auto_ack_enablev)
    rf_parse_rx_packet()                     0x00005295   Thumb Code   166  basic_rf.o(i._Z18rf_parse_rx_packetv)
    _bmac_channel_check()                    0x00005345   Thumb Code    32  bmac.o(i._Z19_bmac_channel_checkv)
    _nrk_os_timer_reset()                    0x00005365   Thumb Code    10  nrk_timer.o(i._Z19_nrk_os_timer_resetv)
    _nrk_os_timer_start()                    0x00005375   Thumb Code    14  nrk_timer.o(i._Z19_nrk_os_timer_startv)
    bmac_rx_pkt_release()                    0x00005385   Thumb Code     8  bmac.o(i._Z19bmac_rx_pkt_releasev)
    bmac_set_cca_thresh(signed char)         0x00005391   Thumb Code    10  bmac.o(i._Z19bmac_set_cca_thresha)
    nrk_rem_from_readyQ(signed char)         0x0000539d   Thumb Code    76  nrk_task.o(i._Z19nrk_rem_from_readyQa)
    nrk_signal_register(signed char)         0x000053f1   Thumb Code    32  nrk_events.o(i._Z19nrk_signal_registera)
    rf_auto_ack_disable()                    0x00005419   Thumb Code    26  basic_rf.o(i._Z19rf_auto_ack_disablev)
    _nrk_get_next_wakeup()                   0x00005439   Thumb Code    12  nrk_timer.o(i._Z20_nrk_get_next_wakeupv)
    _nrk_set_next_wakeup(unsigned char)      0x00005445   Thumb Code    10  nrk_timer.o(i._Z20_nrk_set_next_wakeuph)
    nrk_kernel_error_add(unsigned char, unsigned char) 0x00005451   Thumb Code     8  nrk_error.o(i._Z20nrk_kernel_error_addhh)
    nrk_wait_until_ticks(unsigned short)     0x0000545d   Thumb Code    60  nrk_task.o(i._Z20nrk_wait_until_tickst)
    bmac_auto_ack_disable()                  0x000054a1   Thumb Code    10  bmac.o(i._Z21bmac_auto_ack_disablev)
    bmac_rx_pkt_set_buffer(char*, unsigned char) 0x00005555   Thumb Code    22  bmac.o(i._Z22bmac_rx_pkt_set_bufferPch)
    bmac_wait_until_rx_pkt()                 0x00005575   Thumb Code    46  bmac.o(i._Z22bmac_wait_until_rx_pktv)
    nrk_stack_pointer_init()                 0x000055a9   Thumb Code   106  nrk_cpu.o(i._Z22nrk_stack_pointer_initv)
    rf_addr_decode_disable()                 0x00005621   Thumb Code    22  basic_rf.o(i._Z22rf_addr_decode_disablev)
    _nrk_wait_for_scheduler()                0x00005639   Thumb Code    14  nrk_task.o(i._Z23_nrk_wait_for_schedulerv)
    bmac_get_tx_done_signal()                0x0000564d   Thumb Code    18  bmac.o(i._Z23bmac_get_tx_done_signalv)
    _nrk_high_speed_timer_get()              0x00005725   Thumb Code    16  nrk_timer.o(i._Z25_nrk_high_speed_timer_getv)
    nrk_high_speed_timer_wait(unsigned short, unsigned short) 0x00005739   Thumb Code    50  nrk_timer.o(i._Z25nrk_high_speed_timer_waittt)
    nrk_stack_pointer_restore()              0x0000576d   Thumb Code   100  nrk_cpu.o(i._Z25nrk_stack_pointer_restorev)
    nrk_get_high_ready_task_ID()             0x000057dd   Thumb Code     8  nrk_task.o(i._Z26nrk_get_high_ready_task_IDv)
    nrk_wait_until_next_period()             0x000057e9   Thumb Code    58  nrk_task.o(i._Z26nrk_wait_until_next_periodv)
    _nrk_high_speed_timer_reset()            0x0000582d   Thumb Code    20  nrk_timer.o(i._Z27_nrk_high_speed_timer_resetv)
    nrk_task_set_entry_function(task_type*, void(*)()) 0x00005845   Thumb Code     4  nrk_cpu.o(i._Z27nrk_task_set_entry_functionP9task_typePFvvE)
    nrk_wait_until_next_n_periods(unsigned short) 0x00005a35   Thumb Code    68  nrk_task.o(i._Z29nrk_wait_until_next_n_periodst)
    _b_pow(unsigned char)                    0x00005a81   Thumb Code    36  bmac.o(i._Z6_b_powh)
    halWait(unsigned short)                  0x00005aa5   Thumb Code     2  hal_wait.o(i._Z7halWaitt)
    initLED()                                0x00005aa9   Thumb Code   154  ulib.o(i._Z7initLEDv)
    rf_init(RF_RX_INFO*, unsigned char, unsigned short, unsigned short) 0x00005b49   Thumb Code    68  basic_rf.o(i._Z7rf_initP10RF_RX_INFOhtt)
    rx_task()                                0x00005b99   Thumb Code   290  main.o(i._Z7rx_taskv)
    tx_task()                                0x00005d35   Thumb Code   318  main.o(i._Z7tx_taskv)
    _bmac_rx()                               0x00005f19   Thumb Code   100  bmac.o(i._Z8_bmac_rxv)
    _bmac_tx()                               0x00005f81   Thumb Code   190  bmac.o(i._Z8_bmac_txv)
    mrf_init()                               0x00006049   Thumb Code    28  mrf24j40.o(i._Z8mrf_initv)
    mrf_rssi()                               0x00006069   Thumb Code    42  mrf24j40.o(i._Z8mrf_rssiv)
    nrk_init()                               0x00006095   Thumb Code   158  nrk.o(i._Z8nrk_initv)
    nrk_wait(nrk_time_t)                     0x00006141   Thumb Code    74  nrk_task.o(i._Z8nrk_wait10nrk_time_t)
    rf_rx_on()                               0x00006195   Thumb Code    18  basic_rf.o(i._Z8rf_rx_onv)
    PORT_INIT()                              0x000061b1   Thumb Code    22  ulib.o(i._Z9PORT_INITv)
    bmac_init(unsigned char)                 0x000061c9   Thumb Code   112  bmac.o(i._Z9bmac_inith)
    initDEBUG()                              0x00006299   Thumb Code   150  ulib.o(i._Z9initDEBUGv)
    mrf_reset()                              0x00006335   Thumb Code   222  mrf24j40.o(i._Z9mrf_resetv)
    nrk_start()                              0x00006415   Thumb Code   124  nrk.o(i._Z9nrk_startv)
    rf_rx_off()                              0x0000649d   Thumb Code    18  basic_rf.o(i._Z9rf_rx_offv)
    mbed::Base::clear(const char*, char*)    0x000064b9   Thumb Code    42  Base.cpp.lpc1768.arm.o(i._ZN4mbed4Base5clearEPKcPc)
    mbed::Base::lookup(const char*, unsigned) 0x000064e9   Thumb Code    50  Base.cpp.lpc1768.arm.o(i._ZN4mbed4Base6lookupEPKcj)
    mbed::Base::list_objs(const char*, char*) 0x00006521   Thumb Code    56  Base.cpp.lpc1768.arm.o(i._ZN4mbed4Base9list_objsEPKcPc)
    std::type_info::operator ==(const std::type_info&) const 0x00006561   Thumb Code    32  type_info_eq.o(i._ZNKSt9type_infoeqERKS_)
    operator delete[] (void*)                0x00006581   Thumb Code     8  array_del.o(i._ZdaPv)
    operator delete (void*)                  0x00006589   Thumb Code     8  delete.o(i._ZdlPv)
    __ARM_common_get_typeid                  0x00006591   Thumb Code    32  rtti.o(i.__ARM_common_get_typeid)
    __ARM_fpclassify                         0x000065b1   Thumb Code    40  fpclassify.o(i.__ARM_fpclassify)
    __derived_to_base_conversion             0x000065d9   Thumb Code   106  rtti.o(i.__derived_to_base_conversion)
    __dynamic_cast                           0x00006649   Thumb Code   166  rtti.o(i.__dynamic_cast)
    __mathlib_dbl_underflow                  0x000066f9   Thumb Code    10  dunder.o(i.__mathlib_dbl_underflow)
    __mathlib_flt_underflow                  0x00006709   Thumb Code    10  funder.o(i.__mathlib_flt_underflow)
    __mathlib_narrow                         0x00006713   Thumb Code    16  narrow.o(i.__mathlib_narrow)
    __mathlib_tofloat                        0x00006725   Thumb Code   132  narrow.o(i.__mathlib_tofloat)
    __support_ldexp                          0x000067ad   Thumb Code    22  ldexp.o(i.__support_ldexp)
    __user_setup_stackheap                   0x000067c5   Thumb Code     8  stackheap.o(i.__user_setup_stackheap)
    _is_digit                                0x000067d1   Thumb Code    14  __printf_wp.o(i._is_digit)
    _nrk_timer_tick                          0x000067df   Thumb Code     4  nrk.o(i._nrk_timer_tick)
    _sys_close                               0x000067e5   Thumb Code    40  stdio.cpp.lpc1768.arm.o(i._sys_close)
    _sys_flen                                0x00006811   Thumb Code    34  stdio.cpp.lpc1768.arm.o(i._sys_flen)
    _sys_istty                               0x00006839   Thumb Code    34  stdio.cpp.lpc1768.arm.o(i._sys_istty)
    _sys_open                                0x00006861   Thumb Code   348  stdio.cpp.lpc1768.arm.o(i._sys_open)
    _sys_seek                                0x000069e5   Thumb Code    40  stdio.cpp.lpc1768.arm.o(i._sys_seek)
    _sys_write                               0x00006a11   Thumb Code    76  stdio.cpp.lpc1768.arm.o(i._sys_write)
    exit                                     0x00006a65   Thumb Code    22  exit.c.lpc1768.arm.o(i.exit)
    fputc                                    0x00006a7b   Thumb Code    26  fputc.o(i.fputc)
    frexp                                    0x00006a95   Thumb Code    80  frexp.o(i.frexp)
    gpio_output                              0x00006aed   Thumb Code    48  gpio_api.c.lpc1768.arm.o(i.gpio_output)
    gpio_write                               0x00006b1d   Thumb Code    24  gpio_api.c.lpc1768.arm.o(i.gpio_write)
    ldexp                                    0x00006b35   Thumb Code   126  ldexp.o(i.ldexp)
    main                                     0x00006bb3   Thumb Code    26  main.o(i.main)
    mbed_die                                 0x00006bcd   Thumb Code   114  utils_api.c.lpc1768.arm.o(i.mbed_die)
    pin_function                             0x00006c45   Thumb Code    52  pinmap.c.lpc1768.arm.o(i.pin_function)
    pin_mode                                 0x00006c7d   Thumb Code    52  pinmap.c.lpc1768.arm.o(i.pin_mode)
    pinmap_merge                             0x00006cb5   Thumb Code    36  pinmap.c.lpc1768.arm.o(i.pinmap_merge)
    pinmap_peripheral                        0x00006cf1   Thumb Code    50  pinmap.c.lpc1768.arm.o(i.pinmap_peripheral)
    pinmap_pinout                            0x00006d49   Thumb Code   134  pinmap.c.lpc1768.arm.o(i.pinmap_pinout)
    scalbnf                                  0x00006ded   Thumb Code    90  scalbnf.o(i.scalbnf)
    semihost_exit                            0x00006e47   Thumb Code    12  semihost_api.c.lpc1768.arm.o(i.semihost_exit)
    serial_baud                              0x00006e55   Thumb Code   218  serial_api.c.lpc1768.arm.o(i.serial_baud)
    serial_format                            0x00006f55   Thumb Code   132  serial_api.c.lpc1768.arm.o(i.serial_format)
    serial_init                              0x00006fe9   Thumb Code   178  serial_api.c.lpc1768.arm.o(i.serial_init)
    serial_putc                              0x000070cd   Thumb Code    12  serial_api.c.lpc1768.arm.o(i.serial_putc)
    timer_frequency                          0x000070d9   Thumb Code    16  timer_api.c.lpc1768.arm.o(i.timer_frequency)
    timer_init                               0x000070ed   Thumb Code   100  timer_api.c.lpc1768.arm.o(i.timer_init)
    timer_read                               0x0000715d   Thumb Code     4  timer_api.c.lpc1768.arm.o(i.timer_read)
    timer_start                              0x00007161   Thumb Code    12  timer_api.c.lpc1768.arm.o(i.timer_start)
    us_ticker_read                           0x0000716d   Thumb Code    44  us_ticker_api.c.lpc1768.arm.o(i.us_ticker_read)
    wait_ms                                  0x000071a5   Thumb Code    28  wait_api.c.lpc1768.arm.o(i.wait_ms)
    wait_us                                  0x000071c1   Thumb Code    22  wait_api.c.lpc1768.arm.o(i.wait_us)
    _get_lc_numeric                          0x000071d9   Thumb Code    44  lc_numeric_c.o(locale$$code)
    _get_lc_ctype                            0x00007205   Thumb Code    44  lc_ctype_c.o(locale$$code)
    __aeabi_d2f                              0x00007231   Thumb Code     0  d2f.o(x$fpl$d2f)
    _d2f                                     0x00007231   Thumb Code    98  d2f.o(x$fpl$d2f)
    __fpl_dcheck_NaN1                        0x00007295   Thumb Code    10  dcheck1.o(x$fpl$dcheck1)
    __fpl_dcmp_Inf                           0x000072a5   Thumb Code    24  dcmpi.o(x$fpl$dcmpinf)
    __aeabi_cdcmpeq                          0x000072bd   Thumb Code     0  deqf.o(x$fpl$deqf)
    _dcmpeq                                  0x000072bd   Thumb Code   120  deqf.o(x$fpl$deqf)
    __aeabi_cdcmple                          0x00007335   Thumb Code     0  dleqf.o(x$fpl$dleqf)
    _dcmple                                  0x00007335   Thumb Code   120  dleqf.o(x$fpl$dleqf)
    __fpl_dcmple_InfNaN                      0x00007397   Thumb Code     0  dleqf.o(x$fpl$dleqf)
    __fpl_dnaninf                            0x000073ad   Thumb Code   156  dnaninf.o(x$fpl$dnaninf)
    __aeabi_cdrcmple                         0x00007449   Thumb Code     0  drleqf.o(x$fpl$drleqf)
    _drcmple                                 0x00007449   Thumb Code   108  drleqf.o(x$fpl$drleqf)
    __aeabi_fadd                             0x000074b5   Thumb Code     0  faddsub_clz.o(x$fpl$fadd)
    _fadd                                    0x000074b5   Thumb Code   196  faddsub_clz.o(x$fpl$fadd)
    __fpl_fcheck_NaN1                        0x00007579   Thumb Code     6  fcheck1.o(x$fpl$fcheck1)
    __aeabi_fdiv                             0x00007585   Thumb Code     0  fdiv.o(x$fpl$fdiv)
    _fdiv                                    0x00007585   Thumb Code   384  fdiv.o(x$fpl$fdiv)
    __aeabi_f2iz                             0x00007709   Thumb Code     0  ffix.o(x$fpl$ffix)
    _ffix                                    0x00007709   Thumb Code    54  ffix.o(x$fpl$ffix)
    __aeabi_i2f                              0x00007741   Thumb Code     0  fflt_clz.o(x$fpl$fflt)
    _fflt                                    0x00007741   Thumb Code    48  fflt_clz.o(x$fpl$fflt)
    __aeabi_ui2f                             0x00007771   Thumb Code     0  fflt_clz.o(x$fpl$ffltu)
    _ffltu                                   0x00007771   Thumb Code    38  fflt_clz.o(x$fpl$ffltu)
    __aeabi_fmul                             0x00007799   Thumb Code     0  fmul.o(x$fpl$fmul)
    _fmul                                    0x00007799   Thumb Code   258  fmul.o(x$fpl$fmul)
    __fpl_fnaninf                            0x0000789b   Thumb Code   140  fnaninf.o(x$fpl$fnaninf)
    __fpl_fretinf                            0x00007927   Thumb Code    10  fretinf.o(x$fpl$fretinf)
    __aeabi_fsub                             0x00007931   Thumb Code     0  faddsub_clz.o(x$fpl$fsub)
    _fsub                                    0x00007931   Thumb Code   234  faddsub_clz.o(x$fpl$fsub)
    _printf_fp_dec                           0x00007a1b   Thumb Code     4  printf1.o(x$fpl$printf1)
    _printf_fp_hex                           0x00007a1f   Thumb Code     4  printf2.o(x$fpl$printf2)
    __fpl_return_NaN                         0x00007a23   Thumb Code   100  retnan.o(x$fpl$retnan)
    __ARM_scalbn                             0x00007a87   Thumb Code    92  scalbn.o(x$fpl$scalbn)
    __ARM_scalbnf                            0x00007ae3   Thumb Code    76  scalbnf.o(x$fpl$scalbnf)
    _scanf_real                              0x00007b2f   Thumb Code     4  scanf1.o(x$fpl$scanf1)
    _scanf_hex_real                          0x00007b33   Thumb Code     4  scanf2.o(x$fpl$scanf2)
    _scanf_infnan                            0x00007b37   Thumb Code     4  scanf2.o(x$fpl$scanf2)
    __fpl_cmpreturn                          0x00007b3b   Thumb Code    48  trapv.o(x$fpl$trapveneer)
    __I$use$fp                               0x00007b6a   Number         0  usenofp.o(x$fpl$usenofp)
    __stdin_name                             0x00007ba3   Data           7  stdio.cpp.lpc1768.arm.o(.constdata)
    __stdout_name                            0x00007baa   Data           8  stdio.cpp.lpc1768.arm.o(.constdata)
    __stderr_name                            0x00007bb2   Data           8  stdio.cpp.lpc1768.arm.o(.constdata)
    mbed::Base::_base_funcs                  0x00007d10   Data          24  Base.cpp.lpc1768.arm.o(.constdata)
    typeinfo for __cxxabiv1::__class_type_info 0x00007dec   Data          12  lib_rtti_impl.o(.constdata__ZTIN10__cxxabiv117__class_type_infoE)
    typeinfo for __cxxabiv1::__si_class_type_info 0x00007df8   Data          12  lib_rtti_impl.o(.constdata__ZTIN10__cxxabiv120__si_class_type_infoE)
    typeinfo for __cxxabiv1::__vmi_class_type_info 0x00007e04   Data          12  lib_rtti_impl.o(.constdata__ZTIN10__cxxabiv121__vmi_class_type_infoE)
    typeinfo for mbed::FileHandle            0x00007e10   Data           8  stdio.cpp.lpc1768.arm.o(.constdata__ZTIN4mbed10FileHandleE)
    typeinfo for mbed::FileSystemLike        0x00007e18   Data          12  stdio.cpp.lpc1768.arm.o(.constdata__ZTIN4mbed14FileSystemLikeE)
    typeinfo for mbed::Base                  0x00007e24   Data           8  Base.cpp.lpc1768.arm.o(.constdata__ZTIN4mbed4BaseE)
    typeinfo for mbed::FileLike              0x00007e2c   Data          32  stdio.cpp.lpc1768.arm.o(.constdata__ZTIN4mbed8FileLikeE)
    typeinfo for std::type_info              0x00007e4c   Data           8  type_info_dtor.o(.constdata__ZTISt9type_info)
    typeinfo name for __cxxabiv1::__class_type_info 0x00007e54   Data          34  lib_rtti_impl.o(.constdata__ZTSN10__cxxabiv117__class_type_infoE)
    typeinfo name for __cxxabiv1::__si_class_type_info 0x00007e76   Data          37  lib_rtti_impl.o(.constdata__ZTSN10__cxxabiv120__si_class_type_infoE)
    typeinfo name for __cxxabiv1::__vmi_class_type_info 0x00007e9b   Data          38  lib_rtti_impl.o(.constdata__ZTSN10__cxxabiv121__vmi_class_type_infoE)
    typeinfo name for mbed::FileHandle       0x00007ec1   Data          20  stdio.cpp.lpc1768.arm.o(.constdata__ZTSN4mbed10FileHandleE)
    typeinfo name for mbed::FileSystemLike   0x00007ed5   Data          24  stdio.cpp.lpc1768.arm.o(.constdata__ZTSN4mbed14FileSystemLikeE)
    typeinfo name for mbed::Base             0x00007eed   Data          13  Base.cpp.lpc1768.arm.o(.constdata__ZTSN4mbed4BaseE)
    typeinfo name for mbed::FileLike         0x00007efa   Data          17  stdio.cpp.lpc1768.arm.o(.constdata__ZTSN4mbed8FileLikeE)
    typeinfo name for std::type_info         0x00007f0b   Data          13  type_info_dtor.o(.constdata__ZTSSt9type_info)
    vtable for __cxxabiv1::__class_type_info 0x00007f18   Data          16  lib_rtti_impl.o(.constdata__ZTVN10__cxxabiv117__class_type_infoE)
    vtable for __cxxabiv1::__si_class_type_info 0x00007f28   Data          16  lib_rtti_impl.o(.constdata__ZTVN10__cxxabiv120__si_class_type_infoE)
    vtable for __cxxabiv1::__vmi_class_type_info 0x00007f38   Data          16  lib_rtti_impl.o(.constdata__ZTVN10__cxxabiv121__vmi_class_type_infoE)
    Region$$Table$$Base                      0x00007f5c   Number         0  anon$$obj.o(Region$$Table)
    Region$$Table$$Limit                     0x00007f7c   Number         0  anon$$obj.o(Region$$Table)
    __aeabi_HUGE_VAL                         0x00007f7c   Data           0  fpconst.o(c$$dinf)
    __aeabi_HUGE_VALL                        0x00007f7c   Data           0  fpconst.o(c$$dinf)
    __aeabi_INFINITY                         0x00007f7c   Data           0  fpconst.o(c$$dinf)
    __dInf                                   0x00007f7c   Data           0  fpconst.o(c$$dinf)
    __huge_val                               0x00007f7c   Data           0  fpconst.o(c$$dinf)
    __ctype                                  0x00007fad   Data           0  lc_ctype_c.o(locale$$data)
    _nrk_prev_timer_val                      0x100000c4   Data           1  nrk_timer.o(.data)
    _nrk_time_trigger                        0x100000c5   Data           1  nrk_timer.o(.data)
    nrk_kernel_stk_ptr                       0x100000c8   Data           4  nrk.o(.data)
    nrk_wakeup_signal                        0x100000cc   Data           1  nrk.o(.data)
    nrk_cur_task_prio                        0x100000d0   Data           1  nrk.o(.data)
    nrk_high_ready_prio                      0x100000d1   Data           1  nrk.o(.data)
    nrk_task_init_cnt                        0x100000d2   Data           1  nrk.o(.data)
    _free_node                               0x100000d4   Data           4  nrk.o(.data)
    _head_node                               0x100000d8   Data           4  nrk.o(.data)
    nrk_cur_task_TCB                         0x100000dc   Data           4  nrk.o(.data)
    nrk_high_ready_TCB                       0x100000e0   Data           4  nrk.o(.data)
    nrk_system_time                          0x100000e4   Data           8  nrk.o(.data)
    error_task                               0x100000ec   Data           1  nrk_error.o(.data)
    error_num                                0x100000ed   Data           1  nrk_error.o(.data)
    _nrk_signal_list                         0x100000f0   Data           4  nrk_events.o(.data)
    _nrk_cpu_state                           0x100000f4   Data           1  nrk_scheduler.o(.data)
    task_addr                                0x100000f8   Data           4  nrk_scheduler.o(.data)
    bmac_rx_pkt_signal                       0x100000fc   Data           1  bmac.o(.data)
    bmac_tx_pkt_done_signal                  0x100000fd   Data           1  bmac.o(.data)
    bmac_enable_signal                       0x100000fe   Data           1  bmac.o(.data)
    rx_ready                                 0x10000114   Data           1  basic_rf.o(.data)
    auto_ack_enable                          0x10000115   Data           1  basic_rf.o(.data)
    security_enable                          0x10000116   Data           1  basic_rf.o(.data)
    rx_data_ready                            0x10000117   Data           1  basic_rf.o(.data)
    tx_status_ready                          0x10000118   Data           1  basic_rf.o(.data)
    rssi_cca_thold                           0x10000119   Data           1  basic_rf.o(.data)
    myAddr                                   0x1000011a   Data           2  mrf24j40.o(.data)
    myPanid                                  0x1000011c   Data           2  mrf24j40.o(.data)
    PKT_DATA_START                           0x10000120   Data           4  main.o(.data)
    ctr_cnt                                  0x10000124   Data           4  main.o(.data)
    timeend                                  0x10000128   Data           8  main.o(.data)
    timeout                                  0x10000130   Data           8  main.o(.data)
    timestart                                0x10000138   Data           8  main.o(.data)
    SystemCoreClock                          0x10000140   Data           4  system_LPC17xx.o(.data)
    __aeabi_stdin                            0x10000148   Data           4  stdio_streams.o(.data)
    __aeabi_stdout                           0x1000014c   Data           4  stdio_streams.o(.data)
    __aeabi_stderr                           0x10000150   Data           4  stdio_streams.o(.data)
    mbed::Base::_head                        0x10000154   Data           4  Base.cpp.lpc1768.arm.o(.data)
    mbed::Base::_classes                     0x10000158   Data           4  Base.cpp.lpc1768.arm.o(.data)
    mbed::Base::_base_class                  0x1000015c   Data          12  Base.cpp.lpc1768.arm.o(.data)
    nrk_kernel_stk                           0x1000016c   Data         128  nrk.o(.bss)
    nrk_idle_task_stk                        0x100001ec   Data         128  nrk.o(.bss)
    nrk_task_TCB                             0x1000026c   Data         176  nrk.o(.bss)
    _nrk_readyQ                              0x1000031c   Data          60  nrk.o(.bss)
    bmac_rfRxInfo                            0x10000484   Data          16  bmac.o(.bss)
    bmac_rfTxInfo                            0x10000494   Data          12  bmac.o(.bss)
    rfSettings                               0x100004a0   Data          12  basic_rf.o(.bss)
    RX_TASK                                  0x100004ac   Data          44  main.o(.bss)
    rx_task_stack                            0x100004d8   Data         512  main.o(.bss)
    TX_TASK                                  0x100006d8   Data          44  main.o(.bss)
    tx_task_stack                            0x10000704   Data         512  main.o(.bss)
    tx_buf                                   0x10000904   Data         115  main.o(.bss)
    rx_buf                                   0x10000977   Data         115  main.o(.bss)
    __stdin                                  0x100009ec   Data          84  stdio_streams.o(.bss)
    __stdout                                 0x10000a40   Data          84  stdio_streams.o(.bss)
    __stderr                                 0x10000a94   Data          84  stdio_streams.o(.bss)
    _random_number_data                      0x10000ae8   Data         228  rand.o(.bss)
    Image$$RW_IRAM1$$ZI$$Limit               0x10000c2c   Number         0  rt_eh_globals_addr.o(.bss)



==============================================================================

Memory Map of the image

  Image Entry point : 0x000000c5

  Load Region LR_IROM1 (Base: 0x00000000, Size: 0x0000821c, Max: 0x00080000, ABSOLUTE, COMPRESSED[0x000080c4])

    Execution Region ER_IROM1 (Base: 0x00000000, Size: 0x000080b0, Max: 0x00080000, ABSOLUTE)

    Base Addr    Size         Type   Attr      Idx    E Section Name        Object

    0x00000000   0x000000c4   Data   RO         2324    RESET               startup_LPC17xx.o
    0x000000c4   0x00000008   Code   RO         2443  * !!!main             c_w.l(__main.o)
    0x000000cc   0x00000034   Code   RO         3533    !!!scatter          c_w.l(__scatter.o)
    0x00000100   0x0000003a   Code   RO         3531    !!dczerorl          c_w.l(__dczerorl.o)
    0x0000013a   0x00000002   PAD
    0x0000013c   0x0000001c   Code   RO         3535    !!handler_zi        c_w.l(__scatter_zi.o)
    0x00000158   0x00000000   Code   RO         2427    .ARM.Collect$$_printf_percent$$00000000  c_w.l(_printf_percent.o)
    0x00000158   0x00000006   Code   RO         3285    .ARM.Collect$$_printf_percent$$00000001  c_w.l(_printf_n.o)
    0x0000015e   0x00000006   Code   RO         3286    .ARM.Collect$$_printf_percent$$00000002  c_w.l(_printf_p.o)
    0x00000164   0x00000006   Code   RO         3290    .ARM.Collect$$_printf_percent$$00000003  c_w.l(_printf_f.o)
    0x0000016a   0x00000006   Code   RO         3291    .ARM.Collect$$_printf_percent$$00000004  c_w.l(_printf_e.o)
    0x00000170   0x00000006   Code   RO         3292    .ARM.Collect$$_printf_percent$$00000005  c_w.l(_printf_g.o)
    0x00000176   0x00000006   Code   RO         3293    .ARM.Collect$$_printf_percent$$00000006  c_w.l(_printf_a.o)
    0x0000017c   0x0000000a   Code   RO         3297    .ARM.Collect$$_printf_percent$$00000007  c_w.l(_printf_ll.o)
    0x00000186   0x00000006   Code   RO         3288    .ARM.Collect$$_printf_percent$$00000008  c_w.l(_printf_i.o)
    0x0000018c   0x00000006   Code   RO         2426    .ARM.Collect$$_printf_percent$$00000009  c_w.l(_printf_d.o)
    0x00000192   0x00000006   Code   RO         3289    .ARM.Collect$$_printf_percent$$0000000A  c_w.l(_printf_u.o)
    0x00000198   0x00000006   Code   RO         3287    .ARM.Collect$$_printf_percent$$0000000B  c_w.l(_printf_o.o)
    0x0000019e   0x00000006   Code   RO         2425    .ARM.Collect$$_printf_percent$$0000000C  c_w.l(_printf_x.o)
    0x000001a4   0x00000006   Code   RO         3294    .ARM.Collect$$_printf_percent$$0000000D  c_w.l(_printf_lli.o)
    0x000001aa   0x00000006   Code   RO         3295    .ARM.Collect$$_printf_percent$$0000000E  c_w.l(_printf_lld.o)
    0x000001b0   0x00000006   Code   RO         3296    .ARM.Collect$$_printf_percent$$0000000F  c_w.l(_printf_llu.o)
    0x000001b6   0x00000006   Code   RO         3301    .ARM.Collect$$_printf_percent$$00000010  c_w.l(_printf_llo.o)
    0x000001bc   0x00000006   Code   RO         3302    .ARM.Collect$$_printf_percent$$00000011  c_w.l(_printf_llx.o)
    0x000001c2   0x0000000a   Code   RO         3298    .ARM.Collect$$_printf_percent$$00000012  c_w.l(_printf_l.o)
    0x000001cc   0x00000006   Code   RO         2424    .ARM.Collect$$_printf_percent$$00000013  c_w.l(_printf_c.o)
    0x000001d2   0x00000006   Code   RO         3284    .ARM.Collect$$_printf_percent$$00000014  c_w.l(_printf_s.o)
    0x000001d8   0x00000006   Code   RO         3299    .ARM.Collect$$_printf_percent$$00000015  c_w.l(_printf_lc.o)
    0x000001de   0x00000006   Code   RO         3300    .ARM.Collect$$_printf_percent$$00000016  c_w.l(_printf_ls.o)
    0x000001e4   0x00000004   Code   RO         2480    .ARM.Collect$$_printf_percent$$00000017  c_w.l(_printf_percent_end.o)
    0x000001e8   0x00000002   Code   RO         2928    .ARM.Collect$$libinit$$00000000  c_w.l(libinit.o)
    0x000001ea   0x00000000   Code   RO         2492    .ARM.Collect$$libinit$$00000002  c_w.l(libinit2.o)
    0x000001ea   0x00000008   Code   RO         2493    .ARM.Collect$$libinit$$00000003  c_w.l(libinit2.o)
    0x000001f2   0x00000000   Code   RO         2495    .ARM.Collect$$libinit$$00000008  c_w.l(libinit2.o)
    0x000001f2   0x00000000   Code   RO         2497    .ARM.Collect$$libinit$$0000000A  c_w.l(libinit2.o)
    0x000001f2   0x00000004   Code   RO         2498    .ARM.Collect$$libinit$$0000000B  c_w.l(libinit2.o)
    0x000001f6   0x00000000   Code   RO         2499    .ARM.Collect$$libinit$$0000000C  c_w.l(libinit2.o)
    0x000001f6   0x00000006   Code   RO         2500    .ARM.Collect$$libinit$$0000000D  c_w.l(libinit2.o)
    0x000001fc   0x00000000   Code   RO         2502    .ARM.Collect$$libinit$$0000000F  c_w.l(libinit2.o)
    0x000001fc   0x0000000c   Code   RO         2503    .ARM.Collect$$libinit$$00000010  c_w.l(libinit2.o)
    0x00000208   0x00000000   Code   RO         2504    .ARM.Collect$$libinit$$00000011  c_w.l(libinit2.o)
    0x00000208   0x00000000   Code   RO         2506    .ARM.Collect$$libinit$$00000013  c_w.l(libinit2.o)
    0x00000208   0x0000000a   Code   RO         2507    .ARM.Collect$$libinit$$00000014  c_w.l(libinit2.o)
    0x00000212   0x00000000   Code   RO         2508    .ARM.Collect$$libinit$$00000015  c_w.l(libinit2.o)
    0x00000212   0x00000000   Code   RO         2510    .ARM.Collect$$libinit$$00000017  c_w.l(libinit2.o)
    0x00000212   0x00000000   Code   RO         2512    .ARM.Collect$$libinit$$00000019  c_w.l(libinit2.o)
    0x00000212   0x00000000   Code   RO         2514    .ARM.Collect$$libinit$$0000001B  c_w.l(libinit2.o)
    0x00000212   0x00000000   Code   RO         2516    .ARM.Collect$$libinit$$0000001D  c_w.l(libinit2.o)
    0x00000212   0x00000000   Code   RO         2518    .ARM.Collect$$libinit$$0000001F  c_w.l(libinit2.o)
    0x00000212   0x00000000   Code   RO         2520    .ARM.Collect$$libinit$$00000021  c_w.l(libinit2.o)
    0x00000212   0x00000004   Code   RO         2521    .ARM.Collect$$libinit$$00000022  c_w.l(libinit2.o)
    0x00000216   0x00000000   Code   RO         2522    .ARM.Collect$$libinit$$00000023  c_w.l(libinit2.o)
    0x00000216   0x00000000   Code   RO         2526    .ARM.Collect$$libinit$$0000002A  c_w.l(libinit2.o)
    0x00000216   0x00000000   Code   RO         2528    .ARM.Collect$$libinit$$0000002C  c_w.l(libinit2.o)
    0x00000216   0x00000000   Code   RO         2530    .ARM.Collect$$libinit$$0000002E  c_w.l(libinit2.o)
    0x00000216   0x00000000   Code   RO         2532    .ARM.Collect$$libinit$$00000030  c_w.l(libinit2.o)
    0x00000216   0x00000002   Code   RO         2533    .ARM.Collect$$libinit$$00000031  c_w.l(libinit2.o)
    0x00000218   0x00000000   Code   RO         2743    .ARM.Collect$$libshutdown$$00000003  c_w.l(libshutdown2.o)
    0x00000218   0x00000000   Code   RO         2465    .ARM.Collect$$rtentry$$00000000  c_w.l(rtentry.o)
    0x00000218   0x00000000   Code   RO         2642    .ARM.Collect$$rtentry$$00000002  c_w.l(rtentry2.o)
    0x00000218   0x00000006   Code   RO         2654    .ARM.Collect$$rtentry$$00000004  c_w.l(rtentry4.o)
    0x0000021e   0x00000000   Code   RO         2644    .ARM.Collect$$rtentry$$00000009  c_w.l(rtentry2.o)
    0x0000021e   0x00000004   Code   RO         2645    .ARM.Collect$$rtentry$$0000000A  c_w.l(rtentry2.o)
    0x00000222   0x00000000   Code   RO         2647    .ARM.Collect$$rtentry$$0000000C  c_w.l(rtentry2.o)
    0x00000222   0x00000008   Code   RO         2648    .ARM.Collect$$rtentry$$0000000D  c_w.l(rtentry2.o)
    0x0000022a   0x00000002   PAD
    0x0000022c   0x00000034   Code   RO         2436    .emb_text           c_w.l(rand.o)
    0x00000260   0x00000000   Code   RO         3114    .emb_text           c_w.l(maybetermalloc1.o)
    0x00000260   0x00000078   Code   RO         1431    .text               my_asm.o
    0x000002d8   0x00000024   Code   RO         2326    .text               startup_LPC17xx.o
    0x000002fc   0x00000004   Code   RO         2325    .ARM.__at_0x02FC    startup_LPC17xx.o
    0x00000300   0x000000ee   Code   RO         2367    .text               c_w.l(lludivv7m.o)
    0x000003ee   0x00000002   PAD
    0x000003f0   0x00000018   Code   RO         2369    .text               c_w.l(__2printf.o)
    0x00000408   0x0000002c   Code   RO         2371    .text               c_w.l(__2sprintf.o)
    0x00000434   0x00000052   Code   RO         2379    .text               c_w.l(_printf_str.o)
    0x00000486   0x00000002   PAD
    0x00000488   0x00000078   Code   RO         2381    .text               c_w.l(_printf_dec.o)
    0x00000500   0x0000009c   Code   RO         2401    .text               c_w.l(_printf_hex_int_ll_ptr.o)
    0x0000059c   0x0000018c   Code   RO         2421    .text               c_w.l(__printf_flags_ss_wp.o)
    0x00000728   0x0000003c   Code   RO         2437    .text               c_w.l(rand.o)
    0x00000764   0x0000003e   Code   RO         2441    .text               c_w.l(strlen.o)
    0x000007a2   0x000000b8   Code   RO         2470    .text               c_w.l(_printf_intcommon.o)
    0x0000085a   0x00000002   PAD
    0x0000085c   0x00000030   Code   RO         2472    .text               c_w.l(_printf_char_common.o)
    0x0000088c   0x0000000a   Code   RO         2474    .text               c_w.l(_sputc.o)
    0x00000896   0x0000002c   Code   RO         2476    .text               c_w.l(_printf_char.o)
    0x000008c2   0x00000002   PAD
    0x000008c4   0x00000024   Code   RO         2478    .text               c_w.l(_printf_char_file.o)
    0x000008e8   0x00000138   Code   RO         2485    .text               c_w.l(initio.o)
    0x00000a20   0x0000004e   Code   RO         2660    .text               c_w.l(h1_free.o)
    0x00000a6e   0x00000008   Code   RO         2716    .text               c_w.l(ferror.o)
    0x00000a76   0x000001de   Code   RO         2718    .text               c_w.l(flsbuf.o)
    0x00000c54   0x00000046   Code   RO         2720    .text               c_w.l(setvbuf.o)
    0x00000c9a   0x00000002   PAD
    0x00000c9c   0x000000ec   Code   RO         2723    .text               c_w.l(fopen.o)
    0x00000d88   0x0000004c   Code   RO         2725    .text               c_w.l(fclose.o)
    0x00000dd4   0x0000000e   Code   RO         2733    .text               c_w.l(defsig_rtred_outer.o)
    0x00000de2   0x0000004e   Code   RO         2737    .text               c_w.l(rt_memclr_w.o)
    0x00000e30   0x00000008   Code   RO         2866    .text               c_w.l(rt_heap_descriptor.o)
    0x00000e38   0x00000004   Code   RO         2871    .text               c_w.l(hguard.o)
    0x00000e3c   0x0000008a   Code   RO         2873    .text               c_w.l(init_alloc.o)
    0x00000ec6   0x0000005e   Code   RO         2879    .text               c_w.l(h1_alloc.o)
    0x00000f24   0x0000003c   Code   RO         2895    .text               c_w.l(sscanf.o)
    0x00000f60   0x000000f8   Code   RO         2897    .text               c_w.l(fseek.o)
    0x00001058   0x000000f0   Code   RO         2899    .text               c_w.l(stdio.o)
    0x00001148   0x0000000a   Code   RO         2905    .text               c_w.l(defsig_exit.o)
    0x00001152   0x00000002   PAD
    0x00001154   0x00000034   Code   RO         2911    .text               c_w.l(defsig_rtred_inner.o)
    0x00001188   0x00000018   Code   RO         2913    .text               c_w.l(assert_stdio.o)
    0x000011a0   0x00000080   Code   RO         2917    .text               c_w.l(strcmpv7m.o)
    0x00001220   0x0000000c   Code   RO         3107    .text               c_w.l(sys_exit.o)
    0x0000122c   0x0000000e   Code   RO         3116    .text               c_w.l(h1_init.o)
    0x0000123a   0x00000034   Code   RO         3118    .text               c_w.l(h1_extend.o)
    0x0000126e   0x00000014   Code   RO         3124    .text               c_w.l(fprintf.o)
    0x00001282   0x00000002   PAD
    0x00001284   0x0000002c   Code   RO         3126    .text               c_w.l(sprintf.o)
    0x000012b0   0x00000156   Code   RO         3128    .text               c_w.l(_scanf_longlong.o)
    0x00001406   0x00000150   Code   RO         3130    .text               c_w.l(_scanf_int.o)
    0x00001556   0x000000da   Code   RO         3132    .text               c_w.l(_scanf_str.o)
    0x00001630   0x0000002c   Code   RO         3134    .text               c_w.l(scanf_char.o)
    0x0000165c   0x00000040   Code   RO         3136    .text               c_w.l(_sgetc.o)
    0x0000169c   0x00000110   Code   RO         3138    .text               c_w.l(_scanf_mbtowc.o)
    0x000017ac   0x000000e2   Code   RO         3140    .text               c_w.l(_scanf_wctomb.o)
    0x0000188e   0x000000ca   Code   RO         3142    .text               c_w.l(_scanf_wstr.o)
    0x00001958   0x00000064   Code   RO         3144    .text               c_w.l(fflush.o)
    0x000019bc   0x00000022   Code   RO         3146    .text               c_w.l(fputs.o)
    0x000019de   0x00000046   Code   RO         3148    .text               c_w.l(ftell.o)
    0x00001a24   0x00000032   Code   RO         3156    .text               c_w.l(defsig_general.o)
    0x00001a56   0x0000000e   Code   RO         3160    .text               c_w.l(defsig_rtmem_outer.o)
    0x00001a64   0x0000007c   Code   RO         3168    .text               c_w.l(assert.o)
    0x00001ae0   0x00000096   Code   RO         3170    .text               c_w.l(strncmp.o)
    0x00001b76   0x00000002   PAD
    0x00001b78   0x00000050   Code   RO         3176    .text               c_w.l(heapauxa.o)
    0x00001bc8   0x00000004   Code   RO         3196    .text               cpprt_w.l(arm_bad_typeid_noexceptions.o)
    0x00001bcc   0x0000000e   Code   RO         3246    .text               c_w.l(sys_wrch.o)
    0x00001bda   0x00000002   Code   RO         3248    .text               c_w.l(use_no_semi.o)
    0x00001bdc   0x00000000   Code   RO         3250    .text               c_w.l(indicate_semi.o)
    0x00001bdc   0x00000008   Code   RO         3256    .text               c_w.l(rt_errno_addr.o)
    0x00001be4   0x00000016   Code   RO         3263    .text               c_w.l(_rserrno.o)
    0x00001bfa   0x00000012   Code   RO         3265    .text               c_w.l(isspace.o)
    0x00001c0c   0x00000052   Code   RO         3267    .text               c_w.l(_printf_pad.o)
    0x00001c5e   0x00000024   Code   RO         3269    .text               c_w.l(_printf_truncate.o)
    0x00001c82   0x0000002a   Code   RO         3271    .text               c_w.l(_printf_charcount.o)
    0x00001cac   0x000000bc   Code   RO         3273    .text               c_w.l(_printf_wctomb.o)
    0x00001d68   0x00000078   Code   RO         3276    .text               c_w.l(_printf_longlong_dec.o)
    0x00001de0   0x00000078   Code   RO         3282    .text               c_w.l(_printf_oct_int_ll.o)
    0x00001e58   0x0000001c   Code   RO         3303    .text               c_w.l(_chval.o)
    0x00001e74   0x00000370   Code   RO         3305    .text               c_w.l(_scanf.o)
    0x000021e4   0x000004a4   Code   RO         3307    .text               c_w.l(scanf_fp.o)
    0x00002688   0x0000001e   Code   RO         3309    .text               c_w.l(_scanf_wcharmap.o)
    0x000026a6   0x0000003c   Code   RO         3311    .text               c_w.l(_mbrtowc.o)
    0x000026e2   0x00000040   Code   RO         3313    .text               c_w.l(_wcrtomb.o)
    0x00002722   0x00000010   Code   RO         3315    .text               c_w.l(abort.o)
    0x00002732   0x00000002   PAD
    0x00002734   0x00000050   Code   RO         3317    .text               c_w.l(defsig_rtmem_inner.o)
    0x00002784   0x0000001a   Code   RO         3332    .text               cpprt_w.l(arm_exceptions_terminate.o)
    0x0000279e   0x00000002   PAD
    0x000027a0   0x00000010   Code   RO         3365    .text               c_w.l(rt_ctype_table.o)
    0x000027b0   0x00000008   Code   RO         3367    .text               c_w.l(rt_locale.o)
    0x000027b8   0x0000008a   Code   RO         3376    .text               c_w.l(lludiv10.o)
    0x00002842   0x00000420   Code   RO         3378    .text               c_w.l(_printf_fp_dec.o)
    0x00002c62   0x00000002   PAD
    0x00002c64   0x00000300   Code   RO         3380    .text               c_w.l(_printf_fp_hex.o)
    0x00002f64   0x0000002c   Code   RO         3383    .text               c_w.l(_printf_wchar.o)
    0x00002f90   0x000000e4   Code   RO         3385    .text               c_w.l(bigflt0.o)
    0x00003074   0x00000030   Code   RO         3413    .text               c_w.l(defsig_abrt_inner.o)
    0x000030a4   0x0000000e   Code   RO         3415    .text               c_w.l(defsig_abrt_outer.o)
    0x000030b2   0x00000002   PAD
    0x000030b4   0x00000050   Code   RO         3433    .text               cpprt_w.l(arm_exceptions_globs.o)
    0x00003104   0x00000008   Code   RO         3466    .text               c_w.l(rt_eh_globals_addr.o)
    0x0000310c   0x00000080   Code   RO         3471    .text               c_w.l(_printf_fp_infnan.o)
    0x0000318c   0x00000314   Code   RO         3473    .text               c_w.l(scanf_hexfp.o)
    0x000034a0   0x0000013c   Code   RO         3475    .text               c_w.l(scanf_infnan.o)
    0x000035dc   0x0000003c   Code   RO         3482    .text               cpprt_w.l(arm_exceptions_mem.o)
    0x00003618   0x00000026   Code   RO         3502    .text               c_w.l(llshl.o)
    0x0000363e   0x0000003e   Code   RO         3388    CL$$btod_d2e        c_w.l(btod.o)
    0x0000367c   0x00000046   Code   RO         3390    CL$$btod_d2e_denorm_low  c_w.l(btod.o)
    0x000036c2   0x00000060   Code   RO         3389    CL$$btod_d2e_norm_op1  c_w.l(btod.o)
    0x00003722   0x00000338   Code   RO         3398    CL$$btod_div_common  c_w.l(btod.o)
    0x00003a5a   0x00000002   PAD
    0x00003a5c   0x00000054   Code   RO         3396    CL$$btod_e2d        c_w.l(btod.o)
    0x00003ab0   0x000000c6   Code   RO         3395    CL$$btod_e2e        c_w.l(btod.o)
    0x00003b76   0x00000028   Code   RO         3392    CL$$btod_ediv       c_w.l(btod.o)
    0x00003b9e   0x00000028   Code   RO         3394    CL$$btod_edivd      c_w.l(btod.o)
    0x00003bc6   0x00000028   Code   RO         3391    CL$$btod_emul       c_w.l(btod.o)
    0x00003bee   0x00000028   Code   RO         3393    CL$$btod_emuld      c_w.l(btod.o)
    0x00003c16   0x00000244   Code   RO         3397    CL$$btod_mult_common  c_w.l(btod.o)
    0x00003e5a   0x00000002   PAD
    0x00003e5c   0x0000003c   Code   RO         1867    i.EINT3_IRQHandler  basic_rf.o
    0x00003e98   0x00000078   Code   RO         2329    i.SystemInit        system_LPC17xx.o
    0x00003f10   0x0000001c   Code   RO          289    i.TIMER0_IRQHandler  nrk_timer.o
    0x00003f2c   0x00000018   Code   RO          290    i.TIMER1_IRQHandler  nrk_timer.o
    0x00003f44   0x0000001c   Code   RO         2133    i._Z10mrf_cs_seth   mrf24j40.o
    0x00003f60   0x00000020   Code   RO         1149    i._Z11GPIO_SetDirhjh  ulib.o
    0x00003f80   0x00000018   Code   RO         1150    i._Z11GPIO_Togglehj  ulib.o
    0x00003f98   0x000000bc   Code   RO         1566    i._Z11bmac_tx_pktPch  bmac.o
    0x00004054   0x0000000c   Code   RO          945    i._Z11nrk_get_pidv  nrk_task.o
    0x00004060   0x0000002c   Code   RO         1153    i._Z11nrk_led_seti  ulib.o
    0x0000408c   0x00000028   Code   RO         1154    i._Z11set_PinFunchhh  ulib.o
    0x000040b4   0x0000006c   Code   RO         1568    i._Z12bmac_nw_taskv  bmac.o
    0x00004120   0x0000000c   Code   RO         1569    i._Z12bmac_startedv  bmac.o
    0x0000412c   0x00000028   Code   RO         2134    i._Z12mrf_set_addrt  mrf24j40.o
    0x00004154   0x000000b4   Code   RO         2135    i._Z12mrf_spi_inithhi  mrf24j40.o
    0x00004208   0x00000184   Code   RO          489    i._Z12nrk_TCB_initP9task_typePjS1_tPvt  nrk.o
    0x0000438c   0x00000042   Code   RO         1159    i._Z12nrk_gpio_setj  ulib.o
    0x000043ce   0x00000002   PAD
    0x000043d0   0x00000044   Code   RO         1066    i._Z12nrk_time_getP10nrk_time_t  nrk_time.o
    0x00004414   0x0000000a   Code   RO         1870    i._Z12rf_data_modev  basic_rf.o
    0x0000441e   0x00000002   PAD
    0x00004420   0x00000018   Code   RO         1871    i._Z12rf_rx_packetv  basic_rf.o
    0x00004438   0x0000000a   Code   RO         1872    i._Z12rf_test_modev  basic_rf.o
    0x00004442   0x00000002   PAD
    0x00004444   0x0000011c   Code   RO         1873    i._Z12rf_tx_packetP10RF_TX_INFO  basic_rf.o
    0x00004560   0x00000048   Code   RO         1160    i._Z12setupSPIPinsv  ulib.o
    0x000045a8   0x00000046   Code   RO         2935    i._Z12tbc_downcastPvPKSt9type_infoP28a_base_class_traversal_blockPN10__cxxabiv122__base_class_type_infoE  cpprt_w.l(rtti.o)
    0x000045ee   0x00000014   Code   RO         1161    i._Z13GPIO_SetValuehj  ulib.o
    0x00004602   0x00000002   PAD
    0x00004604   0x0000005c   Code   RO         2137    i._Z13mrf_gpio_initv  mrf24j40.o
    0x00004660   0x0000004c   Code   RO         2138    i._Z13mrf_read_longt  mrf24j40.o
    0x000046ac   0x0000001c   Code   RO         2139    i._Z13mrf_reset_seth  mrf24j40.o
    0x000046c8   0x00000030   Code   RO         2140    i._Z13mrf_set_panidt  mrf24j40.o
    0x000046f8   0x0000001c   Code   RO         2141    i._Z13mrf_spi_writet  mrf24j40.o
    0x00004714   0x00000018   Code   RO          671    i._Z13nrk_error_addh  nrk_error.o
    0x0000472c   0x00000020   Code   RO          868    i._Z13nrk_idle_taskv  nrk_idle_task.o
    0x0000474c   0x00000022   Code   RO         1874    i._Z13rf_carrier_onv  basic_rf.o
    0x0000476e   0x00000018   Code   RO          291    i._Z14NVIC_EnableIRQ4IRQn  nrk_timer.o
    0x00004786   0x00000002   PAD
    0x00004788   0x0000000c   Code   RO          673    i._Z14_nrk_errno_seth  nrk_error.o
    0x00004794   0x00000294   Code   RO          887    i._Z14_nrk_schedulerv  nrk_scheduler.o
    0x00004a28   0x0000003e   Code   RO         2143    i._Z14mrf_read_shorth  mrf24j40.o
    0x00004a66   0x00000050   Code   RO         2144    i._Z14mrf_write_longth  mrf24j40.o
    0x00004ab6   0x00000002   PAD
    0x00004ab8   0x0000003c   Code   RO          764    i._Z14nrk_event_waitj  nrk_events.o
    0x00004af4   0x00000004   Code   RO          490    i._Z14nrk_int_enablev  nrk.o
    0x00004af8   0x0000002c   Code   RO         1165    i._Z14nrk_led_togglei  ulib.o
    0x00004b24   0x00000022   Code   RO         1876    i._Z14rf_carrier_offv  basic_rf.o
    0x00004b46   0x00000002   Code   RO         1570    i._Z14rf_rx_callbackP10RF_RX_INFO  bmac.o
    0x00004b48   0x00000020   Code   RO         1877    i._Z14rf_set_channelh  basic_rf.o
    0x00004b68   0x00000046   Code   RO         1167    i._Z14setup_uartPinsv  ulib.o
    0x00004bae   0x00000014   Code   RO         1168    i._Z15GPIO_ClearValuehj  ulib.o
    0x00004bc2   0x00000002   PAD
    0x00004bc4   0x00000034   Code   RO         1169    i._Z15GPIO_GetPointerh  ulib.o
    0x00004bf8   0x00000028   Code   RO         1571    i._Z15bmac_rx_pkt_getPhS_  bmac.o
    0x00004c20   0x00000040   Code   RO         2145    i._Z15mrf_write_shorthh  mrf24j40.o
    0x00004c60   0x00000042   Code   RO         1170    i._Z15nrk_gpio_togglej  ulib.o
    0x00004ca2   0x00000004   Code   RO          491    i._Z15nrk_int_disablev  nrk.o
    0x00004ca6   0x00000004   Code   RO         1171    i._Z15nrk_setup_portsv  ulib.o
    0x00004caa   0x00000002   Code   RO          913    i._Z15nrk_stack_checkv  nrk_stack_check.o
    0x00004cac   0x0000001c   Code   RO         1878    i._Z15rf_rx_check_ccav  basic_rf.o
    0x00004cc8   0x00000026   Code   RO         1172    i._Z16PINSEL_ConfigPinP15PINSEL_CFG_Type  ulib.o
    0x00004cee   0x00000002   PAD
    0x00004cf0   0x00000098   Code   RO          292    i._Z16_nrk_setup_timerv  nrk_timer.o
    0x00004d88   0x0000004c   Code   RO         1573    i._Z16bmac_task_configv  bmac.o
    0x00004dd4   0x00000034   Code   RO         2146    i._Z16mrf_gpioint_initv  mrf24j40.o
    0x00004e08   0x00000088   Code   RO          767    i._Z16nrk_event_signala  nrk_events.o
    0x00004e90   0x00000004   Code   RO          293    i._Z16nrk_spin_wait_usj  nrk_timer.o
    0x00004e94   0x0000000a   Code   RO            2    i._Z16nrk_target_startv  nrk_cpu.o
    0x00004e9e   0x0000001e   Code   RO            3    i._Z16nrk_task_set_stkP9task_typePjt  nrk_cpu.o
    0x00004ebc   0x00000028   Code   RO         1881    i._Z16rf_polling_rx_onv  basic_rf.o
    0x00004ee4   0x00000028   Code   RO         1174    i._Z16set_ResistorModehhh  ulib.o
    0x00004f0c   0x0000000a   Code   RO          294    i._Z17_nrk_os_timer_getv  nrk_timer.o
    0x00004f16   0x00000002   PAD
    0x00004f18   0x00000074   Code   RO          949    i._Z17nrk_activate_taskP9task_type  nrk_task.o
    0x00004f8c   0x000000b8   Code   RO          950    i._Z17nrk_add_to_readyQa  nrk_task.o
    0x00005044   0x00000030   Code   RO          768    i._Z17nrk_signal_createv  nrk_events.o
    0x00005074   0x00000080   Code   RO            4    i._Z17nrk_task_stk_initPFvvEPjS1_  nrk_cpu.o
    0x000050f4   0x00000044   Code   RO          951    i._Z17nrk_wait_until_nwv  nrk_task.o
    0x00005138   0x0000002c   Code   RO         1885    i._Z17rf_set_cca_thresha  basic_rf.o
    0x00005164   0x00000024   Code   RO         1176    i._Z17set_OpenDrainModehhh  ulib.o
    0x00005188   0x00000016   Code   RO         2936    i._Z17tbc_post_downcastPvPKSt9type_infoP28a_base_class_traversal_blockPN10__cxxabiv122__base_class_type_infoE  cpprt_w.l(rtti.o)
    0x0000519e   0x00000002   PAD
    0x000051a0   0x00000040   Code   RO         1070    i._Z18_nrk_time_to_ticksP10nrk_time_t  nrk_time.o
    0x000051e0   0x00000094   Code   RO         2282    i._Z18nrk_create_tasksetv  main.o
    0x00005274   0x00000020   Code   RO         1887    i._Z18rf_auto_ack_enablev  basic_rf.o
    0x00005294   0x000000b0   Code   RO         1888    i._Z18rf_parse_rx_packetv  basic_rf.o
    0x00005344   0x00000020   Code   RO         1576    i._Z19_bmac_channel_checkv  bmac.o
    0x00005364   0x00000010   Code   RO          299    i._Z19_nrk_os_timer_resetv  nrk_timer.o
    0x00005374   0x0000000e   Code   RO          300    i._Z19_nrk_os_timer_startv  nrk_timer.o
    0x00005382   0x00000002   PAD
    0x00005384   0x0000000c   Code   RO         1577    i._Z19bmac_rx_pkt_releasev  bmac.o
    0x00005390   0x0000000a   Code   RO         1579    i._Z19bmac_set_cca_thresha  bmac.o
    0x0000539a   0x00000002   PAD
    0x0000539c   0x00000054   Code   RO          953    i._Z19nrk_rem_from_readyQa  nrk_task.o
    0x000053f0   0x00000028   Code   RO          770    i._Z19nrk_signal_registera  nrk_events.o
    0x00005418   0x00000020   Code   RO         1890    i._Z19rf_auto_ack_disablev  basic_rf.o
    0x00005438   0x0000000c   Code   RO          303    i._Z20_nrk_get_next_wakeupv  nrk_timer.o
    0x00005444   0x0000000a   Code   RO          304    i._Z20_nrk_set_next_wakeuph  nrk_timer.o
    0x0000544e   0x00000002   PAD
    0x00005450   0x0000000c   Code   RO          675    i._Z20nrk_kernel_error_addhh  nrk_error.o
    0x0000545c   0x00000044   Code   RO          955    i._Z20nrk_wait_until_tickst  nrk_task.o
    0x000054a0   0x0000000a   Code   RO         1583    i._Z21bmac_auto_ack_disablev  bmac.o
    0x000054aa   0x00000002   PAD
    0x000054ac   0x000000a8   Code   RO         2937    i._Z21traverse_base_classesPvPKSt9type_infoP28a_base_class_traversal_blockPN10__cxxabiv122__base_class_type_infoE  cpprt_w.l(rtti.o)
    0x00005554   0x00000020   Code   RO         1586    i._Z22bmac_rx_pkt_set_bufferPch  bmac.o
    0x00005574   0x00000034   Code   RO         1588    i._Z22bmac_wait_until_rx_pktv  bmac.o
    0x000055a8   0x00000078   Code   RO            5    i._Z22nrk_stack_pointer_initv  nrk_cpu.o
    0x00005620   0x00000016   Code   RO         1895    i._Z22rf_addr_decode_disablev  basic_rf.o
    0x00005636   0x00000002   PAD
    0x00005638   0x00000014   Code   RO         1053    i._Z23_nrk_wait_for_schedulerv  nrk_task.o
    0x0000564c   0x00000018   Code   RO         1592    i._Z23bmac_get_tx_done_signalv  bmac.o
    0x00005664   0x000000c0   Code   RO         2938    i._Z23find_base_class_at_addrPvS_PKSt9type_infoS2_Pi  cpprt_w.l(rtti.o)
    0x00005724   0x00000014   Code   RO          306    i._Z25_nrk_high_speed_timer_getv  nrk_timer.o
    0x00005738   0x00000032   Code   RO          307    i._Z25nrk_high_speed_timer_waittt  nrk_timer.o
    0x0000576a   0x00000002   PAD
    0x0000576c   0x00000070   Code   RO            6    i._Z25nrk_stack_pointer_restorev  nrk_cpu.o
    0x000057dc   0x0000000c   Code   RO          956    i._Z26nrk_get_high_ready_task_IDv  nrk_task.o
    0x000057e8   0x00000044   Code   RO          957    i._Z26nrk_wait_until_next_periodv  nrk_task.o
    0x0000582c   0x00000018   Code   RO          309    i._Z27_nrk_high_speed_timer_resetv  nrk_timer.o
    0x00005844   0x00000004   Code   RO            7    i._Z27nrk_task_set_entry_functionP9task_typePFvvE  nrk_cpu.o
    0x00005848   0x000001ec   Code   RO         2939    i._Z28derived_to_base_conversion_rPvPS_PKSt9type_infoS3_jPiiPS3_P19a_result_virtualityS4_  cpprt_w.l(rtti.o)
    0x00005a34   0x0000004c   Code   RO          958    i._Z29nrk_wait_until_next_n_periodst  nrk_task.o
    0x00005a80   0x00000024   Code   RO         1601    i._Z6_b_powh        bmac.o
    0x00005aa4   0x00000002   Code   RO         1127    i._Z7halWaitt       hal_wait.o
    0x00005aa6   0x00000002   PAD
    0x00005aa8   0x000000a0   Code   RO         1186    i._Z7initLEDv       ulib.o
    0x00005b48   0x00000050   Code   RO         1900    i._Z7rf_initP10RF_RX_INFOhtt  basic_rf.o
    0x00005b98   0x0000019c   Code   RO         2283    i._Z7rx_taskv       main.o
    0x00005d34   0x000001e4   Code   RO         2284    i._Z7tx_taskv       main.o
    0x00005f18   0x00000068   Code   RO         1602    i._Z8_bmac_rxv      bmac.o
    0x00005f80   0x000000c8   Code   RO         1603    i._Z8_bmac_txv      bmac.o
    0x00006048   0x00000020   Code   RO         2147    i._Z8mrf_initv      mrf24j40.o
    0x00006068   0x0000002a   Code   RO         2148    i._Z8mrf_rssiv      mrf24j40.o
    0x00006092   0x00000002   PAD
    0x00006094   0x000000ac   Code   RO          493    i._Z8nrk_initv      nrk.o
    0x00006140   0x00000054   Code   RO          959    i._Z8nrk_wait10nrk_time_t  nrk_task.o
    0x00006194   0x0000001c   Code   RO         1901    i._Z8rf_rx_onv      basic_rf.o
    0x000061b0   0x00000016   Code   RO         1187    i._Z9PORT_INITv     ulib.o
    0x000061c6   0x00000002   PAD
    0x000061c8   0x000000d0   Code   RO         1604    i._Z9bmac_inith     bmac.o
    0x00006298   0x0000009c   Code   RO         1189    i._Z9initDEBUGv     ulib.o
    0x00006334   0x000000de   Code   RO         2150    i._Z9mrf_resetv     mrf24j40.o
    0x00006412   0x00000002   PAD
    0x00006414   0x00000088   Code   RO          494    i._Z9nrk_startv     nrk.o
    0x0000649c   0x0000001c   Code   RO         1902    i._Z9rf_rx_offv     basic_rf.o
    0x000064b8   0x00000030   Code   RO         2789    i._ZN4mbed4Base5clearEPKcPc  mbed.ar(Base.cpp.lpc1768.arm.o)
    0x000064e8   0x00000038   Code   RO         2790    i._ZN4mbed4Base6lookupEPKcj  mbed.ar(Base.cpp.lpc1768.arm.o)
    0x00006520   0x00000040   Code   RO         2793    i._ZN4mbed4Base9list_objsEPKcPc  mbed.ar(Base.cpp.lpc1768.arm.o)
    0x00006560   0x00000020   Code   RO         3209    i._ZNKSt9type_infoeqERKS_  cpprt_w.l(type_info_eq.o)
    0x00006580   0x00000008   Code   RO         3185    i._ZdaPv            cpprt_w.l(array_del.o)
    0x00006588   0x00000008   Code   RO         2929    i._ZdlPv            cpprt_w.l(delete.o)
    0x00006590   0x00000020   Code   RO         2960    i.__ARM_common_get_typeid  cpprt_w.l(rtti.o)
    0x000065b0   0x00000028   Code   RO         3496    i.__ARM_fpclassify  m_ws.l(fpclassify.o)
    0x000065d8   0x00000070   Code   RO         2940    i.__derived_to_base_conversion  cpprt_w.l(rtti.o)
    0x00006648   0x000000b0   Code   RO         2941    i.__dynamic_cast    cpprt_w.l(rtti.o)
    0x000066f8   0x00000010   Code   RO         3526    i.__mathlib_dbl_underflow  m_ws.l(dunder.o)
    0x00006708   0x0000000a   Code   RO         3363    i.__mathlib_flt_underflow  m_ws.l(funder.o)
    0x00006712   0x00000010   Code   RO         3460    i.__mathlib_narrow  m_ws.l(narrow.o)
    0x00006722   0x00000002   PAD
    0x00006724   0x00000088   Code   RO         3461    i.__mathlib_tofloat  m_ws.l(narrow.o)
    0x000067ac   0x00000016   Code   RO         3513    i.__support_ldexp   m_ws.l(ldexp.o)
    0x000067c2   0x00000002   PAD
    0x000067c4   0x0000000c   Code   RO         2333    i.__user_setup_stackheap  stackheap.o
    0x000067d0   0x0000000e   Code   RO         2414    i._is_digit         c_w.l(__printf_wp.o)
    0x000067de   0x00000004   Code   RO          495    i._nrk_timer_tick   nrk.o
    0x000067e2   0x00000002   PAD
    0x000067e4   0x0000002c   Code   RO         2545    i._sys_close        mbed.ar(stdio.cpp.lpc1768.arm.o)
    0x00006810   0x00000028   Code   RO         2548    i._sys_flen         mbed.ar(stdio.cpp.lpc1768.arm.o)
    0x00006838   0x00000028   Code   RO         2549    i._sys_istty        mbed.ar(stdio.cpp.lpc1768.arm.o)
    0x00006860   0x00000184   Code   RO         2550    i._sys_open         mbed.ar(stdio.cpp.lpc1768.arm.o)
    0x000069e4   0x0000002c   Code   RO         2552    i._sys_seek         mbed.ar(stdio.cpp.lpc1768.arm.o)
    0x00006a10   0x00000054   Code   RO         2553    i._sys_write        mbed.ar(stdio.cpp.lpc1768.arm.o)
    0x00006a64   0x00000016   Code   RO         2781    i.exit              capi.ar(exit.c.lpc1768.arm.o)
    0x00006a7a   0x0000001a   Code   RO         2482    i.fputc             c_w.l(fputc.o)
    0x00006a94   0x00000058   Code   RO         3499    i.frexp             m_ws.l(frexp.o)
    0x00006aec   0x00000030   Code   RO         3238    i.gpio_output       capi.ar(gpio_api.c.lpc1768.arm.o)
    0x00006b1c   0x00000018   Code   RO         3240    i.gpio_write        capi.ar(gpio_api.c.lpc1768.arm.o)
    0x00006b34   0x0000007e   Code   RO         3514    i.ldexp             m_ws.l(ldexp.o)
    0x00006bb2   0x0000001a   Code   RO         2285    i.main              main.o
    0x00006bcc   0x00000078   Code   RO         3063    i.mbed_die          capi.ar(utils_api.c.lpc1768.arm.o)
    0x00006c44   0x00000038   Code   RO         3097    i.pin_function      capi.ar(pinmap.c.lpc1768.arm.o)
    0x00006c7c   0x00000038   Code   RO         3098    i.pin_mode          capi.ar(pinmap.c.lpc1768.arm.o)
    0x00006cb4   0x0000003c   Code   RO         3099    i.pinmap_merge      capi.ar(pinmap.c.lpc1768.arm.o)
    0x00006cf0   0x00000058   Code   RO         3100    i.pinmap_peripheral  capi.ar(pinmap.c.lpc1768.arm.o)
    0x00006d48   0x000000a4   Code   RO         3101    i.pinmap_pinout     capi.ar(pinmap.c.lpc1768.arm.o)
    0x00006dec   0x0000005a   Code   RO         3229    i.scalbnf           m_ws.l(scalbnf.o)
    0x00006e46   0x0000000c   Code   RO         3073    i.semihost_exit     capi.ar(semihost_api.c.lpc1768.arm.o)
    0x00006e52   0x00000002   PAD
    0x00006e54   0x00000100   Code   RO         2760    i.serial_baud       capi.ar(serial_api.c.lpc1768.arm.o)
    0x00006f54   0x00000094   Code   RO         2762    i.serial_format     capi.ar(serial_api.c.lpc1768.arm.o)
    0x00006fe8   0x000000e4   Code   RO         2765    i.serial_init       capi.ar(serial_api.c.lpc1768.arm.o)
    0x000070cc   0x0000000c   Code   RO         2767    i.serial_putc       capi.ar(serial_api.c.lpc1768.arm.o)
    0x000070d8   0x00000014   Code   RO         2352    i.timer_frequency   capi.ar(timer_api.c.lpc1768.arm.o)
    0x000070ec   0x00000070   Code   RO         2353    i.timer_init        capi.ar(timer_api.c.lpc1768.arm.o)
    0x0000715c   0x00000004   Code   RO         2354    i.timer_read        capi.ar(timer_api.c.lpc1768.arm.o)
    0x00007160   0x0000000c   Code   RO         2355    i.timer_start       capi.ar(timer_api.c.lpc1768.arm.o)
    0x0000716c   0x00000038   Code   RO         2348    i.us_ticker_read    capi.ar(us_ticker_api.c.lpc1768.arm.o)
    0x000071a4   0x0000001c   Code   RO         2343    i.wait_ms           capi.ar(wait_api.c.lpc1768.arm.o)
    0x000071c0   0x00000016   Code   RO         2344    i.wait_us           capi.ar(wait_api.c.lpc1768.arm.o)
    0x000071d6   0x00000002   PAD
    0x000071d8   0x0000002c   Code   RO         3411    locale$$code        c_w.l(lc_numeric_c.o)
    0x00007204   0x0000002c   Code   RO         3478    locale$$code        c_w.l(lc_ctype_c.o)
    0x00007230   0x00000062   Code   RO         3488    x$fpl$d2f           fz_ws.l(d2f.o)
    0x00007292   0x00000002   PAD
    0x00007294   0x00000010   Code   RO         3524    x$fpl$dcheck1       fz_ws.l(dcheck1.o)
    0x000072a4   0x00000018   Code   RO         3504    x$fpl$dcmpinf       fz_ws.l(dcmpi.o)
    0x000072bc   0x00000078   Code   RO         3490    x$fpl$deqf          fz_ws.l(deqf.o)
    0x00007334   0x00000078   Code   RO         3506    x$fpl$dleqf         fz_ws.l(dleqf.o)
    0x000073ac   0x0000009c   Code   RO         2534    x$fpl$dnaninf       fz_ws.l(dnaninf.o)
    0x00007448   0x0000006c   Code   RO         3492    x$fpl$drleqf        fz_ws.l(drleqf.o)
    0x000074b4   0x000000c4   Code   RO         3212    x$fpl$fadd          fz_ws.l(faddsub_clz.o)
    0x00007578   0x0000000c   Code   RO         3449    x$fpl$fcheck1       fz_ws.l(fcheck1.o)
    0x00007584   0x00000184   Code   RO         3219    x$fpl$fdiv          fz_ws.l(fdiv.o)
    0x00007708   0x00000036   Code   RO         3222    x$fpl$ffix          fz_ws.l(ffix.o)
    0x0000773e   0x00000002   PAD
    0x00007740   0x00000030   Code   RO         2458    x$fpl$fflt          fz_ws.l(fflt_clz.o)
    0x00007770   0x00000026   Code   RO         2457    x$fpl$ffltu         fz_ws.l(fflt_clz.o)
    0x00007796   0x00000002   PAD
    0x00007798   0x00000102   Code   RO         2463    x$fpl$fmul          fz_ws.l(fmul.o)
    0x0000789a   0x0000008c   Code   RO         2538    x$fpl$fnaninf       fz_ws.l(fnaninf.o)
    0x00007926   0x0000000a   Code   RO         2540    x$fpl$fretinf       fz_ws.l(fretinf.o)
    0x00007930   0x000000ea   Code   RO         3214    x$fpl$fsub          fz_ws.l(faddsub_clz.o)
    0x00007a1a   0x00000004   Code   RO         3353    x$fpl$printf1       fz_ws.l(printf1.o)
    0x00007a1e   0x00000004   Code   RO         3355    x$fpl$printf2       fz_ws.l(printf2.o)
    0x00007a22   0x00000064   Code   RO         3494    x$fpl$retnan        fz_ws.l(retnan.o)
    0x00007a86   0x0000005c   Code   RO         3508    x$fpl$scalbn        fz_ws.l(scalbn.o)
    0x00007ae2   0x0000004c   Code   RO         3361    x$fpl$scalbnf       fz_ws.l(scalbnf.o)
    0x00007b2e   0x00000004   Code   RO         3226    x$fpl$scanf1        fz_ws.l(scanf1.o)
    0x00007b32   0x00000008   Code   RO         3454    x$fpl$scanf2        fz_ws.l(scanf2.o)
    0x00007b3a   0x00000030   Code   RO         3510    x$fpl$trapveneer    fz_ws.l(trapv.o)
    0x00007b6a   0x00000000   Code   RO         2542    x$fpl$usenofp       fz_ws.l(usenofp.o)
    0x00007b6a   0x00000028   Data   RO         2402    .constdata          c_w.l(_printf_hex_int_ll_ptr.o)
    0x00007b92   0x00000011   Data   RO         2422    .constdata          c_w.l(__printf_flags_ss_wp.o)
    0x00007ba3   0x00000017   Data   RO         2604    .constdata          mbed.ar(stdio.cpp.lpc1768.arm.o)
    0x00007bba   0x00000002   PAD
    0x00007bbc   0x00000154   Data   RO         2770    .constdata          capi.ar(serial_api.c.lpc1768.arm.o)
    0x00007d10   0x00000018   Data   RO         2816    .constdata          mbed.ar(Base.cpp.lpc1768.arm.o)
    0x00007d28   0x00000008   Data   RO         3274    .constdata          c_w.l(_printf_wctomb.o)
    0x00007d30   0x00000026   Data   RO         3381    .constdata          c_w.l(_printf_fp_hex.o)
    0x00007d56   0x00000002   PAD
    0x00007d58   0x00000094   Data   RO         3386    .constdata          c_w.l(bigflt0.o)
    0x00007dec   0x0000000c   Data   RO         3047    .constdata__ZTIN10__cxxabiv117__class_type_infoE  cpprt_w.l(lib_rtti_impl.o)
    0x00007df8   0x0000000c   Data   RO         3048    .constdata__ZTIN10__cxxabiv120__si_class_type_infoE  cpprt_w.l(lib_rtti_impl.o)
    0x00007e04   0x0000000c   Data   RO         3049    .constdata__ZTIN10__cxxabiv121__vmi_class_type_infoE  cpprt_w.l(lib_rtti_impl.o)
    0x00007e10   0x00000008   Data   RO         2635    .constdata__ZTIN4mbed10FileHandleE  mbed.ar(stdio.cpp.lpc1768.arm.o)
    0x00007e18   0x0000000c   Data   RO         2634    .constdata__ZTIN4mbed14FileSystemLikeE  mbed.ar(stdio.cpp.lpc1768.arm.o)
    0x00007e24   0x00000008   Data   RO         2841    .constdata__ZTIN4mbed4BaseE  mbed.ar(Base.cpp.lpc1768.arm.o)
    0x00007e2c   0x00000020   Data   RO         2633    .constdata__ZTIN4mbed8FileLikeE  mbed.ar(stdio.cpp.lpc1768.arm.o)
    0x00007e4c   0x00000008   Data   RO         3207    .constdata__ZTISt9type_info  cpprt_w.l(type_info_dtor.o)
    0x00007e54   0x00000022   Data   RO         3057    .constdata__ZTSN10__cxxabiv117__class_type_infoE  cpprt_w.l(lib_rtti_impl.o)
    0x00007e76   0x00000025   Data   RO         3058    .constdata__ZTSN10__cxxabiv120__si_class_type_infoE  cpprt_w.l(lib_rtti_impl.o)
    0x00007e9b   0x00000026   Data   RO         3059    .constdata__ZTSN10__cxxabiv121__vmi_class_type_infoE  cpprt_w.l(lib_rtti_impl.o)
    0x00007ec1   0x00000014   Data   RO         2638    .constdata__ZTSN4mbed10FileHandleE  mbed.ar(stdio.cpp.lpc1768.arm.o)
    0x00007ed5   0x00000018   Data   RO         2637    .constdata__ZTSN4mbed14FileSystemLikeE  mbed.ar(stdio.cpp.lpc1768.arm.o)
    0x00007eed   0x0000000d   Data   RO         2845    .constdata__ZTSN4mbed4BaseE  mbed.ar(Base.cpp.lpc1768.arm.o)
    0x00007efa   0x00000011   Data   RO         2636    .constdata__ZTSN4mbed8FileLikeE  mbed.ar(stdio.cpp.lpc1768.arm.o)
    0x00007f0b   0x0000000d   Data   RO         3208    .constdata__ZTSSt9type_info  cpprt_w.l(type_info_dtor.o)
    0x00007f18   0x00000010   Data   RO         3032    .constdata__ZTVN10__cxxabiv117__class_type_infoE  cpprt_w.l(lib_rtti_impl.o)
    0x00007f28   0x00000010   Data   RO         3034    .constdata__ZTVN10__cxxabiv120__si_class_type_infoE  cpprt_w.l(lib_rtti_impl.o)
    0x00007f38   0x00000010   Data   RO         3036    .constdata__ZTVN10__cxxabiv121__vmi_class_type_infoE  cpprt_w.l(lib_rtti_impl.o)
    0x00007f48   0x0000000e   Data   RO         2818    .conststring        mbed.ar(Base.cpp.lpc1768.arm.o)
    0x00007f56   0x00000005   Data   RO         2819    .conststring        mbed.ar(Base.cpp.lpc1768.arm.o)
    0x00007f5b   0x00000001   PAD
    0x00007f5c   0x00000020   Data   RO         3529    Region$$Table       anon$$obj.o
    0x00007f7c   0x00000008   Data   RO         3451    c$$dinf             fz_ws.l(fpconst.o)
    0x00007f84   0x0000001c   Data   RO         3410    locale$$data        c_w.l(lc_numeric_c.o)
    0x00007fa0   0x00000110   Data   RO         3477    locale$$data        c_w.l(lc_ctype_c.o)


    Execution Region RW_IRAM1 (Base: 0x10000000, Size: 0x00000c2c, Max: 0x00008000, ABSOLUTE, COMPRESSED[0x00000014])

    Base Addr    Size         Type   Attr      Idx    E Section Name        Object

    0x10000000   0x000000c4   Data   RW         2339    .ARM.__AT_0x10000000  cmsis_nvic.o
    0x100000c4   0x00000002   Data   RW          333    .data               nrk_timer.o
    0x100000c6   0x00000002   PAD
    0x100000c8   0x00000004   Data   RW          506    .data               nrk.o
    0x100000cc   0x00000001   Data   RW          507    .data               nrk.o
    0x100000cd   0x00000003   PAD
    0x100000d0   0x00000014   Data   RW          508    .data               nrk.o
    0x100000e4   0x00000008   Data   RW          511    .data               nrk.o
    0x100000ec   0x00000002   Data   RW          689    .data               nrk_error.o
    0x100000ee   0x00000002   PAD
    0x100000f0   0x00000004   Data   RW          787    .data               nrk_events.o
    0x100000f4   0x00000008   Data   RW          889    .data               nrk_scheduler.o
    0x100000fc   0x00000018   Data   RW         1646    .data               bmac.o
    0x10000114   0x00000006   Data   RW         1942    .data               basic_rf.o
    0x1000011a   0x00000004   Data   RW         2173    .data               mrf24j40.o
    0x1000011e   0x00000002   PAD
    0x10000120   0x00000020   Data   RW         2291    .data               main.o
    0x10000140   0x00000004   Data   RW         2330    .data               system_LPC17xx.o
    0x10000144   0x00000004   Data   RW         2349    .data               capi.ar(us_ticker_api.c.lpc1768.arm.o)
    0x10000148   0x00000004   Data   RW         2433    .data               c_w.l(stdio_streams.o)
    0x1000014c   0x00000004   Data   RW         2434    .data               c_w.l(stdio_streams.o)
    0x10000150   0x00000004   Data   RW         2435    .data               c_w.l(stdio_streams.o)
    0x10000154   0x00000008   Data   RW         2820    .data               mbed.ar(Base.cpp.lpc1768.arm.o)
    0x1000015c   0x0000000c   Data   RW         2821    .data               mbed.ar(Base.cpp.lpc1768.arm.o)
    0x10000168   0x00000004   Data   RW         3177    .data               c_w.l(heapauxa.o)
    0x1000016c   0x00000080   Zero   RW          504    .bss                nrk.o
    0x100001ec   0x0000016c   Zero   RW          505    .bss                nrk.o
    0x10000358   0x00000148   Zero   RW         1645    .bss                bmac.o
    0x100004a0   0x0000000c   Zero   RW         1941    .bss                basic_rf.o
    0x100004ac   0x0000053e   Zero   RW         2290    .bss                main.o
    0x100009ea   0x00000002   PAD
    0x100009ec   0x00000054   Zero   RW         2430    .bss                c_w.l(stdio_streams.o)
    0x10000a40   0x00000054   Zero   RW         2431    .bss                c_w.l(stdio_streams.o)
    0x10000a94   0x00000054   Zero   RW         2432    .bss                c_w.l(stdio_streams.o)
    0x10000ae8   0x000000e4   Zero   RW         2438    .bss                c_w.l(rand.o)
    0x10000bcc   0x00000040   Zero   RW         2603    .bss                mbed.ar(stdio.cpp.lpc1768.arm.o)
    0x10000c0c   0x00000004   Zero   RW         2867    .bss                c_w.l(rt_heap_descriptor.o)
    0x10000c10   0x00000004   Zero   RW         3257    .bss                c_w.l(rt_errno_addr.o)
    0x10000c14   0x00000014   Zero   RW         3368    .bss                c_w.l(rt_locale.o)
    0x10000c28   0x00000004   Zero   RW         3467    .bss                c_w.l(rt_eh_globals_addr.o)


    Execution Region RW_IRAM2 (Base: 0x2007c000, Size: 0x00000000, Max: 0x00004000, ABSOLUTE)

    **** No section assigned to this execution region ****


    Execution Region RW_IRAM3 (Base: 0x20080000, Size: 0x00000000, Max: 0x00004000, ABSOLUTE)

    **** No section assigned to this execution region ****


    Execution Region RW_IRAM4 (Base: 0x40038000, Size: 0x00000000, Max: 0x00000800, ABSOLUTE)

    **** No section assigned to this execution region ****


==============================================================================

Image component sizes


      Code (inc. data)   RO Data    RW Data    ZI Data      Debug   Object Name

       998        106          0          6         12      12570   basic_rf.o
      1146        264          0         24        328      12406   bmac.o
         0          0          0        196          0          0   cmsis_nvic.o
         2          0          0          0          0        446   hal_wait.o
      1070        322          0         32       1342       4337   main.o
      1074         70          0          4          0       9361   mrf24j40.o
       120         14          0          0          0        276   my_asm.o
       708         36          0         33        492       5701   nrk.o
       404         26          0          0          0      36762   nrk_cpu.o
        48         18          0          2          0       2479   nrk_error.o
       284         32          0          4          0       2717   nrk_events.o
        32          6          0          0          0        512   nrk_idle_task.o
       660         40          0          8          0       1450   nrk_scheduler.o
         2          0          0          0          0        450   nrk_stack_check.o
       792         86          0          0          0       7650   nrk_task.o
       132         16          0          0          0       2333   nrk_time.o
       388         38          0          2          0      12825   nrk_timer.o
        12          4          0          0          0         60   stackheap.o
        40         12        196          0          0        220   startup_LPC17xx.o
       120         10          0          4          0         60   system_LPC17xx.o
      1006         38          0          0          0      12143   ulib.o

    ----------------------------------------------------------------------
      9078       1138        228        324       2176     124758   Object Totals
         0          0         32          0          0          0   (incl. Generated)
        40          0          0          9          2          0   (incl. Padding)

    ----------------------------------------------------------------------

      Code (inc. data)   RO Data    RW Data    ZI Data      Debug   Library Member Name

        24          4          0          0          0         84   __2printf.o
        44          6          0          0          0         84   __2sprintf.o
        58          0          0          0          0          0   __dczerorl.o
         8          0          0          0          0         68   __main.o
       396          6         17          0          0         92   __printf_flags_ss_wp.o
        14          0          0          0          0         68   __printf_wp.o
        52          8          0          0          0          0   __scatter.o
        28          0          0          0          0          0   __scatter_zi.o
        28          0          0          0          0         68   _chval.o
        60          0          0          0          0         92   _mbrtowc.o
         6          0          0          0          0          0   _printf_a.o
         6          0          0          0          0          0   _printf_c.o
        44          0          0          0          0        108   _printf_char.o
        48          6          0          0          0         96   _printf_char_common.o
        36          4          0          0          0         80   _printf_char_file.o
        42          0          0          0          0         68   _printf_charcount.o
         6          0          0          0          0          0   _printf_d.o
       120         18          0          0          0         92   _printf_dec.o
         6          0          0          0          0          0   _printf_e.o
         6          0          0          0          0          0   _printf_f.o
      1056          0          0          0          0        216   _printf_fp_dec.o
       768          8         38          0          0        100   _printf_fp_hex.o
       128         16          0          0          0         84   _printf_fp_infnan.o
         6          0          0          0          0          0   _printf_g.o
       156          6         40          0          0        160   _printf_hex_int_ll_ptr.o
         6          0          0          0          0          0   _printf_i.o
       184          0          0          0          0         88   _printf_intcommon.o
        10          0          0          0          0          0   _printf_l.o
         6          0          0          0          0          0   _printf_lc.o
        10          0          0          0          0          0   _printf_ll.o
         6          0          0          0          0          0   _printf_lld.o
         6          0          0          0          0          0   _printf_lli.o
         6          0          0          0          0          0   _printf_llo.o
         6          0          0          0          0          0   _printf_llu.o
         6          0          0          0          0          0   _printf_llx.o
       120         16          0          0          0         92   _printf_longlong_dec.o
         6          0          0          0          0          0   _printf_ls.o
         6          0          0          0          0          0   _printf_n.o
         6          0          0          0          0          0   _printf_o.o
       120          8          0          0          0        124   _printf_oct_int_ll.o
         6          0          0          0          0          0   _printf_p.o
        82          0          0          0          0        108   _printf_pad.o
         0          0          0          0          0          0   _printf_percent.o
         4          0          0          0          0          0   _printf_percent_end.o
         6          0          0          0          0          0   _printf_s.o
        82          0          0          0          0         80   _printf_str.o
        36          0          0          0          0         84   _printf_truncate.o
         6          0          0          0          0          0   _printf_u.o
        44          0          0          0          0        108   _printf_wchar.o
       188          6          8          0          0         92   _printf_wctomb.o
         6          0          0          0          0          0   _printf_x.o
        22          0          0          0          0        100   _rserrno.o
       880          4          0          0          0        100   _scanf.o
       336          0          0          0          0         96   _scanf_int.o
       342          0          0          0          0        100   _scanf_longlong.o
       272          0          0          0          0        100   _scanf_mbtowc.o
       218          0          0          0          0         96   _scanf_str.o
        30          0          0          0          0         76   _scanf_wcharmap.o
       226          0          0          0          0        100   _scanf_wctomb.o
       202          0          0          0          0         96   _scanf_wstr.o
        64          0          0          0          0         84   _sgetc.o
        10          0          0          0          0         68   _sputc.o
        64          0          0          0          0         92   _wcrtomb.o
        16          0          0          0          0         72   abort.o
       124         40          0          0          0         76   assert.o
        24          6          0          0          0         80   assert_stdio.o
       228          6        148          0          0         96   bigflt0.o
      2074        132          0          0          0        940   btod.o
        48         34          0          0          0         76   defsig_abrt_inner.o
        14          0          0          0          0         80   defsig_abrt_outer.o
        10          0          0          0          0         68   defsig_exit.o
        50          0          0          0          0         88   defsig_general.o
        80         58          0          0          0         76   defsig_rtmem_inner.o
        14          0          0          0          0         80   defsig_rtmem_outer.o
        52         38          0          0          0         76   defsig_rtred_inner.o
        14          0          0          0          0         80   defsig_rtred_outer.o
        76          0          0          0          0         88   fclose.o
         8          0          0          0          0         68   ferror.o
       100          4          0          0          0        120   fflush.o
       478          0          0          0          0         88   flsbuf.o
       236          4          0          0          0        128   fopen.o
        20          0          0          0          0         84   fprintf.o
        26          0          0          0          0         68   fputc.o
        34          0          0          0          0         80   fputs.o
       248          6          0          0          0         84   fseek.o
        70          0          0          0          0         76   ftell.o
        94          0          0          0          0         80   h1_alloc.o
        52          0          0          0          0         68   h1_extend.o
        78          0          0          0          0         80   h1_free.o
        14          0          0          0          0         84   h1_init.o
        80          6          0          4          0         96   heapauxa.o
         4          0          0          0          0        136   hguard.o
         0          0          0          0          0          0   indicate_semi.o
       138          0          0          0          0        168   init_alloc.o
       312         46          0          0          0        112   initio.o
        18          0          0          0          0         76   isspace.o
        44         10        272          0          0         76   lc_ctype_c.o
        44         10         28          0          0         76   lc_numeric_c.o
         2          0          0          0          0          0   libinit.o
        46          0          0          0          0          0   libinit2.o
         0          0          0          0          0          0   libshutdown2.o
        38          0          0          0          0         68   llshl.o
       138          0          0          0          0         80   lludiv10.o
       238          0          0          0          0        100   lludivv7m.o
         0          0          0          0          0          0   maybetermalloc1.o
       112         18          0          0        228        160   rand.o
        16          4          0          0          0         76   rt_ctype_table.o
         8          4          0          0          4         68   rt_eh_globals_addr.o
         8          4          0          0          4         68   rt_errno_addr.o
         8          4          0          0          4         68   rt_heap_descriptor.o
         8          4          0          0         20         68   rt_locale.o
        78          0          0          0          0         80   rt_memclr_w.o
         0          0          0          0          0          0   rtentry.o
        12          0          0          0          0          0   rtentry2.o
         6          0          0          0          0          0   rtentry4.o
        44          8          0          0          0         84   scanf_char.o
      1188         12          0          0          0        148   scanf_fp.o
       788         12          0          0          0        100   scanf_hexfp.o
       316         18          0          0          0        100   scanf_infnan.o
        70          0          0          0          0         80   setvbuf.o
        44          6          0          0          0         84   sprintf.o
        60          8          0          0          0         84   sscanf.o
       240          6          0          0          0        156   stdio.o
         0          0          0         12        252          0   stdio_streams.o
       128          0          0          0          0         68   strcmpv7m.o
        62          0          0          0          0         76   strlen.o
       150          0          0          0          0         80   strncmp.o
        12          4          0          0          0         68   sys_exit.o
        14          0          0          0          0         76   sys_wrch.o
         2          0          0          0          0         68   use_no_semi.o
        22          0          0          0          0         76   exit.c.lpc1768.arm.o
        72          0          0          0          0        132   gpio_api.c.lpc1768.arm.o
       424        100          0          0          0        332   pinmap.c.lpc1768.arm.o
        12          0          0          0          0         68   semihost_api.c.lpc1768.arm.o
       644        110        340          0          0        280   serial_api.c.lpc1768.arm.o
       148         16          0          0          0        240   timer_api.c.lpc1768.arm.o
        56         12          0          4          0         80   us_ticker_api.c.lpc1768.arm.o
       120          6          0          0          0         76   utils_api.c.lpc1768.arm.o
        50          0          0          0          0        144   wait_api.c.lpc1768.arm.o
         4          0          0          0          0         72   arm_bad_typeid_noexceptions.o
        80         12          0          0          0        104   arm_exceptions_globs.o
        60          0          0          0          0        108   arm_exceptions_mem.o
        26          0          0          0          0         76   arm_exceptions_terminate.o
         8          0          0          0          0         76   array_del.o
         8          0          0          0          0         76   delete.o
         0          0        193          0          0          0   lib_rtti_impl.o
      1264         44          0          0          0        716   rtti.o
         0          0         21          0          0          0   type_info_dtor.o
        32          0          0          0          0         80   type_info_eq.o
        98          4          0          0          0         92   d2f.o
        16          4          0          0          0         68   dcheck1.o
        24          0          0          0          0         68   dcmpi.o
       120          4          0          0          0         92   deqf.o
       120          4          0          0          0         92   dleqf.o
       156          4          0          0          0         92   dnaninf.o
       108          0          0          0          0         80   drleqf.o
       430          8          0          0          0        168   faddsub_clz.o
        12          4          0          0          0         68   fcheck1.o
       388         76          0          0          0         96   fdiv.o
        54          4          0          0          0         84   ffix.o
        86          0          0          0          0        136   fflt_clz.o
       258          4          0          0          0         84   fmul.o
       140          4          0          0          0         84   fnaninf.o
         0          0          8          0          0          0   fpconst.o
        10          0          0          0          0         68   fretinf.o
         4          0          0          0          0         68   printf1.o
         4          0          0          0          0         68   printf2.o
       100          0          0          0          0         68   retnan.o
        92          0          0          0          0         68   scalbn.o
        76          0          0          0          0         68   scalbnf.o
         4          0          0          0          0         68   scanf1.o
         8          0          0          0          0         84   scanf2.o
        48          0          0          0          0         68   trapv.o
         0          0          0          0          0          0   usenofp.o
        16          6          0          0          0         68   dunder.o
        40          0          0          0          0         68   fpclassify.o
        88          8          0          0          0         76   frexp.o
        10          0          0          0          0         68   funder.o
       148          0          0          0          0        160   ldexp.o
       152          4          0          0          0        160   narrow.o
        90          0          0          0          0         76   scalbnf.o
       168         20         64         20          0        216   Base.cpp.lpc1768.arm.o
       640         68        136          0         64        404   stdio.cpp.lpc1768.arm.o

    ----------------------------------------------------------------------
     22320       1156       1318         40        576      15340   Library Totals
        48          2          5          0          0          0   (incl. Padding)

    ----------------------------------------------------------------------

      Code (inc. data)   RO Data    RW Data    ZI Data      Debug   Library Name

     15534        628        551         16        512       9376   c_w.l
      1548        244        340          4          0       1428   capi.ar
      1482         56        214          0          0       1308   cpprt_w.l
      2356        120          8          0          0       1932   fz_ws.l
       544         18          0          0          0        676   m_ws.l
       808         88        200         20         64        620   mbed.ar

    ----------------------------------------------------------------------
     22320       1156       1318         40        576      15340   Library Totals

    ----------------------------------------------------------------------

==============================================================================


      Code (inc. data)   RO Data    RW Data    ZI Data      Debug   

     31398       2294       1546        364       2752     124870   Grand Totals
     31398       2294       1546         20       2752     124870   ELF Image Totals (compressed)
     31398       2294       1546         20          0          0   ROM Totals

==============================================================================

    Total RO  Size (Code + RO Data)                32944 (  32.17kB)
    Total RW  Size (RW Data + ZI Data)              3116 (   3.04kB)
    Total ROM Size (Code + RO Data + RW Data)      32964 (  32.19kB)

==============================================================================

