<html>
<body>
<pre>
<h1>µVision Build Log</h1>
<h2>Project:</h2>
S:\MRK-master\MRK-master\mRKv2.0\MRK.uvproj
Project File Date:  11/02/2012

<h2>Output:</h2>
Rebuild target 'mbed NXP LPC1768'
compiling nrk_cpu.cpp...
compiling nrk_status.cpp...
compiling nrk_timer.cpp...
mrk_uvision_lpc1768\mrk\NanoRk\src\kernel\hal\LPC1768\nrk_timer.cpp(177): warning:  #191-D: type qualifier is meaningless on cast type
mrk_uvision_lpc1768\mrk\NanoRk\src\kernel\hal\LPC1768\nrk_timer.cpp(298): warning:  #191-D: type qualifier is meaningless on cast type
compiling nrk_watchdog.cpp...
compiling nrk.cpp...
compiling nrk_error.cpp...
mrk_uvision_lpc1768\mrk\NanoRk\src\kernel\source\nrk_error.cpp(165): warning:  #177-D: variable "i" was declared but never referenced
compiling nrk_events.cpp...
mrk_uvision_lpc1768\mrk\NanoRk\src\kernel\source\nrk_events.cpp(279): warning:  #177-D: variable "task_ID" was declared but never referenced
compiling nrk_idle_task.cpp...
mrk_uvision_lpc1768\mrk\NanoRk\src\kernel\source\nrk_idle_task.cpp(39): warning:  #177-D: variable "stkc" was declared but never referenced
compiling nrk_reserve.cpp...
compiling nrk_scheduler.cpp...
compiling nrk_stack_check.cpp...
compiling nrk_stats.cpp...
compiling nrk_task.cpp...
mrk_uvision_lpc1768\mrk\NanoRk\src\kernel\source\nrk_task.cpp(230): warning:  #550-D: variable "rtype" was set but never used
mrk_uvision_lpc1768\mrk\NanoRk\src\kernel\source\nrk_task.cpp(524): warning:  #191-D: type qualifier is meaningless on cast type
compiling nrk_time.cpp...
compiling hal_wait.cpp...
compiling ulib.cpp...
mrk_uvision_lpc1768\mrk\NanoRk\src\platform\mbed\source\ulib.cpp(338): warning:  #9-D: nested comment is not allowed
mrk_uvision_lpc1768\mrk\NanoRk\src\platform\mbed\source\ulib.cpp(606): warning:  #111-D: statement is unreachable
mrk_uvision_lpc1768\mrk\NanoRk\src\platform\mbed\source\ulib.cpp(657): warning:  #940-D: missing return statement at end of non-void function "nrk_get_button"
mrk_uvision_lpc1768\mrk\NanoRk\src\platform\mbed\source\ulib.cpp(826): warning: C4017W: uClk may be used before being set
assembling my_asm.s...
mrk_uvision_lpc1768\mrk\my_asm.s(93): warning: A1581W: Added 2 bytes of padding at address 0x6a
compiling adc_driver.cpp...
mrk_uvision_lpc1768\mrk\NanoRk\src\drivers\platform\mbed\adc_driver.cpp(69): warning:  #68-D: integer conversion resulted in a change of sign
mrk_uvision_lpc1768\mrk\NanoRk\src\drivers\platform\mbed\adc_driver.cpp(73): warning:  #68-D: integer conversion resulted in a change of sign
mrk_uvision_lpc1768\mrk\NanoRk\src\drivers\platform\mbed\adc_driver.cpp(76): warning:  #68-D: integer conversion resulted in a change of sign
mrk_uvision_lpc1768\mrk\NanoRk\src\drivers\platform\mbed\adc_driver.cpp(96): warning:  #68-D: integer conversion resulted in a change of sign
mrk_uvision_lpc1768\mrk\NanoRk\src\drivers\platform\mbed\adc_driver.cpp(105): warning:  #68-D: integer conversion resulted in a change of sign
compiling ff_basic_sensor.cpp...
mrk_uvision_lpc1768\mrk\NanoRk\src\drivers\platform\mbed\ff_basic_sensor.cpp(68): warning:  #68-D: integer conversion resulted in a change of sign
mrk_uvision_lpc1768\mrk\NanoRk\src\drivers\platform\mbed\ff_basic_sensor.cpp(82): warning:  #68-D: integer conversion resulted in a change of sign
mrk_uvision_lpc1768\mrk\NanoRk\src\drivers\platform\mbed\ff_basic_sensor.cpp(86): warning:  #68-D: integer conversion resulted in a change of sign
mrk_uvision_lpc1768\mrk\NanoRk\src\drivers\platform\mbed\ff_basic_sensor.cpp(89): warning:  #68-D: integer conversion resulted in a change of sign
mrk_uvision_lpc1768\mrk\NanoRk\src\drivers\platform\mbed\ff_basic_sensor.cpp(170): warning:  #68-D: integer conversion resulted in a change of sign
mrk_uvision_lpc1768\mrk\NanoRk\src\drivers\platform\mbed\ff_basic_sensor.cpp(193): warning:  #68-D: integer conversion resulted in a change of sign
mrk_uvision_lpc1768\mrk\NanoRk\src\drivers\platform\mbed\ff_basic_sensor.cpp(209): warning:  #68-D: integer conversion resulted in a change of sign
mrk_uvision_lpc1768\mrk\NanoRk\src\drivers\platform\mbed\ff_basic_sensor.cpp(265): warning:  #1-D: last line of file ends without a newline
compiling nrk_driver.cpp...
mrk_uvision_lpc1768\mrk\NanoRk\src\kernel\source\nrk_driver.cpp(141): warning:  #186-D: pointless comparison of unsigned integer with zero
compiling bmac.cpp...
mrk_uvision_lpc1768\mrk\NanoRk\src\net\bmac\bmac.cpp(461): warning:  #550-D: variable "result" was set but never used
mrk_uvision_lpc1768\mrk\NanoRk\src\net\bmac\bmac.cpp(502): warning:  #177-D: variable "result" was declared but never referenced
mrk_uvision_lpc1768\mrk\NanoRk\src\net\bmac\bmac.cpp(554): warning:  #550-D: variable "e" was set but never used
mrk_uvision_lpc1768\mrk\NanoRk\src\net\bmac\bmac.cpp(555): warning:  #177-D: variable "backoff" was declared but never referenced
mrk_uvision_lpc1768\mrk\NanoRk\src\net\bmac\bmac.cpp(803): warning:  #1-D: last line of file ends without a newline
mrk_uvision_lpc1768\mrk\NanoRk\src\net\bmac\bmac.cpp(66): warning:  #550-D: variable "g_chan" was set but never used
mrk_uvision_lpc1768\mrk\NanoRk\src\net\bmac\bmac.cpp(72): warning:  #550-D: variable "tx_reserve" was set but never used
compiling basic_rf.cpp...
mrk_uvision_lpc1768\mrk\NanoRk\src\radio\mrf24j40\source\basic_rf.cpp(336): warning:  #61-D: integer operation result is out of range
mrk_uvision_lpc1768\mrk\NanoRk\src\radio\mrf24j40\source\basic_rf.cpp(336): warning:  #68-D: integer conversion resulted in a change of sign
compiling MRF24J40.cpp...
compiling main.cpp...
mrk_uvision_lpc1768\mrk\NanoRk\Projects\basic_sensors\main.cpp(102): warning:  #1-D: last line of file ends without a newline
linking...
Program Size: Code=28092 RO-data=1576 RW-data=328 ZI-data=1408  
After Build - User command #1: fromelf --bin -o E:\MRK.bin .\build\MRK.axf
".\build\MRK.axf" - 0 Errors, 36 Warning(s).
Rebuild target 'mbed NXP LPC1768'
compiling nrk_cpu.cpp...
compiling nrk_status.cpp...
compiling nrk_timer.cpp...
mrk_uvision_lpc1768\mrk\NanoRk\src\kernel\hal\LPC1768\nrk_timer.cpp(177): warning:  #191-D: type qualifier is meaningless on cast type
mrk_uvision_lpc1768\mrk\NanoRk\src\kernel\hal\LPC1768\nrk_timer.cpp(298): warning:  #191-D: type qualifier is meaningless on cast type
compiling nrk_watchdog.cpp...
compiling nrk.cpp...
compiling nrk_error.cpp...
mrk_uvision_lpc1768\mrk\NanoRk\src\kernel\source\nrk_error.cpp(165): warning:  #177-D: variable "i" was declared but never referenced
compiling nrk_events.cpp...
mrk_uvision_lpc1768\mrk\NanoRk\src\kernel\source\nrk_events.cpp(279): warning:  #177-D: variable "task_ID" was declared but never referenced
compiling nrk_idle_task.cpp...
mrk_uvision_lpc1768\mrk\NanoRk\src\kernel\source\nrk_idle_task.cpp(39): warning:  #177-D: variable "stkc" was declared but never referenced
compiling nrk_reserve.cpp...
compiling nrk_scheduler.cpp...
compiling nrk_stack_check.cpp...
compiling nrk_stats.cpp...
compiling nrk_task.cpp...
mrk_uvision_lpc1768\mrk\NanoRk\src\kernel\source\nrk_task.cpp(230): warning:  #550-D: variable "rtype" was set but never used
mrk_uvision_lpc1768\mrk\NanoRk\src\kernel\source\nrk_task.cpp(524): warning:  #191-D: type qualifier is meaningless on cast type
compiling nrk_time.cpp...
compiling hal_wait.cpp...
compiling ulib.cpp...
mrk_uvision_lpc1768\mrk\NanoRk\src\platform\mbed\source\ulib.cpp(338): warning:  #9-D: nested comment is not allowed
mrk_uvision_lpc1768\mrk\NanoRk\src\platform\mbed\source\ulib.cpp(606): warning:  #111-D: statement is unreachable
mrk_uvision_lpc1768\mrk\NanoRk\src\platform\mbed\source\ulib.cpp(657): warning:  #940-D: missing return statement at end of non-void function "nrk_get_button"
mrk_uvision_lpc1768\mrk\NanoRk\src\platform\mbed\source\ulib.cpp(826): warning: C4017W: uClk may be used before being set
assembling my_asm.s...
mrk_uvision_lpc1768\mrk\my_asm.s(93): warning: A1581W: Added 2 bytes of padding at address 0x6a
compiling adc_driver.cpp...
mrk_uvision_lpc1768\mrk\NanoRk\src\drivers\platform\mbed\adc_driver.cpp(69): warning:  #68-D: integer conversion resulted in a change of sign
mrk_uvision_lpc1768\mrk\NanoRk\src\drivers\platform\mbed\adc_driver.cpp(73): warning:  #68-D: integer conversion resulted in a change of sign
mrk_uvision_lpc1768\mrk\NanoRk\src\drivers\platform\mbed\adc_driver.cpp(76): warning:  #68-D: integer conversion resulted in a change of sign
mrk_uvision_lpc1768\mrk\NanoRk\src\drivers\platform\mbed\adc_driver.cpp(96): warning:  #68-D: integer conversion resulted in a change of sign
mrk_uvision_lpc1768\mrk\NanoRk\src\drivers\platform\mbed\adc_driver.cpp(105): warning:  #68-D: integer conversion resulted in a change of sign
compiling ff_basic_sensor.cpp...
mrk_uvision_lpc1768\mrk\NanoRk\src\drivers\platform\mbed\ff_basic_sensor.cpp(68): warning:  #68-D: integer conversion resulted in a change of sign
mrk_uvision_lpc1768\mrk\NanoRk\src\drivers\platform\mbed\ff_basic_sensor.cpp(82): warning:  #68-D: integer conversion resulted in a change of sign
mrk_uvision_lpc1768\mrk\NanoRk\src\drivers\platform\mbed\ff_basic_sensor.cpp(86): warning:  #68-D: integer conversion resulted in a change of sign
mrk_uvision_lpc1768\mrk\NanoRk\src\drivers\platform\mbed\ff_basic_sensor.cpp(89): warning:  #68-D: integer conversion resulted in a change of sign
mrk_uvision_lpc1768\mrk\NanoRk\src\drivers\platform\mbed\ff_basic_sensor.cpp(170): warning:  #68-D: integer conversion resulted in a change of sign
mrk_uvision_lpc1768\mrk\NanoRk\src\drivers\platform\mbed\ff_basic_sensor.cpp(193): warning:  #68-D: integer conversion resulted in a change of sign
mrk_uvision_lpc1768\mrk\NanoRk\src\drivers\platform\mbed\ff_basic_sensor.cpp(209): warning:  #68-D: integer conversion resulted in a change of sign
mrk_uvision_lpc1768\mrk\NanoRk\src\drivers\platform\mbed\ff_basic_sensor.cpp(265): warning:  #1-D: last line of file ends without a newline
compiling nrk_driver.cpp...
mrk_uvision_lpc1768\mrk\NanoRk\src\kernel\source\nrk_driver.cpp(141): warning:  #186-D: pointless comparison of unsigned integer with zero
compiling bmac.cpp...
mrk_uvision_lpc1768\mrk\NanoRk\src\net\bmac\bmac.cpp(461): warning:  #550-D: variable "result" was set but never used
mrk_uvision_lpc1768\mrk\NanoRk\src\net\bmac\bmac.cpp(502): warning:  #177-D: variable "result" was declared but never referenced
mrk_uvision_lpc1768\mrk\NanoRk\src\net\bmac\bmac.cpp(554): warning:  #550-D: variable "e" was set but never used
mrk_uvision_lpc1768\mrk\NanoRk\src\net\bmac\bmac.cpp(555): warning:  #177-D: variable "backoff" was declared but never referenced
mrk_uvision_lpc1768\mrk\NanoRk\src\net\bmac\bmac.cpp(803): warning:  #1-D: last line of file ends without a newline
mrk_uvision_lpc1768\mrk\NanoRk\src\net\bmac\bmac.cpp(66): warning:  #550-D: variable "g_chan" was set but never used
mrk_uvision_lpc1768\mrk\NanoRk\src\net\bmac\bmac.cpp(72): warning:  #550-D: variable "tx_reserve" was set but never used
compiling basic_rf.cpp...
mrk_uvision_lpc1768\mrk\NanoRk\src\radio\mrf24j40\source\basic_rf.cpp(336): warning:  #61-D: integer operation result is out of range
mrk_uvision_lpc1768\mrk\NanoRk\src\radio\mrf24j40\source\basic_rf.cpp(336): warning:  #68-D: integer conversion resulted in a change of sign
compiling MRF24J40.cpp...
compiling main.cpp...
mrk_uvision_lpc1768\mrk\NanoRk\Projects\basic_sensors\main.cpp(102): warning:  #1-D: last line of file ends without a newline
linking...
Program Size: Code=28092 RO-data=1576 RW-data=328 ZI-data=1408  
After Build - User command #1: fromelf --bin -o E:\MRK.bin .\build\MRK.axf
".\build\MRK.axf" - 0 Errors, 36 Warning(s).
Rebuild target 'mbed NXP LPC1768'
compiling nrk_cpu.cpp...
compiling nrk_status.cpp...
compiling nrk_timer.cpp...
mrk_uvision_lpc1768\mrk\NanoRk\src\kernel\hal\LPC1768\nrk_timer.cpp(177): warning:  #191-D: type qualifier is meaningless on cast type
mrk_uvision_lpc1768\mrk\NanoRk\src\kernel\hal\LPC1768\nrk_timer.cpp(298): warning:  #191-D: type qualifier is meaningless on cast type
compiling nrk_watchdog.cpp...
compiling nrk.cpp...
compiling nrk_error.cpp...
mrk_uvision_lpc1768\mrk\NanoRk\src\kernel\source\nrk_error.cpp(165): warning:  #177-D: variable "i" was declared but never referenced
compiling nrk_events.cpp...
mrk_uvision_lpc1768\mrk\NanoRk\src\kernel\source\nrk_events.cpp(279): warning:  #177-D: variable "task_ID" was declared but never referenced
compiling nrk_idle_task.cpp...
mrk_uvision_lpc1768\mrk\NanoRk\src\kernel\source\nrk_idle_task.cpp(39): warning:  #177-D: variable "stkc" was declared but never referenced
compiling nrk_reserve.cpp...
compiling nrk_scheduler.cpp...
compiling nrk_stack_check.cpp...
compiling nrk_stats.cpp...
compiling nrk_task.cpp...
mrk_uvision_lpc1768\mrk\NanoRk\src\kernel\source\nrk_task.cpp(230): warning:  #550-D: variable "rtype" was set but never used
mrk_uvision_lpc1768\mrk\NanoRk\src\kernel\source\nrk_task.cpp(524): warning:  #191-D: type qualifier is meaningless on cast type
compiling nrk_time.cpp...
compiling hal_wait.cpp...
compiling ulib.cpp...
mrk_uvision_lpc1768\mrk\NanoRk\src\platform\mbed\source\ulib.cpp(338): warning:  #9-D: nested comment is not allowed
mrk_uvision_lpc1768\mrk\NanoRk\src\platform\mbed\source\ulib.cpp(606): warning:  #111-D: statement is unreachable
mrk_uvision_lpc1768\mrk\NanoRk\src\platform\mbed\source\ulib.cpp(657): warning:  #940-D: missing return statement at end of non-void function "nrk_get_button"
mrk_uvision_lpc1768\mrk\NanoRk\src\platform\mbed\source\ulib.cpp(826): warning: C4017W: uClk may be used before being set
assembling my_asm.s...
mrk_uvision_lpc1768\mrk\my_asm.s(93): warning: A1581W: Added 2 bytes of padding at address 0x6a
compiling adc_driver.cpp...
mrk_uvision_lpc1768\mrk\NanoRk\src\drivers\platform\mbed\adc_driver.cpp(69): warning:  #68-D: integer conversion resulted in a change of sign
mrk_uvision_lpc1768\mrk\NanoRk\src\drivers\platform\mbed\adc_driver.cpp(73): warning:  #68-D: integer conversion resulted in a change of sign
mrk_uvision_lpc1768\mrk\NanoRk\src\drivers\platform\mbed\adc_driver.cpp(76): warning:  #68-D: integer conversion resulted in a change of sign
mrk_uvision_lpc1768\mrk\NanoRk\src\drivers\platform\mbed\adc_driver.cpp(96): warning:  #68-D: integer conversion resulted in a change of sign
mrk_uvision_lpc1768\mrk\NanoRk\src\drivers\platform\mbed\adc_driver.cpp(105): warning:  #68-D: integer conversion resulted in a change of sign
compiling ff_basic_sensor.cpp...
mrk_uvision_lpc1768\mrk\NanoRk\src\drivers\platform\mbed\ff_basic_sensor.cpp(68): warning:  #68-D: integer conversion resulted in a change of sign
mrk_uvision_lpc1768\mrk\NanoRk\src\drivers\platform\mbed\ff_basic_sensor.cpp(82): warning:  #68-D: integer conversion resulted in a change of sign
mrk_uvision_lpc1768\mrk\NanoRk\src\drivers\platform\mbed\ff_basic_sensor.cpp(86): warning:  #68-D: integer conversion resulted in a change of sign
mrk_uvision_lpc1768\mrk\NanoRk\src\drivers\platform\mbed\ff_basic_sensor.cpp(89): warning:  #68-D: integer conversion resulted in a change of sign
mrk_uvision_lpc1768\mrk\NanoRk\src\drivers\platform\mbed\ff_basic_sensor.cpp(170): warning:  #68-D: integer conversion resulted in a change of sign
mrk_uvision_lpc1768\mrk\NanoRk\src\drivers\platform\mbed\ff_basic_sensor.cpp(193): warning:  #68-D: integer conversion resulted in a change of sign
mrk_uvision_lpc1768\mrk\NanoRk\src\drivers\platform\mbed\ff_basic_sensor.cpp(209): warning:  #68-D: integer conversion resulted in a change of sign
mrk_uvision_lpc1768\mrk\NanoRk\src\drivers\platform\mbed\ff_basic_sensor.cpp(265): warning:  #1-D: last line of file ends without a newline
compiling nrk_driver.cpp...
mrk_uvision_lpc1768\mrk\NanoRk\src\kernel\source\nrk_driver.cpp(141): warning:  #186-D: pointless comparison of unsigned integer with zero
compiling bmac.cpp...
mrk_uvision_lpc1768\mrk\NanoRk\src\net\bmac\bmac.cpp(461): warning:  #550-D: variable "result" was set but never used
mrk_uvision_lpc1768\mrk\NanoRk\src\net\bmac\bmac.cpp(502): warning:  #177-D: variable "result" was declared but never referenced
mrk_uvision_lpc1768\mrk\NanoRk\src\net\bmac\bmac.cpp(554): warning:  #550-D: variable "e" was set but never used
mrk_uvision_lpc1768\mrk\NanoRk\src\net\bmac\bmac.cpp(555): warning:  #177-D: variable "backoff" was declared but never referenced
mrk_uvision_lpc1768\mrk\NanoRk\src\net\bmac\bmac.cpp(803): warning:  #1-D: last line of file ends without a newline
mrk_uvision_lpc1768\mrk\NanoRk\src\net\bmac\bmac.cpp(66): warning:  #550-D: variable "g_chan" was set but never used
mrk_uvision_lpc1768\mrk\NanoRk\src\net\bmac\bmac.cpp(72): warning:  #550-D: variable "tx_reserve" was set but never used
compiling basic_rf.cpp...
mrk_uvision_lpc1768\mrk\NanoRk\src\radio\mrf24j40\source\basic_rf.cpp(336): warning:  #61-D: integer operation result is out of range
mrk_uvision_lpc1768\mrk\NanoRk\src\radio\mrf24j40\source\basic_rf.cpp(336): warning:  #68-D: integer conversion resulted in a change of sign
compiling MRF24J40.cpp...
compiling main.cpp...
mrk_uvision_lpc1768\mrk\NanoRk\Projects\basic_sensors\main.cpp(102): warning:  #1-D: last line of file ends without a newline
linking...
Program Size: Code=28092 RO-data=1576 RW-data=328 ZI-data=1408  
After Build - User command #1: fromelf --bin -o E:\MRK.bin .\build\MRK.axf
".\build\MRK.axf" - 0 Errors, 36 Warning(s).
Rebuild target 'mbed NXP LPC1768'
compiling nrk_cpu.cpp...
compiling nrk_status.cpp...
compiling nrk_timer.cpp...
mrk_uvision_lpc1768\mrk\NanoRk\src\kernel\hal\LPC1768\nrk_timer.cpp(177): warning:  #191-D: type qualifier is meaningless on cast type
mrk_uvision_lpc1768\mrk\NanoRk\src\kernel\hal\LPC1768\nrk_timer.cpp(298): warning:  #191-D: type qualifier is meaningless on cast type
compiling nrk_watchdog.cpp...
compiling nrk.cpp...
compiling nrk_error.cpp...
mrk_uvision_lpc1768\mrk\NanoRk\src\kernel\source\nrk_error.cpp(165): warning:  #177-D: variable "i" was declared but never referenced
compiling nrk_events.cpp...
mrk_uvision_lpc1768\mrk\NanoRk\src\kernel\source\nrk_events.cpp(279): warning:  #177-D: variable "task_ID" was declared but never referenced
compiling nrk_idle_task.cpp...
mrk_uvision_lpc1768\mrk\NanoRk\src\kernel\source\nrk_idle_task.cpp(39): warning:  #177-D: variable "stkc" was declared but never referenced
compiling nrk_reserve.cpp...
compiling nrk_scheduler.cpp...
compiling nrk_stack_check.cpp...
compiling nrk_stats.cpp...
compiling nrk_task.cpp...
mrk_uvision_lpc1768\mrk\NanoRk\src\kernel\source\nrk_task.cpp(230): warning:  #550-D: variable "rtype" was set but never used
mrk_uvision_lpc1768\mrk\NanoRk\src\kernel\source\nrk_task.cpp(524): warning:  #191-D: type qualifier is meaningless on cast type
compiling nrk_time.cpp...
compiling hal_wait.cpp...
compiling ulib.cpp...
mrk_uvision_lpc1768\mrk\NanoRk\src\platform\mbed\source\ulib.cpp(338): warning:  #9-D: nested comment is not allowed
mrk_uvision_lpc1768\mrk\NanoRk\src\platform\mbed\source\ulib.cpp(606): warning:  #111-D: statement is unreachable
mrk_uvision_lpc1768\mrk\NanoRk\src\platform\mbed\source\ulib.cpp(657): warning:  #940-D: missing return statement at end of non-void function "nrk_get_button"
mrk_uvision_lpc1768\mrk\NanoRk\src\platform\mbed\source\ulib.cpp(826): warning: C4017W: uClk may be used before being set
assembling my_asm.s...
mrk_uvision_lpc1768\mrk\my_asm.s(93): warning: A1581W: Added 2 bytes of padding at address 0x6a
compiling adc_driver.cpp...
mrk_uvision_lpc1768\mrk\NanoRk\src\drivers\platform\mbed\adc_driver.cpp(69): warning:  #68-D: integer conversion resulted in a change of sign
mrk_uvision_lpc1768\mrk\NanoRk\src\drivers\platform\mbed\adc_driver.cpp(73): warning:  #68-D: integer conversion resulted in a change of sign
mrk_uvision_lpc1768\mrk\NanoRk\src\drivers\platform\mbed\adc_driver.cpp(76): warning:  #68-D: integer conversion resulted in a change of sign
mrk_uvision_lpc1768\mrk\NanoRk\src\drivers\platform\mbed\adc_driver.cpp(96): warning:  #68-D: integer conversion resulted in a change of sign
mrk_uvision_lpc1768\mrk\NanoRk\src\drivers\platform\mbed\adc_driver.cpp(105): warning:  #68-D: integer conversion resulted in a change of sign
compiling ff_basic_sensor.cpp...
mrk_uvision_lpc1768\mrk\NanoRk\src\drivers\platform\mbed\ff_basic_sensor.cpp(68): warning:  #68-D: integer conversion resulted in a change of sign
mrk_uvision_lpc1768\mrk\NanoRk\src\drivers\platform\mbed\ff_basic_sensor.cpp(82): warning:  #68-D: integer conversion resulted in a change of sign
mrk_uvision_lpc1768\mrk\NanoRk\src\drivers\platform\mbed\ff_basic_sensor.cpp(86): warning:  #68-D: integer conversion resulted in a change of sign
mrk_uvision_lpc1768\mrk\NanoRk\src\drivers\platform\mbed\ff_basic_sensor.cpp(89): warning:  #68-D: integer conversion resulted in a change of sign
mrk_uvision_lpc1768\mrk\NanoRk\src\drivers\platform\mbed\ff_basic_sensor.cpp(170): warning:  #68-D: integer conversion resulted in a change of sign
mrk_uvision_lpc1768\mrk\NanoRk\src\drivers\platform\mbed\ff_basic_sensor.cpp(193): warning:  #68-D: integer conversion resulted in a change of sign
mrk_uvision_lpc1768\mrk\NanoRk\src\drivers\platform\mbed\ff_basic_sensor.cpp(209): warning:  #68-D: integer conversion resulted in a change of sign
mrk_uvision_lpc1768\mrk\NanoRk\src\drivers\platform\mbed\ff_basic_sensor.cpp(265): warning:  #1-D: last line of file ends without a newline
compiling nrk_driver.cpp...
mrk_uvision_lpc1768\mrk\NanoRk\src\kernel\source\nrk_driver.cpp(141): warning:  #186-D: pointless comparison of unsigned integer with zero
compiling bmac.cpp...
mrk_uvision_lpc1768\mrk\NanoRk\src\net\bmac\bmac.cpp(461): warning:  #550-D: variable "result" was set but never used
mrk_uvision_lpc1768\mrk\NanoRk\src\net\bmac\bmac.cpp(502): warning:  #177-D: variable "result" was declared but never referenced
mrk_uvision_lpc1768\mrk\NanoRk\src\net\bmac\bmac.cpp(554): warning:  #550-D: variable "e" was set but never used
mrk_uvision_lpc1768\mrk\NanoRk\src\net\bmac\bmac.cpp(555): warning:  #177-D: variable "backoff" was declared but never referenced
mrk_uvision_lpc1768\mrk\NanoRk\src\net\bmac\bmac.cpp(803): warning:  #1-D: last line of file ends without a newline
mrk_uvision_lpc1768\mrk\NanoRk\src\net\bmac\bmac.cpp(66): warning:  #550-D: variable "g_chan" was set but never used
mrk_uvision_lpc1768\mrk\NanoRk\src\net\bmac\bmac.cpp(72): warning:  #550-D: variable "tx_reserve" was set but never used
compiling basic_rf.cpp...
mrk_uvision_lpc1768\mrk\NanoRk\src\radio\mrf24j40\source\basic_rf.cpp(336): warning:  #61-D: integer operation result is out of range
mrk_uvision_lpc1768\mrk\NanoRk\src\radio\mrf24j40\source\basic_rf.cpp(336): warning:  #68-D: integer conversion resulted in a change of sign
compiling MRF24J40.cpp...
compiling main.cpp...
mrk_uvision_lpc1768\mrk\NanoRk\Projects\basic_sensors\main.cpp(102): warning:  #1-D: last line of file ends without a newline
linking...
Program Size: Code=28092 RO-data=1576 RW-data=328 ZI-data=1408  
After Build - User command #1: fromelf --bin -o E:\MRK.bin .\build\MRK.axf
".\build\MRK.axf" - 0 Errors, 36 Warning(s).
Rebuild target 'mbed NXP LPC1768'
compiling nrk_cpu.cpp...
compiling nrk_status.cpp...
compiling nrk_timer.cpp...
mrk_uvision_lpc1768\mrk\NanoRk\src\kernel\hal\LPC1768\nrk_timer.cpp(177): warning:  #191-D: type qualifier is meaningless on cast type
mrk_uvision_lpc1768\mrk\NanoRk\src\kernel\hal\LPC1768\nrk_timer.cpp(298): warning:  #191-D: type qualifier is meaningless on cast type
compiling nrk_watchdog.cpp...
compiling nrk.cpp...
compiling nrk_error.cpp...
mrk_uvision_lpc1768\mrk\NanoRk\src\kernel\source\nrk_error.cpp(165): warning:  #177-D: variable "i" was declared but never referenced
compiling nrk_events.cpp...
mrk_uvision_lpc1768\mrk\NanoRk\src\kernel\source\nrk_events.cpp(279): warning:  #177-D: variable "task_ID" was declared but never referenced
compiling nrk_idle_task.cpp...
mrk_uvision_lpc1768\mrk\NanoRk\src\kernel\source\nrk_idle_task.cpp(39): warning:  #177-D: variable "stkc" was declared but never referenced
compiling nrk_reserve.cpp...
compiling nrk_scheduler.cpp...
compiling nrk_stack_check.cpp...
compiling nrk_stats.cpp...
compiling nrk_task.cpp...
mrk_uvision_lpc1768\mrk\NanoRk\src\kernel\source\nrk_task.cpp(230): warning:  #550-D: variable "rtype" was set but never used
mrk_uvision_lpc1768\mrk\NanoRk\src\kernel\source\nrk_task.cpp(524): warning:  #191-D: type qualifier is meaningless on cast type
compiling nrk_time.cpp...
compiling hal_wait.cpp...
compiling ulib.cpp...
mrk_uvision_lpc1768\mrk\NanoRk\src\platform\mbed\source\ulib.cpp(338): warning:  #9-D: nested comment is not allowed
mrk_uvision_lpc1768\mrk\NanoRk\src\platform\mbed\source\ulib.cpp(606): warning:  #111-D: statement is unreachable
mrk_uvision_lpc1768\mrk\NanoRk\src\platform\mbed\source\ulib.cpp(657): warning:  #940-D: missing return statement at end of non-void function "nrk_get_button"
mrk_uvision_lpc1768\mrk\NanoRk\src\platform\mbed\source\ulib.cpp(826): warning: C4017W: uClk may be used before being set
assembling my_asm.s...
mrk_uvision_lpc1768\mrk\my_asm.s(93): warning: A1581W: Added 2 bytes of padding at address 0x6a
compiling adc_driver.cpp...
mrk_uvision_lpc1768\mrk\NanoRk\src\drivers\platform\mbed\adc_driver.cpp(69): warning:  #68-D: integer conversion resulted in a change of sign
mrk_uvision_lpc1768\mrk\NanoRk\src\drivers\platform\mbed\adc_driver.cpp(73): warning:  #68-D: integer conversion resulted in a change of sign
mrk_uvision_lpc1768\mrk\NanoRk\src\drivers\platform\mbed\adc_driver.cpp(76): warning:  #68-D: integer conversion resulted in a change of sign
mrk_uvision_lpc1768\mrk\NanoRk\src\drivers\platform\mbed\adc_driver.cpp(96): warning:  #68-D: integer conversion resulted in a change of sign
mrk_uvision_lpc1768\mrk\NanoRk\src\drivers\platform\mbed\adc_driver.cpp(105): warning:  #68-D: integer conversion resulted in a change of sign
compiling ff_basic_sensor.cpp...
mrk_uvision_lpc1768\mrk\NanoRk\src\drivers\platform\mbed\ff_basic_sensor.cpp(68): warning:  #68-D: integer conversion resulted in a change of sign
mrk_uvision_lpc1768\mrk\NanoRk\src\drivers\platform\mbed\ff_basic_sensor.cpp(82): warning:  #68-D: integer conversion resulted in a change of sign
mrk_uvision_lpc1768\mrk\NanoRk\src\drivers\platform\mbed\ff_basic_sensor.cpp(86): warning:  #68-D: integer conversion resulted in a change of sign
mrk_uvision_lpc1768\mrk\NanoRk\src\drivers\platform\mbed\ff_basic_sensor.cpp(89): warning:  #68-D: integer conversion resulted in a change of sign
mrk_uvision_lpc1768\mrk\NanoRk\src\drivers\platform\mbed\ff_basic_sensor.cpp(170): warning:  #68-D: integer conversion resulted in a change of sign
mrk_uvision_lpc1768\mrk\NanoRk\src\drivers\platform\mbed\ff_basic_sensor.cpp(193): warning:  #68-D: integer conversion resulted in a change of sign
mrk_uvision_lpc1768\mrk\NanoRk\src\drivers\platform\mbed\ff_basic_sensor.cpp(209): warning:  #68-D: integer conversion resulted in a change of sign
mrk_uvision_lpc1768\mrk\NanoRk\src\drivers\platform\mbed\ff_basic_sensor.cpp(265): warning:  #1-D: last line of file ends without a newline
compiling nrk_driver.cpp...
mrk_uvision_lpc1768\mrk\NanoRk\src\kernel\source\nrk_driver.cpp(141): warning:  #186-D: pointless comparison of unsigned integer with zero
compiling bmac.cpp...
mrk_uvision_lpc1768\mrk\NanoRk\src\net\bmac\bmac.cpp(461): warning:  #550-D: variable "result" was set but never used
mrk_uvision_lpc1768\mrk\NanoRk\src\net\bmac\bmac.cpp(502): warning:  #177-D: variable "result" was declared but never referenced
mrk_uvision_lpc1768\mrk\NanoRk\src\net\bmac\bmac.cpp(554): warning:  #550-D: variable "e" was set but never used
mrk_uvision_lpc1768\mrk\NanoRk\src\net\bmac\bmac.cpp(555): warning:  #177-D: variable "backoff" was declared but never referenced
mrk_uvision_lpc1768\mrk\NanoRk\src\net\bmac\bmac.cpp(803): warning:  #1-D: last line of file ends without a newline
mrk_uvision_lpc1768\mrk\NanoRk\src\net\bmac\bmac.cpp(66): warning:  #550-D: variable "g_chan" was set but never used
mrk_uvision_lpc1768\mrk\NanoRk\src\net\bmac\bmac.cpp(72): warning:  #550-D: variable "tx_reserve" was set but never used
compiling basic_rf.cpp...
mrk_uvision_lpc1768\mrk\NanoRk\src\radio\mrf24j40\source\basic_rf.cpp(336): warning:  #61-D: integer operation result is out of range
mrk_uvision_lpc1768\mrk\NanoRk\src\radio\mrf24j40\source\basic_rf.cpp(336): warning:  #68-D: integer conversion resulted in a change of sign
compiling MRF24J40.cpp...
compiling main.cpp...
S:\lab3_skeleton code\slave\main.cpp(120): error:  #167: argument of type "std::int8_t *" is incompatible with parameter of type "std::uint8_t *"
S:\lab3_skeleton code\slave\main.cpp(120): error:  #513: a value of type "char *" cannot be assigned to an entity of type "std::uint8_t *"
S:\lab3_skeleton code\slave\main.cpp(124): error:  #20: identifier "PKT_DATA_START" is undefined
S:\lab3_skeleton code\slave\main.cpp(154): error:  #20: identifier "rtl_rx_pkt_release" is undefined
S:\lab3_skeleton code\slave\main.cpp(118): warning:  #177-D: variable "mole_index" was declared but never referenced
S:\lab3_skeleton code\slave\main.cpp(118): warning:  #177-D: variable "state" was declared but never referenced
S:\lab3_skeleton code\slave\main.cpp(161): warning:  #111-D: statement is unreachable
S:\lab3_skeleton code\slave\main.cpp(163): error:  #20: identifier "timeend" is undefined
S:\lab3_skeleton code\slave\main.cpp(164): error:  #20: identifier "Score" is undefined
S:\lab3_skeleton code\slave\main.cpp(164): error:  #20: identifier "timestart" is undefined
S:\lab3_skeleton code\slave\main.cpp(164): error:  #20: identifier "number_timeouts" is undefined
S:\lab3_skeleton code\slave\main.cpp(62): warning:  #177-D: variable "j" was declared but never referenced
S:\lab3_skeleton code\slave\main.cpp(63): warning:  #177-D: variable "mole_id" was declared but never referenced
S:\lab3_skeleton code\slave\main.cpp(65): warning:  #177-D: variable "fd" was declared but never referenced
S:\lab3_skeleton code\slave\main.cpp(65): warning:  #550-D: variable "val" was set but never used
S:\lab3_skeleton code\slave\main.cpp(73): warning:  #177-D: variable "check_period" was declared but never referenced
S:\lab3_skeleton code\slave\main.cpp(172): error:  #169: expected a declaration
S:\lab3_skeleton code\slave\main.cpp(175): warning:  #12-D: parsing restarts here after previous syntax error
S:\lab3_skeleton code\slave\main.cpp(186): error:  #101: "j" has already been declared in the current scope
S:\lab3_skeleton code\slave\main.cpp(186): error:  #101: "i" has already been declared in the current scope
S:\lab3_skeleton code\slave\main.cpp(186): error:  #101: "val" has already been declared in the current scope
S:\lab3_skeleton code\slave\main.cpp(192): error:  #20: identifier "rtl_ready" is undefined
S:\lab3_skeleton code\slave\main.cpp(194): warning:  #514-D: pointless comparison of unsigned integer with a negative constant
S:\lab3_skeleton code\slave\main.cpp(196): error:  #20: identifier "timeout" is undefined
S:\lab3_skeleton code\slave\main.cpp(197): error:  #20: identifier "timeend" is undefined
S:\lab3_skeleton code\slave\main.cpp(222): error:  #20: identifier "ctr_cnt" is undefined
S:\lab3_skeleton code\slave\main.cpp(252): warning:  #111-D: statement is unreachable
S:\lab3_skeleton code\slave\main.cpp(179): warning:  #177-D: variable "j" was declared but never referenced
S:\lab3_skeleton code\slave\main.cpp(179): warning:  #177-D: variable "i" was declared but never referenced
S:\lab3_skeleton code\slave\main.cpp(180): warning:  #177-D: variable "rssi" was declared but never referenced
S:\lab3_skeleton code\slave\main.cpp(180): warning:  #177-D: variable "slot" was declared but never referenced
S:\lab3_skeleton code\slave\main.cpp(180): warning:  #177-D: variable "length" was declared but never referenced
S:\lab3_skeleton code\slave\main.cpp(180): warning:  #177-D: variable "mole_id" was declared but never referenced
S:\lab3_skeleton code\slave\main.cpp(181): warning:  #177-D: variable "local_rx_buf" was declared but never referenced
S:\lab3_skeleton code\slave\main.cpp(182): warning:  #177-D: variable "val" was declared but never referenced
S:\lab3_skeleton code\slave\main.cpp(184): warning:  #177-D: variable "Close" was declared but never referenced
S:\lab3_skeleton code\slave\main.cpp(186): warning:  #177-D: variable "j" was declared but never referenced
S:\lab3_skeleton code\slave\main.cpp(186): warning:  #177-D: variable "i" was declared but never referenced
S:\lab3_skeleton code\slave\main.cpp(186): warning:  #550-D: variable "val" was set but never used
S:\lab3_skeleton code\slave\main.cpp(186): warning:  #177-D: variable "len" was declared but never referenced
S:\lab3_skeleton code\slave\main.cpp(186): warning:  #550-D: variable "cnt" was set but never used
S:\lab3_skeleton code\slave\main.cpp(187): warning:  #177-D: variable "v" was declared but never referenced
S:\lab3_skeleton code\slave\main.cpp(189): warning:  #177-D: variable "ret" was declared but never referenced
S:\lab3_skeleton code\slave\main.cpp(190): warning:  #177-D: variable "r_period" was declared but never referenced
S:\lab3_skeleton code\slave\main.cpp(291): error:  #169: expected a declaration
S:\lab3_skeleton code\slave\main.cpp(315): warning:  #12-D: parsing restarts here after previous syntax error
S:\lab3_skeleton code\slave\main.cpp(316): error:  #77-D: this declaration has no storage class or type specifier
S:\lab3_skeleton code\slave\main.cpp(316): error:  #247: variable "TX_TASK" has already been defined
S:\lab3_skeleton code\slave\main.cpp(316): error:  #65: expected a ";"
S:\lab3_skeleton code\slave\main.cpp(317): error:  #77-D: this declaration has no storage class or type specifier
S:\lab3_skeleton code\slave\main.cpp(317): error:  #247: variable "TX_TASK" has already been defined
S:\lab3_skeleton code\slave\main.cpp(317): error:  #65: expected a ";"
S:\lab3_skeleton code\slave\main.cpp(318): error:  #77-D: this declaration has no storage class or type specifier
S:\lab3_skeleton code\slave\main.cpp(318): error:  #247: variable "TX_TASK" has already been defined
S:\lab3_skeleton code\slave\main.cpp(318): error:  #65: expected a ";"
S:\lab3_skeleton code\slave\main.cpp(319): error:  #77-D: this declaration has no storage class or type specifier
S:\lab3_skeleton code\slave\main.cpp(319): error:  #247: variable "TX_TASK" has already been defined
S:\lab3_skeleton code\slave\main.cpp(319): error:  #65: expected a ";"
S:\lab3_skeleton code\slave\main.cpp(320): error:  #77-D: this declaration has no storage class or type specifier
".\build\MRK.axf" - 30 Errors, 64 Warning(s).
Target not created
Rebuild target 'mbed NXP LPC1768'
compiling nrk_cpu.cpp...
compiling nrk_status.cpp...
compiling nrk_timer.cpp...
mrk_uvision_lpc1768\mrk\NanoRk\src\kernel\hal\LPC1768\nrk_timer.cpp(177): warning:  #191-D: type qualifier is meaningless on cast type
mrk_uvision_lpc1768\mrk\NanoRk\src\kernel\hal\LPC1768\nrk_timer.cpp(298): warning:  #191-D: type qualifier is meaningless on cast type
compiling nrk_watchdog.cpp...
compiling nrk.cpp...
compiling nrk_error.cpp...
mrk_uvision_lpc1768\mrk\NanoRk\src\kernel\source\nrk_error.cpp(165): warning:  #177-D: variable "i" was declared but never referenced
compiling nrk_events.cpp...
mrk_uvision_lpc1768\mrk\NanoRk\src\kernel\source\nrk_events.cpp(279): warning:  #177-D: variable "task_ID" was declared but never referenced
compiling nrk_idle_task.cpp...
mrk_uvision_lpc1768\mrk\NanoRk\src\kernel\source\nrk_idle_task.cpp(39): warning:  #177-D: variable "stkc" was declared but never referenced
compiling nrk_reserve.cpp...
compiling nrk_scheduler.cpp...
compiling nrk_stack_check.cpp...
compiling nrk_stats.cpp...
compiling nrk_task.cpp...
mrk_uvision_lpc1768\mrk\NanoRk\src\kernel\source\nrk_task.cpp(230): warning:  #550-D: variable "rtype" was set but never used
mrk_uvision_lpc1768\mrk\NanoRk\src\kernel\source\nrk_task.cpp(524): warning:  #191-D: type qualifier is meaningless on cast type
compiling nrk_time.cpp...
compiling hal_wait.cpp...
compiling ulib.cpp...
mrk_uvision_lpc1768\mrk\NanoRk\src\platform\mbed\source\ulib.cpp(338): warning:  #9-D: nested comment is not allowed
mrk_uvision_lpc1768\mrk\NanoRk\src\platform\mbed\source\ulib.cpp(606): warning:  #111-D: statement is unreachable
mrk_uvision_lpc1768\mrk\NanoRk\src\platform\mbed\source\ulib.cpp(657): warning:  #940-D: missing return statement at end of non-void function "nrk_get_button"
mrk_uvision_lpc1768\mrk\NanoRk\src\platform\mbed\source\ulib.cpp(826): warning: C4017W: uClk may be used before being set
assembling my_asm.s...
mrk_uvision_lpc1768\mrk\my_asm.s(93): warning: A1581W: Added 2 bytes of padding at address 0x6a
compiling adc_driver.cpp...
mrk_uvision_lpc1768\mrk\NanoRk\src\drivers\platform\mbed\adc_driver.cpp(69): warning:  #68-D: integer conversion resulted in a change of sign
mrk_uvision_lpc1768\mrk\NanoRk\src\drivers\platform\mbed\adc_driver.cpp(73): warning:  #68-D: integer conversion resulted in a change of sign
mrk_uvision_lpc1768\mrk\NanoRk\src\drivers\platform\mbed\adc_driver.cpp(76): warning:  #68-D: integer conversion resulted in a change of sign
mrk_uvision_lpc1768\mrk\NanoRk\src\drivers\platform\mbed\adc_driver.cpp(96): warning:  #68-D: integer conversion resulted in a change of sign
mrk_uvision_lpc1768\mrk\NanoRk\src\drivers\platform\mbed\adc_driver.cpp(105): warning:  #68-D: integer conversion resulted in a change of sign
compiling ff_basic_sensor.cpp...
mrk_uvision_lpc1768\mrk\NanoRk\src\drivers\platform\mbed\ff_basic_sensor.cpp(68): warning:  #68-D: integer conversion resulted in a change of sign
mrk_uvision_lpc1768\mrk\NanoRk\src\drivers\platform\mbed\ff_basic_sensor.cpp(82): warning:  #68-D: integer conversion resulted in a change of sign
mrk_uvision_lpc1768\mrk\NanoRk\src\drivers\platform\mbed\ff_basic_sensor.cpp(86): warning:  #68-D: integer conversion resulted in a change of sign
mrk_uvision_lpc1768\mrk\NanoRk\src\drivers\platform\mbed\ff_basic_sensor.cpp(89): warning:  #68-D: integer conversion resulted in a change of sign
mrk_uvision_lpc1768\mrk\NanoRk\src\drivers\platform\mbed\ff_basic_sensor.cpp(170): warning:  #68-D: integer conversion resulted in a change of sign
mrk_uvision_lpc1768\mrk\NanoRk\src\drivers\platform\mbed\ff_basic_sensor.cpp(193): warning:  #68-D: integer conversion resulted in a change of sign
mrk_uvision_lpc1768\mrk\NanoRk\src\drivers\platform\mbed\ff_basic_sensor.cpp(209): warning:  #68-D: integer conversion resulted in a change of sign
mrk_uvision_lpc1768\mrk\NanoRk\src\drivers\platform\mbed\ff_basic_sensor.cpp(265): warning:  #1-D: last line of file ends without a newline
compiling nrk_driver.cpp...
mrk_uvision_lpc1768\mrk\NanoRk\src\kernel\source\nrk_driver.cpp(141): warning:  #186-D: pointless comparison of unsigned integer with zero
compiling bmac.cpp...
mrk_uvision_lpc1768\mrk\NanoRk\src\net\bmac\bmac.cpp(461): warning:  #550-D: variable "result" was set but never used
mrk_uvision_lpc1768\mrk\NanoRk\src\net\bmac\bmac.cpp(502): warning:  #177-D: variable "result" was declared but never referenced
mrk_uvision_lpc1768\mrk\NanoRk\src\net\bmac\bmac.cpp(554): warning:  #550-D: variable "e" was set but never used
mrk_uvision_lpc1768\mrk\NanoRk\src\net\bmac\bmac.cpp(555): warning:  #177-D: variable "backoff" was declared but never referenced
mrk_uvision_lpc1768\mrk\NanoRk\src\net\bmac\bmac.cpp(803): warning:  #1-D: last line of file ends without a newline
mrk_uvision_lpc1768\mrk\NanoRk\src\net\bmac\bmac.cpp(66): warning:  #550-D: variable "g_chan" was set but never used
mrk_uvision_lpc1768\mrk\NanoRk\src\net\bmac\bmac.cpp(72): warning:  #550-D: variable "tx_reserve" was set but never used
compiling basic_rf.cpp...
mrk_uvision_lpc1768\mrk\NanoRk\src\radio\mrf24j40\source\basic_rf.cpp(336): warning:  #61-D: integer operation result is out of range
mrk_uvision_lpc1768\mrk\NanoRk\src\radio\mrf24j40\source\basic_rf.cpp(336): warning:  #68-D: integer conversion resulted in a change of sign
compiling MRF24J40.cpp...
compiling main.cpp...
S:\lab3_skeleton code\slave\main.cpp(130): warning:  #177-D: variable "mole_index" was declared but never referenced
S:\lab3_skeleton code\slave\main.cpp(130): warning:  #177-D: variable "state" was declared but never referenced
S:\lab3_skeleton code\slave\main.cpp(176): warning:  #111-D: statement is unreachable
S:\lab3_skeleton code\slave\main.cpp(74): warning:  #177-D: variable "j" was declared but never referenced
S:\lab3_skeleton code\slave\main.cpp(75): warning:  #177-D: variable "mole_id" was declared but never referenced
S:\lab3_skeleton code\slave\main.cpp(77): warning:  #177-D: variable "fd" was declared but never referenced
S:\lab3_skeleton code\slave\main.cpp(77): warning:  #550-D: variable "val" was set but never used
S:\lab3_skeleton code\slave\main.cpp(85): warning:  #177-D: variable "check_period" was declared but never referenced
S:\lab3_skeleton code\slave\main.cpp(210): warning:  #514-D: pointless comparison of unsigned integer with a negative constant
S:\lab3_skeleton code\slave\main.cpp(268): warning:  #111-D: statement is unreachable
S:\lab3_skeleton code\slave\main.cpp(195): warning:  #177-D: variable "j" was declared but never referenced
S:\lab3_skeleton code\slave\main.cpp(195): warning:  #177-D: variable "i" was declared but never referenced
S:\lab3_skeleton code\slave\main.cpp(196): warning:  #177-D: variable "rssi" was declared but never referenced
S:\lab3_skeleton code\slave\main.cpp(196): warning:  #177-D: variable "slot" was declared but never referenced
S:\lab3_skeleton code\slave\main.cpp(196): warning:  #177-D: variable "length" was declared but never referenced
S:\lab3_skeleton code\slave\main.cpp(196): warning:  #177-D: variable "mole_id" was declared but never referenced
S:\lab3_skeleton code\slave\main.cpp(197): warning:  #177-D: variable "local_rx_buf" was declared but never referenced
S:\lab3_skeleton code\slave\main.cpp(198): warning:  #550-D: variable "val" was set but never used
S:\lab3_skeleton code\slave\main.cpp(200): warning:  #177-D: variable "Close" was declared but never referenced
S:\lab3_skeleton code\slave\main.cpp(203): warning:  #177-D: variable "v" was declared but never referenced
S:\lab3_skeleton code\slave\main.cpp(205): warning:  #177-D: variable "ret" was declared but never referenced
S:\lab3_skeleton code\slave\main.cpp(206): warning:  #177-D: variable "r_period" was declared but never referenced
S:\lab3_skeleton code\slave\main.cpp(75): warning: C4017W: length may be used before being set
S:\lab3_skeleton code\slave\main.cpp(75): warning: C4017W: slot may be used before being set
linking...
Program Size: Code=30750 RO-data=1546 RW-data=380 ZI-data=2636  
After Build - User command #1: fromelf --bin -o E:\SLAVE.bin .\build\SLAVE.axf
".\build\SLAVE.axf" - 0 Errors, 59 Warning(s).
Rebuild target 'mbed NXP LPC1768'
compiling nrk_cpu.cpp...
compiling nrk_status.cpp...
compiling nrk_timer.cpp...
mrk_uvision_lpc1768\mrk\NanoRk\src\kernel\hal\LPC1768\nrk_timer.cpp(177): warning:  #191-D: type qualifier is meaningless on cast type
mrk_uvision_lpc1768\mrk\NanoRk\src\kernel\hal\LPC1768\nrk_timer.cpp(298): warning:  #191-D: type qualifier is meaningless on cast type
compiling nrk_watchdog.cpp...
compiling nrk.cpp...
compiling nrk_error.cpp...
mrk_uvision_lpc1768\mrk\NanoRk\src\kernel\source\nrk_error.cpp(165): warning:  #177-D: variable "i" was declared but never referenced
compiling nrk_events.cpp...
mrk_uvision_lpc1768\mrk\NanoRk\src\kernel\source\nrk_events.cpp(279): warning:  #177-D: variable "task_ID" was declared but never referenced
compiling nrk_idle_task.cpp...
mrk_uvision_lpc1768\mrk\NanoRk\src\kernel\source\nrk_idle_task.cpp(39): warning:  #177-D: variable "stkc" was declared but never referenced
compiling nrk_reserve.cpp...
compiling nrk_scheduler.cpp...
compiling nrk_stack_check.cpp...
compiling nrk_stats.cpp...
compiling nrk_task.cpp...
mrk_uvision_lpc1768\mrk\NanoRk\src\kernel\source\nrk_task.cpp(230): warning:  #550-D: variable "rtype" was set but never used
mrk_uvision_lpc1768\mrk\NanoRk\src\kernel\source\nrk_task.cpp(524): warning:  #191-D: type qualifier is meaningless on cast type
compiling nrk_time.cpp...
compiling hal_wait.cpp...
compiling ulib.cpp...
mrk_uvision_lpc1768\mrk\NanoRk\src\platform\mbed\source\ulib.cpp(338): warning:  #9-D: nested comment is not allowed
mrk_uvision_lpc1768\mrk\NanoRk\src\platform\mbed\source\ulib.cpp(606): warning:  #111-D: statement is unreachable
mrk_uvision_lpc1768\mrk\NanoRk\src\platform\mbed\source\ulib.cpp(657): warning:  #940-D: missing return statement at end of non-void function "nrk_get_button"
mrk_uvision_lpc1768\mrk\NanoRk\src\platform\mbed\source\ulib.cpp(826): warning: C4017W: uClk may be used before being set
assembling my_asm.s...
mrk_uvision_lpc1768\mrk\my_asm.s(93): warning: A1581W: Added 2 bytes of padding at address 0x6a
compiling adc_driver.cpp...
mrk_uvision_lpc1768\mrk\NanoRk\src\drivers\platform\mbed\adc_driver.cpp(69): warning:  #68-D: integer conversion resulted in a change of sign
mrk_uvision_lpc1768\mrk\NanoRk\src\drivers\platform\mbed\adc_driver.cpp(73): warning:  #68-D: integer conversion resulted in a change of sign
mrk_uvision_lpc1768\mrk\NanoRk\src\drivers\platform\mbed\adc_driver.cpp(76): warning:  #68-D: integer conversion resulted in a change of sign
mrk_uvision_lpc1768\mrk\NanoRk\src\drivers\platform\mbed\adc_driver.cpp(96): warning:  #68-D: integer conversion resulted in a change of sign
mrk_uvision_lpc1768\mrk\NanoRk\src\drivers\platform\mbed\adc_driver.cpp(105): warning:  #68-D: integer conversion resulted in a change of sign
compiling ff_basic_sensor.cpp...
mrk_uvision_lpc1768\mrk\NanoRk\src\drivers\platform\mbed\ff_basic_sensor.cpp(68): warning:  #68-D: integer conversion resulted in a change of sign
mrk_uvision_lpc1768\mrk\NanoRk\src\drivers\platform\mbed\ff_basic_sensor.cpp(82): warning:  #68-D: integer conversion resulted in a change of sign
mrk_uvision_lpc1768\mrk\NanoRk\src\drivers\platform\mbed\ff_basic_sensor.cpp(86): warning:  #68-D: integer conversion resulted in a change of sign
mrk_uvision_lpc1768\mrk\NanoRk\src\drivers\platform\mbed\ff_basic_sensor.cpp(89): warning:  #68-D: integer conversion resulted in a change of sign
mrk_uvision_lpc1768\mrk\NanoRk\src\drivers\platform\mbed\ff_basic_sensor.cpp(170): warning:  #68-D: integer conversion resulted in a change of sign
mrk_uvision_lpc1768\mrk\NanoRk\src\drivers\platform\mbed\ff_basic_sensor.cpp(193): warning:  #68-D: integer conversion resulted in a change of sign
mrk_uvision_lpc1768\mrk\NanoRk\src\drivers\platform\mbed\ff_basic_sensor.cpp(209): warning:  #68-D: integer conversion resulted in a change of sign
mrk_uvision_lpc1768\mrk\NanoRk\src\drivers\platform\mbed\ff_basic_sensor.cpp(265): warning:  #1-D: last line of file ends without a newline
compiling nrk_driver.cpp...
mrk_uvision_lpc1768\mrk\NanoRk\src\kernel\source\nrk_driver.cpp(141): warning:  #186-D: pointless comparison of unsigned integer with zero
compiling bmac.cpp...
mrk_uvision_lpc1768\mrk\NanoRk\src\net\bmac\bmac.cpp(461): warning:  #550-D: variable "result" was set but never used
mrk_uvision_lpc1768\mrk\NanoRk\src\net\bmac\bmac.cpp(502): warning:  #177-D: variable "result" was declared but never referenced
mrk_uvision_lpc1768\mrk\NanoRk\src\net\bmac\bmac.cpp(554): warning:  #550-D: variable "e" was set but never used
mrk_uvision_lpc1768\mrk\NanoRk\src\net\bmac\bmac.cpp(555): warning:  #177-D: variable "backoff" was declared but never referenced
mrk_uvision_lpc1768\mrk\NanoRk\src\net\bmac\bmac.cpp(803): warning:  #1-D: last line of file ends without a newline
mrk_uvision_lpc1768\mrk\NanoRk\src\net\bmac\bmac.cpp(66): warning:  #550-D: variable "g_chan" was set but never used
mrk_uvision_lpc1768\mrk\NanoRk\src\net\bmac\bmac.cpp(72): warning:  #550-D: variable "tx_reserve" was set but never used
compiling basic_rf.cpp...
mrk_uvision_lpc1768\mrk\NanoRk\src\radio\mrf24j40\source\basic_rf.cpp(336): warning:  #61-D: integer operation result is out of range
mrk_uvision_lpc1768\mrk\NanoRk\src\radio\mrf24j40\source\basic_rf.cpp(336): warning:  #68-D: integer conversion resulted in a change of sign
compiling MRF24J40.cpp...
compiling main.cpp...
S:\lab3_skeleton code\slave\main.cpp(130): warning:  #177-D: variable "mole_index" was declared but never referenced
S:\lab3_skeleton code\slave\main.cpp(130): warning:  #177-D: variable "state" was declared but never referenced
S:\lab3_skeleton code\slave\main.cpp(176): warning:  #111-D: statement is unreachable
S:\lab3_skeleton code\slave\main.cpp(74): warning:  #177-D: variable "j" was declared but never referenced
S:\lab3_skeleton code\slave\main.cpp(75): warning:  #177-D: variable "mole_id" was declared but never referenced
S:\lab3_skeleton code\slave\main.cpp(77): warning:  #177-D: variable "fd" was declared but never referenced
S:\lab3_skeleton code\slave\main.cpp(77): warning:  #550-D: variable "val" was set but never used
S:\lab3_skeleton code\slave\main.cpp(85): warning:  #177-D: variable "check_period" was declared but never referenced
S:\lab3_skeleton code\slave\main.cpp(210): warning:  #514-D: pointless comparison of unsigned integer with a negative constant
S:\lab3_skeleton code\slave\main.cpp(284): warning:  #111-D: statement is unreachable
S:\lab3_skeleton code\slave\main.cpp(195): warning:  #177-D: variable "j" was declared but never referenced
S:\lab3_skeleton code\slave\main.cpp(195): warning:  #177-D: variable "i" was declared but never referenced
S:\lab3_skeleton code\slave\main.cpp(196): warning:  #177-D: variable "rssi" was declared but never referenced
S:\lab3_skeleton code\slave\main.cpp(196): warning:  #177-D: variable "slot" was declared but never referenced
S:\lab3_skeleton code\slave\main.cpp(196): warning:  #177-D: variable "length" was declared but never referenced
S:\lab3_skeleton code\slave\main.cpp(196): warning:  #177-D: variable "mole_id" was declared but never referenced
S:\lab3_skeleton code\slave\main.cpp(197): warning:  #177-D: variable "local_rx_buf" was declared but never referenced
S:\lab3_skeleton code\slave\main.cpp(200): warning:  #177-D: variable "Close" was declared but never referenced
S:\lab3_skeleton code\slave\main.cpp(203): warning:  #177-D: variable "v" was declared but never referenced
S:\lab3_skeleton code\slave\main.cpp(205): warning:  #177-D: variable "ret" was declared but never referenced
S:\lab3_skeleton code\slave\main.cpp(206): warning:  #177-D: variable "r_period" was declared but never referenced
S:\lab3_skeleton code\slave\main.cpp(75): warning: C4017W: length may be used before being set
S:\lab3_skeleton code\slave\main.cpp(75): warning: C4017W: slot may be used before being set
linking...
Program Size: Code=30794 RO-data=1546 RW-data=380 ZI-data=2752  
After Build - User command #1: fromelf --bin -o E:\SLAVE.bin .\build\SLAVE.axf
".\build\SLAVE.axf" - 0 Errors, 58 Warning(s).
Rebuild target 'mbed NXP LPC1768'
compiling nrk_cpu.cpp...
compiling nrk_status.cpp...
compiling nrk_timer.cpp...
mrk_uvision_lpc1768\mrk\NanoRk\src\kernel\hal\LPC1768\nrk_timer.cpp(177): warning:  #191-D: type qualifier is meaningless on cast type
mrk_uvision_lpc1768\mrk\NanoRk\src\kernel\hal\LPC1768\nrk_timer.cpp(298): warning:  #191-D: type qualifier is meaningless on cast type
compiling nrk_watchdog.cpp...
compiling nrk.cpp...
compiling nrk_error.cpp...
mrk_uvision_lpc1768\mrk\NanoRk\src\kernel\source\nrk_error.cpp(165): warning:  #177-D: variable "i" was declared but never referenced
compiling nrk_events.cpp...
mrk_uvision_lpc1768\mrk\NanoRk\src\kernel\source\nrk_events.cpp(279): warning:  #177-D: variable "task_ID" was declared but never referenced
compiling nrk_idle_task.cpp...
mrk_uvision_lpc1768\mrk\NanoRk\src\kernel\source\nrk_idle_task.cpp(39): warning:  #177-D: variable "stkc" was declared but never referenced
compiling nrk_reserve.cpp...
compiling nrk_scheduler.cpp...
compiling nrk_stack_check.cpp...
compiling nrk_stats.cpp...
compiling nrk_task.cpp...
mrk_uvision_lpc1768\mrk\NanoRk\src\kernel\source\nrk_task.cpp(230): warning:  #550-D: variable "rtype" was set but never used
mrk_uvision_lpc1768\mrk\NanoRk\src\kernel\source\nrk_task.cpp(524): warning:  #191-D: type qualifier is meaningless on cast type
compiling nrk_time.cpp...
compiling hal_wait.cpp...
compiling ulib.cpp...
mrk_uvision_lpc1768\mrk\NanoRk\src\platform\mbed\source\ulib.cpp(338): warning:  #9-D: nested comment is not allowed
mrk_uvision_lpc1768\mrk\NanoRk\src\platform\mbed\source\ulib.cpp(606): warning:  #111-D: statement is unreachable
mrk_uvision_lpc1768\mrk\NanoRk\src\platform\mbed\source\ulib.cpp(657): warning:  #940-D: missing return statement at end of non-void function "nrk_get_button"
mrk_uvision_lpc1768\mrk\NanoRk\src\platform\mbed\source\ulib.cpp(826): warning: C4017W: uClk may be used before being set
assembling my_asm.s...
mrk_uvision_lpc1768\mrk\my_asm.s(93): warning: A1581W: Added 2 bytes of padding at address 0x6a
compiling adc_driver.cpp...
mrk_uvision_lpc1768\mrk\NanoRk\src\drivers\platform\mbed\adc_driver.cpp(69): warning:  #68-D: integer conversion resulted in a change of sign
mrk_uvision_lpc1768\mrk\NanoRk\src\drivers\platform\mbed\adc_driver.cpp(73): warning:  #68-D: integer conversion resulted in a change of sign
mrk_uvision_lpc1768\mrk\NanoRk\src\drivers\platform\mbed\adc_driver.cpp(76): warning:  #68-D: integer conversion resulted in a change of sign
mrk_uvision_lpc1768\mrk\NanoRk\src\drivers\platform\mbed\adc_driver.cpp(96): warning:  #68-D: integer conversion resulted in a change of sign
mrk_uvision_lpc1768\mrk\NanoRk\src\drivers\platform\mbed\adc_driver.cpp(105): warning:  #68-D: integer conversion resulted in a change of sign
compiling ff_basic_sensor.cpp...
mrk_uvision_lpc1768\mrk\NanoRk\src\drivers\platform\mbed\ff_basic_sensor.cpp(68): warning:  #68-D: integer conversion resulted in a change of sign
mrk_uvision_lpc1768\mrk\NanoRk\src\drivers\platform\mbed\ff_basic_sensor.cpp(82): warning:  #68-D: integer conversion resulted in a change of sign
mrk_uvision_lpc1768\mrk\NanoRk\src\drivers\platform\mbed\ff_basic_sensor.cpp(86): warning:  #68-D: integer conversion resulted in a change of sign
mrk_uvision_lpc1768\mrk\NanoRk\src\drivers\platform\mbed\ff_basic_sensor.cpp(89): warning:  #68-D: integer conversion resulted in a change of sign
mrk_uvision_lpc1768\mrk\NanoRk\src\drivers\platform\mbed\ff_basic_sensor.cpp(170): warning:  #68-D: integer conversion resulted in a change of sign
mrk_uvision_lpc1768\mrk\NanoRk\src\drivers\platform\mbed\ff_basic_sensor.cpp(193): warning:  #68-D: integer conversion resulted in a change of sign
mrk_uvision_lpc1768\mrk\NanoRk\src\drivers\platform\mbed\ff_basic_sensor.cpp(209): warning:  #68-D: integer conversion resulted in a change of sign
mrk_uvision_lpc1768\mrk\NanoRk\src\drivers\platform\mbed\ff_basic_sensor.cpp(265): warning:  #1-D: last line of file ends without a newline
compiling nrk_driver.cpp...
mrk_uvision_lpc1768\mrk\NanoRk\src\kernel\source\nrk_driver.cpp(141): warning:  #186-D: pointless comparison of unsigned integer with zero
compiling bmac.cpp...
mrk_uvision_lpc1768\mrk\NanoRk\src\net\bmac\bmac.cpp(461): warning:  #550-D: variable "result" was set but never used
mrk_uvision_lpc1768\mrk\NanoRk\src\net\bmac\bmac.cpp(502): warning:  #177-D: variable "result" was declared but never referenced
mrk_uvision_lpc1768\mrk\NanoRk\src\net\bmac\bmac.cpp(554): warning:  #550-D: variable "e" was set but never used
mrk_uvision_lpc1768\mrk\NanoRk\src\net\bmac\bmac.cpp(555): warning:  #177-D: variable "backoff" was declared but never referenced
mrk_uvision_lpc1768\mrk\NanoRk\src\net\bmac\bmac.cpp(803): warning:  #1-D: last line of file ends without a newline
mrk_uvision_lpc1768\mrk\NanoRk\src\net\bmac\bmac.cpp(66): warning:  #550-D: variable "g_chan" was set but never used
mrk_uvision_lpc1768\mrk\NanoRk\src\net\bmac\bmac.cpp(72): warning:  #550-D: variable "tx_reserve" was set but never used
compiling basic_rf.cpp...
mrk_uvision_lpc1768\mrk\NanoRk\src\radio\mrf24j40\source\basic_rf.cpp(336): warning:  #61-D: integer operation result is out of range
mrk_uvision_lpc1768\mrk\NanoRk\src\radio\mrf24j40\source\basic_rf.cpp(336): warning:  #68-D: integer conversion resulted in a change of sign
compiling MRF24J40.cpp...
compiling main.cpp...
S:\lab3_skeleton code\slave\main.cpp(130): warning:  #177-D: variable "mole_index" was declared but never referenced
S:\lab3_skeleton code\slave\main.cpp(130): warning:  #177-D: variable "state" was declared but never referenced
S:\lab3_skeleton code\slave\main.cpp(178): warning:  #111-D: statement is unreachable
S:\lab3_skeleton code\slave\main.cpp(74): warning:  #177-D: variable "j" was declared but never referenced
S:\lab3_skeleton code\slave\main.cpp(75): warning:  #177-D: variable "mole_id" was declared but never referenced
S:\lab3_skeleton code\slave\main.cpp(77): warning:  #177-D: variable "fd" was declared but never referenced
S:\lab3_skeleton code\slave\main.cpp(77): warning:  #550-D: variable "val" was set but never used
S:\lab3_skeleton code\slave\main.cpp(85): warning:  #177-D: variable "check_period" was declared but never referenced
S:\lab3_skeleton code\slave\main.cpp(212): warning:  #514-D: pointless comparison of unsigned integer with a negative constant
S:\lab3_skeleton code\slave\main.cpp(286): warning:  #111-D: statement is unreachable
S:\lab3_skeleton code\slave\main.cpp(197): warning:  #177-D: variable "j" was declared but never referenced
S:\lab3_skeleton code\slave\main.cpp(197): warning:  #177-D: variable "i" was declared but never referenced
S:\lab3_skeleton code\slave\main.cpp(198): warning:  #177-D: variable "rssi" was declared but never referenced
S:\lab3_skeleton code\slave\main.cpp(198): warning:  #177-D: variable "slot" was declared but never referenced
S:\lab3_skeleton code\slave\main.cpp(198): warning:  #177-D: variable "length" was declared but never referenced
S:\lab3_skeleton code\slave\main.cpp(198): warning:  #177-D: variable "mole_id" was declared but never referenced
S:\lab3_skeleton code\slave\main.cpp(199): warning:  #177-D: variable "local_rx_buf" was declared but never referenced
S:\lab3_skeleton code\slave\main.cpp(202): warning:  #177-D: variable "Close" was declared but never referenced
S:\lab3_skeleton code\slave\main.cpp(205): warning:  #177-D: variable "v" was declared but never referenced
S:\lab3_skeleton code\slave\main.cpp(207): warning:  #177-D: variable "ret" was declared but never referenced
S:\lab3_skeleton code\slave\main.cpp(208): warning:  #177-D: variable "r_period" was declared but never referenced
S:\lab3_skeleton code\slave\main.cpp(75): warning: C4017W: length may be used before being set
S:\lab3_skeleton code\slave\main.cpp(75): warning: C4017W: slot may be used before being set
linking...
Program Size: Code=30798 RO-data=1546 RW-data=380 ZI-data=2752  
After Build - User command #1: fromelf --bin -o E:\SLAVE.bin .\build\SLAVE.axf
".\build\SLAVE.axf" - 0 Errors, 58 Warning(s).
Rebuild target 'mbed NXP LPC1768'
compiling nrk_cpu.cpp...
compiling nrk_status.cpp...
compiling nrk_timer.cpp...
mrk_uvision_lpc1768\mrk\NanoRk\src\kernel\hal\LPC1768\nrk_timer.cpp(177): warning:  #191-D: type qualifier is meaningless on cast type
mrk_uvision_lpc1768\mrk\NanoRk\src\kernel\hal\LPC1768\nrk_timer.cpp(298): warning:  #191-D: type qualifier is meaningless on cast type
compiling nrk_watchdog.cpp...
compiling nrk.cpp...
compiling nrk_error.cpp...
mrk_uvision_lpc1768\mrk\NanoRk\src\kernel\source\nrk_error.cpp(165): warning:  #177-D: variable "i" was declared but never referenced
compiling nrk_events.cpp...
mrk_uvision_lpc1768\mrk\NanoRk\src\kernel\source\nrk_events.cpp(279): warning:  #177-D: variable "task_ID" was declared but never referenced
compiling nrk_idle_task.cpp...
mrk_uvision_lpc1768\mrk\NanoRk\src\kernel\source\nrk_idle_task.cpp(39): warning:  #177-D: variable "stkc" was declared but never referenced
compiling nrk_reserve.cpp...
compiling nrk_scheduler.cpp...
compiling nrk_stack_check.cpp...
compiling nrk_stats.cpp...
compiling nrk_task.cpp...
mrk_uvision_lpc1768\mrk\NanoRk\src\kernel\source\nrk_task.cpp(230): warning:  #550-D: variable "rtype" was set but never used
mrk_uvision_lpc1768\mrk\NanoRk\src\kernel\source\nrk_task.cpp(524): warning:  #191-D: type qualifier is meaningless on cast type
compiling nrk_time.cpp...
compiling hal_wait.cpp...
compiling ulib.cpp...
mrk_uvision_lpc1768\mrk\NanoRk\src\platform\mbed\source\ulib.cpp(338): warning:  #9-D: nested comment is not allowed
mrk_uvision_lpc1768\mrk\NanoRk\src\platform\mbed\source\ulib.cpp(606): warning:  #111-D: statement is unreachable
mrk_uvision_lpc1768\mrk\NanoRk\src\platform\mbed\source\ulib.cpp(657): warning:  #940-D: missing return statement at end of non-void function "nrk_get_button"
mrk_uvision_lpc1768\mrk\NanoRk\src\platform\mbed\source\ulib.cpp(826): warning: C4017W: uClk may be used before being set
assembling my_asm.s...
mrk_uvision_lpc1768\mrk\my_asm.s(93): warning: A1581W: Added 2 bytes of padding at address 0x6a
compiling adc_driver.cpp...
mrk_uvision_lpc1768\mrk\NanoRk\src\drivers\platform\mbed\adc_driver.cpp(69): warning:  #68-D: integer conversion resulted in a change of sign
mrk_uvision_lpc1768\mrk\NanoRk\src\drivers\platform\mbed\adc_driver.cpp(73): warning:  #68-D: integer conversion resulted in a change of sign
mrk_uvision_lpc1768\mrk\NanoRk\src\drivers\platform\mbed\adc_driver.cpp(76): warning:  #68-D: integer conversion resulted in a change of sign
mrk_uvision_lpc1768\mrk\NanoRk\src\drivers\platform\mbed\adc_driver.cpp(96): warning:  #68-D: integer conversion resulted in a change of sign
mrk_uvision_lpc1768\mrk\NanoRk\src\drivers\platform\mbed\adc_driver.cpp(105): warning:  #68-D: integer conversion resulted in a change of sign
compiling ff_basic_sensor.cpp...
mrk_uvision_lpc1768\mrk\NanoRk\src\drivers\platform\mbed\ff_basic_sensor.cpp(68): warning:  #68-D: integer conversion resulted in a change of sign
mrk_uvision_lpc1768\mrk\NanoRk\src\drivers\platform\mbed\ff_basic_sensor.cpp(82): warning:  #68-D: integer conversion resulted in a change of sign
mrk_uvision_lpc1768\mrk\NanoRk\src\drivers\platform\mbed\ff_basic_sensor.cpp(86): warning:  #68-D: integer conversion resulted in a change of sign
mrk_uvision_lpc1768\mrk\NanoRk\src\drivers\platform\mbed\ff_basic_sensor.cpp(89): warning:  #68-D: integer conversion resulted in a change of sign
mrk_uvision_lpc1768\mrk\NanoRk\src\drivers\platform\mbed\ff_basic_sensor.cpp(170): warning:  #68-D: integer conversion resulted in a change of sign
mrk_uvision_lpc1768\mrk\NanoRk\src\drivers\platform\mbed\ff_basic_sensor.cpp(193): warning:  #68-D: integer conversion resulted in a change of sign
mrk_uvision_lpc1768\mrk\NanoRk\src\drivers\platform\mbed\ff_basic_sensor.cpp(209): warning:  #68-D: integer conversion resulted in a change of sign
mrk_uvision_lpc1768\mrk\NanoRk\src\drivers\platform\mbed\ff_basic_sensor.cpp(265): warning:  #1-D: last line of file ends without a newline
compiling nrk_driver.cpp...
mrk_uvision_lpc1768\mrk\NanoRk\src\kernel\source\nrk_driver.cpp(141): warning:  #186-D: pointless comparison of unsigned integer with zero
compiling bmac.cpp...
mrk_uvision_lpc1768\mrk\NanoRk\src\net\bmac\bmac.cpp(461): warning:  #550-D: variable "result" was set but never used
mrk_uvision_lpc1768\mrk\NanoRk\src\net\bmac\bmac.cpp(502): warning:  #177-D: variable "result" was declared but never referenced
mrk_uvision_lpc1768\mrk\NanoRk\src\net\bmac\bmac.cpp(554): warning:  #550-D: variable "e" was set but never used
mrk_uvision_lpc1768\mrk\NanoRk\src\net\bmac\bmac.cpp(555): warning:  #177-D: variable "backoff" was declared but never referenced
mrk_uvision_lpc1768\mrk\NanoRk\src\net\bmac\bmac.cpp(803): warning:  #1-D: last line of file ends without a newline
mrk_uvision_lpc1768\mrk\NanoRk\src\net\bmac\bmac.cpp(66): warning:  #550-D: variable "g_chan" was set but never used
mrk_uvision_lpc1768\mrk\NanoRk\src\net\bmac\bmac.cpp(72): warning:  #550-D: variable "tx_reserve" was set but never used
compiling basic_rf.cpp...
mrk_uvision_lpc1768\mrk\NanoRk\src\radio\mrf24j40\source\basic_rf.cpp(336): warning:  #61-D: integer operation result is out of range
mrk_uvision_lpc1768\mrk\NanoRk\src\radio\mrf24j40\source\basic_rf.cpp(336): warning:  #68-D: integer conversion resulted in a change of sign
compiling MRF24J40.cpp...
compiling main.cpp...
S:\lab3_skeleton code\slave\main.cpp(130): warning:  #177-D: variable "mole_index" was declared but never referenced
S:\lab3_skeleton code\slave\main.cpp(130): warning:  #177-D: variable "state" was declared but never referenced
S:\lab3_skeleton code\slave\main.cpp(178): warning:  #111-D: statement is unreachable
S:\lab3_skeleton code\slave\main.cpp(74): warning:  #177-D: variable "j" was declared but never referenced
S:\lab3_skeleton code\slave\main.cpp(75): warning:  #177-D: variable "mole_id" was declared but never referenced
S:\lab3_skeleton code\slave\main.cpp(77): warning:  #177-D: variable "fd" was declared but never referenced
S:\lab3_skeleton code\slave\main.cpp(77): warning:  #550-D: variable "val" was set but never used
S:\lab3_skeleton code\slave\main.cpp(85): warning:  #177-D: variable "check_period" was declared but never referenced
S:\lab3_skeleton code\slave\main.cpp(212): warning:  #514-D: pointless comparison of unsigned integer with a negative constant
S:\lab3_skeleton code\slave\main.cpp(286): warning:  #111-D: statement is unreachable
S:\lab3_skeleton code\slave\main.cpp(197): warning:  #177-D: variable "j" was declared but never referenced
S:\lab3_skeleton code\slave\main.cpp(197): warning:  #177-D: variable "i" was declared but never referenced
S:\lab3_skeleton code\slave\main.cpp(198): warning:  #177-D: variable "rssi" was declared but never referenced
S:\lab3_skeleton code\slave\main.cpp(198): warning:  #177-D: variable "slot" was declared but never referenced
S:\lab3_skeleton code\slave\main.cpp(198): warning:  #177-D: variable "length" was declared but never referenced
S:\lab3_skeleton code\slave\main.cpp(198): warning:  #177-D: variable "mole_id" was declared but never referenced
S:\lab3_skeleton code\slave\main.cpp(199): warning:  #177-D: variable "local_rx_buf" was declared but never referenced
S:\lab3_skeleton code\slave\main.cpp(202): warning:  #177-D: variable "Close" was declared but never referenced
S:\lab3_skeleton code\slave\main.cpp(205): warning:  #177-D: variable "v" was declared but never referenced
S:\lab3_skeleton code\slave\main.cpp(207): warning:  #177-D: variable "ret" was declared but never referenced
S:\lab3_skeleton code\slave\main.cpp(208): warning:  #177-D: variable "r_period" was declared but never referenced
S:\lab3_skeleton code\slave\main.cpp(75): warning: C4017W: length may be used before being set
S:\lab3_skeleton code\slave\main.cpp(75): warning: C4017W: slot may be used before being set
linking...
Program Size: Code=30794 RO-data=1546 RW-data=380 ZI-data=2752  
After Build - User command #1: fromelf --bin -o E:\SLAVE.bin .\build\SLAVE.axf
".\build\SLAVE.axf" - 0 Errors, 58 Warning(s).
Rebuild target 'mbed NXP LPC1768'
compiling nrk_cpu.cpp...
compiling nrk_status.cpp...
compiling nrk_timer.cpp...
mrk_uvision_lpc1768\mrk\NanoRk\src\kernel\hal\LPC1768\nrk_timer.cpp(177): warning:  #191-D: type qualifier is meaningless on cast type
mrk_uvision_lpc1768\mrk\NanoRk\src\kernel\hal\LPC1768\nrk_timer.cpp(298): warning:  #191-D: type qualifier is meaningless on cast type
compiling nrk_watchdog.cpp...
compiling nrk.cpp...
compiling nrk_error.cpp...
mrk_uvision_lpc1768\mrk\NanoRk\src\kernel\source\nrk_error.cpp(165): warning:  #177-D: variable "i" was declared but never referenced
compiling nrk_events.cpp...
mrk_uvision_lpc1768\mrk\NanoRk\src\kernel\source\nrk_events.cpp(279): warning:  #177-D: variable "task_ID" was declared but never referenced
compiling nrk_idle_task.cpp...
mrk_uvision_lpc1768\mrk\NanoRk\src\kernel\source\nrk_idle_task.cpp(39): warning:  #177-D: variable "stkc" was declared but never referenced
compiling nrk_reserve.cpp...
compiling nrk_scheduler.cpp...
compiling nrk_stack_check.cpp...
compiling nrk_stats.cpp...
compiling nrk_task.cpp...
mrk_uvision_lpc1768\mrk\NanoRk\src\kernel\source\nrk_task.cpp(230): warning:  #550-D: variable "rtype" was set but never used
mrk_uvision_lpc1768\mrk\NanoRk\src\kernel\source\nrk_task.cpp(524): warning:  #191-D: type qualifier is meaningless on cast type
compiling nrk_time.cpp...
compiling hal_wait.cpp...
compiling ulib.cpp...
mrk_uvision_lpc1768\mrk\NanoRk\src\platform\mbed\source\ulib.cpp(338): warning:  #9-D: nested comment is not allowed
mrk_uvision_lpc1768\mrk\NanoRk\src\platform\mbed\source\ulib.cpp(606): warning:  #111-D: statement is unreachable
mrk_uvision_lpc1768\mrk\NanoRk\src\platform\mbed\source\ulib.cpp(657): warning:  #940-D: missing return statement at end of non-void function "nrk_get_button"
mrk_uvision_lpc1768\mrk\NanoRk\src\platform\mbed\source\ulib.cpp(826): warning: C4017W: uClk may be used before being set
assembling my_asm.s...
mrk_uvision_lpc1768\mrk\my_asm.s(93): warning: A1581W: Added 2 bytes of padding at address 0x6a
compiling adc_driver.cpp...
mrk_uvision_lpc1768\mrk\NanoRk\src\drivers\platform\mbed\adc_driver.cpp(69): warning:  #68-D: integer conversion resulted in a change of sign
mrk_uvision_lpc1768\mrk\NanoRk\src\drivers\platform\mbed\adc_driver.cpp(73): warning:  #68-D: integer conversion resulted in a change of sign
mrk_uvision_lpc1768\mrk\NanoRk\src\drivers\platform\mbed\adc_driver.cpp(76): warning:  #68-D: integer conversion resulted in a change of sign
mrk_uvision_lpc1768\mrk\NanoRk\src\drivers\platform\mbed\adc_driver.cpp(96): warning:  #68-D: integer conversion resulted in a change of sign
mrk_uvision_lpc1768\mrk\NanoRk\src\drivers\platform\mbed\adc_driver.cpp(105): warning:  #68-D: integer conversion resulted in a change of sign
compiling ff_basic_sensor.cpp...
mrk_uvision_lpc1768\mrk\NanoRk\src\drivers\platform\mbed\ff_basic_sensor.cpp(68): warning:  #68-D: integer conversion resulted in a change of sign
mrk_uvision_lpc1768\mrk\NanoRk\src\drivers\platform\mbed\ff_basic_sensor.cpp(82): warning:  #68-D: integer conversion resulted in a change of sign
mrk_uvision_lpc1768\mrk\NanoRk\src\drivers\platform\mbed\ff_basic_sensor.cpp(86): warning:  #68-D: integer conversion resulted in a change of sign
mrk_uvision_lpc1768\mrk\NanoRk\src\drivers\platform\mbed\ff_basic_sensor.cpp(89): warning:  #68-D: integer conversion resulted in a change of sign
mrk_uvision_lpc1768\mrk\NanoRk\src\drivers\platform\mbed\ff_basic_sensor.cpp(170): warning:  #68-D: integer conversion resulted in a change of sign
mrk_uvision_lpc1768\mrk\NanoRk\src\drivers\platform\mbed\ff_basic_sensor.cpp(193): warning:  #68-D: integer conversion resulted in a change of sign
mrk_uvision_lpc1768\mrk\NanoRk\src\drivers\platform\mbed\ff_basic_sensor.cpp(209): warning:  #68-D: integer conversion resulted in a change of sign
mrk_uvision_lpc1768\mrk\NanoRk\src\drivers\platform\mbed\ff_basic_sensor.cpp(265): warning:  #1-D: last line of file ends without a newline
compiling nrk_driver.cpp...
mrk_uvision_lpc1768\mrk\NanoRk\src\kernel\source\nrk_driver.cpp(141): warning:  #186-D: pointless comparison of unsigned integer with zero
compiling bmac.cpp...
mrk_uvision_lpc1768\mrk\NanoRk\src\net\bmac\bmac.cpp(461): warning:  #550-D: variable "result" was set but never used
mrk_uvision_lpc1768\mrk\NanoRk\src\net\bmac\bmac.cpp(502): warning:  #177-D: variable "result" was declared but never referenced
mrk_uvision_lpc1768\mrk\NanoRk\src\net\bmac\bmac.cpp(554): warning:  #550-D: variable "e" was set but never used
mrk_uvision_lpc1768\mrk\NanoRk\src\net\bmac\bmac.cpp(555): warning:  #177-D: variable "backoff" was declared but never referenced
mrk_uvision_lpc1768\mrk\NanoRk\src\net\bmac\bmac.cpp(803): warning:  #1-D: last line of file ends without a newline
mrk_uvision_lpc1768\mrk\NanoRk\src\net\bmac\bmac.cpp(66): warning:  #550-D: variable "g_chan" was set but never used
mrk_uvision_lpc1768\mrk\NanoRk\src\net\bmac\bmac.cpp(72): warning:  #550-D: variable "tx_reserve" was set but never used
compiling basic_rf.cpp...
mrk_uvision_lpc1768\mrk\NanoRk\src\radio\mrf24j40\source\basic_rf.cpp(336): warning:  #61-D: integer operation result is out of range
mrk_uvision_lpc1768\mrk\NanoRk\src\radio\mrf24j40\source\basic_rf.cpp(336): warning:  #68-D: integer conversion resulted in a change of sign
compiling MRF24J40.cpp...
compiling main.cpp...
S:\lab3_skeleton code\slave\main.cpp(130): warning:  #177-D: variable "mole_index" was declared but never referenced
S:\lab3_skeleton code\slave\main.cpp(130): warning:  #177-D: variable "state" was declared but never referenced
S:\lab3_skeleton code\slave\main.cpp(178): warning:  #111-D: statement is unreachable
S:\lab3_skeleton code\slave\main.cpp(74): warning:  #177-D: variable "j" was declared but never referenced
S:\lab3_skeleton code\slave\main.cpp(75): warning:  #177-D: variable "mole_id" was declared but never referenced
S:\lab3_skeleton code\slave\main.cpp(77): warning:  #177-D: variable "fd" was declared but never referenced
S:\lab3_skeleton code\slave\main.cpp(77): warning:  #550-D: variable "val" was set but never used
S:\lab3_skeleton code\slave\main.cpp(85): warning:  #177-D: variable "check_period" was declared but never referenced
S:\lab3_skeleton code\slave\main.cpp(212): warning:  #514-D: pointless comparison of unsigned integer with a negative constant
S:\lab3_skeleton code\slave\main.cpp(286): warning:  #111-D: statement is unreachable
S:\lab3_skeleton code\slave\main.cpp(197): warning:  #177-D: variable "j" was declared but never referenced
S:\lab3_skeleton code\slave\main.cpp(197): warning:  #177-D: variable "i" was declared but never referenced
S:\lab3_skeleton code\slave\main.cpp(198): warning:  #177-D: variable "rssi" was declared but never referenced
S:\lab3_skeleton code\slave\main.cpp(198): warning:  #177-D: variable "slot" was declared but never referenced
S:\lab3_skeleton code\slave\main.cpp(198): warning:  #177-D: variable "length" was declared but never referenced
S:\lab3_skeleton code\slave\main.cpp(198): warning:  #177-D: variable "mole_id" was declared but never referenced
S:\lab3_skeleton code\slave\main.cpp(199): warning:  #177-D: variable "local_rx_buf" was declared but never referenced
S:\lab3_skeleton code\slave\main.cpp(202): warning:  #177-D: variable "Close" was declared but never referenced
S:\lab3_skeleton code\slave\main.cpp(205): warning:  #177-D: variable "v" was declared but never referenced
S:\lab3_skeleton code\slave\main.cpp(207): warning:  #177-D: variable "ret" was declared but never referenced
S:\lab3_skeleton code\slave\main.cpp(208): warning:  #177-D: variable "r_period" was declared but never referenced
S:\lab3_skeleton code\slave\main.cpp(75): warning: C4017W: length may be used before being set
S:\lab3_skeleton code\slave\main.cpp(75): warning: C4017W: slot may be used before being set
linking...
Program Size: Code=30790 RO-data=1546 RW-data=380 ZI-data=2752  
After Build - User command #1: fromelf --bin -o E:\SLAVE.bin .\build\SLAVE.axf
".\build\SLAVE.axf" - 0 Errors, 58 Warning(s).
Rebuild target 'mbed NXP LPC1768'
compiling nrk_cpu.cpp...
compiling nrk_status.cpp...
compiling nrk_timer.cpp...
mrk_uvision_lpc1768\mrk\NanoRk\src\kernel\hal\LPC1768\nrk_timer.cpp(177): warning:  #191-D: type qualifier is meaningless on cast type
mrk_uvision_lpc1768\mrk\NanoRk\src\kernel\hal\LPC1768\nrk_timer.cpp(298): warning:  #191-D: type qualifier is meaningless on cast type
compiling nrk_watchdog.cpp...
compiling nrk.cpp...
compiling nrk_error.cpp...
mrk_uvision_lpc1768\mrk\NanoRk\src\kernel\source\nrk_error.cpp(165): warning:  #177-D: variable "i" was declared but never referenced
compiling nrk_events.cpp...
mrk_uvision_lpc1768\mrk\NanoRk\src\kernel\source\nrk_events.cpp(279): warning:  #177-D: variable "task_ID" was declared but never referenced
compiling nrk_idle_task.cpp...
mrk_uvision_lpc1768\mrk\NanoRk\src\kernel\source\nrk_idle_task.cpp(39): warning:  #177-D: variable "stkc" was declared but never referenced
compiling nrk_reserve.cpp...
compiling nrk_scheduler.cpp...
compiling nrk_stack_check.cpp...
compiling nrk_stats.cpp...
compiling nrk_task.cpp...
mrk_uvision_lpc1768\mrk\NanoRk\src\kernel\source\nrk_task.cpp(230): warning:  #550-D: variable "rtype" was set but never used
mrk_uvision_lpc1768\mrk\NanoRk\src\kernel\source\nrk_task.cpp(524): warning:  #191-D: type qualifier is meaningless on cast type
compiling nrk_time.cpp...
compiling hal_wait.cpp...
compiling ulib.cpp...
mrk_uvision_lpc1768\mrk\NanoRk\src\platform\mbed\source\ulib.cpp(338): warning:  #9-D: nested comment is not allowed
mrk_uvision_lpc1768\mrk\NanoRk\src\platform\mbed\source\ulib.cpp(606): warning:  #111-D: statement is unreachable
mrk_uvision_lpc1768\mrk\NanoRk\src\platform\mbed\source\ulib.cpp(657): warning:  #940-D: missing return statement at end of non-void function "nrk_get_button"
mrk_uvision_lpc1768\mrk\NanoRk\src\platform\mbed\source\ulib.cpp(826): warning: C4017W: uClk may be used before being set
assembling my_asm.s...
mrk_uvision_lpc1768\mrk\my_asm.s(93): warning: A1581W: Added 2 bytes of padding at address 0x6a
compiling adc_driver.cpp...
mrk_uvision_lpc1768\mrk\NanoRk\src\drivers\platform\mbed\adc_driver.cpp(69): warning:  #68-D: integer conversion resulted in a change of sign
mrk_uvision_lpc1768\mrk\NanoRk\src\drivers\platform\mbed\adc_driver.cpp(73): warning:  #68-D: integer conversion resulted in a change of sign
mrk_uvision_lpc1768\mrk\NanoRk\src\drivers\platform\mbed\adc_driver.cpp(76): warning:  #68-D: integer conversion resulted in a change of sign
mrk_uvision_lpc1768\mrk\NanoRk\src\drivers\platform\mbed\adc_driver.cpp(96): warning:  #68-D: integer conversion resulted in a change of sign
mrk_uvision_lpc1768\mrk\NanoRk\src\drivers\platform\mbed\adc_driver.cpp(105): warning:  #68-D: integer conversion resulted in a change of sign
compiling ff_basic_sensor.cpp...
mrk_uvision_lpc1768\mrk\NanoRk\src\drivers\platform\mbed\ff_basic_sensor.cpp(68): warning:  #68-D: integer conversion resulted in a change of sign
mrk_uvision_lpc1768\mrk\NanoRk\src\drivers\platform\mbed\ff_basic_sensor.cpp(82): warning:  #68-D: integer conversion resulted in a change of sign
mrk_uvision_lpc1768\mrk\NanoRk\src\drivers\platform\mbed\ff_basic_sensor.cpp(86): warning:  #68-D: integer conversion resulted in a change of sign
mrk_uvision_lpc1768\mrk\NanoRk\src\drivers\platform\mbed\ff_basic_sensor.cpp(89): warning:  #68-D: integer conversion resulted in a change of sign
mrk_uvision_lpc1768\mrk\NanoRk\src\drivers\platform\mbed\ff_basic_sensor.cpp(170): warning:  #68-D: integer conversion resulted in a change of sign
mrk_uvision_lpc1768\mrk\NanoRk\src\drivers\platform\mbed\ff_basic_sensor.cpp(193): warning:  #68-D: integer conversion resulted in a change of sign
mrk_uvision_lpc1768\mrk\NanoRk\src\drivers\platform\mbed\ff_basic_sensor.cpp(209): warning:  #68-D: integer conversion resulted in a change of sign
mrk_uvision_lpc1768\mrk\NanoRk\src\drivers\platform\mbed\ff_basic_sensor.cpp(265): warning:  #1-D: last line of file ends without a newline
compiling nrk_driver.cpp...
mrk_uvision_lpc1768\mrk\NanoRk\src\kernel\source\nrk_driver.cpp(141): warning:  #186-D: pointless comparison of unsigned integer with zero
compiling bmac.cpp...
mrk_uvision_lpc1768\mrk\NanoRk\src\net\bmac\bmac.cpp(461): warning:  #550-D: variable "result" was set but never used
mrk_uvision_lpc1768\mrk\NanoRk\src\net\bmac\bmac.cpp(502): warning:  #177-D: variable "result" was declared but never referenced
mrk_uvision_lpc1768\mrk\NanoRk\src\net\bmac\bmac.cpp(554): warning:  #550-D: variable "e" was set but never used
mrk_uvision_lpc1768\mrk\NanoRk\src\net\bmac\bmac.cpp(555): warning:  #177-D: variable "backoff" was declared but never referenced
mrk_uvision_lpc1768\mrk\NanoRk\src\net\bmac\bmac.cpp(803): warning:  #1-D: last line of file ends without a newline
mrk_uvision_lpc1768\mrk\NanoRk\src\net\bmac\bmac.cpp(66): warning:  #550-D: variable "g_chan" was set but never used
mrk_uvision_lpc1768\mrk\NanoRk\src\net\bmac\bmac.cpp(72): warning:  #550-D: variable "tx_reserve" was set but never used
compiling basic_rf.cpp...
mrk_uvision_lpc1768\mrk\NanoRk\src\radio\mrf24j40\source\basic_rf.cpp(336): warning:  #61-D: integer operation result is out of range
mrk_uvision_lpc1768\mrk\NanoRk\src\radio\mrf24j40\source\basic_rf.cpp(336): warning:  #68-D: integer conversion resulted in a change of sign
compiling MRF24J40.cpp...
compiling main.cpp...
S:\lab3_skeleton code\slave\main.cpp(130): warning:  #177-D: variable "mole_index" was declared but never referenced
S:\lab3_skeleton code\slave\main.cpp(130): warning:  #177-D: variable "state" was declared but never referenced
S:\lab3_skeleton code\slave\main.cpp(178): warning:  #111-D: statement is unreachable
S:\lab3_skeleton code\slave\main.cpp(74): warning:  #177-D: variable "j" was declared but never referenced
S:\lab3_skeleton code\slave\main.cpp(75): warning:  #177-D: variable "mole_id" was declared but never referenced
S:\lab3_skeleton code\slave\main.cpp(77): warning:  #177-D: variable "fd" was declared but never referenced
S:\lab3_skeleton code\slave\main.cpp(77): warning:  #550-D: variable "val" was set but never used
S:\lab3_skeleton code\slave\main.cpp(85): warning:  #177-D: variable "check_period" was declared but never referenced
S:\lab3_skeleton code\slave\main.cpp(212): warning:  #514-D: pointless comparison of unsigned integer with a negative constant
S:\lab3_skeleton code\slave\main.cpp(286): warning:  #111-D: statement is unreachable
S:\lab3_skeleton code\slave\main.cpp(197): warning:  #177-D: variable "j" was declared but never referenced
S:\lab3_skeleton code\slave\main.cpp(197): warning:  #177-D: variable "i" was declared but never referenced
S:\lab3_skeleton code\slave\main.cpp(198): warning:  #177-D: variable "rssi" was declared but never referenced
S:\lab3_skeleton code\slave\main.cpp(198): warning:  #177-D: variable "slot" was declared but never referenced
S:\lab3_skeleton code\slave\main.cpp(198): warning:  #177-D: variable "length" was declared but never referenced
S:\lab3_skeleton code\slave\main.cpp(198): warning:  #177-D: variable "mole_id" was declared but never referenced
S:\lab3_skeleton code\slave\main.cpp(199): warning:  #177-D: variable "local_rx_buf" was declared but never referenced
S:\lab3_skeleton code\slave\main.cpp(202): warning:  #177-D: variable "Close" was declared but never referenced
S:\lab3_skeleton code\slave\main.cpp(205): warning:  #177-D: variable "v" was declared but never referenced
S:\lab3_skeleton code\slave\main.cpp(207): warning:  #177-D: variable "ret" was declared but never referenced
S:\lab3_skeleton code\slave\main.cpp(208): warning:  #177-D: variable "r_period" was declared but never referenced
S:\lab3_skeleton code\slave\main.cpp(75): warning: C4017W: length may be used before being set
S:\lab3_skeleton code\slave\main.cpp(75): warning: C4017W: slot may be used before being set
linking...
Program Size: Code=30758 RO-data=1546 RW-data=380 ZI-data=2752  
After Build - User command #1: fromelf --bin -o E:\SLAVE.bin .\build\SLAVE.axf
".\build\SLAVE.axf" - 0 Errors, 58 Warning(s).
Rebuild target 'mbed NXP LPC1768'
compiling nrk_cpu.cpp...
compiling nrk_status.cpp...
compiling nrk_timer.cpp...
mrk_uvision_lpc1768\mrk\NanoRk\src\kernel\hal\LPC1768\nrk_timer.cpp(177): warning:  #191-D: type qualifier is meaningless on cast type
mrk_uvision_lpc1768\mrk\NanoRk\src\kernel\hal\LPC1768\nrk_timer.cpp(298): warning:  #191-D: type qualifier is meaningless on cast type
compiling nrk_watchdog.cpp...
compiling nrk.cpp...
compiling nrk_error.cpp...
mrk_uvision_lpc1768\mrk\NanoRk\src\kernel\source\nrk_error.cpp(165): warning:  #177-D: variable "i" was declared but never referenced
compiling nrk_events.cpp...
mrk_uvision_lpc1768\mrk\NanoRk\src\kernel\source\nrk_events.cpp(279): warning:  #177-D: variable "task_ID" was declared but never referenced
compiling nrk_idle_task.cpp...
mrk_uvision_lpc1768\mrk\NanoRk\src\kernel\source\nrk_idle_task.cpp(39): warning:  #177-D: variable "stkc" was declared but never referenced
compiling nrk_reserve.cpp...
compiling nrk_scheduler.cpp...
compiling nrk_stack_check.cpp...
compiling nrk_stats.cpp...
compiling nrk_task.cpp...
mrk_uvision_lpc1768\mrk\NanoRk\src\kernel\source\nrk_task.cpp(230): warning:  #550-D: variable "rtype" was set but never used
mrk_uvision_lpc1768\mrk\NanoRk\src\kernel\source\nrk_task.cpp(524): warning:  #191-D: type qualifier is meaningless on cast type
compiling nrk_time.cpp...
compiling hal_wait.cpp...
compiling ulib.cpp...
mrk_uvision_lpc1768\mrk\NanoRk\src\platform\mbed\source\ulib.cpp(338): warning:  #9-D: nested comment is not allowed
mrk_uvision_lpc1768\mrk\NanoRk\src\platform\mbed\source\ulib.cpp(606): warning:  #111-D: statement is unreachable
mrk_uvision_lpc1768\mrk\NanoRk\src\platform\mbed\source\ulib.cpp(657): warning:  #940-D: missing return statement at end of non-void function "nrk_get_button"
mrk_uvision_lpc1768\mrk\NanoRk\src\platform\mbed\source\ulib.cpp(826): warning: C4017W: uClk may be used before being set
assembling my_asm.s...
mrk_uvision_lpc1768\mrk\my_asm.s(93): warning: A1581W: Added 2 bytes of padding at address 0x6a
compiling adc_driver.cpp...
mrk_uvision_lpc1768\mrk\NanoRk\src\drivers\platform\mbed\adc_driver.cpp(69): warning:  #68-D: integer conversion resulted in a change of sign
mrk_uvision_lpc1768\mrk\NanoRk\src\drivers\platform\mbed\adc_driver.cpp(73): warning:  #68-D: integer conversion resulted in a change of sign
mrk_uvision_lpc1768\mrk\NanoRk\src\drivers\platform\mbed\adc_driver.cpp(76): warning:  #68-D: integer conversion resulted in a change of sign
mrk_uvision_lpc1768\mrk\NanoRk\src\drivers\platform\mbed\adc_driver.cpp(96): warning:  #68-D: integer conversion resulted in a change of sign
mrk_uvision_lpc1768\mrk\NanoRk\src\drivers\platform\mbed\adc_driver.cpp(105): warning:  #68-D: integer conversion resulted in a change of sign
compiling ff_basic_sensor.cpp...
mrk_uvision_lpc1768\mrk\NanoRk\src\drivers\platform\mbed\ff_basic_sensor.cpp(68): warning:  #68-D: integer conversion resulted in a change of sign
mrk_uvision_lpc1768\mrk\NanoRk\src\drivers\platform\mbed\ff_basic_sensor.cpp(82): warning:  #68-D: integer conversion resulted in a change of sign
mrk_uvision_lpc1768\mrk\NanoRk\src\drivers\platform\mbed\ff_basic_sensor.cpp(86): warning:  #68-D: integer conversion resulted in a change of sign
mrk_uvision_lpc1768\mrk\NanoRk\src\drivers\platform\mbed\ff_basic_sensor.cpp(89): warning:  #68-D: integer conversion resulted in a change of sign
mrk_uvision_lpc1768\mrk\NanoRk\src\drivers\platform\mbed\ff_basic_sensor.cpp(170): warning:  #68-D: integer conversion resulted in a change of sign
mrk_uvision_lpc1768\mrk\NanoRk\src\drivers\platform\mbed\ff_basic_sensor.cpp(193): warning:  #68-D: integer conversion resulted in a change of sign
mrk_uvision_lpc1768\mrk\NanoRk\src\drivers\platform\mbed\ff_basic_sensor.cpp(209): warning:  #68-D: integer conversion resulted in a change of sign
mrk_uvision_lpc1768\mrk\NanoRk\src\drivers\platform\mbed\ff_basic_sensor.cpp(265): warning:  #1-D: last line of file ends without a newline
compiling nrk_driver.cpp...
mrk_uvision_lpc1768\mrk\NanoRk\src\kernel\source\nrk_driver.cpp(141): warning:  #186-D: pointless comparison of unsigned integer with zero
compiling bmac.cpp...
mrk_uvision_lpc1768\mrk\NanoRk\src\net\bmac\bmac.cpp(461): warning:  #550-D: variable "result" was set but never used
mrk_uvision_lpc1768\mrk\NanoRk\src\net\bmac\bmac.cpp(502): warning:  #177-D: variable "result" was declared but never referenced
mrk_uvision_lpc1768\mrk\NanoRk\src\net\bmac\bmac.cpp(554): warning:  #550-D: variable "e" was set but never used
mrk_uvision_lpc1768\mrk\NanoRk\src\net\bmac\bmac.cpp(555): warning:  #177-D: variable "backoff" was declared but never referenced
mrk_uvision_lpc1768\mrk\NanoRk\src\net\bmac\bmac.cpp(803): warning:  #1-D: last line of file ends without a newline
mrk_uvision_lpc1768\mrk\NanoRk\src\net\bmac\bmac.cpp(66): warning:  #550-D: variable "g_chan" was set but never used
mrk_uvision_lpc1768\mrk\NanoRk\src\net\bmac\bmac.cpp(72): warning:  #550-D: variable "tx_reserve" was set but never used
compiling basic_rf.cpp...
mrk_uvision_lpc1768\mrk\NanoRk\src\radio\mrf24j40\source\basic_rf.cpp(336): warning:  #61-D: integer operation result is out of range
mrk_uvision_lpc1768\mrk\NanoRk\src\radio\mrf24j40\source\basic_rf.cpp(336): warning:  #68-D: integer conversion resulted in a change of sign
compiling MRF24J40.cpp...
compiling main.cpp...
S:\lab3_skeleton code\slave\main.cpp(130): warning:  #177-D: variable "mole_index" was declared but never referenced
S:\lab3_skeleton code\slave\main.cpp(130): warning:  #177-D: variable "state" was declared but never referenced
S:\lab3_skeleton code\slave\main.cpp(178): warning:  #111-D: statement is unreachable
S:\lab3_skeleton code\slave\main.cpp(74): warning:  #177-D: variable "j" was declared but never referenced
S:\lab3_skeleton code\slave\main.cpp(75): warning:  #177-D: variable "mole_id" was declared but never referenced
S:\lab3_skeleton code\slave\main.cpp(77): warning:  #177-D: variable "fd" was declared but never referenced
S:\lab3_skeleton code\slave\main.cpp(77): warning:  #550-D: variable "val" was set but never used
S:\lab3_skeleton code\slave\main.cpp(85): warning:  #177-D: variable "check_period" was declared but never referenced
S:\lab3_skeleton code\slave\main.cpp(212): warning:  #514-D: pointless comparison of unsigned integer with a negative constant
S:\lab3_skeleton code\slave\main.cpp(286): warning:  #111-D: statement is unreachable
S:\lab3_skeleton code\slave\main.cpp(197): warning:  #177-D: variable "j" was declared but never referenced
S:\lab3_skeleton code\slave\main.cpp(197): warning:  #177-D: variable "i" was declared but never referenced
S:\lab3_skeleton code\slave\main.cpp(198): warning:  #177-D: variable "rssi" was declared but never referenced
S:\lab3_skeleton code\slave\main.cpp(198): warning:  #177-D: variable "slot" was declared but never referenced
S:\lab3_skeleton code\slave\main.cpp(198): warning:  #177-D: variable "length" was declared but never referenced
S:\lab3_skeleton code\slave\main.cpp(198): warning:  #177-D: variable "mole_id" was declared but never referenced
S:\lab3_skeleton code\slave\main.cpp(199): warning:  #177-D: variable "local_rx_buf" was declared but never referenced
S:\lab3_skeleton code\slave\main.cpp(202): warning:  #177-D: variable "Close" was declared but never referenced
S:\lab3_skeleton code\slave\main.cpp(205): warning:  #177-D: variable "v" was declared but never referenced
S:\lab3_skeleton code\slave\main.cpp(207): warning:  #177-D: variable "ret" was declared but never referenced
S:\lab3_skeleton code\slave\main.cpp(208): warning:  #177-D: variable "r_period" was declared but never referenced
S:\lab3_skeleton code\slave\main.cpp(75): warning: C4017W: length may be used before being set
S:\lab3_skeleton code\slave\main.cpp(75): warning: C4017W: slot may be used before being set
linking...
Program Size: Code=30758 RO-data=1546 RW-data=380 ZI-data=2752  
After Build - User command #1: fromelf --bin -o E:\SLAVE.bin .\build\SLAVE.axf
".\build\SLAVE.axf" - 0 Errors, 58 Warning(s).
Rebuild target 'mbed NXP LPC1768'
compiling nrk_cpu.cpp...
compiling nrk_status.cpp...
compiling nrk_timer.cpp...
mrk_uvision_lpc1768\mrk\NanoRk\src\kernel\hal\LPC1768\nrk_timer.cpp(177): warning:  #191-D: type qualifier is meaningless on cast type
mrk_uvision_lpc1768\mrk\NanoRk\src\kernel\hal\LPC1768\nrk_timer.cpp(298): warning:  #191-D: type qualifier is meaningless on cast type
compiling nrk_watchdog.cpp...
compiling nrk.cpp...
compiling nrk_error.cpp...
mrk_uvision_lpc1768\mrk\NanoRk\src\kernel\source\nrk_error.cpp(165): warning:  #177-D: variable "i" was declared but never referenced
compiling nrk_events.cpp...
mrk_uvision_lpc1768\mrk\NanoRk\src\kernel\source\nrk_events.cpp(279): warning:  #177-D: variable "task_ID" was declared but never referenced
compiling nrk_idle_task.cpp...
mrk_uvision_lpc1768\mrk\NanoRk\src\kernel\source\nrk_idle_task.cpp(39): warning:  #177-D: variable "stkc" was declared but never referenced
compiling nrk_reserve.cpp...
compiling nrk_scheduler.cpp...
compiling nrk_stack_check.cpp...
compiling nrk_stats.cpp...
compiling nrk_task.cpp...
mrk_uvision_lpc1768\mrk\NanoRk\src\kernel\source\nrk_task.cpp(230): warning:  #550-D: variable "rtype" was set but never used
mrk_uvision_lpc1768\mrk\NanoRk\src\kernel\source\nrk_task.cpp(524): warning:  #191-D: type qualifier is meaningless on cast type
compiling nrk_time.cpp...
compiling hal_wait.cpp...
compiling ulib.cpp...
mrk_uvision_lpc1768\mrk\NanoRk\src\platform\mbed\source\ulib.cpp(338): warning:  #9-D: nested comment is not allowed
mrk_uvision_lpc1768\mrk\NanoRk\src\platform\mbed\source\ulib.cpp(606): warning:  #111-D: statement is unreachable
mrk_uvision_lpc1768\mrk\NanoRk\src\platform\mbed\source\ulib.cpp(657): warning:  #940-D: missing return statement at end of non-void function "nrk_get_button"
mrk_uvision_lpc1768\mrk\NanoRk\src\platform\mbed\source\ulib.cpp(826): warning: C4017W: uClk may be used before being set
assembling my_asm.s...
mrk_uvision_lpc1768\mrk\my_asm.s(93): warning: A1581W: Added 2 bytes of padding at address 0x6a
compiling adc_driver.cpp...
mrk_uvision_lpc1768\mrk\NanoRk\src\drivers\platform\mbed\adc_driver.cpp(69): warning:  #68-D: integer conversion resulted in a change of sign
mrk_uvision_lpc1768\mrk\NanoRk\src\drivers\platform\mbed\adc_driver.cpp(73): warning:  #68-D: integer conversion resulted in a change of sign
mrk_uvision_lpc1768\mrk\NanoRk\src\drivers\platform\mbed\adc_driver.cpp(76): warning:  #68-D: integer conversion resulted in a change of sign
mrk_uvision_lpc1768\mrk\NanoRk\src\drivers\platform\mbed\adc_driver.cpp(96): warning:  #68-D: integer conversion resulted in a change of sign
mrk_uvision_lpc1768\mrk\NanoRk\src\drivers\platform\mbed\adc_driver.cpp(105): warning:  #68-D: integer conversion resulted in a change of sign
compiling ff_basic_sensor.cpp...
mrk_uvision_lpc1768\mrk\NanoRk\src\drivers\platform\mbed\ff_basic_sensor.cpp(68): warning:  #68-D: integer conversion resulted in a change of sign
mrk_uvision_lpc1768\mrk\NanoRk\src\drivers\platform\mbed\ff_basic_sensor.cpp(82): warning:  #68-D: integer conversion resulted in a change of sign
mrk_uvision_lpc1768\mrk\NanoRk\src\drivers\platform\mbed\ff_basic_sensor.cpp(86): warning:  #68-D: integer conversion resulted in a change of sign
mrk_uvision_lpc1768\mrk\NanoRk\src\drivers\platform\mbed\ff_basic_sensor.cpp(89): warning:  #68-D: integer conversion resulted in a change of sign
mrk_uvision_lpc1768\mrk\NanoRk\src\drivers\platform\mbed\ff_basic_sensor.cpp(170): warning:  #68-D: integer conversion resulted in a change of sign
mrk_uvision_lpc1768\mrk\NanoRk\src\drivers\platform\mbed\ff_basic_sensor.cpp(193): warning:  #68-D: integer conversion resulted in a change of sign
mrk_uvision_lpc1768\mrk\NanoRk\src\drivers\platform\mbed\ff_basic_sensor.cpp(209): warning:  #68-D: integer conversion resulted in a change of sign
mrk_uvision_lpc1768\mrk\NanoRk\src\drivers\platform\mbed\ff_basic_sensor.cpp(265): warning:  #1-D: last line of file ends without a newline
compiling nrk_driver.cpp...
mrk_uvision_lpc1768\mrk\NanoRk\src\kernel\source\nrk_driver.cpp(141): warning:  #186-D: pointless comparison of unsigned integer with zero
compiling bmac.cpp...
mrk_uvision_lpc1768\mrk\NanoRk\src\net\bmac\bmac.cpp(461): warning:  #550-D: variable "result" was set but never used
mrk_uvision_lpc1768\mrk\NanoRk\src\net\bmac\bmac.cpp(502): warning:  #177-D: variable "result" was declared but never referenced
mrk_uvision_lpc1768\mrk\NanoRk\src\net\bmac\bmac.cpp(554): warning:  #550-D: variable "e" was set but never used
mrk_uvision_lpc1768\mrk\NanoRk\src\net\bmac\bmac.cpp(555): warning:  #177-D: variable "backoff" was declared but never referenced
mrk_uvision_lpc1768\mrk\NanoRk\src\net\bmac\bmac.cpp(803): warning:  #1-D: last line of file ends without a newline
mrk_uvision_lpc1768\mrk\NanoRk\src\net\bmac\bmac.cpp(66): warning:  #550-D: variable "g_chan" was set but never used
mrk_uvision_lpc1768\mrk\NanoRk\src\net\bmac\bmac.cpp(72): warning:  #550-D: variable "tx_reserve" was set but never used
compiling basic_rf.cpp...
mrk_uvision_lpc1768\mrk\NanoRk\src\radio\mrf24j40\source\basic_rf.cpp(336): warning:  #61-D: integer operation result is out of range
mrk_uvision_lpc1768\mrk\NanoRk\src\radio\mrf24j40\source\basic_rf.cpp(336): warning:  #68-D: integer conversion resulted in a change of sign
compiling MRF24J40.cpp...
compiling main.cpp...
S:\lab3_skeleton code\slave\main.cpp(130): warning:  #177-D: variable "mole_index" was declared but never referenced
S:\lab3_skeleton code\slave\main.cpp(130): warning:  #177-D: variable "state" was declared but never referenced
S:\lab3_skeleton code\slave\main.cpp(178): warning:  #111-D: statement is unreachable
S:\lab3_skeleton code\slave\main.cpp(74): warning:  #177-D: variable "j" was declared but never referenced
S:\lab3_skeleton code\slave\main.cpp(75): warning:  #177-D: variable "slot" was declared but never referenced
S:\lab3_skeleton code\slave\main.cpp(75): warning:  #177-D: variable "mole_id" was declared but never referenced
S:\lab3_skeleton code\slave\main.cpp(77): warning:  #177-D: variable "fd" was declared but never referenced
S:\lab3_skeleton code\slave\main.cpp(77): warning:  #550-D: variable "val" was set but never used
S:\lab3_skeleton code\slave\main.cpp(85): warning:  #177-D: variable "check_period" was declared but never referenced
S:\lab3_skeleton code\slave\main.cpp(212): warning:  #514-D: pointless comparison of unsigned integer with a negative constant
S:\lab3_skeleton code\slave\main.cpp(286): warning:  #111-D: statement is unreachable
S:\lab3_skeleton code\slave\main.cpp(197): warning:  #177-D: variable "j" was declared but never referenced
S:\lab3_skeleton code\slave\main.cpp(197): warning:  #177-D: variable "i" was declared but never referenced
S:\lab3_skeleton code\slave\main.cpp(198): warning:  #177-D: variable "rssi" was declared but never referenced
S:\lab3_skeleton code\slave\main.cpp(198): warning:  #177-D: variable "slot" was declared but never referenced
S:\lab3_skeleton code\slave\main.cpp(198): warning:  #177-D: variable "length" was declared but never referenced
S:\lab3_skeleton code\slave\main.cpp(198): warning:  #177-D: variable "mole_id" was declared but never referenced
S:\lab3_skeleton code\slave\main.cpp(199): warning:  #177-D: variable "local_rx_buf" was declared but never referenced
S:\lab3_skeleton code\slave\main.cpp(202): warning:  #177-D: variable "Close" was declared but never referenced
S:\lab3_skeleton code\slave\main.cpp(205): warning:  #177-D: variable "v" was declared but never referenced
S:\lab3_skeleton code\slave\main.cpp(207): warning:  #177-D: variable "ret" was declared but never referenced
S:\lab3_skeleton code\slave\main.cpp(208): warning:  #177-D: variable "r_period" was declared but never referenced
S:\lab3_skeleton code\slave\main.cpp(75): warning: C4017W: length may be used before being set
linking...
Program Size: Code=30654 RO-data=1546 RW-data=380 ZI-data=2752  
After Build - User command #1: fromelf --bin -o E:\SLAVE.bin .\build\SLAVE.axf
".\build\SLAVE.axf" - 0 Errors, 58 Warning(s).
