ARM Linker, 5.03 [Build 76] [MDK-ARM Professional]

==============================================================================

Section Cross References

    nrk_cpu.o(i._Z16nrk_target_startv) refers to nrk_timer.o(i._Z16_nrk_setup_timerv) for _nrk_setup_timer()
    nrk_cpu.o(i._Z16nrk_task_set_stkP9task_typePjt) refers to nrk_error.o(i._Z13nrk_error_addh) for nrk_error_add(unsigned char)
    nrk_cpu.o(i._Z22nrk_stack_pointer_initv) refers to nrk.o(.bss) for nrk_kernel_stk
    nrk_cpu.o(i._Z22nrk_stack_pointer_initv) refers to nrk.o(.data) for nrk_kernel_stk_ptr
    nrk_cpu.o(i._Z22nrk_stack_pointer_initv) refers to nrk.o(i._nrk_timer_tick) for _nrk_timer_tick
    nrk_cpu.o(i._Z25nrk_stack_pointer_restorev) refers to nrk.o(.bss) for nrk_kernel_stk
    nrk_cpu.o(i._Z25nrk_stack_pointer_restorev) refers to nrk.o(i._nrk_timer_tick) for _nrk_timer_tick
    nrk_cpu.o(i._Z25nrk_stack_pointer_restorev) refers to nrk.o(.data) for nrk_kernel_stk_ptr
    nrk_cpu.o(.ARM.exidx) refers to nrk_cpu.o(i._Z16nrk_battery_savev) for i._Z16nrk_battery_savev
    nrk_cpu.o(.ARM.exidx) refers to nrk_cpu.o(i._Z9nrk_sleepv) for i._Z9nrk_sleepv
    nrk_cpu.o(.ARM.exidx) refers to nrk_cpu.o(i._Z8nrk_idlev) for i._Z8nrk_idlev
    nrk_cpu.o(.ARM.exidx) refers to nrk_cpu.o(i._Z27nrk_task_set_entry_functionP9task_typePFvvE) for i._Z27nrk_task_set_entry_functionP9task_typePFvvE
    nrk_cpu.o(.ARM.exidx) refers to nrk_cpu.o(i._Z16nrk_task_set_stkP9task_typePjt) for i._Z16nrk_task_set_stkP9task_typePjt
    nrk_cpu.o(.ARM.exidx) refers to nrk_cpu.o(i._Z17nrk_task_stk_initPFvvEPjS1_) for i._Z17nrk_task_stk_initPFvvEPjS1_
    nrk_cpu.o(.ARM.exidx) refers to nrk_cpu.o(i._Z22nrk_stack_pointer_initv) for i._Z22nrk_stack_pointer_initv
    nrk_cpu.o(.ARM.exidx) refers to nrk_cpu.o(i._Z25nrk_stack_pointer_restorev) for i._Z25nrk_stack_pointer_restorev
    nrk_cpu.o(.ARM.exidx) refers to nrk_cpu.o(i._Z16nrk_target_startv) for i._Z16nrk_target_startv
    nrk_status.o(.ARM.exidx) refers to nrk_status.o(i._Z18_nrk_startup_errorv) for i._Z18_nrk_startup_errorv
    nrk_timer.o(i.TIMER0_IRQHandler) refers to my_asm.o(.text) for _swap
    nrk_timer.o(i._Z16_nrk_setup_timerv) refers to nrk_timer.o(i._Z14NVIC_EnableIRQ4IRQn) for NVIC_EnableIRQ(IRQn)
    nrk_timer.o(i._Z16_nrk_setup_timerv) refers to nrk_timer.o(i._Z19_nrk_os_timer_resetv) for _nrk_os_timer_reset()
    nrk_timer.o(i._Z16_nrk_setup_timerv) refers to nrk_timer.o(i._Z19_nrk_os_timer_startv) for _nrk_os_timer_start()
    nrk_timer.o(i._Z16_nrk_setup_timerv) refers to nrk_timer.o(.data) for .data
    nrk_timer.o(i._Z16nrk_spin_wait_usj) refers to wait_api.c.lpc1768.arm.o(i.wait_us) for wait_us
    nrk_timer.o(i._Z19_nrk_os_timer_resetv) refers to nrk_timer.o(.data) for .data
    nrk_timer.o(i._Z25nrk_high_speed_timer_waittt) refers to nrk_timer.o(i._Z25_nrk_high_speed_timer_getv) for _nrk_high_speed_timer_get()
    nrk_timer.o(.ARM.exidx) refers to nrk_timer.o(i._Z16nrk_spin_wait_usj) for i._Z16nrk_spin_wait_usj
    nrk_timer.o(.ARM.exidx) refers to nrk_timer.o(i._Z19_nrk_os_timer_startv) for i._Z19_nrk_os_timer_startv
    nrk_timer.o(.ARM.exidx) refers to nrk_timer.o(i._Z19_nrk_os_timer_resetv) for i._Z19_nrk_os_timer_resetv
    nrk_timer.o(.ARM.exidx) refers to nrk_timer.o(i._Z16_nrk_setup_timerv) for i._Z16_nrk_setup_timerv
    nrk_timer.o(.ARM.exidx) refers to nrk_timer.o(i._Z26_nrk_high_speed_timer_stopv) for i._Z26_nrk_high_speed_timer_stopv
    nrk_timer.o(.ARM.exidx) refers to nrk_timer.o(i._Z27_nrk_high_speed_timer_startv) for i._Z27_nrk_high_speed_timer_startv
    nrk_timer.o(.ARM.exidx) refers to nrk_timer.o(i._Z27_nrk_high_speed_timer_resetv) for i._Z27_nrk_high_speed_timer_resetv
    nrk_timer.o(.ARM.exidx) refers to nrk_timer.o(i._Z25_nrk_high_speed_timer_getv) for i._Z25_nrk_high_speed_timer_getv
    nrk_timer.o(.ARM.exidx) refers to nrk_timer.o(i._Z25nrk_high_speed_timer_waittt) for i._Z25nrk_high_speed_timer_waittt
    nrk_timer.o(.ARM.exidx) refers to nrk_timer.o(i._Z18_nrk_os_timer_stopv) for i._Z18_nrk_os_timer_stopv
    nrk_timer.o(.ARM.exidx) refers to nrk_timer.o(i._Z17_nrk_os_timer_seth) for i._Z17_nrk_os_timer_seth
    nrk_timer.o(.ARM.exidx) refers to nrk_timer.o(i._Z20_nrk_get_next_wakeupv) for i._Z20_nrk_get_next_wakeupv
    nrk_timer.o(.ARM.exidx) refers to nrk_timer.o(i._Z20_nrk_set_next_wakeuph) for i._Z20_nrk_set_next_wakeuph
    nrk_timer.o(.ARM.exidx) refers to nrk_timer.o(i._Z18nrk_timer_int_stoph) for i._Z18nrk_timer_int_stoph
    nrk_timer.o(.ARM.exidx) refers to nrk_timer.o(i._Z19nrk_timer_int_reseth) for i._Z19nrk_timer_int_reseth
    nrk_timer.o(.ARM.exidx) refers to nrk_timer.o(i._Z18nrk_timer_int_readh) for i._Z18nrk_timer_int_readh
    nrk_timer.o(.ARM.exidx) refers to nrk_timer.o(i._Z19nrk_timer_int_starth) for i._Z19nrk_timer_int_starth
    nrk_timer.o(.ARM.exidx) refers to nrk_timer.o(i._Z23nrk_timer_int_configurehttPv) for i._Z23nrk_timer_int_configurehttPv
[...]
    cloudAtlasM                              0x100006e4   Data         292  main.o(.data)
    cloudAtlasR                              0x10000808   Data         292  main.o(.data)
    SystemCoreClock                          0x1000092c   Data           4  system_LPC17xx.o(.data)
    mbed::Base::_head                        0x10000930   Data           4  Base.cpp.lpc1768.arm.o(.data)
    mbed::Base::_classes                     0x10000934   Data           4  Base.cpp.lpc1768.arm.o(.data)
    mbed::Base::_base_class                  0x10000938   Data          12  Base.cpp.lpc1768.arm.o(.data)
    PWM_MATCH                                0x10000944   Data          28  pwmout_api.c.lpc1768.arm.o(.data)
    __aeabi_stdin                            0x10000964   Data           4  stdio_streams.o(.data)
    __aeabi_stdout                           0x10000968   Data           4  stdio_streams.o(.data)
    __aeabi_stderr                           0x1000096c   Data           4  stdio_streams.o(.data)
    std::ctype<char>::id                     0x10000988   Data           4  char.o(.data)
    std::ctype<wchar_t>::id                  0x1000098c   Data           4  char.o(.data)
    std::locale::_C_classic                  0x10000998   Data           4  locale.o(.data)
    std::locale::_C_native                   0x1000099c   Data           4  locale.o(.data)
    std::locale::_C_global                   0x100009a0   Data           4  locale.o(.data)
    std::codecvt<char, char, std::__mbstate_t>::id 0x100009a4   Data           4  locale.o(.data)
    std::codecvt<wchar_t, char, std::__mbstate_t>::id 0x100009a8   Data           4  locale.o(.data)
    __rw_throw_proc                          0x100009ac   Data           4  rwthrowproc_noex.o(.data)
    std::locale::id::_C_init() const::_C_id_gen 0x100009bc   Data           4  locale.o(.data__ZZNKSt6locale2id7_C_initEvE9_C_id_gen)
    guard variable for std::__rw_get_cats()::__open_cats 0x100009c0   Data           4  messages.o(.data__ZZSt13__rw_get_catsvE11__open_cats)
    std::__rw_get_cats()::__open_cats        0x100009c4   Data           8  messages.o(.data__ZZSt13__rw_get_catsvE11__open_cats)
    nrk_kernel_stk                           0x100009cc   Data         128  nrk.o(.bss)
    nrk_idle_task_stk                        0x10000a4c   Data         128  nrk.o(.bss)
    nrk_task_TCB                             0x10000acc   Data         352  nrk.o(.bss)
    _nrk_readyQ                              0x10000c2c   Data         108  nrk.o(.bss)
    rfSettings                               0x10000c98   Data          12  basic_rf.o(.bss)
    bt                                       0x10000ca4   Data          56  main.o(.bss)
    servo                                    0x10000cdc   Data          16  main.o(.bss)
    servo2                                   0x10000cec   Data          16  main.o(.bss)
    servo3                                   0x10000cfc   Data          16  main.o(.bss)
    leftFinger                               0x10000d0c   Data          20  main.o(.bss)
    middleFinger                             0x10000d20   Data          20  main.o(.bss)
    rightFinger                              0x10000d34   Data          20  main.o(.bss)
    keyPWMVal                                0x10000d48   Data          48  main.o(.bss)
    tim                                      0x10000d78   Data          28  main.o(.bss)
    Stack1                                   0x10000d94   Data         512  main.o(.bss)
    TaskOne                                  0x10000f94   Data          44  main.o(.bss)
    Stack2                                   0x10000fc0   Data         512  main.o(.bss)
    TaskTwo                                  0x100011c0   Data          44  main.o(.bss)
    Stack3                                   0x100011ec   Data         512  main.o(.bss)
    TaskThree                                0x100013ec   Data          44  main.o(.bss)
    Stack4                                   0x10001418   Data         512  main.o(.bss)
    TaskFour                                 0x10001618   Data          44  main.o(.bss)
    file                                     0x10001644   Data         484  main.o(.bss)
    fileM                                    0x10001828   Data         484  main.o(.bss)
    fileR                                    0x10001a0c   Data         484  main.o(.bss)
    pause_button                             0x10001bf0   Data          76  main.o(.bss)
    play_button                              0x10001c3c   Data          76  main.o(.bss)
    stop_button                              0x10001c88   Data          76  main.o(.bss)
    next_button                              0x10001cd4   Data          76  main.o(.bss)
    mbed::InterruptIn::_irq_objects          0x10001d20   Data         192  InterruptIn.cpp.lpc1768.arm.o(.bss)
    __stdin                                  0x10001e20   Data          84  stdio_streams.o(.bss)
    __stdout                                 0x10001e74   Data          84  stdio_streams.o(.bss)
    __stderr                                 0x10001ec8   Data          84  stdio_streams.o(.bss)
    std::basic_string<char, std::char_traits<char>, std::allocator<char>>::__nullref 0x10001f8c   Data          16  vendor.o(.bss__ZNSs9__nullrefE)
    Image$$RW_IRAM1$$ZI$$Limit               0x10001f9c   Number         0  vendor.o(.bss__ZNSs9__nullrefE)



==============================================================================

Memory Map of the image

  Image Entry point : 0x000000c5

  Load Region LR_IROM1 (Base: 0x00000000, Size: 0x0000b5f4, Max: 0x00080000, ABSOLUTE, COMPRESSED[0x0000addc])

    Execution Region ER_IROM1 (Base: 0x00000000, Size: 0x0000ac28, Max: 0x00080000, ABSOLUTE)

    Base Addr    Size         Type   Attr      Idx    E Section Name        Object

    0x00000000   0x000000c4   Data   RO         2934    RESET               startup_LPC17xx.o
    0x000000c4   0x00000008   Code   RO         3885  * !!!main             c_w.l(__main.o)
    0x000000cc   0x00000034   Code   RO         5620    !!!scatter          c_w.l(__scatter.o)
    0x00000100   0x00000064   Code   RO         5618    !!dclz77c           c_w.l(__dclz77c.o)
    0x00000164   0x0000001c   Code   RO         5622    !!handler_zi        c_w.l(__scatter_zi.o)
    0x00000180   0x00000000   Code   RO         3811    .ARM.Collect$$_printf_percent$$00000000  c_w.l(_printf_percent.o)
    0x00000180   0x00000006   Code   RO         4449    .ARM.Collect$$_printf_percent$$00000001  c_w.l(_printf_n.o)
    0x00000186   0x00000006   Code   RO         4450    .ARM.Collect$$_printf_percent$$00000002  c_w.l(_printf_p.o)
    0x0000018c   0x00000006   Code   RO         3810    .ARM.Collect$$_printf_percent$$00000003  c_w.l(_printf_f.o)
    0x00000192   0x00000006   Code   RO         4454    .ARM.Collect$$_printf_percent$$00000004  c_w.l(_printf_e.o)
    0x00000198   0x00000006   Code   RO         4455    .ARM.Collect$$_printf_percent$$00000005  c_w.l(_printf_g.o)
    0x0000019e   0x00000006   Code   RO         4456    .ARM.Collect$$_printf_percent$$00000006  c_w.l(_printf_a.o)
    0x000001a4   0x0000000a   Code   RO         4461    .ARM.Collect$$_printf_percent$$00000007  c_w.l(_printf_ll.o)
    0x000001ae   0x00000006   Code   RO         4452    .ARM.Collect$$_printf_percent$$00000008  c_w.l(_printf_i.o)
    0x000001b4   0x00000006   Code   RO         3809    .ARM.Collect$$_printf_percent$$00000009  c_w.l(_printf_d.o)
    0x000001ba   0x00000006   Code   RO         4453    .ARM.Collect$$_printf_percent$$0000000A  c_w.l(_printf_u.o)
    0x000001c0   0x00000006   Code   RO         4451    .ARM.Collect$$_printf_percent$$0000000B  c_w.l(_printf_o.o)
    0x000001c6   0x00000006   Code   RO         3808    .ARM.Collect$$_printf_percent$$0000000C  c_w.l(_printf_x.o)
    0x000001cc   0x00000006   Code   RO         4458    .ARM.Collect$$_printf_percent$$0000000D  c_w.l(_printf_lli.o)
    0x000001d2   0x00000006   Code   RO         4459    .ARM.Collect$$_printf_percent$$0000000E  c_w.l(_printf_lld.o)
    0x000001d8   0x00000006   Code   RO         4460    .ARM.Collect$$_printf_percent$$0000000F  c_w.l(_printf_llu.o)
    0x000001de   0x00000006   Code   RO         4465    .ARM.Collect$$_printf_percent$$00000010  c_w.l(_printf_llo.o)
    0x000001e4   0x00000006   Code   RO         4466    .ARM.Collect$$_printf_percent$$00000011  c_w.l(_printf_llx.o)
    0x000001ea   0x0000000a   Code   RO         4462    .ARM.Collect$$_printf_percent$$00000012  c_w.l(_printf_l.o)
    0x000001f4   0x00000006   Code   RO         3806    .ARM.Collect$$_printf_percent$$00000013  c_w.l(_printf_c.o)
    0x000001fa   0x00000006   Code   RO         3807    .ARM.Collect$$_printf_percent$$00000014  c_w.l(_printf_s.o)
    0x00000200   0x00000006   Code   RO         4463    .ARM.Collect$$_printf_percent$$00000015  c_w.l(_printf_lc.o)
    0x00000206   0x00000006   Code   RO         4464    .ARM.Collect$$_printf_percent$$00000016  c_w.l(_printf_ls.o)
    0x0000020c   0x00000004   Code   RO         4457    .ARM.Collect$$_printf_percent$$00000017  c_w.l(_printf_percent_end.o)
    0x00000210   0x00000002   Code   RO         5501    .ARM.Collect$$libinit$$00000000  c_w.l(libinit.o)
    0x00000212   0x00000000   Code   RO         4530    .ARM.Collect$$libinit$$00000002  c_w.l(libinit2.o)
    0x00000212   0x00000008   Code   RO         4531    .ARM.Collect$$libinit$$00000003  c_w.l(libinit2.o)
    0x0000021a   0x00000000   Code   RO         4533    .ARM.Collect$$libinit$$00000008  c_w.l(libinit2.o)
    0x0000021a   0x00000000   Code   RO         4535    .ARM.Collect$$libinit$$0000000A  c_w.l(libinit2.o)
    0x0000021a   0x00000000   Code   RO         4537    .ARM.Collect$$libinit$$0000000C  c_w.l(libinit2.o)
    0x0000021a   0x00000006   Code   RO         4538    .ARM.Collect$$libinit$$0000000D  c_w.l(libinit2.o)
    0x00000220   0x00000000   Code   RO         4540    .ARM.Collect$$libinit$$0000000F  c_w.l(libinit2.o)
    0x00000220   0x0000000c   Code   RO         4541    .ARM.Collect$$libinit$$00000010  c_w.l(libinit2.o)
    0x0000022c   0x00000000   Code   RO         4542    .ARM.Collect$$libinit$$00000011  c_w.l(libinit2.o)
    0x0000022c   0x00000000   Code   RO         4544    .ARM.Collect$$libinit$$00000013  c_w.l(libinit2.o)
    0x0000022c   0x0000000a   Code   RO         4545    .ARM.Collect$$libinit$$00000014  c_w.l(libinit2.o)
    0x00000236   0x00000000   Code   RO         4546    .ARM.Collect$$libinit$$00000015  c_w.l(libinit2.o)
    0x00000236   0x00000000   Code   RO         4548    .ARM.Collect$$libinit$$00000017  c_w.l(libinit2.o)
    0x00000236   0x00000000   Code   RO         4550    .ARM.Collect$$libinit$$00000019  c_w.l(libinit2.o)
    0x00000236   0x00000000   Code   RO         4552    .ARM.Collect$$libinit$$0000001B  c_w.l(libinit2.o)
    0x00000236   0x00000000   Code   RO         4554    .ARM.Collect$$libinit$$0000001D  c_w.l(libinit2.o)
    0x00000236   0x00000000   Code   RO         4556    .ARM.Collect$$libinit$$0000001F  c_w.l(libinit2.o)
    0x00000236   0x00000000   Code   RO         4558    .ARM.Collect$$libinit$$00000021  c_w.l(libinit2.o)
    0x00000236   0x00000004   Code   RO         4559    .ARM.Collect$$libinit$$00000022  c_w.l(libinit2.o)
    0x0000023a   0x00000000   Code   RO         4560    .ARM.Collect$$libinit$$00000023  c_w.l(libinit2.o)
    0x0000023a   0x00000000   Code   RO         4564    .ARM.Collect$$libinit$$0000002A  c_w.l(libinit2.o)
    0x0000023a   0x00000000   Code   RO         4566    .ARM.Collect$$libinit$$0000002C  c_w.l(libinit2.o)
    0x0000023a   0x00000000   Code   RO         4568    .ARM.Collect$$libinit$$0000002E  c_w.l(libinit2.o)
    0x0000023a   0x00000004   Code   RO         4569    .ARM.Collect$$libinit$$0000002F  c_w.l(libinit2.o)
    0x0000023e   0x00000000   Code   RO         4570    .ARM.Collect$$libinit$$00000030  c_w.l(libinit2.o)
    0x0000023e   0x00000002   Code   RO         4571    .ARM.Collect$$libinit$$00000031  c_w.l(libinit2.o)
    0x00000240   0x00000006   Code   RO         4572    .ARM.Collect$$libshutdown$$00000001  c_w.l(libshutdown2.o)
    0x00000246   0x00000000   Code   RO         4574    .ARM.Collect$$libshutdown$$00000003  c_w.l(libshutdown2.o)
    0x00000246   0x00000000   Code   RO         4360    .ARM.Collect$$rtentry$$00000000  c_w.l(rtentry.o)
    0x00000246   0x00000000   Code   RO         5162    .ARM.Collect$$rtentry$$00000002  c_w.l(rtentry2.o)
    0x00000246   0x00000006   Code   RO         5174    .ARM.Collect$$rtentry$$00000004  c_w.l(rtentry4.o)
    0x0000024c   0x00000000   Code   RO         5164    .ARM.Collect$$rtentry$$00000009  c_w.l(rtentry2.o)
    0x0000024c   0x00000004   Code   RO         5165    .ARM.Collect$$rtentry$$0000000A  c_w.l(rtentry2.o)
    0x00000250   0x00000000   Code   RO         5167    .ARM.Collect$$rtentry$$0000000C  c_w.l(rtentry2.o)
    0x00000250   0x00000008   Code   RO         5168    .ARM.Collect$$rtentry$$0000000D  c_w.l(rtentry2.o)
    0x00000258   0x00000000   Code   RO         5182    .emb_text           c_w.l(maybetermalloc1.o)
    0x00000258   0x00000078   Code   RO         1431    .text               my_asm.o
    0x000002d0   0x00000024   Code   RO         2936    .text               startup_LPC17xx.o
    0x000002f4   0x00000008   Code   RO         4365    .text               c_w.l(rt_heap_descriptor.o)
    0x000002fc   0x00000004   Code   RO         2935    .ARM.__at_0x02FC    startup_LPC17xx.o
    0x00000300   0x00000010   Code   RO         3685    .text               c_w.l(rt_ctype_table.o)
    0x00000310   0x0000005e   Code   RO         3689    .text               c_w.l(h1_alloc.o)
    0x0000036e   0x000000ee   Code   RO         3743    .text               c_w.l(lludivv7m.o)
    0x0000045c   0x00000014   Code   RO         3745    .text               c_w.l(fprintf.o)
    0x00000470   0x0000002c   Code   RO         3749    .text               c_w.l(sprintf.o)
    0x0000049c   0x00000018   Code   RO         3751    .text               c_w.l(__2printf.o)
    0x000004b4   0x00000052   Code   RO         3761    .text               c_w.l(_printf_str.o)
    0x00000506   0x00000002   PAD
    0x00000508   0x00000078   Code   RO         3763    .text               c_w.l(_printf_dec.o)
    0x00000580   0x0000009c   Code   RO         3783    .text               c_w.l(_printf_hex_int_ll_ptr.o)
    0x0000061c   0x0000018c   Code   RO         3803    .text               c_w.l(__printf_flags_ss_wp.o)
    0x000007a8   0x0000003c   Code   RO         3812    .text               c_w.l(sscanf.o)
    0x000007e4   0x00000064   Code   RO         3818    .text               c_w.l(fflush.o)
    0x00000848   0x00000022   Code   RO         3828    .text               c_w.l(fputs.o)
    0x0000086a   0x00000002   PAD
    0x0000086c   0x000000ec   Code   RO         3834    .text               c_w.l(fopen.o)
    0x00000958   0x00000014   Code   RO         3836    .text               c_w.l(setbuf.o)
    0x0000096c   0x0000004c   Code   RO         3844    .text               c_w.l(fclose.o)
    0x000009b8   0x0000007c   Code   RO         3864    .text               c_w.l(assert.o)
    0x00000a34   0x00000048   Code   RO         3866    .text               c_w.l(strcpy.o)
    0x00000a7c   0x0000003e   Code   RO         3868    .text               c_w.l(strlen.o)
    0x00000aba   0x00000096   Code   RO         3870    .text               c_w.l(strncmp.o)
    0x00000b50   0x0000008a   Code   RO         3872    .text               c_w.l(rt_memcpy_v6.o)
    0x00000bda   0x00000084   Code   RO         3874    .text               c_w.l(rt_memmove_v6.o)
    0x00000c5e   0x00000064   Code   RO         3876    .text               c_w.l(rt_memcpy_w.o)
    0x00000cc2   0x00000010   Code   RO         3878    .text               c_w.l(aeabi_memset.o)
    0x00000cd2   0x00000002   PAD
    0x00000cd4   0x00000080   Code   RO         3882    .text               c_w.l(strcmpv7m.o)
    0x00000d54   0x00000024   Code   RO         3890    .text               c_w.l(init_aeabi.o)
    0x00000d78   0x00000008   Code   RO         4370    .text               c_w.l(rt_locale.o)
    0x00000d80   0x00000008   Code   RO         4375    .text               c_w.l(rt_new_handler_addr.o)
    0x00000d88   0x00000008   Code   RO         4380    .text               c_w.l(rt_ddtor_pointer_addr.o)
    0x00000d90   0x00000008   Code   RO         4385    .text               c_w.l(rt_errno_addr.o)
    0x00000d98   0x00000004   Code   RO         4390    .text               c_w.l(hguard.o)
    0x00000d9c   0x0000008a   Code   RO         4392    .text               c_w.l(init_alloc.o)
    0x00000e26   0x0000000e   Code   RO         4398    .text               c_w.l(h1_init.o)
    0x00000e34   0x0000004e   Code   RO         4400    .text               c_w.l(h1_free.o)
    0x00000e82   0x00000016   Code   RO         4416    .text               c_w.l(_rserrno.o)
    0x00000e98   0x00000034   Code   RO         4418    .text               c_w.l(vsnprintf.o)
    0x00000ecc   0x00000052   Code   RO         4420    .text               c_w.l(_printf_pad.o)
    0x00000f1e   0x00000024   Code   RO         4422    .text               c_w.l(_printf_truncate.o)
    0x00000f42   0x000000b8   Code   RO         4424    .text               c_w.l(_printf_intcommon.o)
    0x00000ffa   0x0000002a   Code   RO         4426    .text               c_w.l(_printf_charcount.o)
    0x00001024   0x00000420   Code   RO         4428    .text               c_w.l(_printf_fp_dec.o)
    0x00001444   0x00000030   Code   RO         4430    .text               c_w.l(_printf_char_common.o)
    0x00001474   0x0000000a   Code   RO         4432    .text               c_w.l(_sputc.o)
    0x0000147e   0x0000002c   Code   RO         4434    .text               c_w.l(_printf_char.o)
    0x000014aa   0x00000002   PAD
    0x000014ac   0x00000024   Code   RO         4436    .text               c_w.l(_printf_char_file.o)
    0x000014d0   0x000000bc   Code   RO         4438    .text               c_w.l(_printf_wctomb.o)
    0x0000158c   0x00000078   Code   RO         4441    .text               c_w.l(_printf_longlong_dec.o)
    0x00001604   0x00000078   Code   RO         4447    .text               c_w.l(_printf_oct_int_ll.o)
    0x0000167c   0x00000156   Code   RO         4467    .text               c_w.l(_scanf_longlong.o)
    0x000017d2   0x00000150   Code   RO         4469    .text               c_w.l(_scanf_int.o)
    0x00001922   0x000000da   Code   RO         4471    .text               c_w.l(_scanf_str.o)
    0x000019fc   0x0000002c   Code   RO         4473    .text               c_w.l(scanf_char.o)
    0x00001a28   0x00000040   Code   RO         4475    .text               c_w.l(_sgetc.o)
    0x00001a68   0x00000110   Code   RO         4483    .text               c_w.l(_scanf_mbtowc.o)
    0x00001b78   0x000000e2   Code   RO         4485    .text               c_w.l(_scanf_wctomb.o)
    0x00001c5a   0x000000ca   Code   RO         4487    .text               c_w.l(_scanf_wstr.o)
    0x00001d24   0x00000240   Code   RO         4489    .text               c_w.l(filbuf.o)
    0x00001f64   0x000001de   Code   RO         4491    .text               c_w.l(flsbuf.o)
    0x00002142   0x00000002   PAD
    0x00002144   0x000000f8   Code   RO         4493    .text               c_w.l(fseek.o)
    0x0000223c   0x00000046   Code   RO         4495    .text               c_w.l(setvbuf.o)
    0x00002282   0x00000002   PAD
    0x00002284   0x000000f0   Code   RO         4497    .text               c_w.l(stdio.o)
    0x00002374   0x00000138   Code   RO         4500    .text               c_w.l(initio.o)
    0x000024ac   0x00000010   Code   RO         4509    .text               c_w.l(abort.o)
    0x000024bc   0x0000000e   Code   RO         4511    .text               c_w.l(defsig_pvfn_outer.o)
    0x000024ca   0x00000016   Code   RO         4517    .text               c_w.l(strrchr.o)
    0x000024e0   0x00000018   Code   RO         4519    .text               c_w.l(strcat.o)
    0x000024f8   0x0000007a   Code   RO         4521    .text               c_w.l(rt_memmove_w.o)
    0x00002572   0x00000044   Code   RO         4523    .text               c_w.l(rt_memclr.o)
    0x000025b6   0x0000004e   Code   RO         4525    .text               c_w.l(rt_memclr_w.o)
    0x00002604   0x0000000e   Code   RO         5063    .text               cpprt_w.l(aeabi_vec_delete_noexceptions.o)
    0x00002612   0x00000004   Code   RO         5066    .text               cpprt_w.l(arm_bad_typeid_noexceptions.o)
    0x00002616   0x00000004   Code   RO         5084    .text               cpprt_w.l(arm_newhandler_noexceptions.o)
    0x0000261a   0x0000000e   Code   RO         5154    .text               c_w.l(sys_wrch.o)
    0x00002628   0x0000000c   Code   RO         5156    .text               c_w.l(sys_exit.o)
    0x00002634   0x00000034   Code   RO         5184    .text               c_w.l(h1_extend.o)
    0x00002668   0x0000008a   Code   RO         5188    .text               c_w.l(lludiv10.o)
    0x000026f2   0x00000012   Code   RO         5190    .text               c_w.l(isspace.o)
    0x00002704   0x00000300   Code   RO         5192    .text               c_w.l(_printf_fp_hex.o)
    0x00002a04   0x00000010   Code   RO         5195    .text               c_w.l(_snputc.o)
    0x00002a14   0x00000080   Code   RO         5197    .text               c_w.l(_printf_fp_infnan.o)
    0x00002a94   0x0000002c   Code   RO         5203    .text               c_w.l(_printf_wchar.o)
    0x00002ac0   0x0000001c   Code   RO         5205    .text               c_w.l(_chval.o)
    0x00002adc   0x00000370   Code   RO         5207    .text               c_w.l(_scanf.o)
    0x00002e4c   0x000004a4   Code   RO         5209    .text               c_w.l(scanf_fp.o)
    0x000032f0   0x0000001e   Code   RO         5213    .text               c_w.l(_scanf_wcharmap.o)
    0x0000330e   0x00000002   PAD
    0x00003310   0x000000e4   Code   RO         5215    .text               c_w.l(bigflt0.o)
    0x000033f4   0x00000008   Code   RO         5242    .text               c_w.l(ferror.o)
    0x000033fc   0x00000046   Code   RO         5244    .text               c_w.l(ftell.o)
    0x00003442   0x00000002   PAD
    0x00003444   0x00000038   Code   RO         5252    .text               c_w.l(flushlinebuffered.o)
    0x0000347c   0x00000010   Code   RO         5268    .text               c_w.l(locale.o)
    0x0000348c   0x0000003c   Code   RO         5278    .text               c_w.l(_mbrtowc.o)
    0x000034c8   0x00000040   Code   RO         5280    .text               c_w.l(_wcrtomb.o)
    0x00003508   0x0000000a   Code   RO         5287    .text               c_w.l(defsig_exit.o)
    0x00003512   0x0000000e   Code   RO         5289    .text               c_w.l(defsig_abrt_outer.o)
    0x00003520   0x0000000e   Code   RO         5293    .text               c_w.l(defsig_rtred_outer.o)
    0x0000352e   0x0000000e   Code   RO         5297    .text               c_w.l(defsig_rtmem_outer.o)
    0x0000353c   0x00000030   Code   RO         5301    .text               c_w.l(defsig_pvfn_inner.o)
    0x0000356c   0x00000018   Code   RO         5303    .text               c_w.l(assert_stdio.o)
    0x00003584   0x00000008   Code   RO         5309    .text               c_w.l(memcpy.o)
    0x0000358c   0x00000050   Code   RO         5311    .text               c_w.l(heapauxa.o)
    0x000035dc   0x00000050   Code   RO         5421    .text               cpprt_w.l(arm_exceptions_globs.o)
    0x0000362c   0x0000001a   Code   RO         5428    .text               cpprt_w.l(arm_exceptions_terminate.o)
    0x00003646   0x00000002   Code   RO         5457    .text               c_w.l(use_no_semi.o)
    0x00003648   0x00000000   Code   RO         5459    .text               c_w.l(indicate_semi.o)
    0x00003648   0x00000008   Code   RO         5460    .text               c_w.l(rt_eh_globals_addr.o)
    0x00003650   0x000001a8   Code   RO         5473    .text               c_w.l(locale_r.o)
    0x000037f8   0x00000032   Code   RO         5480    .text               c_w.l(defsig_general.o)
    0x0000382a   0x00000002   PAD
    0x0000382c   0x00000030   Code   RO         5482    .text               c_w.l(defsig_abrt_inner.o)
    0x0000385c   0x00000034   Code   RO         5488    .text               c_w.l(defsig_rtred_inner.o)
    0x00003890   0x00000050   Code   RO         5490    .text               c_w.l(defsig_rtmem_inner.o)
    0x000038e0   0x00000022   Code   RO         5508    .text               cpprt_w.l(aeabi_vec_dtor_noexceptions.o)
    0x00003902   0x0000003c   Code   RO         5514    .text               cpprt_w.l(arm_exceptions_mem.o)
    0x0000393e   0x00000002   Code   RO         5517    .text               cpprt_w.l(arm_rethrow_noexceptions.o)
    0x00003940   0x00000314   Code   RO         5548    .text               c_w.l(scanf_hexfp.o)
    0x00003c54   0x0000013c   Code   RO         5550    .text               c_w.l(scanf_infnan.o)
    0x00003d90   0x00000026   Code   RO         5583    .text               c_w.l(llshl.o)
    0x00003db6   0x0000001c   Code   RO         5595    .text               cpprt_w.l(ARM_vec_cleanup_noexceptions.o)
    0x00003dd2   0x0000003e   Code   RO         5218    CL$$btod_d2e        c_w.l(btod.o)
    0x00003e10   0x00000046   Code   RO         5220    CL$$btod_d2e_denorm_low  c_w.l(btod.o)
    0x00003e56   0x00000060   Code   RO         5219    CL$$btod_d2e_norm_op1  c_w.l(btod.o)
    0x00003eb6   0x00000338   Code   RO         5228    CL$$btod_div_common  c_w.l(btod.o)
    0x000041ee   0x00000002   PAD
    0x000041f0   0x00000054   Code   RO         5226    CL$$btod_e2d        c_w.l(btod.o)
    0x00004244   0x000000c6   Code   RO         5225    CL$$btod_e2e        c_w.l(btod.o)
    0x0000430a   0x00000028   Code   RO         5222    CL$$btod_ediv       c_w.l(btod.o)
    0x00004332   0x00000028   Code   RO         5224    CL$$btod_edivd      c_w.l(btod.o)
    0x0000435a   0x00000028   Code   RO         5221    CL$$btod_emul       c_w.l(btod.o)
    0x00004382   0x00000028   Code   RO         5223    CL$$btod_emuld      c_w.l(btod.o)
    0x000043aa   0x00000244   Code   RO         5227    CL$$btod_mult_common  c_w.l(btod.o)
    0x000045ee   0x00000014   Code   RO         4841    i.<Func5>           cpp_ws.l(locale.o)
    0x00004602   0x00000002   PAD
    0x00004604   0x0000003c   Code   RO         1867    i.EINT3_IRQHandler  basic_rf.o
    0x00004640   0x00000038   Code   RO         2948    i.NVIC_SetVector    cmsis_nvic.o
    0x00004678   0x00000078   Code   RO         2939    i.SystemInit        system_LPC17xx.o
    0x000046f0   0x0000001c   Code   RO          289    i.TIMER0_IRQHandler  nrk_timer.o
    0x0000470c   0x00000018   Code   RO          290    i.TIMER1_IRQHandler  nrk_timer.o
    0x00004724   0x000000fc   Code   RO         2282    i._Z10depressKeyv   main.o
    0x00004820   0x0000001c   Code   RO         2133    i._Z10mrf_cs_seth   mrf24j40.o
    0x0000483c   0x00000034   Code   RO         2283    i._Z10next_pressv   main.o
    0x00004870   0x00000038   Code   RO         2284    i._Z10play_pressv   main.o
    0x000048a8   0x00000110   Code   RO         2285    i._Z10setNextKeyv   main.o
    0x000049b8   0x00000034   Code   RO         2286    i._Z10stop_pressv   main.o
    0x000049ec   0x00000034   Code   RO         2287    i._Z11pause_pressv  main.o
    0x00004a20   0x00000046   Code   RO         4167    i._Z12tbc_downcastPvPKSt9type_infoP28a_base_class_traversal_blockPN10__cxxabiv122__base_class_type_infoE  cpprt_w.l(rtti.o)
    0x00004a66   0x0000004c   Code   RO         2138    i._Z13mrf_read_longt  mrf24j40.o
    0x00004ab2   0x00000002   PAD
    0x00004ab4   0x0000001c   Code   RO         2141    i._Z13mrf_spi_writet  mrf24j40.o
    0x00004ad0   0x00000294   Code   RO          887    i._Z14_nrk_schedulerv  nrk_scheduler.o
    0x00004d64   0x0000003e   Code   RO         2143    i._Z14mrf_read_shorth  mrf24j40.o
    0x00004da2   0x00000002   PAD
    0x00004da4   0x000001ac   Code   RO         2289    i._Z14musicSelectionb  main.o
    0x00004f50   0x00000020   Code   RO         2290    i._Z14nextSongNumberv  main.o
    0x00004f70   0x00000002   Code   RO         1570    i._Z14rf_rx_callbackP10RF_RX_INFO  bmac.o
    0x00004f72   0x00000040   Code   RO         2145    i._Z15mrf_write_shorthh  mrf24j40.o
    0x00004fb2   0x00000004   Code   RO          491    i._Z15nrk_int_disablev  nrk.o
    0x00004fb6   0x00000004   Code   RO          293    i._Z16nrk_spin_wait_usj  nrk_timer.o
    0x00004fba   0x0000000a   Code   RO          294    i._Z17_nrk_os_timer_getv  nrk_timer.o
    0x00004fc4   0x000000b8   Code   RO          950    i._Z17nrk_add_to_readyQa  nrk_task.o
    0x0000507c   0x00000016   Code   RO         4168    i._Z17tbc_post_downcastPvPKSt9type_infoP28a_base_class_traversal_blockPN10__cxxabiv122__base_class_type_infoE  cpprt_w.l(rtti.o)
    0x00005092   0x00000002   PAD
    0x00005094   0x000000b0   Code   RO         1888    i._Z18rf_parse_rx_packetv  basic_rf.o
    0x00005144   0x00000054   Code   RO          953    i._Z19nrk_rem_from_readyQa  nrk_task.o
    0x00005198   0x0000000a   Code   RO          304    i._Z20_nrk_set_next_wakeuph  nrk_timer.o
    0x000051a2   0x00000002   PAD
    0x000051a4   0x0000000c   Code   RO          675    i._Z20nrk_kernel_error_addhh  nrk_error.o
    0x000051b0   0x000000a8   Code   RO         4169    i._Z21traverse_base_classesPvPKSt9type_infoP28a_base_class_traversal_blockPN10__cxxabiv122__base_class_type_infoE  cpprt_w.l(rtti.o)
    0x00005258   0x000000c0   Code   RO         4170    i._Z23find_base_class_at_addrPvS_PKSt9type_infoS2_Pi  cpprt_w.l(rtti.o)
    0x00005318   0x00000014   Code   RO          306    i._Z25_nrk_high_speed_timer_getv  nrk_timer.o
    0x0000532c   0x00000032   Code   RO          307    i._Z25nrk_high_speed_timer_waittt  nrk_timer.o
    0x0000535e   0x00000002   PAD
    0x00005360   0x00000070   Code   RO            6    i._Z25nrk_stack_pointer_restorev  nrk_cpu.o
    0x000053d0   0x0000000c   Code   RO          956    i._Z26nrk_get_high_ready_task_IDv  nrk_task.o
    0x000053dc   0x00000018   Code   RO          309    i._Z27_nrk_high_speed_timer_resetv  nrk_timer.o
    0x000053f4   0x000001ec   Code   RO         4171    i._Z28derived_to_base_conversion_rPvPS_PKSt9type_infoS3_jPiiPS3_P19a_result_virtualityS4_  cpprt_w.l(rtti.o)
    0x000055e0   0x00000020   Code   RO         2296    i._Z5toIntPcii      main.o
    0x00005600   0x00000020   Code   RO         5320    i._Z7catgetsPN4__rw8__rw_catEiiPKc  cpp_ws.l(rwcats.o)
    0x00005620   0x00000022   Code   RO         5321    i._Z7catopenPKci    cpp_ws.l(rwcats.o)
    0x00005642   0x00000002   PAD
    0x00005644   0x0000006c   Code   RO         2297    i._Z7toFloatPci     main.o
    0x000056b0   0x000000d8   Code   RO         2298    i._Z8pressKeyv      main.o
    0x00005788   0x0000001c   Code   RO         1901    i._Z8rf_rx_onv      basic_rf.o
    0x000057a4   0x0000001c   Code   RO         1902    i._Z9rf_rx_offv     basic_rf.o
    0x000057c0   0x000002e8   Code   RO         2299    i._Z9setServosv     main.o
    0x00005aa8   0x000000b8   Code   RO         2300    i._Z9updateLibv     main.o
    0x00005b60   0x0000005c   Code   RO         4031    i._ZN4__rw10__rw_throwEiz  cpp_ws.l(rwstdexcept.o)
    0x00005bbc   0x00000020   Code   RO         3893    i._ZN4__rw13__rw_allocateEji  cpp_ws.l(rwalloc.o)
    0x00005bdc   0x00000058   Code   RO         4032    i._ZN4__rw13__rw_vfmatstrEPcjPKcSt9__va_list  cpp_ws.l(rwstdexcept.o)
    0x00005c34   0x00000170   Code   RO         4033    i._ZN4__rw13__rw_vfmatstrEPcjiSt9__va_list  cpp_ws.l(rwstdexcept.o)
    0x00005da4   0x00000004   Code   RO         3894    i._ZN4__rw15__rw_deallocateEPvji  cpp_ws.l(rwalloc.o)
    0x00005da8   0x00000002   Code   RO         4797    i._ZN4__rw15__rw_facet_base12_C_initfacetERKSt6locale  cpp_ws.l(char.o)
    0x00005daa   0x00000002   PAD
    0x00005dac   0x000000e4   Code   RO         4950    i._ZN4__rw15__rw_locale_impC1EPKcjj  cpp_ws.l(locale.o)
    0x00005e90   0x0000001c   Code   RO         4944    i._ZN4__rw15__rw_locale_impD1Ev  cpp_ws.l(locale.o)
    0x00005eac   0x0000003a   Code   RO         4842    i._ZN4__rw21__rw_use_c_lib_localeC1EPKci  cpp_ws.l(locale.o)
    0x00005ee6   0x00000018   Code   RO         4767    i._ZN4__rw21__rw_use_c_lib_localeD1Ev  cpp_ws.l(char.o)
    0x00005efe   0x00000002   PAD
    0x00005f00   0x00000098   Code   RO         5344    i._ZN4__rw25__rw_throw_exception_noexEiPc  cpp_ws.l(rwthrowproc_impl_noex.o)
    0x00005f98   0x00000030   Code   RO         5324    i._ZN4__rw9__catfindEPNS_8__rw_catE  cpp_ws.l(rwcats.o)
    0x00005fc8   0x00000020   Code   RO         3240    i._ZN4mbed10DigitalOutC1E7PinNamePKc  mbed.ar(DigitalOut.cpp.lpc1768.arm.o)
    0x00005fe8   0x0000000e   Code   RO         3279    i._ZN4mbed10DigitalOutD0Ev  mbed.ar(DigitalOut.cpp.lpc1768.arm.o)
    0x00005ff6   0x00000004   Code   RO         3267    i._ZN4mbed10DigitalOutD1Ev  mbed.ar(DigitalOut.cpp.lpc1768.arm.o)
    0x00005ffa   0x0000000e   Code   RO         3242    i._ZN4mbed10DigitalOutaSEi  mbed.ar(DigitalOut.cpp.lpc1768.arm.o)
    0x00006008   0x0000003a   Code   RO         3615    i._ZN4mbed10FileHandle4flenEv  mbed.ar(stdio.cpp.lpc1768.arm.o)
    0x00006042   0x00000002   PAD
    0x00006044   0x000000bc   Code   RO         3048    i._ZN4mbed11InterruptIn15setup_interruptEii  mbed.ar(InterruptIn.cpp.lpc1768.arm.o)
    0x00006100   0x00000064   Code   RO         3049    i._ZN4mbed11InterruptIn4_irqEv  mbed.ar(InterruptIn.cpp.lpc1768.arm.o)
    0x00006164   0x0000002a   Code   RO         3053    i._ZN4mbed11InterruptIn4riseEPFvvE  mbed.ar(InterruptIn.cpp.lpc1768.arm.o)
    0x0000618e   0x00000002   PAD
    0x00006190   0x00000034   Code   RO         3054    i._ZN4mbed11InterruptInC1E7PinNamePKc  mbed.ar(InterruptIn.cpp.lpc1768.arm.o)
    0x000061c4   0x0000000e   Code   RO         3080    i._ZN4mbed11InterruptInD0Ev  mbed.ar(InterruptIn.cpp.lpc1768.arm.o)
    0x000061d2   0x00000004   Code   RO         3077    i._ZN4mbed11InterruptInD1Ev  mbed.ar(InterruptIn.cpp.lpc1768.arm.o)
    0x000061d6   0x0000001a   Code   RO         3520    i._ZN4mbed15FunctionPointer4callEv  mbed.ar(FunctionPointer.cpp.lpc1768.arm.o)
    0x000061f0   0x00000008   Code   RO         3521    i._ZN4mbed15FunctionPointer6attachEPFvvE  mbed.ar(FunctionPointer.cpp.lpc1768.arm.o)
    0x000061f8   0x00000008   Code   RO         3522    i._ZN4mbed15FunctionPointerC1EPFvvE  mbed.ar(FunctionPointer.cpp.lpc1768.arm.o)
    0x00006200   0x00000030   Code   RO         3089    i._ZN4mbed4Base5clearEPKcPc  mbed.ar(Base.cpp.lpc1768.arm.o)
    0x00006230   0x00000038   Code   RO         3090    i._ZN4mbed4Base6lookupEPKcj  mbed.ar(Base.cpp.lpc1768.arm.o)
    0x00006268   0x00000040   Code   RO         3093    i._ZN4mbed4Base9list_objsEPKcPc  mbed.ar(Base.cpp.lpc1768.arm.o)
    0x000062a8   0x00000024   Code   RO         3094    i._ZN4mbed4BaseC1EPKc  mbed.ar(Base.cpp.lpc1768.arm.o)
    0x000062cc   0x00000034   Code   RO         3095    i._ZN4mbed4BaseD0Ev  mbed.ar(Base.cpp.lpc1768.arm.o)
    0x00006300   0x00000038   Code   RO         3096    i._ZN4mbed4BaseD1Ev  mbed.ar(Base.cpp.lpc1768.arm.o)
    0x00006338   0x00000010   Code   RO         3170    i._ZN4mbed5Timer5resetEv  mbed.ar(Timer.cpp.lpc1768.arm.o)
    0x00006348   0x00000010   Code   RO         3171    i._ZN4mbed5Timer5startEv  mbed.ar(Timer.cpp.lpc1768.arm.o)
    0x00006358   0x0000001e   Code   RO         3172    i._ZN4mbed5Timer7read_msEv  mbed.ar(Timer.cpp.lpc1768.arm.o)
    0x00006376   0x00000002   PAD
    0x00006378   0x00000020   Code   RO         3175    i._ZN4mbed5TimerC1EPKc  mbed.ar(Timer.cpp.lpc1768.arm.o)
    0x00006398   0x0000000e   Code   RO         3231    i._ZN4mbed5TimerD0Ev  mbed.ar(Timer.cpp.lpc1768.arm.o)
    0x000063a6   0x00000004   Code   RO         3207    i._ZN4mbed5TimerD1Ev  mbed.ar(Timer.cpp.lpc1768.arm.o)
    0x000063aa   0x00000006   Code   RO         2958    i._ZN4mbed6PwmOut10pulsewidthEf  mbed.ar(PwmOut.cpp.lpc1768.arm.o)
    0x000063b0   0x00000006   Code   RO         2965    i._ZN4mbed6PwmOut6periodEf  mbed.ar(PwmOut.cpp.lpc1768.arm.o)
    0x000063b6   0x00000002   PAD
    0x000063b8   0x00000020   Code   RO         2968    i._ZN4mbed6PwmOutC1E7PinNamePKc  mbed.ar(PwmOut.cpp.lpc1768.arm.o)
    0x000063d8   0x0000000e   Code   RO         3037    i._ZN4mbed6PwmOutD0Ev  mbed.ar(PwmOut.cpp.lpc1768.arm.o)
    0x000063e6   0x00000004   Code   RO         3010    i._ZN4mbed6PwmOutD1Ev  mbed.ar(PwmOut.cpp.lpc1768.arm.o)
    0x000063ea   0x00000006   Code   RO         3288    i._ZN4mbed6Serial4baudEi  mbed.ar(Serial.cpp.lpc1768.arm.o)
    0x000063f0   0x00000006   Code   RO         3289    i._ZN4mbed6Serial5_getcEv  mbed.ar(Serial.cpp.lpc1768.arm.o)
    0x000063f6   0x0000000e   Code   RO         3290    i._ZN4mbed6Serial5_putcEi  mbed.ar(Serial.cpp.lpc1768.arm.o)
    0x00006404   0x00000006   Code   RO         3293    i._ZN4mbed6Serial8readableEv  mbed.ar(Serial.cpp.lpc1768.arm.o)
    0x0000640a   0x00000002   PAD
    0x0000640c   0x00000034   Code   RO         3295    i._ZN4mbed6SerialC1E7PinNameS1_PKc  mbed.ar(Serial.cpp.lpc1768.arm.o)
    0x00006440   0x0000000e   Code   RO         3358    i._ZN4mbed6SerialD0Ev  mbed.ar(Serial.cpp.lpc1768.arm.o)
    0x0000644e   0x00000004   Code   RO         3340    i._ZN4mbed6SerialD1Ev  mbed.ar(Serial.cpp.lpc1768.arm.o)
    0x00006452   0x00000014   Code   RO         3449    i._ZN4mbed6Stream4getcEv  mbed.ar(Stream.cpp.lpc1768.arm.o)
    0x00006466   0x00000002   PAD
    0x00006468   0x00000040   Code   RO         3376    i._ZN4mbed6StreamC2EPKc  mbed.ar(Stream.cpp.lpc1768.arm.o)
    0x000064a8   0x00000024   Code   RO         3377    i._ZN4mbed6StreamD0Ev  mbed.ar(Stream.cpp.lpc1768.arm.o)
    0x000064cc   0x00000020   Code   RO         3378    i._ZN4mbed6StreamD2Ev  mbed.ar(Stream.cpp.lpc1768.arm.o)
    0x000064ec   0x0000003c   Code   RO         3529    i._ZN4mbed8FileLikeD0Ev  mbed.ar(stdio.cpp.lpc1768.arm.o)
    0x00006528   0x00000034   Code   RO         3530    i._ZN4mbed8FileLikeD2Ev  mbed.ar(stdio.cpp.lpc1768.arm.o)
    0x0000655c   0x000002d4   Code   RO         2485    i._ZN7SongLib11initial_libEPci  main.o
    0x00006830   0x0000020c   Code   RO         2479    i._ZN7SongLib12default_songEv  main.o
    0x00006a3c   0x0000012c   Code   RO         2443    i._ZN7SongLib9printSongEi  main.o
    0x00006b68   0x00000004   Code   RO         4147    i._ZNKSt14__rw_exception4whatEv  cpp_ws.l(rwstdexcept.o)
    0x00006b6c   0x000000dc   Code   RO         5018    i._ZNKSt18__rw_messages_base11_C_cat_openERKSsRKSt6locale  cpp_ws.l(messages.o)
    0x00006c48   0x00000020   Code   RO         5021    i._ZNKSt18__rw_messages_base13_C_get_localeEi  cpp_ws.l(messages.o)
    0x00006c68   0x00000034   Code   RO         5022    i._ZNKSt18__rw_messages_base14_C_get_messageEiii  cpp_ws.l(messages.o)
    0x00006c9c   0x0000000e   Code   RO         4737    i._ZNKSt5ctypeIcE2isENSt10ctype_base4maskEc  cpp_ws.l(char.o)
    0x00006caa   0x00000002   PAD
    0x00006cac   0x00000104   Code   RO         4847    i._ZNKSt6locale13_C_make_facetERKNS_2idEbiPFPN4__rw15__rw_facet_baseEiPKcjE  cpp_ws.l(locale.o)
    0x00006db0   0x00000074   Code   RO         4849    i._ZNKSt6locale16_C_install_facetEPN4__rw15__rw_facet_baseERKNS_2idE  cpp_ws.l(locale.o)
    0x00006e24   0x00000030   Code   RO         4850    i._ZNKSt6locale4nameEv  cpp_ws.l(locale.o)
    0x00006e54   0x00000020   Code   RO         5126    i._ZNKSt9type_infoeqERKS_  cpprt_w.l(type_info_eq.o)
    0x00006e74   0x0000000c   Code   RO         2497    i._ZNSt11char_traitsIcE4copyEPcPKcj  main.o
    0x00006e80   0x000000cc   Code   RO         4599    i._ZNSt12ctype_bynameIcE17_C_get_mask_tableEPKc  cpp_ws.l(char.o)
    0x00006f4c   0x00000120   Code   RO         4601    i._ZNSt12ctype_bynameIcEC1EPKcj  cpp_ws.l(char.o)
    0x0000706c   0x0000000e   Code   RO         4838    i._ZNSt12ctype_bynameIcED0Ev  cpp_ws.l(char.o)
    0x0000707a   0x00000002   PAD
    0x0000707c   0x00000084   Code   RO         4037    i._ZNSt14__rw_exception10_C_vformatEiSt9__va_list  cpp_ws.l(rwstdexcept.o)
    0x00007100   0x00000014   Code   RO         4107    i._ZNSt14__rw_exceptionC1Ev  cpp_ws.l(rwstdexcept.o)
    0x00007114   0x0000001c   Code   RO         4141    i._ZNSt14__rw_exceptionD1Ev  cpp_ws.l(rwstdexcept.o)
    0x00007130   0x0000001a   Code   RO         5048    i._ZNSt18__rw_open_cat_dataC1Ev  cpp_ws.l(messages.o)
    0x0000714a   0x0000000c   Code   RO         5045    i._ZNSt18__rw_open_cat_dataD1Ev  cpp_ws.l(messages.o)
    0x00007156   0x00000012   Code   RO         5051    i._ZNSt18__rw_open_cat_dataaSERKS_  cpp_ws.l(messages.o)
    0x00007168   0x000000fa   Code   RO         4603    i._ZNSt5ctypeIcE12_C_initfacetERKSt6locale  cpp_ws.l(char.o)
    0x00007262   0x00000002   PAD
    0x00007264   0x00000118   Code   RO         4605    i._ZNSt5ctypeIcEC1EPKNSt10ctype_base4maskEbj  cpp_ws.l(char.o)
    0x0000737c   0x0000000e   Code   RO         4740    i._ZNSt5ctypeIcED0Ev  cpp_ws.l(char.o)
    0x0000738a   0x00000002   PAD
    0x0000738c   0x00000028   Code   RO         4667    i._ZNSt5ctypeIcED1Ev  cpp_ws.l(char.o)
    0x000073b4   0x00000004   Code   RO         4138    i._ZNSt6locale5facetD0Ev  cpp_ws.l(rwstdexcept.o)
    0x000073b8   0x00000084   Code   RO         4853    i._ZNSt6locale7_C_initEv  cpp_ws.l(locale.o)
    0x0000743c   0x00000044   Code   RO         4855    i._ZNSt6locale7classicEv  cpp_ws.l(locale.o)
    0x00007480   0x00000020   Code   RO         4987    i._ZNSt6localeC1EPN4__rw15__rw_locale_impE  cpp_ws.l(locale.o)
    0x000074a0   0x0000000c   Code   RO         5057    i._ZNSt6localeC1ERKS_  cpp_ws.l(messages.o)
    0x000074ac   0x00000020   Code   RO         4103    i._ZNSt6localeC1Ev  cpp_ws.l(rwstdexcept.o)
    0x000074cc   0x00000020   Code   RO         4966    i._ZNSt6localeD1Ev  cpp_ws.l(locale.o)
    0x000074ec   0x00000032   Code   RO         4863    i._ZNSt6localeaSERKS_  cpp_ws.l(locale.o)
    0x0000751e   0x0000000e   Code   RO         4122    i._ZNSt8messagesIcED0Ev  cpp_ws.l(rwstdexcept.o)
    0x0000752c   0x0000000e   Code   RO         4086    i._ZNSt8messagesIcED1Ev  cpp_ws.l(rwstdexcept.o)
    0x0000753a   0x00000002   PAD
    0x0000753c   0x0000000c   Code   RO         5103    i._ZNSt9exceptionC1Ev  cpprt_w.l(exception_ctor.o)
    0x00007548   0x0000003c   Code   RO         5039    i._ZSt13__rw_get_catsv  cpp_ws.l(messages.o)
    0x00007584   0x00000004   Code   RO         3379    i._ZThn16_N4mbed6Stream4flenEv  mbed.ar(Stream.cpp.lpc1768.arm.o)
    0x00007588   0x0000002c   Code   RO         3380    i._ZThn16_N4mbed6Stream4readEPvj  mbed.ar(Stream.cpp.lpc1768.arm.o)
    0x000075b4   0x00000004   Code   RO         3381    i._ZThn16_N4mbed6Stream5closeEv  mbed.ar(Stream.cpp.lpc1768.arm.o)
    0x000075b8   0x00000004   Code   RO         3383    i._ZThn16_N4mbed6Stream5lseekEli  mbed.ar(Stream.cpp.lpc1768.arm.o)
    0x000075bc   0x0000002c   Code   RO         3384    i._ZThn16_N4mbed6Stream5writeEPKvj  mbed.ar(Stream.cpp.lpc1768.arm.o)
    0x000075e8   0x00000004   Code   RO         3385    i._ZThn16_N4mbed6Stream6isattyEv  mbed.ar(Stream.cpp.lpc1768.arm.o)
    0x000075ec   0x00000008   Code   RO         4150    i._ZdaPv            cpprt_w.l(array_del.o)
    0x000075f4   0x00000008   Code   RO         4157    i._ZdlPv            cpprt_w.l(delete.o)
    0x000075fc   0x00000008   Code   RO         4153    i._Znaj             cpprt_w.l(array_new.o)
    0x00007604   0x00000028   Code   RO         4160    i._Znwj             cpprt_w.l(new.o)
    0x0000762c   0x00000092   Code   RO         5567    i.__ARM_array_new_general  cpprt_w.l(array_new_general.o)
    0x000076be   0x00000020   Code   RO         4192    i.__ARM_common_get_typeid  cpprt_w.l(rtti.o)
    0x000076de   0x00000028   Code   RO         5455    i.__ARM_fpclassify  m_ws.l(fpclassify.o)
    0x00007706   0x00000032   Code   RO         4195    i.__aeabi_atexit    cpprt_w.l(aeabi_atexit.o)
    0x00007738   0x00000010   Code   RO         5409    i.__aeabi_vec_dtor_cookie  cpprt_w.l(aeabi_vec_dtor_cookie.o)
    0x00007748   0x00000014   Code   RO         5412    i.__aeabi_vec_new_cookie  cpprt_w.l(aeabi_vec_new_cookie.o)
    0x0000775c   0x00000042   Code   RO         5100    i.__cxa_finalize    cpprt_w.l(cxa_finalize.o)
    0x0000779e   0x00000010   Code   RO         5437    i.__cxa_guard_acquire  cpprt_w.l(cxa_guard_acquire.o)
    0x000077ae   0x00000006   Code   RO         4164    i.__cxa_pure_virtual  cpprt_w.l(pure_virt.o)
    0x000077b4   0x00000018   Code   RO         5520    i.__cxa_vec_new     cpprt_w.l(cxa_vec_new.o)
    0x000077cc   0x00000070   Code   RO         4172    i.__derived_to_base_conversion  cpprt_w.l(rtti.o)
    0x0000783c   0x000000b0   Code   RO         4173    i.__dynamic_cast    cpprt_w.l(rtti.o)
    0x000078ec   0x00000010   Code   RO         5614    i.__mathlib_dbl_underflow  m_ws.l(dunder.o)
    0x000078fc   0x0000000a   Code   RO         5152    i.__mathlib_flt_underflow  m_ws.l(funder.o)
    0x00007906   0x00000010   Code   RO         5538    i.__mathlib_narrow  m_ws.l(narrow.o)
    0x00007916   0x00000002   PAD
    0x00007918   0x00000088   Code   RO         5539    i.__mathlib_tofloat  m_ws.l(narrow.o)
    0x000079a0   0x00000010   Code   RO         4864    i.__sti___10_locale_cpp  cpp_ws.l(locale.o)
    0x000079b0   0x00000038   Code   RO         5325    i.__sti___10_rwcats_cpp  cpp_ws.l(rwcats.o)
    0x000079e8   0x00000010   Code   RO         4607    i.__sti___8_char_cpp  cpp_ws.l(char.o)
    0x000079f8   0x0000012c   Code   RO         2301    i.__sti___8_main_cpp  main.o
    0x00007b24   0x00000016   Code   RO         5601    i.__support_ldexp   m_ws.l(ldexp.o)
    0x00007b3a   0x00000002   PAD
    0x00007b3c   0x0000000c   Code   RO         2943    i.__user_setup_stackheap  stackheap.o
    0x00007b48   0x0000000e   Code   RO         3796    i._is_digit         c_w.l(__printf_wp.o)
    0x00007b56   0x00000004   Code   RO          495    i._nrk_timer_tick   nrk.o
    0x00007b5a   0x00000002   PAD
    0x00007b5c   0x0000002c   Code   RO         3531    i._sys_close        mbed.ar(stdio.cpp.lpc1768.arm.o)
    0x00007b88   0x00000028   Code   RO         3534    i._sys_flen         mbed.ar(stdio.cpp.lpc1768.arm.o)
    0x00007bb0   0x00000028   Code   RO         3535    i._sys_istty        mbed.ar(stdio.cpp.lpc1768.arm.o)
    0x00007bd8   0x00000184   Code   RO         3536    i._sys_open         mbed.ar(stdio.cpp.lpc1768.arm.o)
    0x00007d5c   0x00000040   Code   RO         3537    i._sys_read         mbed.ar(stdio.cpp.lpc1768.arm.o)
    0x00007d9c   0x0000002c   Code   RO         3538    i._sys_seek         mbed.ar(stdio.cpp.lpc1768.arm.o)
    0x00007dc8   0x00000054   Code   RO         3539    i._sys_write        mbed.ar(stdio.cpp.lpc1768.arm.o)
    0x00007e1c   0x00000016   Code   RO         3647    i.exit              capi.ar(exit.c.lpc1768.arm.o)
    0x00007e32   0x00000018   Code   RO         3821    i.fgetc             c_w.l(fgetc.o)
    0x00007e4a   0x0000001a   Code   RO         3825    i.fputc             c_w.l(fputc.o)
    0x00007e64   0x00000058   Code   RO         5580    i.frexp             m_ws.l(frexp.o)
    0x00007ebc   0x00000030   Code   RO         3507    i.gpio_input        capi.ar(gpio_api.c.lpc1768.arm.o)
    0x00007eec   0x00000058   Code   RO         3476    i.gpio_irq_clear    capi.ar(gpio_irq_api.c.lpc1768.arm.o)
    0x00007f44   0x00000074   Code   RO         3477    i.gpio_irq_falling  capi.ar(gpio_irq_api.c.lpc1768.arm.o)
    0x00007fb8   0x00000068   Code   RO         3478    i.gpio_irq_pending_falling  capi.ar(gpio_irq_api.c.lpc1768.arm.o)
    0x00008020   0x00000068   Code   RO         3479    i.gpio_irq_pending_rising  capi.ar(gpio_irq_api.c.lpc1768.arm.o)
    0x00008088   0x00000074   Code   RO         3480    i.gpio_irq_rising   capi.ar(gpio_irq_api.c.lpc1768.arm.o)
    0x000080fc   0x00000030   Code   RO         3509    i.gpio_output       capi.ar(gpio_api.c.lpc1768.arm.o)
    0x0000812c   0x00000018   Code   RO         3511    i.gpio_write        capi.ar(gpio_api.c.lpc1768.arm.o)
    0x00008144   0x0000007e   Code   RO         5602    i.ldexp             m_ws.l(ldexp.o)
    0x000081c2   0x00000002   PAD
    0x000081c4   0x000001b8   Code   RO         2302    i.main              main.o
    0x0000837c   0x00000078   Code   RO         3649    i.mbed_die          capi.ar(utils_api.c.lpc1768.arm.o)
    0x000083f4   0x00000038   Code   RO         3637    i.pin_function      capi.ar(pinmap.c.lpc1768.arm.o)
    0x0000842c   0x00000038   Code   RO         3638    i.pin_mode          capi.ar(pinmap.c.lpc1768.arm.o)
    0x00008464   0x0000003c   Code   RO         3639    i.pinmap_merge      capi.ar(pinmap.c.lpc1768.arm.o)
    0x000084a0   0x00000058   Code   RO         3640    i.pinmap_peripheral  capi.ar(pinmap.c.lpc1768.arm.o)
    0x000084f8   0x000000a4   Code   RO         3641    i.pinmap_pinout     capi.ar(pinmap.c.lpc1768.arm.o)
    0x0000859c   0x0000009c   Code   RO         3455    i.pwmout_init       capi.ar(pwmout_api.c.lpc1768.arm.o)
    0x00008638   0x00000020   Code   RO         3456    i.pwmout_period     capi.ar(pwmout_api.c.lpc1768.arm.o)
    0x00008658   0x0000003c   Code   RO         3458    i.pwmout_period_us  capi.ar(pwmout_api.c.lpc1768.arm.o)
    0x00008694   0x00000054   Code   RO         3459    i.pwmout_pulsewidth  capi.ar(pwmout_api.c.lpc1768.arm.o)
    0x000086e8   0x0000005a   Code   RO         4345    i.scalbnf           m_ws.l(scalbnf.o)
    0x00008742   0x0000000c   Code   RO         3659    i.semihost_exit     capi.ar(semihost_api.c.lpc1768.arm.o)
    0x0000874e   0x00000002   PAD
    0x00008750   0x00000100   Code   RO         3486    i.serial_baud       capi.ar(serial_api.c.lpc1768.arm.o)
    0x00008850   0x00000094   Code   RO         3488    i.serial_format     capi.ar(serial_api.c.lpc1768.arm.o)
    0x000088e4   0x0000000c   Code   RO         3490    i.serial_getc       capi.ar(serial_api.c.lpc1768.arm.o)
    0x000088f0   0x000000e4   Code   RO         3491    i.serial_init       capi.ar(serial_api.c.lpc1768.arm.o)
    0x000089d4   0x0000000c   Code   RO         3493    i.serial_putc       capi.ar(serial_api.c.lpc1768.arm.o)
    0x000089e0   0x00000008   Code   RO         3494    i.serial_readable   capi.ar(serial_api.c.lpc1768.arm.o)
    0x000089e8   0x00000014   Code   RO         3624    i.timer_frequency   capi.ar(timer_api.c.lpc1768.arm.o)
    0x000089fc   0x00000070   Code   RO         3625    i.timer_init        capi.ar(timer_api.c.lpc1768.arm.o)
    0x00008a6c   0x00000004   Code   RO         3626    i.timer_read        capi.ar(timer_api.c.lpc1768.arm.o)
    0x00008a70   0x0000000c   Code   RO         3627    i.timer_start       capi.ar(timer_api.c.lpc1768.arm.o)
    0x00008a7c   0x00000038   Code   RO         3517    i.us_ticker_read    capi.ar(us_ticker_api.c.lpc1768.arm.o)
    0x00008ab4   0x00000030   Code   RO         2952    i.wait              capi.ar(wait_api.c.lpc1768.arm.o)
    0x00008ae4   0x0000001c   Code   RO         2953    i.wait_ms           capi.ar(wait_api.c.lpc1768.arm.o)
    0x00008b00   0x00000016   Code   RO         2954    i.wait_us           capi.ar(wait_api.c.lpc1768.arm.o)
    0x00008b16   0x00000002   PAD
    0x00008b18   0x0000002c   Code   RO         4507    locale$$code        c_w.l(lc_ctype_c.o)
    0x00008b44   0x0000002c   Code   RO         5285    locale$$code        c_w.l(lc_numeric_c.o)
    0x00008b70   0x00000014   Code   RO         2515    t._ZN4__rw12__string_refIcSt11char_traitsIcESaIcEE10_C_inc_refEv  main.o
    0x00008b84   0x00000046   Code   RO         4113    t._ZN4__rw16__rw_facet_makerISt5ctypeIcEE13_C_maker_funcEiPKcj  cpp_ws.l(rwstdexcept.o)
    0x00008bca   0x00000012   Code   RO         2509    t._ZN4__rw17__rw_new_capacityIcSt11char_traitsIcESaIcEEEjjPKSbIT_T0_T1_E  main.o
    0x00008bdc   0x0000004c   Code   RO         4969    t._ZN4__rw18__rw_locale_vectorIPNS_15__rw_facet_baseEE6resizeEjRKS2_  cpp_ws.l(locale.o)
    0x00008c28   0x0000000e   Code   RO         4981    t._ZN4__rw18__rw_locale_vectorIPNS_15__rw_facet_baseEED1Ev  cpp_ws.l(locale.o)
    0x00008c36   0x0000000e   Code   RO         5341    t._ZN4__rw18__rw_locale_vectorIPNS_8__rw_catEED1Ev  cpp_ws.l(rwcats.o)
    0x00008c44   0x00000014   Code   RO         4984    t._ZN4__rw18__rw_locale_vectorISsED1Ev  cpp_ws.l(locale.o)
    0x00008c58   0x00000014   Code   RO         5054    t._ZN4__rw18__rw_locale_vectorISt18__rw_open_cat_dataED1Ev  cpp_ws.l(messages.o)
    0x00008c6c   0x00000090   Code   RO         4080    t._ZNKSt8messagesIcE6do_getEiiiRKSs  cpp_ws.l(rwstdexcept.o)
    0x00008cfc   0x00000006   Code   RO         4110    t._ZNKSt8messagesIcE7do_openERKSsRKSt6locale  cpp_ws.l(rwstdexcept.o)
    0x00008d02   0x00000032   Code   RO         4932    t._ZNSs11_C_allocateEjjj  cpp_ws.l(locale.o)
    0x00008d34   0x00000018   Code   RO         4978    t._ZNSs7replaceEjjPKcj  cpp_ws.l(locale.o)
    0x00008d4c   0x00000168   Code   RO         4657    t._ZNSs7replaceEjjPKcjjj  cpp_ws.l(char.o)
    0x00008eb4   0x00000124   Code   RO         2467    t._ZNSs7replaceEjjjc  main.o
    0x00008fd8   0x00000074   Code   RO         4645    t._ZNSs9_C_getRepEjj  cpp_ws.l(char.o)
    0x0000904c   0x00000048   Code   RO         4654    t._ZNSs9_C_unlinkEv  cpp_ws.l(char.o)
    0x00009094   0x00000038   Code   RO         4935    t._ZNSsC1EPKcRKSaIcE  cpp_ws.l(locale.o)
    0x000090cc   0x00000010   Code   RO         4975    t._ZNSsC1ERKSaIcE   cpp_ws.l(locale.o)
    0x000090dc   0x0000003e   Code   RO         4648    t._ZNSsC1ERKSs      cpp_ws.l(char.o)
    0x0000911a   0x0000000c   Code   RO         4731    t._ZNSsD1Ev         cpp_ws.l(char.o)
    0x00009126   0x00000002   PAD
    0x00009128   0x00000050   Code   RO         4941    t._ZNSsaSEPKc       cpp_ws.l(locale.o)
    0x00009178   0x0000003e   Code   RO         4938    t._ZNSsaSERKSs      cpp_ws.l(locale.o)
    0x000091b6   0x0000000c   Code   RO         2503    t._ZSt3maxIjERKT_S2_S2_  main.o
    0x000091c2   0x00000002   PAD
    0x000091c4   0x00000084   Code   RO         2521    t._ZStplIcSt11char_traitsIcESaIcEESbIT_T0_T1_ERKS6_S3_  main.o
    0x00009248   0x00000062   Code   RO         4298    x$fpl$d2f           fz_ws.l(d2f.o)
    0x000092aa   0x00000002   PAD
    0x000092ac   0x00000010   Code   RO         5612    x$fpl$dcheck1       fz_ws.l(dcheck1.o)
    0x000092bc   0x00000018   Code   RO         5573    x$fpl$dcmpinf       fz_ws.l(dcmpi.o)
    0x000092d4   0x00000078   Code   RO         5523    x$fpl$deqf          fz_ws.l(deqf.o)
    0x0000934c   0x0000005e   Code   RO         4306    x$fpl$dfix          fz_ws.l(dfix.o)
    0x000093aa   0x00000002   PAD
    0x000093ac   0x00000078   Code   RO         5525    x$fpl$dleqf         fz_ws.l(dleqf.o)
    0x00009424   0x00000154   Code   RO         4310    x$fpl$dmul          fz_ws.l(dmul.o)
    0x00009578   0x0000009c   Code   RO         5129    x$fpl$dnaninf       fz_ws.l(dnaninf.o)
    0x00009614   0x0000000c   Code   RO         5131    x$fpl$dretinf       fz_ws.l(dretinf.o)
    0x00009620   0x0000006c   Code   RO         5575    x$fpl$drleqf        fz_ws.l(drleqf.o)
    0x0000968c   0x00000056   Code   RO         4312    x$fpl$f2d           fz_ws.l(f2d.o)
    0x000096e2   0x00000002   PAD
    0x000096e4   0x000000c4   Code   RO         4314    x$fpl$fadd          fz_ws.l(faddsub_clz.o)
    0x000097a8   0x0000000c   Code   RO         5449    x$fpl$fcheck1       fz_ws.l(fcheck1.o)
    0x000097b4   0x00000018   Code   RO         5451    x$fpl$fcmpinf       fz_ws.l(fcmpi.o)
    0x000097cc   0x00000184   Code   RO         4321    x$fpl$fdiv          fz_ws.l(fdiv.o)
    0x00009950   0x00000036   Code   RO         4324    x$fpl$ffix          fz_ws.l(ffix.o)
    0x00009986   0x00000002   PAD
    0x00009988   0x00000030   Code   RO         4333    x$fpl$fflt          fz_ws.l(fflt_clz.o)
    0x000099b8   0x00000026   Code   RO         4332    x$fpl$ffltu         fz_ws.l(fflt_clz.o)
    0x000099de   0x00000002   PAD
    0x000099e0   0x00000068   Code   RO         5133    x$fpl$fleqf         fz_ws.l(fleqf.o)
    0x00009a48   0x00000102   Code   RO         4338    x$fpl$fmul          fz_ws.l(fmul.o)
    0x00009b4a   0x0000008c   Code   RO         5135    x$fpl$fnaninf       fz_ws.l(fnaninf.o)
    0x00009bd6   0x0000000a   Code   RO         5137    x$fpl$fretinf       fz_ws.l(fretinf.o)
    0x00009be0   0x00000062   Code   RO         4340    x$fpl$frleqf        fz_ws.l(frleqf.o)
    0x00009c42   0x00000002   PAD
    0x00009c44   0x000000ea   Code   RO         4316    x$fpl$fsub          fz_ws.l(faddsub_clz.o)
    0x00009d2e   0x00000004   Code   RO         4342    x$fpl$printf1       fz_ws.l(printf1.o)
    0x00009d32   0x00000004   Code   RO         5141    x$fpl$printf2       fz_ws.l(printf2.o)
    0x00009d36   0x00000064   Code   RO         5530    x$fpl$retnan        fz_ws.l(retnan.o)
    0x00009d9a   0x0000005c   Code   RO         5598    x$fpl$scalbn        fz_ws.l(scalbn.o)
    0x00009df6   0x0000004c   Code   RO         5147    x$fpl$scalbnf       fz_ws.l(scalbnf.o)
    0x00009e42   0x00000004   Code   RO         5149    x$fpl$scanf1        fz_ws.l(scanf1.o)
    0x00009e46   0x00000008   Code   RO         5532    x$fpl$scanf2        fz_ws.l(scanf2.o)
    0x00009e4e   0x00000030   Code   RO         5577    x$fpl$trapveneer    fz_ws.l(trapv.o)
    0x00009e7e   0x00000000   Code   RO         5151    x$fpl$usenofp       fz_ws.l(usenofp.o)
    0x00009e7e   0x00000002   PAD
    0x00009e80   0x00000018   Data   RO         3116    .constdata          mbed.ar(Base.cpp.lpc1768.arm.o)
    0x00009e98   0x000000b4   Data   RO         3464    .constdata          capi.ar(pwmout_api.c.lpc1768.arm.o)
    0x00009f4c   0x00000154   Data   RO         3496    .constdata          capi.ar(serial_api.c.lpc1768.arm.o)
    0x0000a0a0   0x00000017   Data   RO         3590    .constdata          mbed.ar(stdio.cpp.lpc1768.arm.o)
    0x0000a0b7   0x00000028   Data   RO         3784    .constdata          c_w.l(_printf_hex_int_ll_ptr.o)
    0x0000a0df   0x00000011   Data   RO         3804    .constdata          c_w.l(__printf_flags_ss_wp.o)
    0x0000a0f0   0x0000005c   Data   RO         4057    .constdata          cpp_ws.l(rwstdexcept.o)
    0x0000a14c   0x00000008   Data   RO         4439    .constdata          c_w.l(_printf_wctomb.o)
    0x0000a154   0x00000200   Data   RO         4627    .constdata          cpp_ws.l(char.o)
    0x0000a354   0x00000026   Data   RO         5193    .constdata          c_w.l(_printf_fp_hex.o)
    0x0000a37a   0x00000002   PAD
    0x0000a37c   0x00000094   Data   RO         5216    .constdata          c_w.l(bigflt0.o)
    0x0000a410   0x0000000c   Data   RO         4282    .constdata__ZTIN10__cxxabiv117__class_type_infoE  cpprt_w.l(lib_rtti_impl.o)
    0x0000a41c   0x0000000c   Data   RO         4283    .constdata__ZTIN10__cxxabiv120__si_class_type_infoE  cpprt_w.l(lib_rtti_impl.o)
    0x0000a428   0x0000000c   Data   RO         4284    .constdata__ZTIN10__cxxabiv121__vmi_class_type_infoE  cpprt_w.l(lib_rtti_impl.o)
    0x0000a434   0x0000000c   Data   RO         3282    .constdata__ZTIN4mbed10DigitalOutE  mbed.ar(DigitalOut.cpp.lpc1768.arm.o)
    0x0000a440   0x00000008   Data   RO         3620    .constdata__ZTIN4mbed10FileHandleE  mbed.ar(stdio.cpp.lpc1768.arm.o)
    0x0000a448   0x0000000c   Data   RO         3075    .constdata__ZTIN4mbed11InterruptInE  mbed.ar(InterruptIn.cpp.lpc1768.arm.o)
    0x0000a454   0x0000000c   Data   RO         3164    .constdata__ZTIN4mbed14FileSystemLikeE  mbed.ar(Base.cpp.lpc1768.arm.o)
    0x0000a460   0x00000008   Data   RO         3141    .constdata__ZTIN4mbed4BaseE  mbed.ar(Base.cpp.lpc1768.arm.o)
    0x0000a468   0x0000000c   Data   RO         3234    .constdata__ZTIN4mbed5TimerE  mbed.ar(Timer.cpp.lpc1768.arm.o)
    0x0000a474   0x0000000c   Data   RO         3046    .constdata__ZTIN4mbed6PwmOutE  mbed.ar(PwmOut.cpp.lpc1768.arm.o)
    0x0000a480   0x0000000c   Data   RO         3364    .constdata__ZTIN4mbed6SerialE  mbed.ar(Serial.cpp.lpc1768.arm.o)
    0x0000a48c   0x0000000c   Data   RO         3452    .constdata__ZTIN4mbed6StreamE  mbed.ar(Stream.cpp.lpc1768.arm.o)
    0x0000a498   0x00000020   Data   RO         3619    .constdata__ZTIN4mbed8FileLikeE  mbed.ar(stdio.cpp.lpc1768.arm.o)
    0x0000a4b8   0x00000008   Data   RO         5124    .constdata__ZTISt9type_info  cpprt_w.l(type_info_dtor.o)
    0x0000a4c0   0x00000022   Data   RO         4292    .constdata__ZTSN10__cxxabiv117__class_type_infoE  cpprt_w.l(lib_rtti_impl.o)
    0x0000a4e2   0x00000025   Data   RO         4293    .constdata__ZTSN10__cxxabiv120__si_class_type_infoE  cpprt_w.l(lib_rtti_impl.o)
    0x0000a507   0x00000026   Data   RO         4294    .constdata__ZTSN10__cxxabiv121__vmi_class_type_infoE  cpprt_w.l(lib_rtti_impl.o)
    0x0000a52d   0x00000014   Data   RO         3283    .constdata__ZTSN4mbed10DigitalOutE  mbed.ar(DigitalOut.cpp.lpc1768.arm.o)
    0x0000a541   0x00000014   Data   RO         3622    .constdata__ZTSN4mbed10FileHandleE  mbed.ar(stdio.cpp.lpc1768.arm.o)
    0x0000a555   0x00000015   Data   RO         3076    .constdata__ZTSN4mbed11InterruptInE  mbed.ar(InterruptIn.cpp.lpc1768.arm.o)
    0x0000a56a   0x00000018   Data   RO         3165    .constdata__ZTSN4mbed14FileSystemLikeE  mbed.ar(Base.cpp.lpc1768.arm.o)
    0x0000a582   0x0000000d   Data   RO         3145    .constdata__ZTSN4mbed4BaseE  mbed.ar(Base.cpp.lpc1768.arm.o)
    0x0000a58f   0x0000000e   Data   RO         3235    .constdata__ZTSN4mbed5TimerE  mbed.ar(Timer.cpp.lpc1768.arm.o)
    0x0000a59d   0x0000000f   Data   RO         3047    .constdata__ZTSN4mbed6PwmOutE  mbed.ar(PwmOut.cpp.lpc1768.arm.o)
    0x0000a5ac   0x0000000f   Data   RO         3365    .constdata__ZTSN4mbed6SerialE  mbed.ar(Serial.cpp.lpc1768.arm.o)
    0x0000a5bb   0x0000000f   Data   RO         3453    .constdata__ZTSN4mbed6StreamE  mbed.ar(Stream.cpp.lpc1768.arm.o)
    0x0000a5ca   0x00000011   Data   RO         3621    .constdata__ZTSN4mbed8FileLikeE  mbed.ar(stdio.cpp.lpc1768.arm.o)
    0x0000a5db   0x0000000d   Data   RO         5125    .constdata__ZTSSt9type_info  cpprt_w.l(type_info_dtor.o)
    0x0000a5e8   0x00000010   Data   RO         4267    .constdata__ZTVN10__cxxabiv117__class_type_infoE  cpprt_w.l(lib_rtti_impl.o)
    0x0000a5f8   0x00000010   Data   RO         4269    .constdata__ZTVN10__cxxabiv120__si_class_type_infoE  cpprt_w.l(lib_rtti_impl.o)
    0x0000a608   0x00000010   Data   RO         4271    .constdata__ZTVN10__cxxabiv121__vmi_class_type_infoE  cpprt_w.l(lib_rtti_impl.o)
    0x0000a618   0x00000018   Data   RO         3266    .constdata__ZTVN4mbed10DigitalOutE  mbed.ar(DigitalOut.cpp.lpc1768.arm.o)
    0x0000a630   0x00000018   Data   RO         3074    .constdata__ZTVN4mbed11InterruptInE  mbed.ar(InterruptIn.cpp.lpc1768.arm.o)
    0x0000a648   0x00000018   Data   RO         3137    .constdata__ZTVN4mbed4BaseE  mbed.ar(Base.cpp.lpc1768.arm.o)
    0x0000a660   0x00000018   Data   RO         3205    .constdata__ZTVN4mbed5TimerE  mbed.ar(Timer.cpp.lpc1768.arm.o)
    0x0000a678   0x00000018   Data   RO         3006    .constdata__ZTVN4mbed6PwmOutE  mbed.ar(PwmOut.cpp.lpc1768.arm.o)
    0x0000a690   0x00000060   Data   RO         3339    .constdata__ZTVN4mbed6SerialE  mbed.ar(Serial.cpp.lpc1768.arm.o)
    0x0000a6f0   0x00000060   Data   RO         3433    .constdata__ZTVN4mbed6StreamE  mbed.ar(Stream.cpp.lpc1768.arm.o)
    0x0000a750   0x0000003c   Data   RO         3614    .constdata__ZTVN4mbed8FileLikeE  mbed.ar(stdio.cpp.lpc1768.arm.o)
    0x0000a78c   0x00000014   Data   RO         4126    .constdata__ZTVNSt6locale5facetE  cpp_ws.l(rwstdexcept.o)
    0x0000a7a0   0x00000034   Data   RO         4802    .constdata__ZTVSt12ctype_bynameIcE  cpp_ws.l(char.o)
    0x0000a7d4   0x00000014   Data   RO         4128    .constdata__ZTVSt14__rw_exception  cpp_ws.l(rwstdexcept.o)
    0x0000a7e8   0x00000034   Data   RO         4638    .constdata__ZTVSt5ctypeIcE  cpp_ws.l(char.o)
    0x0000a81c   0x00000020   Data   RO         4070    .constdata__ZTVSt8messagesIcE  cpp_ws.l(rwstdexcept.o)
    0x0000a83c   0x00000014   Data   RO         5113    .constdata__ZTVSt9exception  cpprt_w.l(exception_dtor.o)
    0x0000a850   0x0000000e   Data   RO         3118    .conststring        mbed.ar(Base.cpp.lpc1768.arm.o)
    0x0000a85e   0x00000005   Data   RO         3119    .conststring        mbed.ar(Base.cpp.lpc1768.arm.o)
    0x0000a863   0x00000250   Data   RO         4058    .conststring        cpp_ws.l(rwstdexcept.o)
    0x0000aab3   0x00000001   PAD
    0x0000aab4   0x00000020   Data   RO         5617    Region$$Table       anon$$obj.o
    0x0000aad4   0x00000008   Data   RO         5527    c$$dinf             fz_ws.l(fpconst.o)
    0x0000aadc   0x00000110   Data   RO         4506    locale$$data        c_w.l(lc_ctype_c.o)
    0x0000abec   0x0000001c   Data   RO         5284    locale$$data        c_w.l(lc_numeric_c.o)
    0x0000ac08   0x00000010   Data   RO         5554    locale$$data        c_w.l(null_locale.o)
    0x0000ac18   0x00000004   Data   RO         2337    .init_array         main.o
    0x0000ac1c   0x00000004   Data   RO         4629    .init_array         cpp_ws.l(char.o)
    0x0000ac20   0x00000004   Data   RO         4913    .init_array         cpp_ws.l(locale.o)
    0x0000ac24   0x00000004   Data   RO         5335    .init_array         cpp_ws.l(rwcats.o)


    Execution Region RW_IRAM1 (Base: 0x10000000, Size: 0x00001f9c, Max: 0x00008000, ABSOLUTE, COMPRESSED[0x000001b4])

    Base Addr    Size         Type   Attr      Idx    E Section Name        Object

    0x10000000   0x000000c4   Data   RW         2949    .ARM.__AT_0x10000000  cmsis_nvic.o
    0x100000c4   0x00000002   Data   RW          333    .data               nrk_timer.o
    0x100000c6   0x00000002   PAD
    0x100000c8   0x00000004   Data   RW          506    .data               nrk.o
    0x100000cc   0x00000001   Data   RW          507    .data               nrk.o
    0x100000cd   0x00000003   PAD
    0x100000d0   0x00000014   Data   RW          508    .data               nrk.o
    0x100000e4   0x00000008   Data   RW          511    .data               nrk.o
    0x100000ec   0x00000002   Data   RW          689    .data               nrk_error.o
    0x100000ee   0x00000002   PAD
    0x100000f0   0x00000008   Data   RW          889    .data               nrk_scheduler.o
    0x100000f8   0x00000006   Data   RW         1942    .data               basic_rf.o
    0x100000fe   0x00000002   PAD
    0x10000100   0x0000082c   Data   RW         2325    .data               main.o
    0x1000092c   0x00000004   Data   RW         2940    .data               system_LPC17xx.o
    0x10000930   0x00000008   Data   RW         3120    .data               mbed.ar(Base.cpp.lpc1768.arm.o)
    0x10000938   0x0000000c   Data   RW         3121    .data               mbed.ar(Base.cpp.lpc1768.arm.o)
    0x10000944   0x0000001c   Data   RW         3465    .data               capi.ar(pwmout_api.c.lpc1768.arm.o)
    0x10000960   0x00000004   Data   RW         3518    .data               capi.ar(us_ticker_api.c.lpc1768.arm.o)
    0x10000964   0x00000004   Data   RW         3841    .data               c_w.l(stdio_streams.o)
    0x10000968   0x00000004   Data   RW         3842    .data               c_w.l(stdio_streams.o)
    0x1000096c   0x00000004   Data   RW         3843    .data               c_w.l(stdio_streams.o)
    0x10000970   0x00000017   Data   RW         4059    .data               cpp_ws.l(rwstdexcept.o)
    0x10000987   0x00000001   PAD
    0x10000988   0x00000008   Data   RW         4628    .data               cpp_ws.l(char.o)
    0x10000990   0x0000001c   Data   RW         4912    .data               cpp_ws.l(locale.o)
    0x100009ac   0x00000004   Data   RW         5062    .data               cpp_ws.l(rwthrowproc_noex.o)
    0x100009b0   0x00000004   Data   RW         5312    .data               c_w.l(heapauxa.o)
    0x100009b4   0x00000008   Data   RW         5334    .data               cpp_ws.l(rwcats.o)
    0x100009bc   0x00000004   Data   RW         5011    .data__ZZNKSt6locale2id7_C_initEvE9_C_id_gen  cpp_ws.l(locale.o)
    0x100009c0   0x0000000c   Data   RW         5060    .data__ZZSt13__rw_get_catsvE11__open_cats  cpp_ws.l(messages.o)
    0x100009cc   0x00000080   Zero   RW          504    .bss                nrk.o
    0x10000a4c   0x0000024c   Zero   RW          505    .bss                nrk.o
    0x10000c98   0x0000000c   Zero   RW         1941    .bss                basic_rf.o
    0x10000ca4   0x0000107c   Zero   RW         2324    .bss                main.o
    0x10001d20   0x000000c0   Zero   RW         3064    .bss                mbed.ar(InterruptIn.cpp.lpc1768.arm.o)
    0x10001de0   0x00000040   Zero   RW         3589    .bss                mbed.ar(stdio.cpp.lpc1768.arm.o)
    0x10001e20   0x00000054   Zero   RW         3838    .bss                c_w.l(stdio_streams.o)
    0x10001e74   0x00000054   Zero   RW         3839    .bss                c_w.l(stdio_streams.o)
    0x10001ec8   0x00000054   Zero   RW         3840    .bss                c_w.l(stdio_streams.o)
    0x10001f1c   0x00000004   PAD
    0x10001f20   0x00000018   Zero   RW         4056    .bss                cpp_ws.l(rwstdexcept.o)
    0x10001f38   0x00000004   Zero   RW         4366    .bss                c_w.l(rt_heap_descriptor.o)
    0x10001f3c   0x00000014   Zero   RW         4371    .bss                c_w.l(rt_locale.o)
    0x10001f50   0x00000004   Zero   RW         4376    .bss                c_w.l(rt_new_handler_addr.o)
    0x10001f54   0x00000004   Zero   RW         4381    .bss                c_w.l(rt_ddtor_pointer_addr.o)
    0x10001f58   0x00000004   Zero   RW         4386    .bss                c_w.l(rt_errno_addr.o)
    0x10001f5c   0x0000002a   Zero   RW         5269    .bss                c_w.l(locale.o)
    0x10001f86   0x00000002   PAD
    0x10001f88   0x00000004   Zero   RW         5461    .bss                c_w.l(rt_eh_globals_addr.o)
    0x10001f8c   0x00000010   Zero   RW         5408    .bss__ZNSs9__nullrefE  cpp_ws.l(vendor.o)


    Execution Region RW_IRAM2 (Base: 0x2007c000, Size: 0x00000000, Max: 0x00004000, ABSOLUTE)

    **** No section assigned to this execution region ****


    Execution Region RW_IRAM3 (Base: 0x20080000, Size: 0x00000000, Max: 0x00004000, ABSOLUTE)

    **** No section assigned to this execution region ****


    Execution Region RW_IRAM4 (Base: 0x40038000, Size: 0x00000000, Max: 0x00000800, ABSOLUTE)

    **** No section assigned to this execution region ****


==============================================================================

Image component sizes


      Code (inc. data)   RO Data    RW Data    ZI Data      Debug   Object Name

       292         42          0          6         12       5240   basic_rf.o
         2          0          0          0          0       1658   bmac.o
        56          4          0        196          0         72   cmsis_nvic.o
      5254       1082          4       2092       4220      52518   main.o
       258         10          0          0          0       3844   mrf24j40.o
       120         14          0          0          0        276   my_asm.o
         8          0          0         33        716       3310   nrk.o
       112         12          0          0          0      17331   nrk_cpu.o
        12          4          0          2          0        726   nrk_error.o
       660         40          0          8          0       1454   nrk_scheduler.o
       280         26          0          0          0       2963   nrk_task.o
       170         14          0          2          0       5568   nrk_timer.o
        12          4          0          0          0         60   stackheap.o
        40         12        196          0          0        220   startup_LPC17xx.o
       120         10          0          4          0         60   system_LPC17xx.o

    ----------------------------------------------------------------------
      7408       1274        232       2352       4948      95300   Object Totals
         0          0         32          0          0          0   (incl. Generated)
        12          0          0          9          0          0   (incl. Padding)

    ----------------------------------------------------------------------

      Code (inc. data)   RO Data    RW Data    ZI Data      Debug   Library Member Name

        24          4          0          0          0         84   __2printf.o
       100          0          0          0          0          0   __dclz77c.o
         8          0          0          0          0         68   __main.o
       396          6         17          0          0         92   __printf_flags_ss_wp.o
        14          0          0          0          0         68   __printf_wp.o
        52          8          0          0          0          0   __scatter.o
        28          0          0          0          0          0   __scatter_zi.o
        28          0          0          0          0         68   _chval.o
        60          0          0          0          0         92   _mbrtowc.o
         6          0          0          0          0          0   _printf_a.o
         6          0          0          0          0          0   _printf_c.o
        44          0          0          0          0        108   _printf_char.o
        48          6          0          0          0         96   _printf_char_common.o
        36          4          0          0          0         80   _printf_char_file.o
        42          0          0          0          0         68   _printf_charcount.o
         6          0          0          0          0          0   _printf_d.o
       120         18          0          0          0         92   _printf_dec.o
         6          0          0          0          0          0   _printf_e.o
         6          0          0          0          0          0   _printf_f.o
      1056          0          0          0          0        216   _printf_fp_dec.o
       768          8         38          0          0        100   _printf_fp_hex.o
       128         16          0          0          0         84   _printf_fp_infnan.o
         6          0          0          0          0          0   _printf_g.o
       156          6         40          0          0        160   _printf_hex_int_ll_ptr.o
         6          0          0          0          0          0   _printf_i.o
       184          0          0          0          0         88   _printf_intcommon.o
        10          0          0          0          0          0   _printf_l.o
         6          0          0          0          0          0   _printf_lc.o
        10          0          0          0          0          0   _printf_ll.o
         6          0          0          0          0          0   _printf_lld.o
         6          0          0          0          0          0   _printf_lli.o
         6          0          0          0          0          0   _printf_llo.o
         6          0          0          0          0          0   _printf_llu.o
         6          0          0          0          0          0   _printf_llx.o
       120         16          0          0          0         92   _printf_longlong_dec.o
         6          0          0          0          0          0   _printf_ls.o
         6          0          0          0          0          0   _printf_n.o
         6          0          0          0          0          0   _printf_o.o
       120          8          0          0          0        124   _printf_oct_int_ll.o
         6          0          0          0          0          0   _printf_p.o
        82          0          0          0          0        108   _printf_pad.o
         0          0          0          0          0          0   _printf_percent.o
         4          0          0          0          0          0   _printf_percent_end.o
         6          0          0          0          0          0   _printf_s.o
        82          0          0          0          0         80   _printf_str.o
        36          0          0          0          0         84   _printf_truncate.o
         6          0          0          0          0          0   _printf_u.o
        44          0          0          0          0        108   _printf_wchar.o
       188          6          8          0          0         92   _printf_wctomb.o
         6          0          0          0          0          0   _printf_x.o
        22          0          0          0          0        100   _rserrno.o
       880          4          0          0          0        100   _scanf.o
       336          0          0          0          0         96   _scanf_int.o
       342          0          0          0          0        100   _scanf_longlong.o
       272          0          0          0          0        100   _scanf_mbtowc.o
       218          0          0          0          0         96   _scanf_str.o
        30          0          0          0          0         76   _scanf_wcharmap.o
       226          0          0          0          0        100   _scanf_wctomb.o
       202          0          0          0          0         96   _scanf_wstr.o
        64          0          0          0          0         84   _sgetc.o
        16          0          0          0          0         68   _snputc.o
        10          0          0          0          0         68   _sputc.o
        64          0          0          0          0         92   _wcrtomb.o
        16          0          0          0          0         72   abort.o
        16          0          0          0          0         68   aeabi_memset.o
       124         40          0          0          0         76   assert.o
        24          6          0          0          0         80   assert_stdio.o
       228          6        148          0          0         96   bigflt0.o
      2074        132          0          0          0        940   btod.o
        48         34          0          0          0         76   defsig_abrt_inner.o
        14          0          0          0          0         80   defsig_abrt_outer.o
        10          0          0          0          0         68   defsig_exit.o
        50          0          0          0          0         88   defsig_general.o
        48         34          0          0          0         76   defsig_pvfn_inner.o
        14          0          0          0          0         80   defsig_pvfn_outer.o
        80         58          0          0          0         76   defsig_rtmem_inner.o
        14          0          0          0          0         80   defsig_rtmem_outer.o
        52         38          0          0          0         76   defsig_rtred_inner.o
        14          0          0          0          0         80   defsig_rtred_outer.o
        76          0          0          0          0         88   fclose.o
         8          0          0          0          0         68   ferror.o
       100          4          0          0          0        120   fflush.o
        24          0          0          0          0         68   fgetc.o
       576          0          0          0          0        132   filbuf.o
       478          0          0          0          0         88   flsbuf.o
        56          6          0          0          0         80   flushlinebuffered.o
       236          4          0          0          0        128   fopen.o
        20          0          0          0          0         84   fprintf.o
        26          0          0          0          0         68   fputc.o
        34          0          0          0          0         80   fputs.o
       248          6          0          0          0         84   fseek.o
        70          0          0          0          0         76   ftell.o
        94          0          0          0          0         80   h1_alloc.o
        52          0          0          0          0         68   h1_extend.o
        78          0          0          0          0         80   h1_free.o
        14          0          0          0          0         84   h1_init.o
        80          6          0          4          0         96   heapauxa.o
         4          0          0          0          0        136   hguard.o
         0          0          0          0          0          0   indicate_semi.o
        36         10          0          0          0         80   init_aeabi.o
       138          0          0          0          0        168   init_alloc.o
       312         46          0          0          0        112   initio.o
        18          0          0          0          0         76   isspace.o
        44         10        272          0          0         76   lc_ctype_c.o
        44         10         28          0          0         76   lc_numeric_c.o
         2          0          0          0          0          0   libinit.o
        46          0          0          0          0          0   libinit2.o
         6          0          0          0          0          0   libshutdown2.o
        38          0          0          0          0         68   llshl.o
       138          0          0          0          0         80   lludiv10.o
       238          0          0          0          0        100   lludivv7m.o
        16          6          0          0         42         68   locale.o
       424         10          0          0          0        188   locale_r.o
         0          0          0          0          0          0   maybetermalloc1.o
         8          0          0          0          0         76   memcpy.o
         0          0         16          0          0          0   null_locale.o
        16          4          0          0          0         76   rt_ctype_table.o
         8          4          0          0          4         68   rt_ddtor_pointer_addr.o
         8          4          0          0          4         68   rt_eh_globals_addr.o
         8          4          0          0          4         68   rt_errno_addr.o
         8          4          0          0          4         68   rt_heap_descriptor.o
         8          4          0          0         20         68   rt_locale.o
        68          0          0          0          0         68   rt_memclr.o
        78          0          0          0          0         80   rt_memclr_w.o
       138          0          0          0          0         68   rt_memcpy_v6.o
       100          0          0          0          0         80   rt_memcpy_w.o
       132          0          0          0          0         68   rt_memmove_v6.o
       122          0          0          0          0         80   rt_memmove_w.o
         8          4          0          0          4         68   rt_new_handler_addr.o
         0          0          0          0          0          0   rtentry.o
        12          0          0          0          0          0   rtentry2.o
         6          0          0          0          0          0   rtentry4.o
        44          8          0          0          0         84   scanf_char.o
      1188         12          0          0          0        148   scanf_fp.o
       788         12          0          0          0        100   scanf_hexfp.o
       316         18          0          0          0        100   scanf_infnan.o
        20          0          0          0          0         68   setbuf.o
        70          0          0          0          0         80   setvbuf.o
        44          6          0          0          0         84   sprintf.o
        60          8          0          0          0         84   sscanf.o
       240          6          0          0          0        156   stdio.o
         0          0          0         12        252          0   stdio_streams.o
        24          0          0          0          0         68   strcat.o
       128          0          0          0          0         68   strcmpv7m.o
        72          0          0          0          0         80   strcpy.o
        62          0          0          0          0         76   strlen.o
       150          0          0          0          0         80   strncmp.o
        22          0          0          0          0         68   strrchr.o
        12          4          0          0          0         68   sys_exit.o
        14          0          0          0          0         76   sys_wrch.o
         2          0          0          0          0         68   use_no_semi.o
        52          4          0          0          0         80   vsnprintf.o
        22          0          0          0          0         76   exit.c.lpc1768.arm.o
       120          0          0          0          0        204   gpio_api.c.lpc1768.arm.o
       528        144          0          0          0        300   gpio_irq_api.c.lpc1768.arm.o
       424        100          0          0          0        332   pinmap.c.lpc1768.arm.o
       332         62        180         28          0        284   pwmout_api.c.lpc1768.arm.o
        12          0          0          0          0         68   semihost_api.c.lpc1768.arm.o
       664        110        340          0          0        400   serial_api.c.lpc1768.arm.o
       148         16          0          0          0        240   timer_api.c.lpc1768.arm.o
        56         12          0          4          0         80   us_ticker_api.c.lpc1768.arm.o
       120          6          0          0          0         76   utils_api.c.lpc1768.arm.o
        98          8          0          0          0        216   wait_api.c.lpc1768.arm.o
      1768         68        620          8          0       1264   char.o
      1486         78          4         32          0       1764   locale.o
       452         30          0         12          0        712   messages.o
        36          0          0          0          0        144   rwalloc.o
       184         24          4          8          0        396   rwcats.o
      1016         70        756         23         24       1132   rwstdexcept.o
       152         94          0          0          0         72   rwthrowproc_impl_noex.o
         0          0          0          4          0          0   rwthrowproc_noex.o
         0          0          0          0         16          0   vendor.o
        28          0          0          0          0         84   ARM_vec_cleanup_noexceptions.o
        50          0          0          0          0         84   aeabi_atexit.o
        14          0          0          0          0         80   aeabi_vec_delete_noexceptions.o
        16          0          0          0          0         68   aeabi_vec_dtor_cookie.o
        34          0          0          0          0         84   aeabi_vec_dtor_noexceptions.o
        20          0          0          0          0         80   aeabi_vec_new_cookie.o
         4          0          0          0          0         72   arm_bad_typeid_noexceptions.o
        80         12          0          0          0        104   arm_exceptions_globs.o
        60          0          0          0          0        108   arm_exceptions_mem.o
        26          0          0          0          0         76   arm_exceptions_terminate.o
         4          0          0          0          0         68   arm_newhandler_noexceptions.o
         2          0          0          0          0         68   arm_rethrow_noexceptions.o
         8          0          0          0          0         76   array_del.o
         8          0          0          0          0         76   array_new.o
       146          0          0          0          0         96   array_new_general.o
        66          0          0          0          0         84   cxa_finalize.o
        16          0          0          0          0         68   cxa_guard_acquire.o
        24          6          0          0          0         84   cxa_vec_new.o
         8          0          0          0          0         76   delete.o
        12          6          0          0          0         68   exception_ctor.o
         0          0         20          0          0          0   exception_dtor.o
         0          0        193          0          0          0   lib_rtti_impl.o
        40          6          0          0          0         76   new.o
         6          0          0          0          0         68   pure_virt.o
      1264         44          0          0          0        716   rtti.o
         0          0         21          0          0          0   type_info_dtor.o
        32          0          0          0          0         80   type_info_eq.o
        98          4          0          0          0         92   d2f.o
        16          4          0          0          0         68   dcheck1.o
        24          0          0          0          0         68   dcmpi.o
       120          4          0          0          0         92   deqf.o
        94          4          0          0          0         92   dfix.o
       120          4          0          0          0         92   dleqf.o
       340         12          0          0          0        104   dmul.o
       156          4          0          0          0         92   dnaninf.o
        12          0          0          0          0         68   dretinf.o
       108          0          0          0          0         80   drleqf.o
        86          4          0          0          0         84   f2d.o
       430          8          0          0          0        168   faddsub_clz.o
        12          4          0          0          0         68   fcheck1.o
        24          0          0          0          0         68   fcmpi.o
       388         76          0          0          0         96   fdiv.o
        54          4          0          0          0         84   ffix.o
        86          0          0          0          0        136   fflt_clz.o
       104          4          0          0          0         84   fleqf.o
       258          4          0          0          0         84   fmul.o
       140          4          0          0          0         84   fnaninf.o
         0          0          8          0          0          0   fpconst.o
        10          0          0          0          0         68   fretinf.o
        98          0          0          0          0         68   frleqf.o
         4          0          0          0          0         68   printf1.o
         4          0          0          0          0         68   printf2.o
       100          0          0          0          0         68   retnan.o
        92          0          0          0          0         68   scalbn.o
        76          0          0          0          0         68   scalbnf.o
         4          0          0          0          0         68   scanf1.o
         8          0          0          0          0         84   scanf2.o
        48          0          0          0          0         68   trapv.o
         0          0          0          0          0          0   usenofp.o
        16          6          0          0          0         68   dunder.o
        40          0          0          0          0         68   fpclassify.o
        88          8          0          0          0         76   frexp.o
        10          0          0          0          0         68   funder.o
       148          0          0          0          0        160   ldexp.o
       152          4          0          0          0        160   narrow.o
        90          0          0          0          0         76   scalbnf.o
       312         46        124         20          0        396   Base.cpp.lpc1768.arm.o
        64          4         56          0          0        272   DigitalOut.cpp.lpc1768.arm.o
        42          0          0          0          0        180   FunctionPointer.cpp.lpc1768.arm.o
       400        110         57          0        192        452   InterruptIn.cpp.lpc1768.arm.o
        62          4         51          0          0        324   PwmOut.cpp.lpc1768.arm.o
       102          6        123          0          0        452   Serial.cpp.lpc1768.arm.o
       256         22        123          0          0        684   Stream.cpp.lpc1768.arm.o
       112          6         50          0          0        404   Timer.cpp.lpc1768.arm.o
       874         94        160          0         64        692   stdio.cpp.lpc1768.arm.o

    ----------------------------------------------------------------------
     32972       2034       3460        156        636      28316   Library Totals
        78          2          3          1          6          0   (incl. Padding)

    ----------------------------------------------------------------------

      Code (inc. data)   RO Data    RW Data    ZI Data      Debug   Library Name

     17426        682        567         16        334      10980   c_w.l
      2524        458        520         32          0       2276   capi.ar
      5094        364       1384         87         40       5484   cpp_ws.l
      1968         74        234          0          0       2544   cpprt_w.l
      3114        144          8          0          0       2500   fz_ws.l
       544         18          0          0          0        676   m_ws.l
      2224        292        744         20        256       3856   mbed.ar

    ----------------------------------------------------------------------
     32972       2034       3460        156        636      28316   Library Totals

    ----------------------------------------------------------------------

==============================================================================


      Code (inc. data)   RO Data    RW Data    ZI Data      Debug   

     40380       3308       3692       2508       5584     103580   Grand Totals
     40380       3308       3692        436       5584     103580   ELF Image Totals (compressed)
     40380       3308       3692        436          0          0   ROM Totals

==============================================================================

    Total RO  Size (Code + RO Data)                44072 (  43.04kB)
    Total RW  Size (RW Data + ZI Data)              8092 (   7.90kB)
    Total ROM Size (Code + RO Data + RW Data)      44508 (  43.46kB)

==============================================================================

