<html>
<body>
<pre>
<h1>µVision Build Log</h1>
<h2>Project:</h2>
S:\MRK-master\MRK-master\mRKv2.0\MRK.uvproj
Project File Date:  11/15/2013

<h2>Output:</h2>
Rebuild target 'mbed NXP LPC1768'
compiling nrk_cpu.cpp...
compiling nrk_status.cpp...
compiling nrk_timer.cpp...
mrk_uvision_lpc1768\mrk\NanoRk\src\kernel\hal\LPC1768\nrk_timer.cpp(177): warning:  #191-D: type qualifier is meaningless on cast type
mrk_uvision_lpc1768\mrk\NanoRk\src\kernel\hal\LPC1768\nrk_timer.cpp(298): warning:  #191-D: type qualifier is meaningless on cast type
compiling nrk_watchdog.cpp...
compiling nrk.cpp...
compiling nrk_error.cpp...
mrk_uvision_lpc1768\mrk\NanoRk\src\kernel\source\nrk_error.cpp(165): warning:  #177-D: variable "i" was declared but never referenced
compiling nrk_events.cpp...
mrk_uvision_lpc1768\mrk\NanoRk\src\kernel\source\nrk_events.cpp(279): warning:  #177-D: variable "task_ID" was declared but never referenced
compiling nrk_idle_task.cpp...
mrk_uvision_lpc1768\mrk\NanoRk\src\kernel\source\nrk_idle_task.cpp(39): warning:  #177-D: variable "stkc" was declared but never referenced
compiling nrk_reserve.cpp...
compiling nrk_scheduler.cpp...
compiling nrk_stack_check.cpp...
compiling nrk_stats.cpp...
compiling nrk_task.cpp...
mrk_uvision_lpc1768\mrk\NanoRk\src\kernel\source\nrk_task.cpp(230): warning:  #550-D: variable "rtype" was set but never used
mrk_uvision_lpc1768\mrk\NanoRk\src\kernel\source\nrk_task.cpp(524): warning:  #191-D: type qualifier is meaningless on cast type
compiling nrk_time.cpp...
compiling hal_wait.cpp...
compiling ulib.cpp...
mrk_uvision_lpc1768\mrk\NanoRk\src\platform\mbed\source\ulib.cpp(338): warning:  #9-D: nested comment is not allowed
mrk_uvision_lpc1768\mrk\NanoRk\src\platform\mbed\source\ulib.cpp(606): warning:  #111-D: statement is unreachable
mrk_uvision_lpc1768\mrk\NanoRk\src\platform\mbed\source\ulib.cpp(657): warning:  #940-D: missing return statement at end of non-void function "nrk_get_button"
mrk_uvision_lpc1768\mrk\NanoRk\src\platform\mbed\source\ulib.cpp(826): warning: C4017W: uClk may be used before being set
assembling my_asm.s...
mrk_uvision_lpc1768\mrk\my_asm.s(93): warning: A1581W: Added 2 bytes of padding at address 0x6a
compiling adc_driver.cpp...
mrk_uvision_lpc1768\mrk\NanoRk\src\drivers\platform\mbed\adc_driver.cpp(69): warning:  #68-D: integer conversion resulted in a change of sign
mrk_uvision_lpc1768\mrk\NanoRk\src\drivers\platform\mbed\adc_driver.cpp(73): warning:  #68-D: integer conversion resulted in a change of sign
mrk_uvision_lpc1768\mrk\NanoRk\src\drivers\platform\mbed\adc_driver.cpp(76): warning:  #68-D: integer conversion resulted in a change of sign
mrk_uvision_lpc1768\mrk\NanoRk\src\drivers\platform\mbed\adc_driver.cpp(96): warning:  #68-D: integer conversion resulted in a change of sign
mrk_uvision_lpc1768\mrk\NanoRk\src\drivers\platform\mbed\adc_driver.cpp(105): warning:  #68-D: integer conversion resulted in a change of sign
compiling ff_basic_sensor.cpp...
mrk_uvision_lpc1768\mrk\NanoRk\src\drivers\platform\mbed\ff_basic_sensor.cpp(68): warning:  #68-D: integer conversion resulted in a change of sign
mrk_uvision_lpc1768\mrk\NanoRk\src\drivers\platform\mbed\ff_basic_sensor.cpp(82): warning:  #68-D: integer conversion resulted in a change of sign
mrk_uvision_lpc1768\mrk\NanoRk\src\drivers\platform\mbed\ff_basic_sensor.cpp(86): warning:  #68-D: integer conversion resulted in a change of sign
mrk_uvision_lpc1768\mrk\NanoRk\src\drivers\platform\mbed\ff_basic_sensor.cpp(89): warning:  #68-D: integer conversion resulted in a change of sign
mrk_uvision_lpc1768\mrk\NanoRk\src\drivers\platform\mbed\ff_basic_sensor.cpp(170): warning:  #68-D: integer conversion resulted in a change of sign
mrk_uvision_lpc1768\mrk\NanoRk\src\drivers\platform\mbed\ff_basic_sensor.cpp(193): warning:  #68-D: integer conversion resulted in a change of sign
mrk_uvision_lpc1768\mrk\NanoRk\src\drivers\platform\mbed\ff_basic_sensor.cpp(209): warning:  #68-D: integer conversion resulted in a change of sign
mrk_uvision_lpc1768\mrk\NanoRk\src\drivers\platform\mbed\ff_basic_sensor.cpp(265): warning:  #1-D: last line of file ends without a newline
compiling nrk_driver.cpp...
mrk_uvision_lpc1768\mrk\NanoRk\src\kernel\source\nrk_driver.cpp(141): warning:  #186-D: pointless comparison of unsigned integer with zero
compiling bmac.cpp...
mrk_uvision_lpc1768\mrk\NanoRk\src\net\bmac\bmac.cpp(462): warning:  #550-D: variable "result" was set but never used
mrk_uvision_lpc1768\mrk\NanoRk\src\net\bmac\bmac.cpp(503): warning:  #177-D: variable "result" was declared but never referenced
mrk_uvision_lpc1768\mrk\NanoRk\src\net\bmac\bmac.cpp(555): warning:  #550-D: variable "e" was set but never used
mrk_uvision_lpc1768\mrk\NanoRk\src\net\bmac\bmac.cpp(556): warning:  #177-D: variable "backoff" was declared but never referenced
mrk_uvision_lpc1768\mrk\NanoRk\src\net\bmac\bmac.cpp(804): warning:  #1-D: last line of file ends without a newline
mrk_uvision_lpc1768\mrk\NanoRk\src\net\bmac\bmac.cpp(66): warning:  #550-D: variable "g_chan" was set but never used
mrk_uvision_lpc1768\mrk\NanoRk\src\net\bmac\bmac.cpp(72): warning:  #550-D: variable "tx_reserve" was set but never used
compiling basic_rf.cpp...
mrk_uvision_lpc1768\mrk\NanoRk\src\radio\mrf24j40\source\basic_rf.cpp(336): warning:  #61-D: integer operation result is out of range
mrk_uvision_lpc1768\mrk\NanoRk\src\radio\mrf24j40\source\basic_rf.cpp(336): warning:  #68-D: integer conversion resulted in a change of sign
compiling MRF24J40.cpp...
compiling main.cpp...
S:\Piano Project\wand side code\main.cpp(116): warning:  #550-D: variable "val" was set but never used
S:\Piano Project\wand side code\main.cpp(117): warning:  #550-D: variable "local_rx_buf" was set but never used
S:\Piano Project\wand side code\main.cpp(118): warning:  #177-D: variable "check_period" was declared but never referenced
S:\Piano Project\wand side code\main.cpp(182): warning:  #177-D: variable "j" was declared but never referenced
S:\Piano Project\wand side code\main.cpp(182): warning:  #177-D: variable "i" was declared but never referenced
S:\Piano Project\wand side code\main.cpp(182): warning:  #177-D: variable "len" was declared but never referenced
S:\Piano Project\wand side code\main.cpp(183): warning:  #177-D: variable "v" was declared but never referenced
S:\Piano Project\wand side code\main.cpp(185): warning:  #177-D: variable "ret" was declared but never referenced
S:\Piano Project\wand side code\main.cpp(186): warning:  #177-D: variable "r_period" was declared but never referenced
S:\Piano Project\wand side code\main.cpp(330): warning:  #1-D: last line of file ends without a newline
linking...
Program Size: Code=32764 RO-data=1772 RW-data=368 ZI-data=3632  
After Build - User command #1: fromelf --bin -o E:\WAND.bin .\build\WAND.axf
".\build\WAND.axf" - 0 Errors, 45 Warning(s).
Build target 'mbed NXP LPC1768'
compiling main.cpp...
S:\Piano Project\wand side code\main.cpp(149): warning:  #550-D: variable "val" was set but never used
S:\Piano Project\wand side code\main.cpp(150): warning:  #550-D: variable "local_rx_buf" was set but never used
S:\Piano Project\wand side code\main.cpp(151): warning:  #177-D: variable "check_period" was declared but never referenced
S:\Piano Project\wand side code\main.cpp(215): warning:  #177-D: variable "j" was declared but never referenced
S:\Piano Project\wand side code\main.cpp(215): warning:  #177-D: variable "i" was declared but never referenced
S:\Piano Project\wand side code\main.cpp(215): warning:  #177-D: variable "len" was declared but never referenced
S:\Piano Project\wand side code\main.cpp(216): warning:  #177-D: variable "v" was declared but never referenced
S:\Piano Project\wand side code\main.cpp(218): warning:  #177-D: variable "ret" was declared but never referenced
S:\Piano Project\wand side code\main.cpp(219): warning:  #177-D: variable "r_period" was declared but never referenced
S:\Piano Project\wand side code\main.cpp(363): warning:  #1-D: last line of file ends without a newline
linking...
Program Size: Code=32896 RO-data=1772 RW-data=372 ZI-data=3632  
After Build - User command #1: fromelf --bin -o E:\WAND.bin .\build\WAND.axf
".\build\WAND.axf" - 0 Errors, 10 Warning(s).
Build target 'mbed NXP LPC1768'
compiling main.cpp...
S:\Piano Project\wand side code\main.cpp(149): warning:  #550-D: variable "val" was set but never used
S:\Piano Project\wand side code\main.cpp(150): warning:  #550-D: variable "local_rx_buf" was set but never used
S:\Piano Project\wand side code\main.cpp(151): warning:  #177-D: variable "check_period" was declared but never referenced
S:\Piano Project\wand side code\main.cpp(215): warning:  #177-D: variable "j" was declared but never referenced
S:\Piano Project\wand side code\main.cpp(215): warning:  #177-D: variable "i" was declared but never referenced
S:\Piano Project\wand side code\main.cpp(215): warning:  #177-D: variable "len" was declared but never referenced
S:\Piano Project\wand side code\main.cpp(216): warning:  #177-D: variable "v" was declared but never referenced
S:\Piano Project\wand side code\main.cpp(218): warning:  #177-D: variable "ret" was declared but never referenced
S:\Piano Project\wand side code\main.cpp(219): warning:  #177-D: variable "r_period" was declared but never referenced
S:\Piano Project\wand side code\main.cpp(365): warning:  #1-D: last line of file ends without a newline
linking...
Program Size: Code=32924 RO-data=1772 RW-data=372 ZI-data=3632  
After Build - User command #1: fromelf --bin -o E:\WAND.bin .\build\WAND.axf
".\build\WAND.axf" - 0 Errors, 10 Warning(s).
Rebuild target 'mbed NXP LPC1768'
compiling nrk_cpu.cpp...
compiling nrk_status.cpp...
compiling nrk_timer.cpp...
mrk_uvision_lpc1768\mrk\NanoRk\src\kernel\hal\LPC1768\nrk_timer.cpp(177): warning:  #191-D: type qualifier is meaningless on cast type
mrk_uvision_lpc1768\mrk\NanoRk\src\kernel\hal\LPC1768\nrk_timer.cpp(298): warning:  #191-D: type qualifier is meaningless on cast type
compiling nrk_watchdog.cpp...
compiling nrk.cpp...
compiling nrk_error.cpp...
mrk_uvision_lpc1768\mrk\NanoRk\src\kernel\source\nrk_error.cpp(165): warning:  #177-D: variable "i" was declared but never referenced
compiling nrk_events.cpp...
mrk_uvision_lpc1768\mrk\NanoRk\src\kernel\source\nrk_events.cpp(279): warning:  #177-D: variable "task_ID" was declared but never referenced
compiling nrk_idle_task.cpp...
mrk_uvision_lpc1768\mrk\NanoRk\src\kernel\source\nrk_idle_task.cpp(39): warning:  #177-D: variable "stkc" was declared but never referenced
compiling nrk_reserve.cpp...
compiling nrk_scheduler.cpp...
compiling nrk_stack_check.cpp...
compiling nrk_stats.cpp...
compiling nrk_task.cpp...
mrk_uvision_lpc1768\mrk\NanoRk\src\kernel\source\nrk_task.cpp(230): warning:  #550-D: variable "rtype" was set but never used
mrk_uvision_lpc1768\mrk\NanoRk\src\kernel\source\nrk_task.cpp(524): warning:  #191-D: type qualifier is meaningless on cast type
compiling nrk_time.cpp...
compiling hal_wait.cpp...
compiling ulib.cpp...
mrk_uvision_lpc1768\mrk\NanoRk\src\platform\mbed\source\ulib.cpp(338): warning:  #9-D: nested comment is not allowed
mrk_uvision_lpc1768\mrk\NanoRk\src\platform\mbed\source\ulib.cpp(606): warning:  #111-D: statement is unreachable
mrk_uvision_lpc1768\mrk\NanoRk\src\platform\mbed\source\ulib.cpp(657): warning:  #940-D: missing return statement at end of non-void function "nrk_get_button"
mrk_uvision_lpc1768\mrk\NanoRk\src\platform\mbed\source\ulib.cpp(826): warning: C4017W: uClk may be used before being set
assembling my_asm.s...
mrk_uvision_lpc1768\mrk\my_asm.s(93): warning: A1581W: Added 2 bytes of padding at address 0x6a
compiling adc_driver.cpp...
mrk_uvision_lpc1768\mrk\NanoRk\src\drivers\platform\mbed\adc_driver.cpp(69): warning:  #68-D: integer conversion resulted in a change of sign
mrk_uvision_lpc1768\mrk\NanoRk\src\drivers\platform\mbed\adc_driver.cpp(73): warning:  #68-D: integer conversion resulted in a change of sign
mrk_uvision_lpc1768\mrk\NanoRk\src\drivers\platform\mbed\adc_driver.cpp(76): warning:  #68-D: integer conversion resulted in a change of sign
mrk_uvision_lpc1768\mrk\NanoRk\src\drivers\platform\mbed\adc_driver.cpp(96): warning:  #68-D: integer conversion resulted in a change of sign
mrk_uvision_lpc1768\mrk\NanoRk\src\drivers\platform\mbed\adc_driver.cpp(105): warning:  #68-D: integer conversion resulted in a change of sign
compiling ff_basic_sensor.cpp...
mrk_uvision_lpc1768\mrk\NanoRk\src\drivers\platform\mbed\ff_basic_sensor.cpp(68): warning:  #68-D: integer conversion resulted in a change of sign
mrk_uvision_lpc1768\mrk\NanoRk\src\drivers\platform\mbed\ff_basic_sensor.cpp(82): warning:  #68-D: integer conversion resulted in a change of sign
mrk_uvision_lpc1768\mrk\NanoRk\src\drivers\platform\mbed\ff_basic_sensor.cpp(86): warning:  #68-D: integer conversion resulted in a change of sign
mrk_uvision_lpc1768\mrk\NanoRk\src\drivers\platform\mbed\ff_basic_sensor.cpp(89): warning:  #68-D: integer conversion resulted in a change of sign
mrk_uvision_lpc1768\mrk\NanoRk\src\drivers\platform\mbed\ff_basic_sensor.cpp(170): warning:  #68-D: integer conversion resulted in a change of sign
mrk_uvision_lpc1768\mrk\NanoRk\src\drivers\platform\mbed\ff_basic_sensor.cpp(193): warning:  #68-D: integer conversion resulted in a change of sign
mrk_uvision_lpc1768\mrk\NanoRk\src\drivers\platform\mbed\ff_basic_sensor.cpp(209): warning:  #68-D: integer conversion resulted in a change of sign
mrk_uvision_lpc1768\mrk\NanoRk\src\drivers\platform\mbed\ff_basic_sensor.cpp(265): warning:  #1-D: last line of file ends without a newline
compiling nrk_driver.cpp...
mrk_uvision_lpc1768\mrk\NanoRk\src\kernel\source\nrk_driver.cpp(141): warning:  #186-D: pointless comparison of unsigned integer with zero
compiling bmac.cpp...
mrk_uvision_lpc1768\mrk\NanoRk\src\net\bmac\bmac.cpp(462): warning:  #550-D: variable "result" was set but never used
mrk_uvision_lpc1768\mrk\NanoRk\src\net\bmac\bmac.cpp(503): warning:  #177-D: variable "result" was declared but never referenced
mrk_uvision_lpc1768\mrk\NanoRk\src\net\bmac\bmac.cpp(555): warning:  #550-D: variable "e" was set but never used
mrk_uvision_lpc1768\mrk\NanoRk\src\net\bmac\bmac.cpp(556): warning:  #177-D: variable "backoff" was declared but never referenced
mrk_uvision_lpc1768\mrk\NanoRk\src\net\bmac\bmac.cpp(804): warning:  #1-D: last line of file ends without a newline
mrk_uvision_lpc1768\mrk\NanoRk\src\net\bmac\bmac.cpp(66): warning:  #550-D: variable "g_chan" was set but never used
mrk_uvision_lpc1768\mrk\NanoRk\src\net\bmac\bmac.cpp(72): warning:  #550-D: variable "tx_reserve" was set but never used
compiling basic_rf.cpp...
mrk_uvision_lpc1768\mrk\NanoRk\src\radio\mrf24j40\source\basic_rf.cpp(336): warning:  #61-D: integer operation result is out of range
mrk_uvision_lpc1768\mrk\NanoRk\src\radio\mrf24j40\source\basic_rf.cpp(336): warning:  #68-D: integer conversion resulted in a change of sign
compiling MRF24J40.cpp...
compiling main.cpp...
S:\Piano Project\task code version 7\main.cpp(183): warning:  #550-D: variable "currentTime" was set but never used
S:\Piano Project\task code version 7\main.cpp(506): warning:  #177-D: variable "i" was declared but never referenced
S:\Piano Project\task code version 7\main.cpp(507): warning:  #550-D: variable "val" was set but never used
S:\Piano Project\task code version 7\main.cpp(508): warning:  #550-D: variable "local_rx_buf" was set but never used
S:\Piano Project\task code version 7\main.cpp(509): warning:  #177-D: variable "check_period" was declared but never referenced
S:\Piano Project\task code version 7\main.cpp(570): warning:  #177-D: variable "j" was declared but never referenced
S:\Piano Project\task code version 7\main.cpp(570): warning:  #177-D: variable "i" was declared but never referenced
S:\Piano Project\task code version 7\main.cpp(570): warning:  #177-D: variable "len" was declared but never referenced
S:\Piano Project\task code version 7\main.cpp(571): warning:  #177-D: variable "v" was declared but never referenced
S:\Piano Project\task code version 7\main.cpp(573): warning:  #177-D: variable "ret" was declared but never referenced
S:\Piano Project\task code version 7\main.cpp(574): warning:  #177-D: variable "r_period" was declared but never referenced
S:\Piano Project\task code version 7\main.cpp(758): warning:  #1-D: last line of file ends without a newline
linking...
Program Size: Code=32876 RO-data=1916 RW-data=704 ZI-data=5268  
After Build - User command #1: fromelf --bin -o E:\PIANO.bin .\build\PIANO.axf
".\build\PIANO.axf" - 0 Errors, 47 Warning(s).
Build target 'mbed NXP LPC1768'
compiling main.cpp...
S:\Piano Project\task code version 7\main.cpp(183): warning:  #550-D: variable "currentTime" was set but never used
S:\Piano Project\task code version 7\main.cpp(506): warning:  #177-D: variable "i" was declared but never referenced
S:\Piano Project\task code version 7\main.cpp(507): warning:  #550-D: variable "val" was set but never used
S:\Piano Project\task code version 7\main.cpp(508): warning:  #550-D: variable "local_rx_buf" was set but never used
S:\Piano Project\task code version 7\main.cpp(509): warning:  #177-D: variable "check_period" was declared but never referenced
S:\Piano Project\task code version 7\main.cpp(596): warning:  #177-D: variable "j" was declared but never referenced
S:\Piano Project\task code version 7\main.cpp(596): warning:  #177-D: variable "i" was declared but never referenced
S:\Piano Project\task code version 7\main.cpp(596): warning:  #177-D: variable "len" was declared but never referenced
S:\Piano Project\task code version 7\main.cpp(597): warning:  #177-D: variable "v" was declared but never referenced
S:\Piano Project\task code version 7\main.cpp(599): warning:  #177-D: variable "ret" was declared but never referenced
S:\Piano Project\task code version 7\main.cpp(600): warning:  #177-D: variable "r_period" was declared but never referenced
S:\Piano Project\task code version 7\main.cpp(784): warning:  #1-D: last line of file ends without a newline
linking...
Program Size: Code=33032 RO-data=1916 RW-data=704 ZI-data=5268  
After Build - User command #1: fromelf --bin -o E:\PIANO.bin .\build\PIANO.axf
".\build\PIANO.axf" - 0 Errors, 12 Warning(s).
Build target 'mbed NXP LPC1768'
compiling main.cpp...
S:\Piano Project\task code version 7\main.cpp(183): warning:  #550-D: variable "currentTime" was set but never used
S:\Piano Project\task code version 7\main.cpp(506): warning:  #177-D: variable "i" was declared but never referenced
S:\Piano Project\task code version 7\main.cpp(507): warning:  #550-D: variable "val" was set but never used
S:\Piano Project\task code version 7\main.cpp(508): warning:  #550-D: variable "local_rx_buf" was set but never used
S:\Piano Project\task code version 7\main.cpp(509): warning:  #177-D: variable "check_period" was declared but never referenced
S:\Piano Project\task code version 7\main.cpp(596): warning:  #177-D: variable "j" was declared but never referenced
S:\Piano Project\task code version 7\main.cpp(596): warning:  #177-D: variable "i" was declared but never referenced
S:\Piano Project\task code version 7\main.cpp(596): warning:  #177-D: variable "len" was declared but never referenced
S:\Piano Project\task code version 7\main.cpp(597): warning:  #177-D: variable "v" was declared but never referenced
S:\Piano Project\task code version 7\main.cpp(599): warning:  #177-D: variable "ret" was declared but never referenced
S:\Piano Project\task code version 7\main.cpp(600): warning:  #177-D: variable "r_period" was declared but never referenced
S:\Piano Project\task code version 7\main.cpp(784): warning:  #1-D: last line of file ends without a newline
linking...
Program Size: Code=33032 RO-data=1916 RW-data=704 ZI-data=5268  
After Build - User command #1: fromelf --bin -o E:\PIANO.bin .\build\PIANO.axf
".\build\PIANO.axf" - 0 Errors, 12 Warning(s).
Build target 'mbed NXP LPC1768'
compiling main.cpp...
S:\Piano Project\task code version 7\main.cpp(183): warning:  #550-D: variable "currentTime" was set but never used
S:\Piano Project\task code version 7\main.cpp(506): warning:  #177-D: variable "i" was declared but never referenced
S:\Piano Project\task code version 7\main.cpp(507): warning:  #550-D: variable "val" was set but never used
S:\Piano Project\task code version 7\main.cpp(508): warning:  #550-D: variable "local_rx_buf" was set but never used
S:\Piano Project\task code version 7\main.cpp(509): warning:  #177-D: variable "check_period" was declared but never referenced
S:\Piano Project\task code version 7\main.cpp(596): warning:  #177-D: variable "j" was declared but never referenced
S:\Piano Project\task code version 7\main.cpp(596): warning:  #177-D: variable "i" was declared but never referenced
S:\Piano Project\task code version 7\main.cpp(596): warning:  #177-D: variable "len" was declared but never referenced
S:\Piano Project\task code version 7\main.cpp(597): warning:  #177-D: variable "v" was declared but never referenced
S:\Piano Project\task code version 7\main.cpp(599): warning:  #177-D: variable "ret" was declared but never referenced
S:\Piano Project\task code version 7\main.cpp(600): warning:  #177-D: variable "r_period" was declared but never referenced
S:\Piano Project\task code version 7\main.cpp(784): warning:  #1-D: last line of file ends without a newline
linking...
Program Size: Code=33040 RO-data=1916 RW-data=704 ZI-data=5268  
After Build - User command #1: fromelf --bin -o E:\PIANO.bin .\build\PIANO.axf
".\build\PIANO.axf" - 0 Errors, 12 Warning(s).
Build target 'mbed NXP LPC1768'
compiling main.cpp...
S:\Piano Project\wand side code\main.cpp(149): warning:  #550-D: variable "val" was set but never used
S:\Piano Project\wand side code\main.cpp(150): warning:  #550-D: variable "local_rx_buf" was set but never used
S:\Piano Project\wand side code\main.cpp(151): warning:  #177-D: variable "check_period" was declared but never referenced
S:\Piano Project\wand side code\main.cpp(215): warning:  #177-D: variable "j" was declared but never referenced
S:\Piano Project\wand side code\main.cpp(215): warning:  #177-D: variable "i" was declared but never referenced
S:\Piano Project\wand side code\main.cpp(215): warning:  #177-D: variable "len" was declared but never referenced
S:\Piano Project\wand side code\main.cpp(216): warning:  #177-D: variable "v" was declared but never referenced
S:\Piano Project\wand side code\main.cpp(218): warning:  #177-D: variable "ret" was declared but never referenced
S:\Piano Project\wand side code\main.cpp(219): warning:  #177-D: variable "r_period" was declared but never referenced
S:\Piano Project\wand side code\main.cpp(365): warning:  #1-D: last line of file ends without a newline
linking...
Program Size: Code=32928 RO-data=1772 RW-data=372 ZI-data=3632  
After Build - User command #1: fromelf --bin -o E:\PIANO.bin .\build\PIANO.axf
Error: Q0108E: Could not create output file 'E:\PIANO.bin': No such file or directory
Finished: 0 information, 0 warning and 1 error messages.
".\build\PIANO.axf" - 0 Errors, 10 Warning(s).
Rebuild target 'mbed NXP LPC1768'
compiling nrk_cpu.cpp...
compiling nrk_status.cpp...
compiling nrk_timer.cpp...
mrk_uvision_lpc1768\mrk\NanoRk\src\kernel\hal\LPC1768\nrk_timer.cpp(177): warning:  #191-D: type qualifier is meaningless on cast type
mrk_uvision_lpc1768\mrk\NanoRk\src\kernel\hal\LPC1768\nrk_timer.cpp(298): warning:  #191-D: type qualifier is meaningless on cast type
compiling nrk_watchdog.cpp...
compiling nrk.cpp...
compiling nrk_error.cpp...
mrk_uvision_lpc1768\mrk\NanoRk\src\kernel\source\nrk_error.cpp(165): warning:  #177-D: variable "i" was declared but never referenced
compiling nrk_events.cpp...
mrk_uvision_lpc1768\mrk\NanoRk\src\kernel\source\nrk_events.cpp(279): warning:  #177-D: variable "task_ID" was declared but never referenced
compiling nrk_idle_task.cpp...
mrk_uvision_lpc1768\mrk\NanoRk\src\kernel\source\nrk_idle_task.cpp(39): warning:  #177-D: variable "stkc" was declared but never referenced
compiling nrk_reserve.cpp...
compiling nrk_scheduler.cpp...
compiling nrk_stack_check.cpp...
compiling nrk_stats.cpp...
compiling nrk_task.cpp...
mrk_uvision_lpc1768\mrk\NanoRk\src\kernel\source\nrk_task.cpp(230): warning:  #550-D: variable "rtype" was set but never used
mrk_uvision_lpc1768\mrk\NanoRk\src\kernel\source\nrk_task.cpp(524): warning:  #191-D: type qualifier is meaningless on cast type
compiling nrk_time.cpp...
compiling hal_wait.cpp...
compiling ulib.cpp...
mrk_uvision_lpc1768\mrk\NanoRk\src\platform\mbed\source\ulib.cpp(338): warning:  #9-D: nested comment is not allowed
mrk_uvision_lpc1768\mrk\NanoRk\src\platform\mbed\source\ulib.cpp(606): warning:  #111-D: statement is unreachable
mrk_uvision_lpc1768\mrk\NanoRk\src\platform\mbed\source\ulib.cpp(657): warning:  #940-D: missing return statement at end of non-void function "nrk_get_button"
mrk_uvision_lpc1768\mrk\NanoRk\src\platform\mbed\source\ulib.cpp(826): warning: C4017W: uClk may be used before being set
assembling my_asm.s...
mrk_uvision_lpc1768\mrk\my_asm.s(93): warning: A1581W: Added 2 bytes of padding at address 0x6a
compiling adc_driver.cpp...
mrk_uvision_lpc1768\mrk\NanoRk\src\drivers\platform\mbed\adc_driver.cpp(69): warning:  #68-D: integer conversion resulted in a change of sign
mrk_uvision_lpc1768\mrk\NanoRk\src\drivers\platform\mbed\adc_driver.cpp(73): warning:  #68-D: integer conversion resulted in a change of sign
mrk_uvision_lpc1768\mrk\NanoRk\src\drivers\platform\mbed\adc_driver.cpp(76): warning:  #68-D: integer conversion resulted in a change of sign
mrk_uvision_lpc1768\mrk\NanoRk\src\drivers\platform\mbed\adc_driver.cpp(96): warning:  #68-D: integer conversion resulted in a change of sign
mrk_uvision_lpc1768\mrk\NanoRk\src\drivers\platform\mbed\adc_driver.cpp(105): warning:  #68-D: integer conversion resulted in a change of sign
compiling ff_basic_sensor.cpp...
mrk_uvision_lpc1768\mrk\NanoRk\src\drivers\platform\mbed\ff_basic_sensor.cpp(68): warning:  #68-D: integer conversion resulted in a change of sign
mrk_uvision_lpc1768\mrk\NanoRk\src\drivers\platform\mbed\ff_basic_sensor.cpp(82): warning:  #68-D: integer conversion resulted in a change of sign
mrk_uvision_lpc1768\mrk\NanoRk\src\drivers\platform\mbed\ff_basic_sensor.cpp(86): warning:  #68-D: integer conversion resulted in a change of sign
mrk_uvision_lpc1768\mrk\NanoRk\src\drivers\platform\mbed\ff_basic_sensor.cpp(89): warning:  #68-D: integer conversion resulted in a change of sign
mrk_uvision_lpc1768\mrk\NanoRk\src\drivers\platform\mbed\ff_basic_sensor.cpp(170): warning:  #68-D: integer conversion resulted in a change of sign
mrk_uvision_lpc1768\mrk\NanoRk\src\drivers\platform\mbed\ff_basic_sensor.cpp(193): warning:  #68-D: integer conversion resulted in a change of sign
mrk_uvision_lpc1768\mrk\NanoRk\src\drivers\platform\mbed\ff_basic_sensor.cpp(209): warning:  #68-D: integer conversion resulted in a change of sign
mrk_uvision_lpc1768\mrk\NanoRk\src\drivers\platform\mbed\ff_basic_sensor.cpp(265): warning:  #1-D: last line of file ends without a newline
compiling nrk_driver.cpp...
mrk_uvision_lpc1768\mrk\NanoRk\src\kernel\source\nrk_driver.cpp(141): warning:  #186-D: pointless comparison of unsigned integer with zero
compiling bmac.cpp...
mrk_uvision_lpc1768\mrk\NanoRk\src\net\bmac\bmac.cpp(462): warning:  #550-D: variable "result" was set but never used
mrk_uvision_lpc1768\mrk\NanoRk\src\net\bmac\bmac.cpp(503): warning:  #177-D: variable "result" was declared but never referenced
mrk_uvision_lpc1768\mrk\NanoRk\src\net\bmac\bmac.cpp(555): warning:  #550-D: variable "e" was set but never used
mrk_uvision_lpc1768\mrk\NanoRk\src\net\bmac\bmac.cpp(556): warning:  #177-D: variable "backoff" was declared but never referenced
mrk_uvision_lpc1768\mrk\NanoRk\src\net\bmac\bmac.cpp(804): warning:  #1-D: last line of file ends without a newline
mrk_uvision_lpc1768\mrk\NanoRk\src\net\bmac\bmac.cpp(66): warning:  #550-D: variable "g_chan" was set but never used
mrk_uvision_lpc1768\mrk\NanoRk\src\net\bmac\bmac.cpp(72): warning:  #550-D: variable "tx_reserve" was set but never used
compiling basic_rf.cpp...
mrk_uvision_lpc1768\mrk\NanoRk\src\radio\mrf24j40\source\basic_rf.cpp(336): warning:  #61-D: integer operation result is out of range
mrk_uvision_lpc1768\mrk\NanoRk\src\radio\mrf24j40\source\basic_rf.cpp(336): warning:  #68-D: integer conversion resulted in a change of sign
compiling MRF24J40.cpp...
compiling main.cpp...
S:\Piano Project\wand side code\main.cpp(149): warning:  #550-D: variable "val" was set but never used
S:\Piano Project\wand side code\main.cpp(150): warning:  #550-D: variable "local_rx_buf" was set but never used
S:\Piano Project\wand side code\main.cpp(151): warning:  #177-D: variable "check_period" was declared but never referenced
S:\Piano Project\wand side code\main.cpp(215): warning:  #177-D: variable "j" was declared but never referenced
S:\Piano Project\wand side code\main.cpp(215): warning:  #177-D: variable "i" was declared but never referenced
S:\Piano Project\wand side code\main.cpp(215): warning:  #177-D: variable "len" was declared but never referenced
S:\Piano Project\wand side code\main.cpp(216): warning:  #177-D: variable "v" was declared but never referenced
S:\Piano Project\wand side code\main.cpp(218): warning:  #177-D: variable "ret" was declared but never referenced
S:\Piano Project\wand side code\main.cpp(219): warning:  #177-D: variable "r_period" was declared but never referenced
S:\Piano Project\wand side code\main.cpp(365): warning:  #1-D: last line of file ends without a newline
linking...
Program Size: Code=32928 RO-data=1772 RW-data=372 ZI-data=3632  
After Build - User command #1: fromelf --bin -o F:\WAND.bin .\build\WAND.axf
".\build\WAND.axf" - 0 Errors, 45 Warning(s).
Build target 'mbed NXP LPC1768'
compiling main.cpp...
S:\Piano Project\task code version 8\main.cpp(183): warning:  #550-D: variable "currentTime" was set but never used
S:\Piano Project\task code version 8\main.cpp(585): error:  #20: identifier "u" is undefined
S:\Piano Project\task code version 8\main.cpp(587): error:  #65: expected a ";"
S:\Piano Project\task code version 8\main.cpp(506): warning:  #177-D: variable "i" was declared but never referenced
S:\Piano Project\task code version 8\main.cpp(507): warning:  #550-D: variable "val" was set but never used
S:\Piano Project\task code version 8\main.cpp(508): warning:  #550-D: variable "local_rx_buf" was set but never used
S:\Piano Project\task code version 8\main.cpp(509): warning:  #177-D: variable "check_period" was declared but never referenced
S:\Piano Project\task code version 8\main.cpp(596): warning:  #177-D: variable "j" was declared but never referenced
S:\Piano Project\task code version 8\main.cpp(596): warning:  #177-D: variable "i" was declared but never referenced
S:\Piano Project\task code version 8\main.cpp(596): warning:  #177-D: variable "len" was declared but never referenced
S:\Piano Project\task code version 8\main.cpp(597): warning:  #177-D: variable "v" was declared but never referenced
S:\Piano Project\task code version 8\main.cpp(599): warning:  #177-D: variable "ret" was declared but never referenced
S:\Piano Project\task code version 8\main.cpp(600): warning:  #177-D: variable "r_period" was declared but never referenced
S:\Piano Project\task code version 8\main.cpp(784): warning:  #1-D: last line of file ends without a newline
".\build\PIANO.axf" - 2 Errors, 12 Warning(s).
Target not created
Build target 'mbed NXP LPC1768'
compiling main.cpp...
S:\Piano Project\task code version 8\main.cpp(183): warning:  #550-D: variable "currentTime" was set but never used
S:\Piano Project\task code version 8\main.cpp(506): warning:  #177-D: variable "i" was declared but never referenced
S:\Piano Project\task code version 8\main.cpp(507): warning:  #550-D: variable "val" was set but never used
S:\Piano Project\task code version 8\main.cpp(508): warning:  #550-D: variable "local_rx_buf" was set but never used
S:\Piano Project\task code version 8\main.cpp(509): warning:  #177-D: variable "check_period" was declared but never referenced
S:\Piano Project\task code version 8\main.cpp(596): warning:  #177-D: variable "j" was declared but never referenced
S:\Piano Project\task code version 8\main.cpp(596): warning:  #177-D: variable "i" was declared but never referenced
S:\Piano Project\task code version 8\main.cpp(596): warning:  #177-D: variable "len" was declared but never referenced
S:\Piano Project\task code version 8\main.cpp(597): warning:  #177-D: variable "v" was declared but never referenced
S:\Piano Project\task code version 8\main.cpp(599): warning:  #177-D: variable "ret" was declared but never referenced
S:\Piano Project\task code version 8\main.cpp(600): warning:  #177-D: variable "r_period" was declared but never referenced
S:\Piano Project\task code version 8\main.cpp(784): warning:  #1-D: last line of file ends without a newline
linking...
Program Size: Code=33040 RO-data=1916 RW-data=704 ZI-data=5268  
After Build - User command #1: fromelf --bin -o E:\PIANO.bin .\build\PIANO.axf
".\build\PIANO.axf" - 0 Errors, 12 Warning(s).
Rebuild target 'mbed NXP LPC1768'
compiling nrk_cpu.cpp...
compiling nrk_status.cpp...
compiling nrk_timer.cpp...
mrk_uvision_lpc1768\mrk\NanoRk\src\kernel\hal\LPC1768\nrk_timer.cpp(177): warning:  #191-D: type qualifier is meaningless on cast type
mrk_uvision_lpc1768\mrk\NanoRk\src\kernel\hal\LPC1768\nrk_timer.cpp(298): warning:  #191-D: type qualifier is meaningless on cast type
compiling nrk_watchdog.cpp...
compiling nrk.cpp...
compiling nrk_error.cpp...
mrk_uvision_lpc1768\mrk\NanoRk\src\kernel\source\nrk_error.cpp(165): warning:  #177-D: variable "i" was declared but never referenced
compiling nrk_events.cpp...
mrk_uvision_lpc1768\mrk\NanoRk\src\kernel\source\nrk_events.cpp(279): warning:  #177-D: variable "task_ID" was declared but never referenced
compiling nrk_idle_task.cpp...
mrk_uvision_lpc1768\mrk\NanoRk\src\kernel\source\nrk_idle_task.cpp(39): warning:  #177-D: variable "stkc" was declared but never referenced
compiling nrk_reserve.cpp...
compiling nrk_scheduler.cpp...
compiling nrk_stack_check.cpp...
compiling nrk_stats.cpp...
compiling nrk_task.cpp...
mrk_uvision_lpc1768\mrk\NanoRk\src\kernel\source\nrk_task.cpp(230): warning:  #550-D: variable "rtype" was set but never used
mrk_uvision_lpc1768\mrk\NanoRk\src\kernel\source\nrk_task.cpp(524): warning:  #191-D: type qualifier is meaningless on cast type
compiling nrk_time.cpp...
compiling hal_wait.cpp...
compiling ulib.cpp...
mrk_uvision_lpc1768\mrk\NanoRk\src\platform\mbed\source\ulib.cpp(338): warning:  #9-D: nested comment is not allowed
mrk_uvision_lpc1768\mrk\NanoRk\src\platform\mbed\source\ulib.cpp(606): warning:  #111-D: statement is unreachable
mrk_uvision_lpc1768\mrk\NanoRk\src\platform\mbed\source\ulib.cpp(657): warning:  #940-D: missing return statement at end of non-void function "nrk_get_button"
mrk_uvision_lpc1768\mrk\NanoRk\src\platform\mbed\source\ulib.cpp(826): warning: C4017W: uClk may be used before being set
assembling my_asm.s...
mrk_uvision_lpc1768\mrk\my_asm.s(93): warning: A1581W: Added 2 bytes of padding at address 0x6a
compiling adc_driver.cpp...
mrk_uvision_lpc1768\mrk\NanoRk\src\drivers\platform\mbed\adc_driver.cpp(69): warning:  #68-D: integer conversion resulted in a change of sign
mrk_uvision_lpc1768\mrk\NanoRk\src\drivers\platform\mbed\adc_driver.cpp(73): warning:  #68-D: integer conversion resulted in a change of sign
mrk_uvision_lpc1768\mrk\NanoRk\src\drivers\platform\mbed\adc_driver.cpp(76): warning:  #68-D: integer conversion resulted in a change of sign
mrk_uvision_lpc1768\mrk\NanoRk\src\drivers\platform\mbed\adc_driver.cpp(96): warning:  #68-D: integer conversion resulted in a change of sign
mrk_uvision_lpc1768\mrk\NanoRk\src\drivers\platform\mbed\adc_driver.cpp(105): warning:  #68-D: integer conversion resulted in a change of sign
compiling ff_basic_sensor.cpp...
mrk_uvision_lpc1768\mrk\NanoRk\src\drivers\platform\mbed\ff_basic_sensor.cpp(68): warning:  #68-D: integer conversion resulted in a change of sign
mrk_uvision_lpc1768\mrk\NanoRk\src\drivers\platform\mbed\ff_basic_sensor.cpp(82): warning:  #68-D: integer conversion resulted in a change of sign
mrk_uvision_lpc1768\mrk\NanoRk\src\drivers\platform\mbed\ff_basic_sensor.cpp(86): warning:  #68-D: integer conversion resulted in a change of sign
mrk_uvision_lpc1768\mrk\NanoRk\src\drivers\platform\mbed\ff_basic_sensor.cpp(89): warning:  #68-D: integer conversion resulted in a change of sign
mrk_uvision_lpc1768\mrk\NanoRk\src\drivers\platform\mbed\ff_basic_sensor.cpp(170): warning:  #68-D: integer conversion resulted in a change of sign
mrk_uvision_lpc1768\mrk\NanoRk\src\drivers\platform\mbed\ff_basic_sensor.cpp(193): warning:  #68-D: integer conversion resulted in a change of sign
mrk_uvision_lpc1768\mrk\NanoRk\src\drivers\platform\mbed\ff_basic_sensor.cpp(209): warning:  #68-D: integer conversion resulted in a change of sign
mrk_uvision_lpc1768\mrk\NanoRk\src\drivers\platform\mbed\ff_basic_sensor.cpp(265): warning:  #1-D: last line of file ends without a newline
compiling nrk_driver.cpp...
mrk_uvision_lpc1768\mrk\NanoRk\src\kernel\source\nrk_driver.cpp(141): warning:  #186-D: pointless comparison of unsigned integer with zero
compiling bmac.cpp...
mrk_uvision_lpc1768\mrk\NanoRk\src\net\bmac\bmac.cpp(462): warning:  #550-D: variable "result" was set but never used
mrk_uvision_lpc1768\mrk\NanoRk\src\net\bmac\bmac.cpp(503): warning:  #177-D: variable "result" was declared but never referenced
mrk_uvision_lpc1768\mrk\NanoRk\src\net\bmac\bmac.cpp(555): warning:  #550-D: variable "e" was set but never used
mrk_uvision_lpc1768\mrk\NanoRk\src\net\bmac\bmac.cpp(556): warning:  #177-D: variable "backoff" was declared but never referenced
mrk_uvision_lpc1768\mrk\NanoRk\src\net\bmac\bmac.cpp(804): warning:  #1-D: last line of file ends without a newline
mrk_uvision_lpc1768\mrk\NanoRk\src\net\bmac\bmac.cpp(66): warning:  #550-D: variable "g_chan" was set but never used
mrk_uvision_lpc1768\mrk\NanoRk\src\net\bmac\bmac.cpp(72): warning:  #550-D: variable "tx_reserve" was set but never used
compiling basic_rf.cpp...
mrk_uvision_lpc1768\mrk\NanoRk\src\radio\mrf24j40\source\basic_rf.cpp(336): warning:  #61-D: integer operation result is out of range
mrk_uvision_lpc1768\mrk\NanoRk\src\radio\mrf24j40\source\basic_rf.cpp(336): warning:  #68-D: integer conversion resulted in a change of sign
compiling MRF24J40.cpp...
compiling main.cpp...
S:\Piano Project\task code version 8\main.cpp(183): warning:  #550-D: variable "currentTime" was set but never used
S:\Piano Project\task code version 8\main.cpp(506): warning:  #177-D: variable "i" was declared but never referenced
S:\Piano Project\task code version 8\main.cpp(507): warning:  #550-D: variable "val" was set but never used
S:\Piano Project\task code version 8\main.cpp(508): warning:  #550-D: variable "local_rx_buf" was set but never used
S:\Piano Project\task code version 8\main.cpp(509): warning:  #177-D: variable "check_period" was declared but never referenced
S:\Piano Project\task code version 8\main.cpp(596): warning:  #177-D: variable "j" was declared but never referenced
S:\Piano Project\task code version 8\main.cpp(596): warning:  #177-D: variable "i" was declared but never referenced
S:\Piano Project\task code version 8\main.cpp(596): warning:  #177-D: variable "len" was declared but never referenced
S:\Piano Project\task code version 8\main.cpp(597): warning:  #177-D: variable "v" was declared but never referenced
S:\Piano Project\task code version 8\main.cpp(599): warning:  #177-D: variable "ret" was declared but never referenced
S:\Piano Project\task code version 8\main.cpp(600): warning:  #177-D: variable "r_period" was declared but never referenced
S:\Piano Project\task code version 8\main.cpp(784): warning:  #1-D: last line of file ends without a newline
linking...
Program Size: Code=33040 RO-data=1916 RW-data=704 ZI-data=5268  
After Build - User command #1: fromelf --bin -o F:\PIANO.bin .\build\PIANO.axf
".\build\PIANO.axf" - 0 Errors, 47 Warning(s).
Build target 'mbed NXP LPC1768'
compiling main.cpp...
S:\Piano Project\task code version 8\main.cpp(183): warning:  #550-D: variable "currentTime" was set but never used
S:\Piano Project\task code version 8\main.cpp(506): warning:  #177-D: variable "i" was declared but never referenced
S:\Piano Project\task code version 8\main.cpp(507): warning:  #550-D: variable "val" was set but never used
S:\Piano Project\task code version 8\main.cpp(508): warning:  #550-D: variable "local_rx_buf" was set but never used
S:\Piano Project\task code version 8\main.cpp(509): warning:  #177-D: variable "check_period" was declared but never referenced
S:\Piano Project\task code version 8\main.cpp(596): warning:  #177-D: variable "j" was declared but never referenced
S:\Piano Project\task code version 8\main.cpp(596): warning:  #177-D: variable "i" was declared but never referenced
S:\Piano Project\task code version 8\main.cpp(596): warning:  #177-D: variable "len" was declared but never referenced
S:\Piano Project\task code version 8\main.cpp(597): warning:  #177-D: variable "v" was declared but never referenced
S:\Piano Project\task code version 8\main.cpp(599): warning:  #177-D: variable "ret" was declared but never referenced
S:\Piano Project\task code version 8\main.cpp(600): warning:  #177-D: variable "r_period" was declared but never referenced
S:\Piano Project\task code version 8\main.cpp(784): warning:  #1-D: last line of file ends without a newline
linking...
Program Size: Code=33040 RO-data=1916 RW-data=704 ZI-data=5268  
After Build - User command #1: fromelf --bin -o F:\PIANO.bin .\build\PIANO.axf
".\build\PIANO.axf" - 0 Errors, 12 Warning(s).
Build target 'mbed NXP LPC1768'
compiling main.cpp...
S:\Piano Project\task code version 8\main.cpp(183): warning:  #550-D: variable "currentTime" was set but never used
S:\Piano Project\task code version 8\main.cpp(507): warning:  #177-D: variable "i" was declared but never referenced
S:\Piano Project\task code version 8\main.cpp(508): warning:  #550-D: variable "val" was set but never used
S:\Piano Project\task code version 8\main.cpp(509): warning:  #550-D: variable "local_rx_buf" was set but never used
S:\Piano Project\task code version 8\main.cpp(510): warning:  #177-D: variable "check_period" was declared but never referenced
S:\Piano Project\task code version 8\main.cpp(597): warning:  #177-D: variable "j" was declared but never referenced
S:\Piano Project\task code version 8\main.cpp(597): warning:  #177-D: variable "i" was declared but never referenced
S:\Piano Project\task code version 8\main.cpp(597): warning:  #177-D: variable "len" was declared but never referenced
S:\Piano Project\task code version 8\main.cpp(598): warning:  #177-D: variable "v" was declared but never referenced
S:\Piano Project\task code version 8\main.cpp(600): warning:  #177-D: variable "ret" was declared but never referenced
S:\Piano Project\task code version 8\main.cpp(601): warning:  #177-D: variable "r_period" was declared but never referenced
S:\Piano Project\task code version 8\main.cpp(785): warning:  #1-D: last line of file ends without a newline
linking...
Program Size: Code=33060 RO-data=1916 RW-data=704 ZI-data=5268  
After Build - User command #1: fromelf --bin -o F:\PIANO.bin .\build\PIANO.axf
".\build\PIANO.axf" - 0 Errors, 12 Warning(s).
Build target 'mbed NXP LPC1768'
compiling main.cpp...
S:\Piano Project\task code version 8\main.cpp(183): warning:  #550-D: variable "currentTime" was set but never used
S:\Piano Project\task code version 8\main.cpp(507): warning:  #177-D: variable "i" was declared but never referenced
S:\Piano Project\task code version 8\main.cpp(508): warning:  #550-D: variable "val" was set but never used
S:\Piano Project\task code version 8\main.cpp(509): warning:  #550-D: variable "local_rx_buf" was set but never used
S:\Piano Project\task code version 8\main.cpp(510): warning:  #177-D: variable "check_period" was declared but never referenced
S:\Piano Project\task code version 8\main.cpp(597): warning:  #177-D: variable "j" was declared but never referenced
S:\Piano Project\task code version 8\main.cpp(597): warning:  #177-D: variable "i" was declared but never referenced
S:\Piano Project\task code version 8\main.cpp(597): warning:  #177-D: variable "len" was declared but never referenced
S:\Piano Project\task code version 8\main.cpp(598): warning:  #177-D: variable "v" was declared but never referenced
S:\Piano Project\task code version 8\main.cpp(600): warning:  #177-D: variable "ret" was declared but never referenced
S:\Piano Project\task code version 8\main.cpp(601): warning:  #177-D: variable "r_period" was declared but never referenced
S:\Piano Project\task code version 8\main.cpp(785): warning:  #1-D: last line of file ends without a newline
linking...
Program Size: Code=33060 RO-data=1916 RW-data=704 ZI-data=5268  
After Build - User command #1: fromelf --bin -o E:\PIANO.bin .\build\PIANO.axf
".\build\PIANO.axf" - 0 Errors, 12 Warning(s).
Build target 'mbed NXP LPC1768'
compiling main.cpp...
S:\Piano Project\task code version 8\main.cpp(183): warning:  #550-D: variable "currentTime" was set but never used
S:\Piano Project\task code version 8\main.cpp(507): warning:  #177-D: variable "i" was declared but never referenced
S:\Piano Project\task code version 8\main.cpp(508): warning:  #550-D: variable "val" was set but never used
S:\Piano Project\task code version 8\main.cpp(509): warning:  #550-D: variable "local_rx_buf" was set but never used
S:\Piano Project\task code version 8\main.cpp(510): warning:  #177-D: variable "check_period" was declared but never referenced
S:\Piano Project\task code version 8\main.cpp(597): warning:  #177-D: variable "j" was declared but never referenced
S:\Piano Project\task code version 8\main.cpp(597): warning:  #177-D: variable "i" was declared but never referenced
S:\Piano Project\task code version 8\main.cpp(597): warning:  #177-D: variable "len" was declared but never referenced
S:\Piano Project\task code version 8\main.cpp(598): warning:  #177-D: variable "v" was declared but never referenced
S:\Piano Project\task code version 8\main.cpp(600): warning:  #177-D: variable "ret" was declared but never referenced
S:\Piano Project\task code version 8\main.cpp(601): warning:  #177-D: variable "r_period" was declared but never referenced
S:\Piano Project\task code version 8\main.cpp(785): warning:  #1-D: last line of file ends without a newline
linking...
Program Size: Code=33056 RO-data=1916 RW-data=704 ZI-data=5268  
After Build - User command #1: fromelf --bin -o E:\PIANO.bin .\build\PIANO.axf
".\build\PIANO.axf" - 0 Errors, 12 Warning(s).
compiling main.cpp...
S:\Piano Project\task code version 8\main.cpp(183): warning:  #550-D: variable "currentTime" was set but never used
S:\Piano Project\task code version 8\main.cpp(507): warning:  #177-D: variable "i" was declared but never referenced
S:\Piano Project\task code version 8\main.cpp(508): warning:  #550-D: variable "val" was set but never used
S:\Piano Project\task code version 8\main.cpp(509): warning:  #550-D: variable "local_rx_buf" was set but never used
S:\Piano Project\task code version 8\main.cpp(510): warning:  #177-D: variable "check_period" was declared but never referenced
S:\Piano Project\task code version 8\main.cpp(597): warning:  #177-D: variable "j" was declared but never referenced
S:\Piano Project\task code version 8\main.cpp(597): warning:  #177-D: variable "i" was declared but never referenced
S:\Piano Project\task code version 8\main.cpp(597): warning:  #177-D: variable "len" was declared but never referenced
S:\Piano Project\task code version 8\main.cpp(598): warning:  #177-D: variable "v" was declared but never referenced
S:\Piano Project\task code version 8\main.cpp(600): warning:  #177-D: variable "ret" was declared but never referenced
S:\Piano Project\task code version 8\main.cpp(601): warning:  #177-D: variable "r_period" was declared but never referenced
S:\Piano Project\task code version 8\main.cpp(785): warning:  #1-D: last line of file ends without a newline
"S:\Piano Project\task code version 8\main.cpp" - 0 Errors, 12 Warning(s).
Build target 'mbed NXP LPC1768'
linking...
Program Size: Code=33056 RO-data=1916 RW-data=704 ZI-data=5268  
After Build - User command #1: fromelf --bin -o E:\PIANO.bin .\build\PIANO.axf
".\build\PIANO.axf" - 0 Errors, 0 Warning(s).
Build target 'mbed NXP LPC1768'
compiling main.cpp...
S:\Piano Project\task code version 8\main.cpp(184): warning:  #550-D: variable "currentTime" was set but never used
S:\Piano Project\task code version 8\main.cpp(508): warning:  #177-D: variable "i" was declared but never referenced
S:\Piano Project\task code version 8\main.cpp(509): warning:  #550-D: variable "val" was set but never used
S:\Piano Project\task code version 8\main.cpp(510): warning:  #550-D: variable "local_rx_buf" was set but never used
S:\Piano Project\task code version 8\main.cpp(511): warning:  #177-D: variable "check_period" was declared but never referenced
S:\Piano Project\task code version 8\main.cpp(598): warning:  #177-D: variable "j" was declared but never referenced
S:\Piano Project\task code version 8\main.cpp(598): warning:  #177-D: variable "i" was declared but never referenced
S:\Piano Project\task code version 8\main.cpp(598): warning:  #177-D: variable "len" was declared but never referenced
S:\Piano Project\task code version 8\main.cpp(599): warning:  #177-D: variable "v" was declared but never referenced
S:\Piano Project\task code version 8\main.cpp(601): warning:  #177-D: variable "ret" was declared but never referenced
S:\Piano Project\task code version 8\main.cpp(602): warning:  #177-D: variable "r_period" was declared but never referenced
S:\Piano Project\task code version 8\main.cpp(786): warning:  #1-D: last line of file ends without a newline
linking...
Program Size: Code=33072 RO-data=1916 RW-data=704 ZI-data=5268  
After Build - User command #1: fromelf --bin -o E:\PIANO.bin .\build\PIANO.axf
".\build\PIANO.axf" - 0 Errors, 12 Warning(s).
Build target 'mbed NXP LPC1768'
compiling main.cpp...
S:\Piano Project\task code version 8\main.cpp(184): warning:  #550-D: variable "currentTime" was set but never used
S:\Piano Project\task code version 8\main.cpp(508): warning:  #177-D: variable "i" was declared but never referenced
S:\Piano Project\task code version 8\main.cpp(509): warning:  #550-D: variable "val" was set but never used
S:\Piano Project\task code version 8\main.cpp(510): warning:  #550-D: variable "local_rx_buf" was set but never used
S:\Piano Project\task code version 8\main.cpp(511): warning:  #177-D: variable "check_period" was declared but never referenced
S:\Piano Project\task code version 8\main.cpp(598): warning:  #177-D: variable "j" was declared but never referenced
S:\Piano Project\task code version 8\main.cpp(598): warning:  #177-D: variable "i" was declared but never referenced
S:\Piano Project\task code version 8\main.cpp(598): warning:  #177-D: variable "len" was declared but never referenced
S:\Piano Project\task code version 8\main.cpp(599): warning:  #177-D: variable "v" was declared but never referenced
S:\Piano Project\task code version 8\main.cpp(601): warning:  #177-D: variable "ret" was declared but never referenced
S:\Piano Project\task code version 8\main.cpp(602): warning:  #177-D: variable "r_period" was declared but never referenced
S:\Piano Project\task code version 8\main.cpp(786): warning:  #1-D: last line of file ends without a newline
linking...
Program Size: Code=33052 RO-data=1916 RW-data=704 ZI-data=5268  
After Build - User command #1: fromelf --bin -o E:\PIANO.bin .\build\PIANO.axf
".\build\PIANO.axf" - 0 Errors, 12 Warning(s).
Build target 'mbed NXP LPC1768'
compiling main.cpp...
S:\Piano Project\task code version 8\main.cpp(184): warning:  #550-D: variable "currentTime" was set but never used
S:\Piano Project\task code version 8\main.cpp(508): warning:  #177-D: variable "i" was declared but never referenced
S:\Piano Project\task code version 8\main.cpp(509): warning:  #550-D: variable "val" was set but never used
S:\Piano Project\task code version 8\main.cpp(510): warning:  #550-D: variable "local_rx_buf" was set but never used
S:\Piano Project\task code version 8\main.cpp(511): warning:  #177-D: variable "check_period" was declared but never referenced
S:\Piano Project\task code version 8\main.cpp(598): warning:  #177-D: variable "j" was declared but never referenced
S:\Piano Project\task code version 8\main.cpp(598): warning:  #177-D: variable "i" was declared but never referenced
S:\Piano Project\task code version 8\main.cpp(598): warning:  #177-D: variable "len" was declared but never referenced
S:\Piano Project\task code version 8\main.cpp(599): warning:  #177-D: variable "v" was declared but never referenced
S:\Piano Project\task code version 8\main.cpp(601): warning:  #177-D: variable "ret" was declared but never referenced
S:\Piano Project\task code version 8\main.cpp(602): warning:  #177-D: variable "r_period" was declared but never referenced
S:\Piano Project\task code version 8\main.cpp(786): warning:  #1-D: last line of file ends without a newline
linking...
Program Size: Code=33072 RO-data=1916 RW-data=704 ZI-data=5268  
After Build - User command #1: fromelf --bin -o E:\PIANO.bin .\build\PIANO.axf
".\build\PIANO.axf" - 0 Errors, 12 Warning(s).
Build target 'mbed NXP LPC1768'
compiling main.cpp...
S:\Piano Project\task code version 8\main.cpp(185): warning:  #550-D: variable "currentTime" was set but never used
S:\Piano Project\task code version 8\main.cpp(509): warning:  #177-D: variable "i" was declared but never referenced
S:\Piano Project\task code version 8\main.cpp(510): warning:  #550-D: variable "val" was set but never used
S:\Piano Project\task code version 8\main.cpp(511): warning:  #550-D: variable "local_rx_buf" was set but never used
S:\Piano Project\task code version 8\main.cpp(512): warning:  #177-D: variable "check_period" was declared but never referenced
S:\Piano Project\task code version 8\main.cpp(599): warning:  #177-D: variable "j" was declared but never referenced
S:\Piano Project\task code version 8\main.cpp(599): warning:  #177-D: variable "i" was declared but never referenced
S:\Piano Project\task code version 8\main.cpp(599): warning:  #177-D: variable "len" was declared but never referenced
S:\Piano Project\task code version 8\main.cpp(600): warning:  #177-D: variable "v" was declared but never referenced
S:\Piano Project\task code version 8\main.cpp(602): warning:  #177-D: variable "ret" was declared but never referenced
S:\Piano Project\task code version 8\main.cpp(603): warning:  #177-D: variable "r_period" was declared but never referenced
S:\Piano Project\task code version 8\main.cpp(787): warning:  #1-D: last line of file ends without a newline
linking...
Program Size: Code=33100 RO-data=1916 RW-data=704 ZI-data=5268  
After Build - User command #1: fromelf --bin -o E:\PIANO.bin .\build\PIANO.axf
".\build\PIANO.axf" - 0 Errors, 12 Warning(s).
Build target 'mbed NXP LPC1768'
compiling main.cpp...
S:\Piano Project\task code version 8\main.cpp(185): warning:  #550-D: variable "currentTime" was set but never used
S:\Piano Project\task code version 8\main.cpp(509): warning:  #177-D: variable "i" was declared but never referenced
S:\Piano Project\task code version 8\main.cpp(510): warning:  #550-D: variable "val" was set but never used
S:\Piano Project\task code version 8\main.cpp(511): warning:  #550-D: variable "local_rx_buf" was set but never used
S:\Piano Project\task code version 8\main.cpp(512): warning:  #177-D: variable "check_period" was declared but never referenced
S:\Piano Project\task code version 8\main.cpp(599): warning:  #177-D: variable "j" was declared but never referenced
S:\Piano Project\task code version 8\main.cpp(599): warning:  #177-D: variable "i" was declared but never referenced
S:\Piano Project\task code version 8\main.cpp(599): warning:  #177-D: variable "len" was declared but never referenced
S:\Piano Project\task code version 8\main.cpp(600): warning:  #177-D: variable "v" was declared but never referenced
S:\Piano Project\task code version 8\main.cpp(602): warning:  #177-D: variable "ret" was declared but never referenced
S:\Piano Project\task code version 8\main.cpp(603): warning:  #177-D: variable "r_period" was declared but never referenced
S:\Piano Project\task code version 8\main.cpp(787): warning:  #1-D: last line of file ends without a newline
linking...
Program Size: Code=33100 RO-data=1916 RW-data=704 ZI-data=5268  
After Build - User command #1: fromelf --bin -o E:\PIANO.bin .\build\PIANO.axf
Error: Q0108E: Could not create output file 'E:\PIANO.bin': No such file or directory
Finished: 0 information, 0 warning and 1 error messages.
".\build\PIANO.axf" - 0 Errors, 12 Warning(s).
Build target 'mbed NXP LPC1768'
compiling main.cpp...
S:\Piano Project\task code version 8\main.cpp(185): warning:  #550-D: variable "currentTime" was set but never used
S:\Piano Project\task code version 8\main.cpp(509): warning:  #177-D: variable "i" was declared but never referenced
S:\Piano Project\task code version 8\main.cpp(510): warning:  #550-D: variable "val" was set but never used
S:\Piano Project\task code version 8\main.cpp(511): warning:  #550-D: variable "local_rx_buf" was set but never used
S:\Piano Project\task code version 8\main.cpp(512): warning:  #177-D: variable "check_period" was declared but never referenced
S:\Piano Project\task code version 8\main.cpp(599): warning:  #177-D: variable "j" was declared but never referenced
S:\Piano Project\task code version 8\main.cpp(599): warning:  #177-D: variable "i" was declared but never referenced
S:\Piano Project\task code version 8\main.cpp(599): warning:  #177-D: variable "len" was declared but never referenced
S:\Piano Project\task code version 8\main.cpp(600): warning:  #177-D: variable "v" was declared but never referenced
S:\Piano Project\task code version 8\main.cpp(602): warning:  #177-D: variable "ret" was declared but never referenced
S:\Piano Project\task code version 8\main.cpp(603): warning:  #177-D: variable "r_period" was declared but never referenced
S:\Piano Project\task code version 8\main.cpp(787): warning:  #1-D: last line of file ends without a newline
linking...
Program Size: Code=33100 RO-data=1916 RW-data=704 ZI-data=5268  
After Build - User command #1: fromelf --bin -o E:\PIANO.bin .\build\PIANO.axf
Error: Q0108E: Could not create output file 'E:\PIANO.bin': No such file or directory
Finished: 0 information, 0 warning and 1 error messages.
".\build\PIANO.axf" - 0 Errors, 12 Warning(s).
Build target 'mbed NXP LPC1768'
compiling main.cpp...
S:\Piano Project\task code version 8\main.cpp(185): warning:  #550-D: variable "currentTime" was set but never used
S:\Piano Project\task code version 8\main.cpp(509): warning:  #177-D: variable "i" was declared but never referenced
S:\Piano Project\task code version 8\main.cpp(510): warning:  #550-D: variable "val" was set but never used
S:\Piano Project\task code version 8\main.cpp(511): warning:  #550-D: variable "local_rx_buf" was set but never used
S:\Piano Project\task code version 8\main.cpp(512): warning:  #177-D: variable "check_period" was declared but never referenced
S:\Piano Project\task code version 8\main.cpp(599): warning:  #177-D: variable "j" was declared but never referenced
S:\Piano Project\task code version 8\main.cpp(599): warning:  #177-D: variable "i" was declared but never referenced
S:\Piano Project\task code version 8\main.cpp(599): warning:  #177-D: variable "len" was declared but never referenced
S:\Piano Project\task code version 8\main.cpp(600): warning:  #177-D: variable "v" was declared but never referenced
S:\Piano Project\task code version 8\main.cpp(602): warning:  #177-D: variable "ret" was declared but never referenced
S:\Piano Project\task code version 8\main.cpp(603): warning:  #177-D: variable "r_period" was declared but never referenced
S:\Piano Project\task code version 8\main.cpp(787): warning:  #1-D: last line of file ends without a newline
linking...
Program Size: Code=33248 RO-data=1916 RW-data=704 ZI-data=5268  
After Build - User command #1: fromelf --bin -o E:\PIANO.bin .\build\PIANO.axf
Error: Q0108E: Could not create output file 'E:\PIANO.bin': No such file or directory
Finished: 0 information, 0 warning and 1 error messages.
".\build\PIANO.axf" - 0 Errors, 12 Warning(s).
Load "S:\\MRK-master\\MRK-master\\mRKv2.0\\build\\PIANO.axf" 

Cannot load driver 'C:\Keil\ARM\BIN\AGDIRDI.DLL'.

Possible Reasons:
 - Driver DLL could not be found in the specified path
 - Driver DLL requires additional DLL's which are not installed
 - Required Hardware Drivers are not installed
Build target 'mbed NXP LPC1768'
compiling main.cpp...
S:\Piano Project\task code version 3\main.cpp(100): warning:  #550-D: variable "currentTime" was set but never used
S:\Piano Project\task code version 3\main.cpp(488): warning:  #1-D: last line of file ends without a newline
linking...
Program Size: Code=29348 RO-data=1916 RW-data=444 ZI-data=3368  
After Build - User command #1: fromelf --bin -o E:\PIANO.bin .\build\PIANO.axf
".\build\PIANO.axf" - 0 Errors, 2 Warning(s).
Build target 'mbed NXP LPC1768'
compiling main.cpp...
S:\Piano Project\task code version 4\main.cpp(182): warning:  #550-D: variable "currentTime" was set but never used
S:\Piano Project\task code version 4\main.cpp(506): warning:  #550-D: variable "val" was set but never used
S:\Piano Project\task code version 4\main.cpp(507): warning:  #550-D: variable "local_rx_buf" was set but never used
S:\Piano Project\task code version 4\main.cpp(508): warning:  #177-D: variable "check_period" was declared but never referenced
S:\Piano Project\task code version 4\main.cpp(572): warning:  #177-D: variable "j" was declared but never referenced
S:\Piano Project\task code version 4\main.cpp(572): warning:  #177-D: variable "i" was declared but never referenced
S:\Piano Project\task code version 4\main.cpp(572): warning:  #177-D: variable "len" was declared but never referenced
S:\Piano Project\task code version 4\main.cpp(573): warning:  #177-D: variable "v" was declared but never referenced
S:\Piano Project\task code version 4\main.cpp(575): warning:  #177-D: variable "ret" was declared but never referenced
S:\Piano Project\task code version 4\main.cpp(576): warning:  #177-D: variable "r_period" was declared but never referenced
S:\Piano Project\task code version 4\main.cpp(758): warning:  #1-D: last line of file ends without a newline
linking...
Program Size: Code=32932 RO-data=1916 RW-data=704 ZI-data=5268  
After Build - User command #1: fromelf --bin -o E:\PIANO.bin .\build\PIANO.axf
".\build\PIANO.axf" - 0 Errors, 11 Warning(s).
Build target 'mbed NXP LPC1768'
compiling main.cpp...
S:\Piano Project\task code version 9\main.cpp(188): warning:  #550-D: variable "currentTime" was set but never used
S:\Piano Project\task code version 9\main.cpp(797): warning:  #1-D: last line of file ends without a newline
linking...
Program Size: Code=28700 RO-data=1916 RW-data=668 ZI-data=3368  
After Build - User command #1: fromelf --bin -o E:\PIANO.bin .\build\PIANO.axf
".\build\PIANO.axf" - 0 Errors, 2 Warning(s).
Build target 'mbed NXP LPC1768'
compiling main.cpp...
S:\Piano Project\task code version 9\main.cpp(188): warning:  #550-D: variable "currentTime" was set but never used
S:\Piano Project\task code version 9\main.cpp(797): warning:  #1-D: last line of file ends without a newline
linking...
Program Size: Code=28696 RO-data=1916 RW-data=668 ZI-data=3368  
After Build - User command #1: fromelf --bin -o E:\PIANO.bin .\build\PIANO.axf
".\build\PIANO.axf" - 0 Errors, 2 Warning(s).
Build target 'mbed NXP LPC1768'
compiling main.cpp...
S:\Piano Project\wand side code\main.cpp(149): warning:  #550-D: variable "val" was set but never used
S:\Piano Project\wand side code\main.cpp(150): warning:  #550-D: variable "local_rx_buf" was set but never used
S:\Piano Project\wand side code\main.cpp(151): warning:  #177-D: variable "check_period" was declared but never referenced
S:\Piano Project\wand side code\main.cpp(215): warning:  #177-D: variable "j" was declared but never referenced
S:\Piano Project\wand side code\main.cpp(215): warning:  #177-D: variable "i" was declared but never referenced
S:\Piano Project\wand side code\main.cpp(215): warning:  #177-D: variable "len" was declared but never referenced
S:\Piano Project\wand side code\main.cpp(216): warning:  #177-D: variable "v" was declared but never referenced
S:\Piano Project\wand side code\main.cpp(218): warning:  #177-D: variable "ret" was declared but never referenced
S:\Piano Project\wand side code\main.cpp(219): warning:  #177-D: variable "r_period" was declared but never referenced
S:\Piano Project\wand side code\main.cpp(365): warning:  #1-D: last line of file ends without a newline
linking...
Program Size: Code=32928 RO-data=1772 RW-data=372 ZI-data=3632  
After Build - User command #1: fromelf --bin -o F:\WAND.bin .\build\WAND.axf
".\build\WAND.axf" - 0 Errors, 10 Warning(s).
Build target 'mbed NXP LPC1768'
compiling main.cpp...
S:\Piano Project\task code version 8\main.cpp(185): warning:  #550-D: variable "currentTime" was set but never used
S:\Piano Project\task code version 8\main.cpp(509): warning:  #177-D: variable "i" was declared but never referenced
S:\Piano Project\task code version 8\main.cpp(510): warning:  #550-D: variable "val" was set but never used
S:\Piano Project\task code version 8\main.cpp(511): warning:  #550-D: variable "local_rx_buf" was set but never used
S:\Piano Project\task code version 8\main.cpp(512): warning:  #177-D: variable "check_period" was declared but never referenced
S:\Piano Project\task code version 8\main.cpp(599): warning:  #177-D: variable "j" was declared but never referenced
S:\Piano Project\task code version 8\main.cpp(599): warning:  #177-D: variable "i" was declared but never referenced
S:\Piano Project\task code version 8\main.cpp(599): warning:  #177-D: variable "len" was declared but never referenced
S:\Piano Project\task code version 8\main.cpp(600): warning:  #177-D: variable "v" was declared but never referenced
S:\Piano Project\task code version 8\main.cpp(602): warning:  #177-D: variable "ret" was declared but never referenced
S:\Piano Project\task code version 8\main.cpp(603): warning:  #177-D: variable "r_period" was declared but never referenced
S:\Piano Project\task code version 8\main.cpp(787): warning:  #1-D: last line of file ends without a newline
linking...
Program Size: Code=33048 RO-data=1916 RW-data=704 ZI-data=5268  
After Build - User command #1: fromelf --bin -o G:\PIANO.bin .\build\PIANO.axf
".\build\PIANO.axf" - 0 Errors, 12 Warning(s).
Rebuild target 'mbed NXP LPC1768'
compiling nrk_cpu.cpp...
compiling nrk_status.cpp...
compiling nrk_timer.cpp...
mrk_uvision_lpc1768\mrk\NanoRk\src\kernel\hal\LPC1768\nrk_timer.cpp(177): warning:  #191-D: type qualifier is meaningless on cast type
mrk_uvision_lpc1768\mrk\NanoRk\src\kernel\hal\LPC1768\nrk_timer.cpp(298): warning:  #191-D: type qualifier is meaningless on cast type
compiling nrk_watchdog.cpp...
compiling nrk.cpp...
compiling nrk_error.cpp...
mrk_uvision_lpc1768\mrk\NanoRk\src\kernel\source\nrk_error.cpp(165): warning:  #177-D: variable "i" was declared but never referenced
compiling nrk_events.cpp...
mrk_uvision_lpc1768\mrk\NanoRk\src\kernel\source\nrk_events.cpp(279): warning:  #177-D: variable "task_ID" was declared but never referenced
compiling nrk_idle_task.cpp...
mrk_uvision_lpc1768\mrk\NanoRk\src\kernel\source\nrk_idle_task.cpp(39): warning:  #177-D: variable "stkc" was declared but never referenced
compiling nrk_reserve.cpp...
compiling nrk_scheduler.cpp...
compiling nrk_stack_check.cpp...
compiling nrk_stats.cpp...
compiling nrk_task.cpp...
mrk_uvision_lpc1768\mrk\NanoRk\src\kernel\source\nrk_task.cpp(230): warning:  #550-D: variable "rtype" was set but never used
mrk_uvision_lpc1768\mrk\NanoRk\src\kernel\source\nrk_task.cpp(524): warning:  #191-D: type qualifier is meaningless on cast type
compiling nrk_time.cpp...
compiling hal_wait.cpp...
compiling ulib.cpp...
mrk_uvision_lpc1768\mrk\NanoRk\src\platform\mbed\source\ulib.cpp(338): warning:  #9-D: nested comment is not allowed
mrk_uvision_lpc1768\mrk\NanoRk\src\platform\mbed\source\ulib.cpp(606): warning:  #111-D: statement is unreachable
mrk_uvision_lpc1768\mrk\NanoRk\src\platform\mbed\source\ulib.cpp(657): warning:  #940-D: missing return statement at end of non-void function "nrk_get_button"
mrk_uvision_lpc1768\mrk\NanoRk\src\platform\mbed\source\ulib.cpp(826): warning: C4017W: uClk may be used before being set
assembling my_asm.s...
mrk_uvision_lpc1768\mrk\my_asm.s(93): warning: A1581W: Added 2 bytes of padding at address 0x6a
compiling adc_driver.cpp...
mrk_uvision_lpc1768\mrk\NanoRk\src\drivers\platform\mbed\adc_driver.cpp(69): warning:  #68-D: integer conversion resulted in a change of sign
mrk_uvision_lpc1768\mrk\NanoRk\src\drivers\platform\mbed\adc_driver.cpp(73): warning:  #68-D: integer conversion resulted in a change of sign
mrk_uvision_lpc1768\mrk\NanoRk\src\drivers\platform\mbed\adc_driver.cpp(76): warning:  #68-D: integer conversion resulted in a change of sign
mrk_uvision_lpc1768\mrk\NanoRk\src\drivers\platform\mbed\adc_driver.cpp(96): warning:  #68-D: integer conversion resulted in a change of sign
mrk_uvision_lpc1768\mrk\NanoRk\src\drivers\platform\mbed\adc_driver.cpp(105): warning:  #68-D: integer conversion resulted in a change of sign
compiling ff_basic_sensor.cpp...
mrk_uvision_lpc1768\mrk\NanoRk\src\drivers\platform\mbed\ff_basic_sensor.cpp(68): warning:  #68-D: integer conversion resulted in a change of sign
mrk_uvision_lpc1768\mrk\NanoRk\src\drivers\platform\mbed\ff_basic_sensor.cpp(82): warning:  #68-D: integer conversion resulted in a change of sign
mrk_uvision_lpc1768\mrk\NanoRk\src\drivers\platform\mbed\ff_basic_sensor.cpp(86): warning:  #68-D: integer conversion resulted in a change of sign
mrk_uvision_lpc1768\mrk\NanoRk\src\drivers\platform\mbed\ff_basic_sensor.cpp(89): warning:  #68-D: integer conversion resulted in a change of sign
mrk_uvision_lpc1768\mrk\NanoRk\src\drivers\platform\mbed\ff_basic_sensor.cpp(170): warning:  #68-D: integer conversion resulted in a change of sign
mrk_uvision_lpc1768\mrk\NanoRk\src\drivers\platform\mbed\ff_basic_sensor.cpp(193): warning:  #68-D: integer conversion resulted in a change of sign
mrk_uvision_lpc1768\mrk\NanoRk\src\drivers\platform\mbed\ff_basic_sensor.cpp(209): warning:  #68-D: integer conversion resulted in a change of sign
mrk_uvision_lpc1768\mrk\NanoRk\src\drivers\platform\mbed\ff_basic_sensor.cpp(265): warning:  #1-D: last line of file ends without a newline
compiling nrk_driver.cpp...
mrk_uvision_lpc1768\mrk\NanoRk\src\kernel\source\nrk_driver.cpp(141): warning:  #186-D: pointless comparison of unsigned integer with zero
compiling bmac.cpp...
mrk_uvision_lpc1768\mrk\NanoRk\src\net\bmac\bmac.cpp(462): warning:  #550-D: variable "result" was set but never used
mrk_uvision_lpc1768\mrk\NanoRk\src\net\bmac\bmac.cpp(503): warning:  #177-D: variable "result" was declared but never referenced
mrk_uvision_lpc1768\mrk\NanoRk\src\net\bmac\bmac.cpp(555): warning:  #550-D: variable "e" was set but never used
mrk_uvision_lpc1768\mrk\NanoRk\src\net\bmac\bmac.cpp(556): warning:  #177-D: variable "backoff" was declared but never referenced
mrk_uvision_lpc1768\mrk\NanoRk\src\net\bmac\bmac.cpp(804): warning:  #1-D: last line of file ends without a newline
mrk_uvision_lpc1768\mrk\NanoRk\src\net\bmac\bmac.cpp(66): warning:  #550-D: variable "g_chan" was set but never used
mrk_uvision_lpc1768\mrk\NanoRk\src\net\bmac\bmac.cpp(72): warning:  #550-D: variable "tx_reserve" was set but never used
compiling basic_rf.cpp...
mrk_uvision_lpc1768\mrk\NanoRk\src\radio\mrf24j40\source\basic_rf.cpp(336): warning:  #61-D: integer operation result is out of range
mrk_uvision_lpc1768\mrk\NanoRk\src\radio\mrf24j40\source\basic_rf.cpp(336): warning:  #68-D: integer conversion resulted in a change of sign
compiling MRF24J40.cpp...
compiling main.cpp...
S:\Piano Project\wand side code\main.cpp(149): warning:  #550-D: variable "val" was set but never used
S:\Piano Project\wand side code\main.cpp(150): warning:  #550-D: variable "local_rx_buf" was set but never used
S:\Piano Project\wand side code\main.cpp(151): warning:  #177-D: variable "check_period" was declared but never referenced
S:\Piano Project\wand side code\main.cpp(215): warning:  #177-D: variable "j" was declared but never referenced
S:\Piano Project\wand side code\main.cpp(215): warning:  #177-D: variable "i" was declared but never referenced
S:\Piano Project\wand side code\main.cpp(215): warning:  #177-D: variable "len" was declared but never referenced
S:\Piano Project\wand side code\main.cpp(216): warning:  #177-D: variable "v" was declared but never referenced
S:\Piano Project\wand side code\main.cpp(218): warning:  #177-D: variable "ret" was declared but never referenced
S:\Piano Project\wand side code\main.cpp(219): warning:  #177-D: variable "r_period" was declared but never referenced
S:\Piano Project\wand side code\main.cpp(365): warning:  #1-D: last line of file ends without a newline
linking...
Program Size: Code=32928 RO-data=1772 RW-data=372 ZI-data=3632  
After Build - User command #1: fromelf --bin -o G:\WAND.bin .\build\WAND.axf
".\build\WAND.axf" - 0 Errors, 45 Warning(s).
Rebuild target 'mbed NXP LPC1768'
compiling nrk_cpu.cpp...
compiling nrk_status.cpp...
compiling nrk_timer.cpp...
mrk_uvision_lpc1768\mrk\NanoRk\src\kernel\hal\LPC1768\nrk_timer.cpp(177): warning:  #191-D: type qualifier is meaningless on cast type
mrk_uvision_lpc1768\mrk\NanoRk\src\kernel\hal\LPC1768\nrk_timer.cpp(298): warning:  #191-D: type qualifier is meaningless on cast type
compiling nrk_watchdog.cpp...
compiling nrk.cpp...
compiling nrk_error.cpp...
mrk_uvision_lpc1768\mrk\NanoRk\src\kernel\source\nrk_error.cpp(165): warning:  #177-D: variable "i" was declared but never referenced
compiling nrk_events.cpp...
mrk_uvision_lpc1768\mrk\NanoRk\src\kernel\source\nrk_events.cpp(279): warning:  #177-D: variable "task_ID" was declared but never referenced
compiling nrk_idle_task.cpp...
mrk_uvision_lpc1768\mrk\NanoRk\src\kernel\source\nrk_idle_task.cpp(39): warning:  #177-D: variable "stkc" was declared but never referenced
compiling nrk_reserve.cpp...
compiling nrk_scheduler.cpp...
compiling nrk_stack_check.cpp...
compiling nrk_stats.cpp...
compiling nrk_task.cpp...
mrk_uvision_lpc1768\mrk\NanoRk\src\kernel\source\nrk_task.cpp(230): warning:  #550-D: variable "rtype" was set but never used
mrk_uvision_lpc1768\mrk\NanoRk\src\kernel\source\nrk_task.cpp(524): warning:  #191-D: type qualifier is meaningless on cast type
compiling nrk_time.cpp...
compiling hal_wait.cpp...
compiling ulib.cpp...
mrk_uvision_lpc1768\mrk\NanoRk\src\platform\mbed\source\ulib.cpp(338): warning:  #9-D: nested comment is not allowed
mrk_uvision_lpc1768\mrk\NanoRk\src\platform\mbed\source\ulib.cpp(606): warning:  #111-D: statement is unreachable
mrk_uvision_lpc1768\mrk\NanoRk\src\platform\mbed\source\ulib.cpp(657): warning:  #940-D: missing return statement at end of non-void function "nrk_get_button"
mrk_uvision_lpc1768\mrk\NanoRk\src\platform\mbed\source\ulib.cpp(826): warning: C4017W: uClk may be used before being set
assembling my_asm.s...
mrk_uvision_lpc1768\mrk\my_asm.s(93): warning: A1581W: Added 2 bytes of padding at address 0x6a
compiling adc_driver.cpp...
mrk_uvision_lpc1768\mrk\NanoRk\src\drivers\platform\mbed\adc_driver.cpp(69): warning:  #68-D: integer conversion resulted in a change of sign
mrk_uvision_lpc1768\mrk\NanoRk\src\drivers\platform\mbed\adc_driver.cpp(73): warning:  #68-D: integer conversion resulted in a change of sign
mrk_uvision_lpc1768\mrk\NanoRk\src\drivers\platform\mbed\adc_driver.cpp(76): warning:  #68-D: integer conversion resulted in a change of sign
mrk_uvision_lpc1768\mrk\NanoRk\src\drivers\platform\mbed\adc_driver.cpp(96): warning:  #68-D: integer conversion resulted in a change of sign
mrk_uvision_lpc1768\mrk\NanoRk\src\drivers\platform\mbed\adc_driver.cpp(105): warning:  #68-D: integer conversion resulted in a change of sign
compiling ff_basic_sensor.cpp...
mrk_uvision_lpc1768\mrk\NanoRk\src\drivers\platform\mbed\ff_basic_sensor.cpp(68): warning:  #68-D: integer conversion resulted in a change of sign
mrk_uvision_lpc1768\mrk\NanoRk\src\drivers\platform\mbed\ff_basic_sensor.cpp(82): warning:  #68-D: integer conversion resulted in a change of sign
mrk_uvision_lpc1768\mrk\NanoRk\src\drivers\platform\mbed\ff_basic_sensor.cpp(86): warning:  #68-D: integer conversion resulted in a change of sign
mrk_uvision_lpc1768\mrk\NanoRk\src\drivers\platform\mbed\ff_basic_sensor.cpp(89): warning:  #68-D: integer conversion resulted in a change of sign
mrk_uvision_lpc1768\mrk\NanoRk\src\drivers\platform\mbed\ff_basic_sensor.cpp(170): warning:  #68-D: integer conversion resulted in a change of sign
mrk_uvision_lpc1768\mrk\NanoRk\src\drivers\platform\mbed\ff_basic_sensor.cpp(193): warning:  #68-D: integer conversion resulted in a change of sign
mrk_uvision_lpc1768\mrk\NanoRk\src\drivers\platform\mbed\ff_basic_sensor.cpp(209): warning:  #68-D: integer conversion resulted in a change of sign
mrk_uvision_lpc1768\mrk\NanoRk\src\drivers\platform\mbed\ff_basic_sensor.cpp(265): warning:  #1-D: last line of file ends without a newline
compiling nrk_driver.cpp...
mrk_uvision_lpc1768\mrk\NanoRk\src\kernel\source\nrk_driver.cpp(141): warning:  #186-D: pointless comparison of unsigned integer with zero
compiling bmac.cpp...
mrk_uvision_lpc1768\mrk\NanoRk\src\net\bmac\bmac.cpp(462): warning:  #550-D: variable "result" was set but never used
mrk_uvision_lpc1768\mrk\NanoRk\src\net\bmac\bmac.cpp(503): warning:  #177-D: variable "result" was declared but never referenced
mrk_uvision_lpc1768\mrk\NanoRk\src\net\bmac\bmac.cpp(555): warning:  #550-D: variable "e" was set but never used
mrk_uvision_lpc1768\mrk\NanoRk\src\net\bmac\bmac.cpp(556): warning:  #177-D: variable "backoff" was declared but never referenced
mrk_uvision_lpc1768\mrk\NanoRk\src\net\bmac\bmac.cpp(804): warning:  #1-D: last line of file ends without a newline
mrk_uvision_lpc1768\mrk\NanoRk\src\net\bmac\bmac.cpp(66): warning:  #550-D: variable "g_chan" was set but never used
mrk_uvision_lpc1768\mrk\NanoRk\src\net\bmac\bmac.cpp(72): warning:  #550-D: variable "tx_reserve" was set but never used
compiling basic_rf.cpp...
mrk_uvision_lpc1768\mrk\NanoRk\src\radio\mrf24j40\source\basic_rf.cpp(336): warning:  #61-D: integer operation result is out of range
mrk_uvision_lpc1768\mrk\NanoRk\src\radio\mrf24j40\source\basic_rf.cpp(336): warning:  #68-D: integer conversion resulted in a change of sign
compiling MRF24J40.cpp...
compiling main.cpp...
S:\Piano Project\task code version 8\main.cpp(185): warning:  #550-D: variable "currentTime" was set but never used
S:\Piano Project\task code version 8\main.cpp(509): warning:  #177-D: variable "i" was declared but never referenced
S:\Piano Project\task code version 8\main.cpp(510): warning:  #550-D: variable "val" was set but never used
S:\Piano Project\task code version 8\main.cpp(511): warning:  #550-D: variable "local_rx_buf" was set but never used
S:\Piano Project\task code version 8\main.cpp(512): warning:  #177-D: variable "check_period" was declared but never referenced
S:\Piano Project\task code version 8\main.cpp(599): warning:  #177-D: variable "j" was declared but never referenced
S:\Piano Project\task code version 8\main.cpp(599): warning:  #177-D: variable "i" was declared but never referenced
S:\Piano Project\task code version 8\main.cpp(599): warning:  #177-D: variable "len" was declared but never referenced
S:\Piano Project\task code version 8\main.cpp(600): warning:  #177-D: variable "v" was declared but never referenced
S:\Piano Project\task code version 8\main.cpp(602): warning:  #177-D: variable "ret" was declared but never referenced
S:\Piano Project\task code version 8\main.cpp(603): warning:  #177-D: variable "r_period" was declared but never referenced
S:\Piano Project\task code version 8\main.cpp(787): warning:  #1-D: last line of file ends without a newline
linking...
Program Size: Code=33048 RO-data=1916 RW-data=704 ZI-data=5268  
After Build - User command #1: fromelf --bin -o F:\PIANO.bin .\build\PIANO.axf
".\build\PIANO.axf" - 0 Errors, 47 Warning(s).
